설정 객체 수 : 20
Maximum convex hulls set to: 128
Voxel Resolution set to: 1000000
Minimum volume error allowed set to: 0.00%
Maximum recursion depth set to: 15
Maximum hull vertices set to: 128

[COMPUTE_BOUNDS_OF_INPUT_MESH            ] : 0% : 0% : ComputingBounds[COMPUTE_BOUNDS_OF_INPUT_MESH            ] : 0% : 100% : ComputingBounds
[CREATE_RAYCAST_MESH                     ] : 20% : 0% : Building RaycastMesh[CREATE_RAYCAST_MESH                     ] : 20% : 100% : RaycastMesh completed
[VOXELIZING_INPUT_MESH                   ] : 30% : 0% : Voxelizing Input Mesh[VOXELIZING_INPUT_MESH                   ] : 30% : 100% : Voxelization complete
[BUILD_INITIAL_CONVEX_HULL               ] : 40% : 0% : Build initial ConvexHull[BUILD_INITIAL_CONVEX_HULL               ] : 40% : 100% : Initial ConvexHull complete
[PERFORMING_DECOMPOSITION                ] : 50% : 0% : Performing recursive decomposition of convex hulls[PERFORMING_DECOMPOSITION                ] : 50% : 0% : Performing recursive decomposition of convex hulls[PERFORMING_DECOMPOSITION                ] : 50% : 0% : Performing recursive decomposition of convex hulls[PERFORMING_DECOMPOSITION                ] : 50% : 0% : Performing recursive decomposition of convex hulls[PERFORMING_DECOMPOSITION                ] : 50% : 0% : Performing recursive decomposition of convex hulls[PERFORMING_DECOMPOSITION                ] : 50% : 0% : Performing recursive decomposition of convex hulls[PERFORMING_DECOMPOSITION                ] : 50% : 1% : Performing recursive decomposition of convex hulls[PERFORMING_DECOMPOSITION                ] : 50% : 3% : Performing recursive decomposition of convex hulls[PERFORMING_DECOMPOSITION                ] : 50% : 5% : Performing recursive decomposition of convex hulls[PERFORMING_DECOMPOSITION                ] : 50% : 10% : Performing recursive decomposition of convex hulls[PERFORMING_DECOMPOSITION                ] : 50% : 17% : Performing recursive decomposition of convex hulls[PERFORMING_DECOMPOSITION                ] : 50% : 23% : Performing recursive decomposition of convex hulls
[INITIALIZING_CONVEX_HULLS_FOR_MERGING   ] : 60% : 0% : Initializing ConvexHulls[INITIALIZING_CONVEX_HULLS_FOR_MERGING   ] : 60% : 100% : ConvexHull initialization complete
[COMPUTING_COST_MATRIX                   ] : 70% : 0% : Computing Hull Merge Cost Matrix[COMPUTING_COST_MATRIX                   ] : 70% : 100% : Finished cost matrix
[MERGING_CONVEX_HULLS                    ] : 80% : 1% : Merging Convex Hulls[MERGING_CONVEX_HULLS                    ] : 80% : 1% : Merging Convex Hulls[MERGING_CONVEX_HULLS                    ] : 80% : 2% : Merging Convex Hulls[MERGING_CONVEX_HULLS                    ] : 80% : 3% : Merging Convex Hulls[MERGING_CONVEX_HULLS                    ] : 80% : 3% : Merging Convex Hulls[MERGING_CONVEX_HULLS                    ] : 80% : 4% : Merging Convex Hulls[MERGING_CONVEX_HULLS                    ] : 80% : 5% : Merging Convex Hulls[MERGING_CONVEX_HULLS                    ] : 80% : 5% : Merging Convex Hulls[MERGING_CONVEX_HULLS                    ] : 80% : 6% : Merging Convex Hulls[MERGING_CONVEX_HULLS                    ] : 80% : 7% : Merging Convex Hulls[MERGING_CONVEX_HULLS                    ] : 80% : 7% : Merging Convex Hulls[MERGING_CONVEX_HULLS                    ] : 80% : 8% : Merging Convex Hulls[MERGING_CONVEX_HULLS                    ] : 80% : 8% : Merging Convex Hulls[MERGING_CONVEX_HULLS                    ] : 80% : 9% : Merging Convex Hulls[MERGING_CONVEX_HULLS                    ] : 80% : 10% : Merging Convex Hulls[MERGING_CONVEX_HULLS                    ] : 80% : 10% : Merging Convex Hulls[MERGING_CONVEX_HULLS                    ] : 80% : 11% : Merging Convex Hulls[MERGING_CONVEX_HULLS                    ] : 80% : 11% : Merging Convex Hulls[MERGING_CONVEX_HULLS                    ] : 80% : 12% : Merging Convex Hulls[MERGING_CONVEX_HULLS                    ] : 80% : 13% : Merging Convex Hulls[MERGING_CONVEX_HULLS                    ] : 80% : 13% : Merging Convex Hulls[MERGING_CONVEX_HULLS                    ] : 80% : 14% : Merging Convex Hulls[MERGING_CONVEX_HULLS                    ] : 80% : 15% : Merging Convex Hulls[MERGING_CONVEX_HULLS                    ] : 80% : 16% : Merging Convex Hulls[MERGING_CONVEX_HULLS                    ] : 80% : 16% : Merging Convex Hulls[MERGING_CONVEX_HULLS                    ] : 80% : 17% : Merging Convex Hulls[MERGING_CONVEX_HULLS                    ] : 80% : 18% : Merging Convex Hulls[MERGING_CONVEX_HULLS                    ] : 80% : 19% : Merging Convex Hulls[MERGING_CONVEX_HULLS                    ] : 80% : 20% : Merging Convex Hulls[MERGING_CONVEX_HULLS                    ] : 80% : 21% : Merging Convex Hulls[MERGING_CONVEX_HULLS                    ] : 80% : 21% : Merging Convex Hulls[MERGING_CONVEX_HULLS                    ] : 80% : 22% : Merging Convex Hulls[MERGING_CONVEX_HULLS                    ] : 80% : 23% : Merging Convex Hulls[MERGING_CONVEX_HULLS                    ] : 80% : 24% : Merging Convex Hulls[MERGING_CONVEX_HULLS                    ] : 80% : 25% : Merging Convex Hulls[MERGING_CONVEX_HULLS                    ] : 80% : 26% : Merging Convex Hulls[MERGING_CONVEX_HULLS                    ] : 80% : 27% : Merging Convex Hulls[MERGING_CONVEX_HULLS                    ] : 80% : 27% : Merging Convex Hulls[MERGING_CONVEX_HULLS                    ] : 80% : 28% : Merging Convex Hulls[MERGING_CONVEX_HULLS                    ] : 80% : 29% : Merging Convex Hulls[MERGING_CONVEX_HULLS                    ] : 80% : 30% : Merging Convex Hulls[MERGING_CONVEX_HULLS                    ] : 80% : 31% : Merging Convex Hulls[MERGING_CONVEX_HULLS                    ] : 80% : 32% : Merging Convex Hulls[MERGING_CONVEX_HULLS                    ] : 80% : 33% : Merging Convex Hulls[MERGING_CONVEX_HULLS                    ] : 80% : 34% : Merging Convex Hulls[MERGING_CONVEX_HULLS                    ] : 80% : 35% : Merging Convex Hulls[MERGING_CONVEX_HULLS                    ] : 80% : 36% : Merging Convex Hulls[MERGING_CONVEX_HULLS                    ] : 80% : 36% : Merging Convex Hulls[MERGING_CONVEX_HULLS                    ] : 80% : 37% : Merging Convex Hulls[MERGING_CONVEX_HULLS                    ] : 80% : 38% : Merging Convex Hulls[MERGING_CONVEX_HULLS                    ] : 80% : 39% : Merging Convex Hulls[MERGING_CONVEX_HULLS                    ] : 80% : 39% : Merging Convex Hulls[MERGING_CONVEX_HULLS                    ] : 80% : 40% : Merging Convex Hulls[MERGING_CONVEX_HULLS                    ] : 80% : 41% : Merging Convex Hulls[MERGING_CONVEX_HULLS                    ] : 80% : 42% : Merging Convex Hulls[MERGING_CONVEX_HULLS                    ] : 80% : 43% : Merging Convex Hulls[MERGING_CONVEX_HULLS                    ] : 80% : 43% : Merging Convex Hulls[MERGING_CONVEX_HULLS                    ] : 80% : 44% : Merging Convex Hulls[MERGING_CONVEX_HULLS                    ] : 80% : 45% : Merging Convex Hulls[MERGING_CONVEX_HULLS                    ] : 80% : 45% : Merging Convex Hulls[MERGING_CONVEX_HULLS                    ] : 80% : 46% : Merging Convex Hulls[MERGING_CONVEX_HULLS                    ] : 80% : 46% : Merging Convex Hulls[MERGING_CONVEX_HULLS                    ] : 80% : 47% : Merging Convex Hulls[MERGING_CONVEX_HULLS                    ] : 80% : 48% : Merging Convex Hulls[MERGING_CONVEX_HULLS                    ] : 80% : 48% : Merging Convex Hulls[MERGING_CONVEX_HULLS                    ] : 80% : 49% : Merging Convex Hulls[MERGING_CONVEX_HULLS                    ] : 80% : 50% : Merging Convex Hulls[MERGING_CONVEX_HULLS                    ] : 80% : 51% : Merging Convex Hulls[MERGING_CONVEX_HULLS                    ] : 80% : 51% : Merging Convex Hulls[MERGING_CONVEX_HULLS                    ] : 80% : 52% : Merging Convex Hulls[MERGING_CONVEX_HULLS                    ] : 80% : 52% : Merging Convex Hulls[MERGING_CONVEX_HULLS                    ] : 80% : 53% : Merging Convex Hulls[MERGING_CONVEX_HULLS                    ] : 80% : 54% : Merging Convex Hulls[MERGING_CONVEX_HULLS                    ] : 80% : 55% : Merging Convex Hulls[MERGING_CONVEX_HULLS                    ] : 80% : 55% : Merging Convex Hulls[MERGING_CONVEX_HULLS                    ] : 80% : 56% : Merging Convex Hulls[MERGING_CONVEX_HULLS                    ] : 80% : 57% : Merging Convex Hulls[MERGING_CONVEX_HULLS                    ] : 80% : 58% : Merging Convex Hulls[MERGING_CONVEX_HULLS                    ] : 80% : 59% : Merging Convex Hulls[MERGING_CONVEX_HULLS                    ] : 80% : 60% : Merging Convex Hulls[MERGING_CONVEX_HULLS                    ] : 80% : 61% : Merging Convex Hulls[MERGING_CONVEX_HULLS                    ] : 80% : 62% : Merging Convex Hulls[MERGING_CONVEX_HULLS                    ] : 80% : 63% : Merging Convex Hulls[MERGING_CONVEX_HULLS                    ] : 80% : 64% : Merging Convex Hulls[MERGING_CONVEX_HULLS                    ] : 80% : 65% : Merging Convex Hulls[MERGING_CONVEX_HULLS                    ] : 80% : 66% : Merging Convex Hulls[MERGING_CONVEX_HULLS                    ] : 80% : 67% : Merging Convex Hulls[MERGING_CONVEX_HULLS                    ] : 80% : 68% : Merging Convex Hulls[MERGING_CONVEX_HULLS                    ] : 80% : 69% : Merging Convex Hulls[MERGING_CONVEX_HULLS                    ] : 80% : 70% : Merging Convex Hulls[MERGING_CONVEX_HULLS                    ] : 80% : 71% : Merging Convex Hulls[MERGING_CONVEX_HULLS                    ] : 80% : 73% : Merging Convex Hulls[MERGING_CONVEX_HULLS                    ] : 80% : 74% : Merging Convex Hulls[MERGING_CONVEX_HULLS                    ] : 80% : 75% : Merging Convex Hulls[MERGING_CONVEX_HULLS                    ] : 80% : 77% : Merging Convex Hulls[MERGING_CONVEX_HULLS                    ] : 80% : 78% : Merging Convex Hulls[MERGING_CONVEX_HULLS                    ] : 80% : 80% : Merging Convex Hulls[MERGING_CONVEX_HULLS                    ] : 80% : 81% : Merging Convex Hulls[MERGING_CONVEX_HULLS                    ] : 80% : 82% : Merging Convex Hulls[MERGING_CONVEX_HULLS                    ] : 80% : 84% : Merging Convex Hulls[MERGING_CONVEX_HULLS                    ] : 80% : 85% : Merging Convex Hulls[MERGING_CONVEX_HULLS                    ] : 80% : 86% : Merging Convex Hulls[MERGING_CONVEX_HULLS                    ] : 80% : 87% : Merging Convex Hulls[MERGING_CONVEX_HULLS                    ] : 80% : 89% : Merging Convex Hulls[MERGING_CONVEX_HULLS                    ] : 80% : 90% : Merging Convex Hulls[MERGING_CONVEX_HULLS                    ] : 80% : 91% : Merging Convex Hulls[MERGING_CONVEX_HULLS                    ] : 80% : 92% : Merging Convex Hulls[MERGING_CONVEX_HULLS                    ] : 80% : 93% : Merging Convex Hulls[MERGING_CONVEX_HULLS                    ] : 80% : 94% : Merging Convex Hulls[MERGING_CONVEX_HULLS                    ] : 80% : 95% : Merging Convex Hulls[MERGING_CONVEX_HULLS                    ] : 80% : 96% : Merging Convex Hulls[MERGING_CONVEX_HULLS                    ] : 80% : 97% : Merging Convex Hulls[MERGING_CONVEX_HULLS                    ] : 80% : 97% : Merging Convex Hulls[MERGING_CONVEX_HULLS                    ] : 80% : 98% : Merging Convex Hulls[MERGING_CONVEX_HULLS                    ] : 80% : 98% : Merging Convex Hulls[MERGING_CONVEX_HULLS                    ] : 80% : 99% : Merging Convex Hulls[MERGING_CONVEX_HULLS                    ] : 80% : 99% : Merging Convex Hulls[MERGING_CONVEX_HULLS                    ] : 80% : 99% : Merging Convex Hulls[MERGING_CONVEX_HULLS                    ] : 80% : 99% : Merging Convex Hulls[MERGING_CONVEX_HULLS                    ] : 80% : 99% : Merging Convex Hulls[MERGING_CONVEX_HULLS                    ] : 80% : 100% : Merging Convex Hulls[MERGING_CONVEX_HULLS                    ] : 80% : 100% : Merging Convex Hulls[MERGING_CONVEX_HULLS                    ] : 80% : 100% : Merging Convex Hulls[MERGING_CONVEX_HULLS                    ] : 80% : 100% : Merging Convex Hulls[MERGING_CONVEX_HULLS                    ] : 80% : 100% : Merging Convex Hulls
[FINALIZING_RESULTS                      ] : 90% : 0% : Finalizing results[FINALIZING_RESULTS                      ] : 90% : 100% : Finalized results complete
Convex Decomposition took 3.16693 seconds
Merging Convex Hulls took 14.06305 seconds
Computing the Cost Matrix took 20.08662 seconds
VHACD::Complete
Computing Convex Decomposition took 24.27144 seconds
Saving Convex Decomposition results of 128 convex hulls to 'decomp.obj'
Saving convex hull results to a single file 'decomp.stl'
Object1 decomposed successfully
템플릿 객체의 볼록 껍질 개수: 128
Updating object positions...

--- Frame 0 ---
Updating objects...
Updating objects...
Updating objects...
Updating objects...
Updating objects...
Updating objects...
Updating objects...
Updating objects...
Updating objects...
Updating objects...
Updating objects...
Updating objects...
Updating objects...
Updating objects...
Updating objects...
Updating objects...
Updating objects...
Updating objects...
Updating objects...
Updating objects...
Running collision detection...
CollisionManager::update() - 시작 (프레임 0)
  객체 목록 크기: 20
  각 객체의 AABB 업데이트 중...
    객체 'Object1' 업데이트
    객체 'Object2' 업데이트
    객체 'Object3' 업데이트
    객체 'Object4' 업데이트
    객체 'Object5' 업데이트
    객체 'Object6' 업데이트
    객체 'Object7' 업데이트
    객체 'Object8' 업데이트
    객체 'Object9' 업데이트
    객체 'Object10' 업데이트
    객체 'Object11' 업데이트
    객체 'Object12' 업데이트
    객체 'Object13' 업데이트
    객체 'Object14' 업데이트
    객체 'Object15' 업데이트
    객체 'Object16' 업데이트
    객체 'Object17' 업데이트
    객체 'Object18' 업데이트
    객체 'Object19' 업데이트
    객체 'Object20' 업데이트
  대략적 충돌 감지(Broad Phase) 중...
    잠재적 충돌 쌍: 0개
  정밀 충돌 감지(Narrow Phase) 시작...
  이전 충돌 상태 정리 중...
  충돌 상태 맵 업데이트
CollisionManager::update() - 완료

--- Frame 1 ---
Object0 position: (-14.898928, 15.892189, -19.865236)
Updating objects...
Object1 position: (2.955154, -12.805667, -0.985051)
Updating objects...
Object2 position: (-13.850120, 11.871531, 2.967883)
Updating objects...
Object3 position: (-2.962353, 6.912156, -13.824312)
Updating objects...
Object4 position: (-2.967883, -13.850120, -11.871531)
Updating objects...
Object5 position: (1.937531, -5.812592, -0.968765)
Updating objects...
Object6 position: (-16.824190, -6.927608, 5.937950)
Updating objects...
Object7 position: (-9.800993, 0.000000, 0.980099)
Updating objects...
Object8 position: (0.000000, -14.806753, 3.948467)
Updating objects...
Object9 position: (-5.925722, 8.888583, 11.851443)
Updating objects...
Object10 position: (-3.956357, 15.825426, 7.912713)
Updating objects...
Object11 position: (-1.976632, 0.000000, 16.801371)
Updating objects...
Object12 position: (16.837542, 6.933105, 9.904436)
Updating objects...
Object13 position: (-0.987144, -14.807153, -3.948574)
Updating objects...
Object14 position: (6.831460, 1.951846, 3.903691)
Updating objects...
Object15 position: (17.876083, -13.903620, 17.876083)
Updating objects...
Object16 position: (-1.969676, -10.833219, -6.893866)
Updating objects...
Object17 position: (-16.841818, 1.981390, 12.879037)
Updating objects...
Object18 position: (4.964331, -18.864458, 19.857325)
Updating objects...
Object19 position: (-9.866667, -4.933333, 9.866667)
Updating objects...
Running collision detection...
CollisionManager::update() - 시작 (프레임 1)
  객체 목록 크기: 20
  각 객체의 AABB 업데이트 중...
    객체 'Object1' 업데이트
    객체 'Object2' 업데이트
    객체 'Object3' 업데이트
    객체 'Object4' 업데이트
    객체 'Object5' 업데이트
    객체 'Object6' 업데이트
    객체 'Object7' 업데이트
    객체 'Object8' 업데이트
    객체 'Object9' 업데이트
    객체 'Object10' 업데이트
    객체 'Object11' 업데이트
    객체 'Object12' 업데이트
    객체 'Object13' 업데이트
    객체 'Object14' 업데이트
    객체 'Object15' 업데이트
    객체 'Object16' 업데이트
    객체 'Object17' 업데이트
    객체 'Object18' 업데이트
    객체 'Object19' 업데이트
    객체 'Object20' 업데이트
  대략적 충돌 감지(Broad Phase) 중...
    잠재적 충돌 쌍: 0개
  정밀 충돌 감지(Narrow Phase) 시작...
  이전 충돌 상태 정리 중...
  충돌 상태 맵 업데이트
CollisionManager::update() - 완료

--- Frame 2 ---
Object0 position: (-14.797855, 15.784378, -19.730473)
Updating objects...
Object1 position: (2.910308, -12.611334, -0.970103)
Updating objects...
Object2 position: (-13.700239, 11.743061, 2.935765)
Updating objects...
Object3 position: (-2.924706, 6.824312, -13.648624)
Updating objects...
Object4 position: (-2.935765, -13.700239, -11.743061)
Updating objects...
Object5 position: (1.875061, -5.625183, -0.937531)
Updating objects...
Object6 position: (-16.648380, -6.855215, 5.875899)
Updating objects...
Object7 position: (-9.601986, 0.000000, 0.960199)
Updating objects...
Object8 position: (0.000000, -14.613506, 3.896935)
Updating objects...
Object9 position: (-5.851443, 8.777166, 11.702887)
Updating objects...
Object10 position: (-3.912713, 15.650852, 7.825426)
Updating objects...
Object11 position: (-1.953264, 0.000000, 16.602741)
Updating objects...
Object12 position: (16.675083, 6.866211, 9.808872)
Updating objects...
Object13 position: (-0.974287, -14.614305, -3.897148)
Updating objects...
Object14 position: (6.662920, 1.903691, 3.807383)
Updating objects...
Object15 position: (17.752167, -13.807240, 17.752167)
Updating objects...
Object16 position: (-1.939352, -10.666437, -6.787732)
Updating objects...
Object17 position: (-16.683636, 1.962781, 12.758074)
Updating objects...
Object18 position: (4.928662, -18.728916, 19.714649)
Updating objects...
Object19 position: (-9.733334, -4.866667, 9.733334)
Updating objects...
Running collision detection...
CollisionManager::update() - 시작 (프레임 2)
  객체 목록 크기: 20
  각 객체의 AABB 업데이트 중...
    객체 'Object1' 업데이트
    객체 'Object2' 업데이트
    객체 'Object3' 업데이트
    객체 'Object4' 업데이트
    객체 'Object5' 업데이트
    객체 'Object6' 업데이트
    객체 'Object7' 업데이트
    객체 'Object8' 업데이트
    객체 'Object9' 업데이트
    객체 'Object10' 업데이트
    객체 'Object11' 업데이트
    객체 'Object12' 업데이트
    객체 'Object13' 업데이트
    객체 'Object14' 업데이트
    객체 'Object15' 업데이트
    객체 'Object16' 업데이트
    객체 'Object17' 업데이트
    객체 'Object18' 업데이트
    객체 'Object19' 업데이트
    객체 'Object20' 업데이트
  대략적 충돌 감지(Broad Phase) 중...
    잠재적 충돌 쌍: 0개
  정밀 충돌 감지(Narrow Phase) 시작...
  이전 충돌 상태 정리 중...
  충돌 상태 맵 업데이트
CollisionManager::update() - 완료

--- Frame 3 ---
Object0 position: (-14.696783, 15.676567, -19.595709)
Updating objects...
Object1 position: (2.865462, -12.417001, -0.955154)
Updating objects...
Object2 position: (-13.550359, 11.614592, 2.903648)
Updating objects...
Object3 position: (-2.887058, 6.736468, -13.472937)
Updating objects...
Object4 position: (-2.903648, -13.550359, -11.614592)
Updating objects...
Object5 position: (1.812592, -5.437775, -0.906296)
Updating objects...
Object6 position: (-16.472570, -6.782823, 5.813849)
Updating objects...
Object7 position: (-9.402979, 0.000000, 0.940298)
Updating objects...
Object8 position: (0.000000, -14.420259, 3.845402)
Updating objects...
Object9 position: (-5.777165, 8.665750, 11.554330)
Updating objects...
Object10 position: (-3.869070, 15.476278, 7.738139)
Updating objects...
Object11 position: (-1.929895, 0.000000, 16.404112)
Updating objects...
Object12 position: (16.512625, 6.799316, 9.713308)
Updating objects...
Object13 position: (-0.961431, -14.421458, -3.845722)
Updating objects...
Object14 position: (6.494380, 1.855537, 3.711074)
Updating objects...
Object15 position: (17.628250, -13.710859, 17.628250)
Updating objects...
Object16 position: (-1.909028, -10.499656, -6.681598)
Updating objects...
Object17 position: (-16.525454, 1.944171, 12.637111)
Updating objects...
Object18 position: (4.892993, -18.593374, 19.571974)
Updating objects...
Object19 position: (-9.600000, -4.800000, 9.600000)
Updating objects...
Running collision detection...
CollisionManager::update() - 시작 (프레임 3)
  객체 목록 크기: 20
  각 객체의 AABB 업데이트 중...
    객체 'Object1' 업데이트
    객체 'Object2' 업데이트
    객체 'Object3' 업데이트
    객체 'Object4' 업데이트
    객체 'Object5' 업데이트
    객체 'Object6' 업데이트
    객체 'Object7' 업데이트
    객체 'Object8' 업데이트
    객체 'Object9' 업데이트
    객체 'Object10' 업데이트
    객체 'Object11' 업데이트
    객체 'Object12' 업데이트
    객체 'Object13' 업데이트
    객체 'Object14' 업데이트
    객체 'Object15' 업데이트
    객체 'Object16' 업데이트
    객체 'Object17' 업데이트
    객체 'Object18' 업데이트
    객체 'Object19' 업데이트
    객체 'Object20' 업데이트
  대략적 충돌 감지(Broad Phase) 중...
    잠재적 충돌 쌍: 0개
  정밀 충돌 감지(Narrow Phase) 시작...
  이전 충돌 상태 정리 중...
  충돌 상태 맵 업데이트
CollisionManager::update() - 완료

--- Frame 4 ---
Object0 position: (-14.595711, 15.568756, -19.460945)
Updating objects...
Object1 position: (2.820616, -12.222668, -0.940205)
Updating objects...
Object2 position: (-13.400478, 11.486122, 2.871531)
Updating objects...
Object3 position: (-2.849411, 6.648624, -13.297249)
Updating objects...
Object4 position: (-2.871531, -13.400478, -11.486122)
Updating objects...
Object5 position: (1.750122, -5.250366, -0.875061)
Updating objects...
Object6 position: (-16.296761, -6.710430, 5.751799)
Updating objects...
Object7 position: (-9.203972, 0.000000, 0.920397)
Updating objects...
Object8 position: (0.000000, -14.227013, 3.793870)
Updating objects...
Object9 position: (-5.702887, 8.554333, 11.405773)
Updating objects...
Object10 position: (-3.825426, 15.301704, 7.650852)
Updating objects...
Object11 position: (-1.906527, 0.000000, 16.205482)
Updating objects...
Object12 position: (16.350166, 6.732422, 9.617744)
Updating objects...
Object13 position: (-0.948574, -14.228611, -3.794296)
Updating objects...
Object14 position: (6.325840, 1.807383, 3.614765)
Updating objects...
Object15 position: (17.504333, -13.614479, 17.504333)
Updating objects...
Object16 position: (-1.878704, -10.332874, -6.575464)
Updating objects...
Object17 position: (-16.367271, 1.925561, 12.516148)
Updating objects...
Object18 position: (4.857325, -18.457832, 19.429298)
Updating objects...
Object19 position: (-9.466667, -4.733334, 9.466667)
Updating objects...
Running collision detection...
CollisionManager::update() - 시작 (프레임 4)
  객체 목록 크기: 20
  각 객체의 AABB 업데이트 중...
    객체 'Object1' 업데이트
    객체 'Object2' 업데이트
    객체 'Object3' 업데이트
    객체 'Object4' 업데이트
    객체 'Object5' 업데이트
    객체 'Object6' 업데이트
    객체 'Object7' 업데이트
    객체 'Object8' 업데이트
    객체 'Object9' 업데이트
    객체 'Object10' 업데이트
    객체 'Object11' 업데이트
    객체 'Object12' 업데이트
    객체 'Object13' 업데이트
    객체 'Object14' 업데이트
    객체 'Object15' 업데이트
    객체 'Object16' 업데이트
    객체 'Object17' 업데이트
    객체 'Object18' 업데이트
    객체 'Object19' 업데이트
    객체 'Object20' 업데이트
  대략적 충돌 감지(Broad Phase) 중...
    잠재적 충돌 쌍: 0개
  정밀 충돌 감지(Narrow Phase) 시작...
  이전 충돌 상태 정리 중...
  충돌 상태 맵 업데이트
CollisionManager::update() - 완료

--- Frame 5 ---
Object0 position: (-14.494638, 15.460945, -19.326181)
Updating objects...
Object1 position: (2.775770, -12.028335, -0.925256)
Updating objects...
Object2 position: (-13.250598, 11.357653, 2.839413)
Updating objects...
Object3 position: (-2.811764, 6.560781, -13.121561)
Updating objects...
Object4 position: (-2.839413, -13.250598, -11.357653)
Updating objects...
Object5 position: (1.687653, -5.062958, -0.843826)
Updating objects...
Object6 position: (-16.120951, -6.638038, 5.689748)
Updating objects...
Object7 position: (-9.004965, 0.000000, 0.900496)
Updating objects...
Object8 position: (0.000000, -14.033766, 3.742337)
Updating objects...
Object9 position: (-5.628608, 8.442916, 11.257216)
Updating objects...
Object10 position: (-3.781783, 15.127131, 7.563565)
Updating objects...
Object11 position: (-1.883159, 0.000000, 16.006853)
Updating objects...
Object12 position: (16.187708, 6.665527, 9.522181)
Updating objects...
Object13 position: (-0.935718, -14.035764, -3.742870)
Updating objects...
Object14 position: (6.157300, 1.759228, 3.518456)
Updating objects...
Object15 position: (17.380417, -13.518099, 17.380417)
Updating objects...
Object16 position: (-1.848380, -10.166093, -6.469330)
Updating objects...
Object17 position: (-16.209089, 1.906952, 12.395185)
Updating objects...
Object18 position: (4.821656, -18.322290, 19.286623)
Updating objects...
Object19 position: (-9.333334, -4.666667, 9.333334)
Updating objects...
Running collision detection...
CollisionManager::update() - 시작 (프레임 5)
  객체 목록 크기: 20
  각 객체의 AABB 업데이트 중...
    객체 'Object1' 업데이트
    객체 'Object2' 업데이트
    객체 'Object3' 업데이트
    객체 'Object4' 업데이트
    객체 'Object5' 업데이트
    객체 'Object6' 업데이트
    객체 'Object7' 업데이트
    객체 'Object8' 업데이트
    객체 'Object9' 업데이트
    객체 'Object10' 업데이트
    객체 'Object11' 업데이트
    객체 'Object12' 업데이트
    객체 'Object13' 업데이트
    객체 'Object14' 업데이트
    객체 'Object15' 업데이트
    객체 'Object16' 업데이트
    객체 'Object17' 업데이트
    객체 'Object18' 업데이트
    객체 'Object19' 업데이트
    객체 'Object20' 업데이트
  대략적 충돌 감지(Broad Phase) 중...
    잠재적 충돌 쌍: 0개
  정밀 충돌 감지(Narrow Phase) 시작...
  이전 충돌 상태 정리 중...
  충돌 상태 맵 업데이트
CollisionManager::update() - 완료

--- Frame 6 ---
Object0 position: (-14.393566, 15.353134, -19.191418)
Updating objects...
Object1 position: (2.730924, -11.834002, -0.910308)
Updating objects...
Object2 position: (-13.100718, 11.229183, 2.807296)
Updating objects...
Object3 position: (-2.774117, 6.472937, -12.945873)
Updating objects...
Object4 position: (-2.807296, -13.100718, -11.229183)
Updating objects...
Object5 position: (1.625183, -4.875549, -0.812592)
Updating objects...
Object6 position: (-15.945141, -6.565645, 5.627698)
Updating objects...
Object7 position: (-8.805958, 0.000000, 0.880596)
Updating objects...
Object8 position: (0.000000, -13.840519, 3.690805)
Updating objects...
Object9 position: (-5.554330, 8.331499, 11.108660)
Updating objects...
Object10 position: (-3.738139, 14.952557, 7.476278)
Updating objects...
Object11 position: (-1.859791, 0.000000, 15.808223)
Updating objects...
Object12 position: (16.025249, 6.598633, 9.426617)
Updating objects...
Object13 position: (-0.922861, -13.842916, -3.691444)
Updating objects...
Object14 position: (5.988760, 1.711074, 3.422148)
Updating objects...
Object15 position: (17.256500, -13.421719, 17.256500)
Updating objects...
Object16 position: (-1.818056, -9.999311, -6.363196)
Updating objects...
Object17 position: (-16.050907, 1.888342, 12.274221)
Updating objects...
Object18 position: (4.785987, -18.186749, 19.143948)
Updating objects...
Object19 position: (-9.200001, -4.600000, 9.200001)
Updating objects...
Running collision detection...
CollisionManager::update() - 시작 (프레임 6)
  객체 목록 크기: 20
  각 객체의 AABB 업데이트 중...
    객체 'Object1' 업데이트
    객체 'Object2' 업데이트
    객체 'Object3' 업데이트
    객체 'Object4' 업데이트
    객체 'Object5' 업데이트
    객체 'Object6' 업데이트
    객체 'Object7' 업데이트
    객체 'Object8' 업데이트
    객체 'Object9' 업데이트
    객체 'Object10' 업데이트
    객체 'Object11' 업데이트
    객체 'Object12' 업데이트
    객체 'Object13' 업데이트
    객체 'Object14' 업데이트
    객체 'Object15' 업데이트
    객체 'Object16' 업데이트
    객체 'Object17' 업데이트
    객체 'Object18' 업데이트
    객체 'Object19' 업데이트
    객체 'Object20' 업데이트
  대략적 충돌 감지(Broad Phase) 중...
    잠재적 충돌 쌍: 0개
  정밀 충돌 감지(Narrow Phase) 시작...
  이전 충돌 상태 정리 중...
  충돌 상태 맵 업데이트
CollisionManager::update() - 완료

--- Frame 7 ---
Object0 position: (-14.292494, 15.245323, -19.056654)
Updating objects...
Object1 position: (2.686078, -11.639668, -0.895359)
Updating objects...
Object2 position: (-12.950837, 11.100714, 2.775178)
Updating objects...
Object3 position: (-2.736469, 6.385093, -12.770185)
Updating objects...
Object4 position: (-2.775178, -12.950837, -11.100714)
Updating objects...
Object5 position: (1.562714, -4.688141, -0.781357)
Updating objects...
Object6 position: (-15.769331, -6.493253, 5.565648)
Updating objects...
Object7 position: (-8.606951, 0.000000, 0.860695)
Updating objects...
Object8 position: (0.000000, -13.647272, 3.639272)
Updating objects...
Object9 position: (-5.480052, 8.220082, 10.960103)
Updating objects...
Object10 position: (-3.694496, 14.777983, 7.388991)
Updating objects...
Object11 position: (-1.836422, 0.000000, 15.609592)
Updating objects...
Object12 position: (15.862791, 6.531738, 9.331053)
Updating objects...
Object13 position: (-0.910005, -13.650069, -3.640018)
Updating objects...
Object14 position: (5.820220, 1.662920, 3.325839)
Updating objects...
Object15 position: (17.132584, -13.325338, 17.132584)
Updating objects...
Object16 position: (-1.787733, -9.832530, -6.257062)
Updating objects...
Object17 position: (-15.892725, 1.869732, 12.153258)
Updating objects...
Object18 position: (4.750318, -18.051207, 19.001272)
Updating objects...
Object19 position: (-9.066668, -4.533334, 9.066668)
Updating objects...
Running collision detection...
CollisionManager::update() - 시작 (프레임 7)
  객체 목록 크기: 20
  각 객체의 AABB 업데이트 중...
    객체 'Object1' 업데이트
    객체 'Object2' 업데이트
    객체 'Object3' 업데이트
    객체 'Object4' 업데이트
    객체 'Object5' 업데이트
    객체 'Object6' 업데이트
    객체 'Object7' 업데이트
    객체 'Object8' 업데이트
    객체 'Object9' 업데이트
    객체 'Object10' 업데이트
    객체 'Object11' 업데이트
    객체 'Object12' 업데이트
    객체 'Object13' 업데이트
    객체 'Object14' 업데이트
    객체 'Object15' 업데이트
    객체 'Object16' 업데이트
    객체 'Object17' 업데이트
    객체 'Object18' 업데이트
    객체 'Object19' 업데이트
    객체 'Object20' 업데이트
  대략적 충돌 감지(Broad Phase) 중...
    잠재적 충돌 쌍: 0개
  정밀 충돌 감지(Narrow Phase) 시작...
  이전 충돌 상태 정리 중...
  충돌 상태 맵 업데이트
CollisionManager::update() - 완료

--- Frame 8 ---
Object0 position: (-14.191422, 15.137512, -18.921890)
Updating objects...
Object1 position: (2.641232, -11.445335, -0.880410)
Updating objects...
Object2 position: (-12.800957, 10.972244, 2.743061)
Updating objects...
Object3 position: (-2.698822, 6.297249, -12.594498)
Updating objects...
Object4 position: (-2.743061, -12.800957, -10.972244)
Updating objects...
Object5 position: (1.500244, -4.500732, -0.750122)
Updating objects...
Object6 position: (-15.593521, -6.420860, 5.503597)
Updating objects...
Object7 position: (-8.407944, 0.000000, 0.840794)
Updating objects...
Object8 position: (0.000000, -13.454025, 3.587740)
Updating objects...
Object9 position: (-5.405773, 8.108665, 10.811546)
Updating objects...
Object10 position: (-3.650852, 14.603409, 7.301704)
Updating objects...
Object11 position: (-1.813054, 0.000000, 15.410962)
Updating objects...
Object12 position: (15.700333, 6.464844, 9.235489)
Updating objects...
Object13 position: (-0.897148, -13.457222, -3.588593)
Updating objects...
Object14 position: (5.651680, 1.614765, 3.229530)
Updating objects...
Object15 position: (17.008667, -13.228958, 17.008667)
Updating objects...
Object16 position: (-1.757409, -9.665749, -6.150928)
Updating objects...
Object17 position: (-15.734543, 1.851123, 12.032295)
Updating objects...
Object18 position: (4.714649, -17.915665, 18.858597)
Updating objects...
Object19 position: (-8.933334, -4.466667, 8.933334)
Updating objects...
Running collision detection...
CollisionManager::update() - 시작 (프레임 8)
  객체 목록 크기: 20
  각 객체의 AABB 업데이트 중...
    객체 'Object1' 업데이트
    객체 'Object2' 업데이트
    객체 'Object3' 업데이트
    객체 'Object4' 업데이트
    객체 'Object5' 업데이트
    객체 'Object6' 업데이트
    객체 'Object7' 업데이트
    객체 'Object8' 업데이트
    객체 'Object9' 업데이트
    객체 'Object10' 업데이트
    객체 'Object11' 업데이트
    객체 'Object12' 업데이트
    객체 'Object13' 업데이트
    객체 'Object14' 업데이트
    객체 'Object15' 업데이트
    객체 'Object16' 업데이트
    객체 'Object17' 업데이트
    객체 'Object18' 업데이트
    객체 'Object19' 업데이트
    객체 'Object20' 업데이트
  대략적 충돌 감지(Broad Phase) 중...
    잠재적 충돌 쌍: 0개
  정밀 충돌 감지(Narrow Phase) 시작...
  이전 충돌 상태 정리 중...
  충돌 상태 맵 업데이트
CollisionManager::update() - 완료

--- Frame 9 ---
Object0 position: (-14.090349, 15.029701, -18.787127)
Updating objects...
Object1 position: (2.596385, -11.251002, -0.865461)
Updating objects...
Object2 position: (-12.651076, 10.843775, 2.710944)
Updating objects...
Object3 position: (-2.661175, 6.209405, -12.418810)
Updating objects...
Object4 position: (-2.710944, -12.651076, -10.843775)
Updating objects...
Object5 position: (1.437775, -4.313324, -0.718887)
Updating objects...
Object6 position: (-15.417711, -6.348468, 5.441547)
Updating objects...
Object7 position: (-8.208937, 0.000000, 0.820893)
Updating objects...
Object8 position: (0.000000, -13.260778, 3.536207)
Updating objects...
Object9 position: (-5.331495, 7.997248, 10.662991)
Updating objects...
Object10 position: (-3.607209, 14.428835, 7.214417)
Updating objects...
Object11 position: (-1.789686, 0.000000, 15.212332)
Updating objects...
Object12 position: (15.537874, 6.397949, 9.139925)
Updating objects...
Object13 position: (-0.884292, -13.264375, -3.537167)
Updating objects...
Object14 position: (5.483140, 1.566611, 3.133222)
Updating objects...
Object15 position: (16.884750, -13.132578, 16.884750)
Updating objects...
Object16 position: (-1.727085, -9.498967, -6.044795)
Updating objects...
Object17 position: (-15.576361, 1.832513, 11.911332)
Updating objects...
Object18 position: (4.678980, -17.780123, 18.715921)
Updating objects...
Object19 position: (-8.800001, -4.400001, 8.800001)
Updating objects...
Running collision detection...
CollisionManager::update() - 시작 (프레임 9)
  객체 목록 크기: 20
  각 객체의 AABB 업데이트 중...
    객체 'Object1' 업데이트
    객체 'Object2' 업데이트
    객체 'Object3' 업데이트
    객체 'Object4' 업데이트
    객체 'Object5' 업데이트
    객체 'Object6' 업데이트
    객체 'Object7' 업데이트
    객체 'Object8' 업데이트
    객체 'Object9' 업데이트
    객체 'Object10' 업데이트
    객체 'Object11' 업데이트
    객체 'Object12' 업데이트
    객체 'Object13' 업데이트
    객체 'Object14' 업데이트
    객체 'Object15' 업데이트
    객체 'Object16' 업데이트
    객체 'Object17' 업데이트
    객체 'Object18' 업데이트
    객체 'Object19' 업데이트
    객체 'Object20' 업데이트
  대략적 충돌 감지(Broad Phase) 중...
    잠재적 충돌 쌍: 0개
  정밀 충돌 감지(Narrow Phase) 시작...
  이전 충돌 상태 정리 중...
  충돌 상태 맵 업데이트
CollisionManager::update() - 완료

--- Frame 10 ---
Object0 position: (-13.989277, 14.921890, -18.652363)
Updating objects...
Object1 position: (2.551539, -11.056669, -0.850513)
Updating objects...
Object2 position: (-12.501196, 10.715305, 2.678826)
Updating objects...
Object3 position: (-2.623528, 6.121561, -12.243122)
Updating objects...
Object4 position: (-2.678826, -12.501196, -10.715305)
Updating objects...
Object5 position: (1.375305, -4.125916, -0.687653)
Updating objects...
Object6 position: (-15.241901, -6.276075, 5.379497)
Updating objects...
Object7 position: (-8.009930, 0.000000, 0.800993)
Updating objects...
Object8 position: (0.000000, -13.067532, 3.484675)
Updating objects...
Object9 position: (-5.257217, 7.885831, 10.514434)
Updating objects...
Object10 position: (-3.563565, 14.254261, 7.127131)
Updating objects...
Object11 position: (-1.766318, 0.000000, 15.013701)
Updating objects...
Object12 position: (15.375416, 6.331055, 9.044361)
Updating objects...
Object13 position: (-0.871435, -13.071527, -3.485741)
Updating objects...
Object14 position: (5.314600, 1.518456, 3.036913)
Updating objects...
Object15 position: (16.760834, -13.036198, 16.760834)
Updating objects...
Object16 position: (-1.696761, -9.332186, -5.938662)
Updating objects...
Object17 position: (-15.418179, 1.813904, 11.790369)
Updating objects...
Object18 position: (4.643312, -17.644581, 18.573246)
Updating objects...
Object19 position: (-8.666668, -4.333334, 8.666668)
Updating objects...
Running collision detection...
CollisionManager::update() - 시작 (프레임 10)
  객체 목록 크기: 20
  각 객체의 AABB 업데이트 중...
    객체 'Object1' 업데이트
    객체 'Object2' 업데이트
    객체 'Object3' 업데이트
    객체 'Object4' 업데이트
    객체 'Object5' 업데이트
    객체 'Object6' 업데이트
    객체 'Object7' 업데이트
    객체 'Object8' 업데이트
    객체 'Object9' 업데이트
    객체 'Object10' 업데이트
    객체 'Object11' 업데이트
    객체 'Object12' 업데이트
    객체 'Object13' 업데이트
    객체 'Object14' 업데이트
    객체 'Object15' 업데이트
    객체 'Object16' 업데이트
    객체 'Object17' 업데이트
    객체 'Object18' 업데이트
    객체 'Object19' 업데이트
    객체 'Object20' 업데이트
  대략적 충돌 감지(Broad Phase) 중...
    잠재적 충돌 쌍: 0개
  정밀 충돌 감지(Narrow Phase) 시작...
  이전 충돌 상태 정리 중...
  충돌 상태 맵 업데이트
CollisionManager::update() - 완료

--- Frame 11 ---
Object0 position: (-13.888205, 14.814079, -18.517599)
Updating objects...
Object1 position: (2.506693, -10.862336, -0.835564)
Updating objects...
Object2 position: (-12.351315, 10.586836, 2.646709)
Updating objects...
Object3 position: (-2.585880, 6.033717, -12.067434)
Updating objects...
Object4 position: (-2.646709, -12.351315, -10.586836)
Updating objects...
Object5 position: (1.312836, -3.938507, -0.656418)
Updating objects...
Object6 position: (-15.066092, -6.203683, 5.317446)
Updating objects...
Object7 position: (-7.810922, 0.000000, 0.781092)
Updating objects...
Object8 position: (0.000000, -12.874285, 3.433142)
Updating objects...
Object9 position: (-5.182939, 7.774414, 10.365877)
Updating objects...
Object10 position: (-3.519922, 14.079687, 7.039844)
Updating objects...
Object11 position: (-1.742949, 0.000000, 14.815071)
Updating objects...
Object12 position: (15.212957, 6.264160, 8.948797)
Updating objects...
Object13 position: (-0.858579, -12.878680, -3.434315)
Updating objects...
Object14 position: (5.146060, 1.470302, 2.940604)
Updating objects...
Object15 position: (16.636917, -12.939817, 16.636917)
Updating objects...
Object16 position: (-1.666437, -9.165404, -5.832528)
Updating objects...
Object17 position: (-15.259996, 1.795294, 11.669406)
Updating objects...
Object18 position: (4.607643, -17.509039, 18.430571)
Updating objects...
Object19 position: (-8.533335, -4.266667, 8.533335)
Updating objects...
Running collision detection...
CollisionManager::update() - 시작 (프레임 11)
  객체 목록 크기: 20
  각 객체의 AABB 업데이트 중...
    객체 'Object1' 업데이트
    객체 'Object2' 업데이트
    객체 'Object3' 업데이트
    객체 'Object4' 업데이트
    객체 'Object5' 업데이트
    객체 'Object6' 업데이트
    객체 'Object7' 업데이트
    객체 'Object8' 업데이트
    객체 'Object9' 업데이트
    객체 'Object10' 업데이트
    객체 'Object11' 업데이트
    객체 'Object12' 업데이트
    객체 'Object13' 업데이트
    객체 'Object14' 업데이트
    객체 'Object15' 업데이트
    객체 'Object16' 업데이트
    객체 'Object17' 업데이트
    객체 'Object18' 업데이트
    객체 'Object19' 업데이트
    객체 'Object20' 업데이트
  대략적 충돌 감지(Broad Phase) 중...
    잠재적 충돌 쌍: 0개
  정밀 충돌 감지(Narrow Phase) 시작...
  이전 충돌 상태 정리 중...
  충돌 상태 맵 업데이트
CollisionManager::update() - 완료

--- Frame 12 ---
Object0 position: (-13.787132, 14.706268, -18.382835)
Updating objects...
Object1 position: (2.461847, -10.668003, -0.820615)
Updating objects...
Object2 position: (-12.201435, 10.458366, 2.614592)
Updating objects...
Object3 position: (-2.548233, 5.945873, -11.891747)
Updating objects...
Object4 position: (-2.614592, -12.201435, -10.458366)
Updating objects...
Object5 position: (1.250366, -3.751099, -0.625183)
Updating objects...
Object6 position: (-14.890282, -6.131290, 5.255396)
Updating objects...
Object7 position: (-7.611915, 0.000000, 0.761191)
Updating objects...
Object8 position: (0.000000, -12.681038, 3.381610)
Updating objects...
Object9 position: (-5.108661, 7.662996, 10.217321)
Updating objects...
Object10 position: (-3.476278, 13.905113, 6.952557)
Updating objects...
Object11 position: (-1.719581, 0.000000, 14.616441)
Updating objects...
Object12 position: (15.050499, 6.197266, 8.853233)
Updating objects...
Object13 position: (-0.845722, -12.685833, -3.382889)
Updating objects...
Object14 position: (4.977520, 1.422148, 2.844296)
Updating objects...
Object15 position: (16.513000, -12.843437, 16.513000)
Updating objects...
Object16 position: (-1.636113, -8.998623, -5.726394)
Updating objects...
Object17 position: (-15.101814, 1.776684, 11.548443)
Updating objects...
Object18 position: (4.571974, -17.373497, 18.287895)
Updating objects...
Object19 position: (-8.400002, -4.200001, 8.400002)
Updating objects...
Running collision detection...
CollisionManager::update() - 시작 (프레임 12)
  객체 목록 크기: 20
  각 객체의 AABB 업데이트 중...
    객체 'Object1' 업데이트
    객체 'Object2' 업데이트
    객체 'Object3' 업데이트
    객체 'Object4' 업데이트
    객체 'Object5' 업데이트
    객체 'Object6' 업데이트
    객체 'Object7' 업데이트
    객체 'Object8' 업데이트
    객체 'Object9' 업데이트
    객체 'Object10' 업데이트
    객체 'Object11' 업데이트
    객체 'Object12' 업데이트
    객체 'Object13' 업데이트
    객체 'Object14' 업데이트
    객체 'Object15' 업데이트
    객체 'Object16' 업데이트
    객체 'Object17' 업데이트
    객체 'Object18' 업데이트
    객체 'Object19' 업데이트
    객체 'Object20' 업데이트
  대략적 충돌 감지(Broad Phase) 중...
    잠재적 충돌 쌍: 0개
  정밀 충돌 감지(Narrow Phase) 시작...
  이전 충돌 상태 정리 중...
  충돌 상태 맵 업데이트
CollisionManager::update() - 완료

--- Frame 13 ---
Object0 position: (-13.686060, 14.598457, -18.248072)
Updating objects...
Object1 position: (2.417001, -10.473670, -0.805667)
Updating objects...
Object2 position: (-12.051555, 10.329897, 2.582474)
Updating objects...
Object3 position: (-2.510585, 5.858029, -11.716059)
Updating objects...
Object4 position: (-2.582474, -12.051555, -10.329897)
Updating objects...
Object5 position: (1.187897, -3.563690, -0.593948)
Updating objects...
Object6 position: (-14.714472, -6.058898, 5.193346)
Updating objects...
Object7 position: (-7.412907, 0.000000, 0.741290)
Updating objects...
Object8 position: (0.000000, -12.487791, 3.330077)
Updating objects...
Object9 position: (-5.034382, 7.551579, 10.068765)
Updating objects...
Object10 position: (-3.432635, 13.730539, 6.865270)
Updating objects...
Object11 position: (-1.696213, 0.000000, 14.417810)
Updating objects...
Object12 position: (14.888041, 6.130371, 8.757669)
Updating objects...
Object13 position: (-0.832866, -12.492986, -3.331463)
Updating objects...
Object14 position: (4.808980, 1.373993, 2.747987)
Updating objects...
Object15 position: (16.389084, -12.747057, 16.389084)
Updating objects...
Object16 position: (-1.605789, -8.831841, -5.620260)
Updating objects...
Object17 position: (-14.943632, 1.758075, 11.427480)
Updating objects...
Object18 position: (4.536305, -17.237955, 18.145220)
Updating objects...
Object19 position: (-8.266668, -4.133334, 8.266668)
Updating objects...
Running collision detection...
CollisionManager::update() - 시작 (프레임 13)
  객체 목록 크기: 20
  각 객체의 AABB 업데이트 중...
    객체 'Object1' 업데이트
    객체 'Object2' 업데이트
    객체 'Object3' 업데이트
    객체 'Object4' 업데이트
    객체 'Object5' 업데이트
    객체 'Object6' 업데이트
    객체 'Object7' 업데이트
    객체 'Object8' 업데이트
    객체 'Object9' 업데이트
    객체 'Object10' 업데이트
    객체 'Object11' 업데이트
    객체 'Object12' 업데이트
    객체 'Object13' 업데이트
    객체 'Object14' 업데이트
    객체 'Object15' 업데이트
    객체 'Object16' 업데이트
    객체 'Object17' 업데이트
    객체 'Object18' 업데이트
    객체 'Object19' 업데이트
    객체 'Object20' 업데이트
  대략적 충돌 감지(Broad Phase) 중...
    잠재적 충돌 쌍: 0개
  정밀 충돌 감지(Narrow Phase) 시작...
  이전 충돌 상태 정리 중...
  충돌 상태 맵 업데이트
CollisionManager::update() - 완료

--- Frame 14 ---
Object0 position: (-13.584988, 14.490646, -18.113308)
Updating objects...
Object1 position: (2.372155, -10.279337, -0.790718)
Updating objects...
Object2 position: (-11.901674, 10.201427, 2.550357)
Updating objects...
Object3 position: (-2.472938, 5.770185, -11.540371)
Updating objects...
Object4 position: (-2.550357, -11.901674, -10.201427)
Updating objects...
Object5 position: (1.125427, -3.376282, -0.562714)
Updating objects...
Object6 position: (-14.538662, -5.986506, 5.131295)
Updating objects...
Object7 position: (-7.213900, 0.000000, 0.721390)
Updating objects...
Object8 position: (0.000000, -12.294544, 3.278545)
Updating objects...
Object9 position: (-4.960104, 7.440162, 9.920208)
Updating objects...
Object10 position: (-3.388991, 13.555965, 6.777983)
Updating objects...
Object11 position: (-1.672845, 0.000000, 14.219180)
Updating objects...
Object12 position: (14.725582, 6.063477, 8.662106)
Updating objects...
Object13 position: (-0.820009, -12.300138, -3.280037)
Updating objects...
Object14 position: (4.640440, 1.325839, 2.651678)
Updating objects...
Object15 position: (16.265167, -12.650677, 16.265167)
Updating objects...
Object16 position: (-1.575465, -8.665060, -5.514127)
Updating objects...
Object17 position: (-14.785450, 1.739465, 11.306517)
Updating objects...
Object18 position: (4.500636, -17.102413, 18.002544)
Updating objects...
Object19 position: (-8.133335, -4.066668, 8.133335)
Updating objects...
Running collision detection...
CollisionManager::update() - 시작 (프레임 14)
  객체 목록 크기: 20
  각 객체의 AABB 업데이트 중...
    객체 'Object1' 업데이트
    객체 'Object2' 업데이트
    객체 'Object3' 업데이트
    객체 'Object4' 업데이트
    객체 'Object5' 업데이트
    객체 'Object6' 업데이트
    객체 'Object7' 업데이트
    객체 'Object8' 업데이트
    객체 'Object9' 업데이트
    객체 'Object10' 업데이트
    객체 'Object11' 업데이트
    객체 'Object12' 업데이트
    객체 'Object13' 업데이트
    객체 'Object14' 업데이트
    객체 'Object15' 업데이트
    객체 'Object16' 업데이트
    객체 'Object17' 업데이트
    객체 'Object18' 업데이트
    객체 'Object19' 업데이트
    객체 'Object20' 업데이트
  대략적 충돌 감지(Broad Phase) 중...
    잠재적 충돌 쌍: 0개
  정밀 충돌 감지(Narrow Phase) 시작...
  이전 충돌 상태 정리 중...
  충돌 상태 맵 업데이트
CollisionManager::update() - 완료

--- Frame 15 ---
Object0 position: (-13.483915, 14.382835, -17.978544)
Updating objects...
Object1 position: (2.327309, -10.085004, -0.775769)
Updating objects...
Object2 position: (-11.751794, 10.072958, 2.518239)
Updating objects...
Object3 position: (-2.435291, 5.682342, -11.364683)
Updating objects...
Object4 position: (-2.518239, -11.751794, -10.072958)
Updating objects...
Object5 position: (1.062958, -3.188873, -0.531479)
Updating objects...
Object6 position: (-14.362852, -5.914113, 5.069245)
Updating objects...
Object7 position: (-7.014892, 0.000000, 0.701489)
Updating objects...
Object8 position: (0.000000, -12.101297, 3.227012)
Updating objects...
Object9 position: (-4.885826, 7.328744, 9.771652)
Updating objects...
Object10 position: (-3.345348, 13.381392, 6.690696)
Updating objects...
Object11 position: (-1.649476, 0.000000, 14.020550)
Updating objects...
Object12 position: (14.563124, 5.996582, 8.566542)
Updating objects...
Object13 position: (-0.807153, -12.107291, -3.228611)
Updating objects...
Object14 position: (4.471900, 1.277685, 2.555369)
Updating objects...
Object15 position: (16.141251, -12.554296, 16.141251)
Updating objects...
Object16 position: (-1.545141, -8.498279, -5.407993)
Updating objects...
Object17 position: (-14.627268, 1.720855, 11.185554)
Updating objects...
Object18 position: (4.464967, -16.966871, 17.859869)
Updating objects...
Object19 position: (-8.000002, -4.000001, 8.000002)
Updating objects...
Running collision detection...
CollisionManager::update() - 시작 (프레임 15)
  객체 목록 크기: 20
  각 객체의 AABB 업데이트 중...
    객체 'Object1' 업데이트
    객체 'Object2' 업데이트
    객체 'Object3' 업데이트
    객체 'Object4' 업데이트
    객체 'Object5' 업데이트
    객체 'Object6' 업데이트
    객체 'Object7' 업데이트
    객체 'Object8' 업데이트
    객체 'Object9' 업데이트
    객체 'Object10' 업데이트
    객체 'Object11' 업데이트
    객체 'Object12' 업데이트
    객체 'Object13' 업데이트
    객체 'Object14' 업데이트
    객체 'Object15' 업데이트
    객체 'Object16' 업데이트
    객체 'Object17' 업데이트
    객체 'Object18' 업데이트
    객체 'Object19' 업데이트
    객체 'Object20' 업데이트
  대략적 충돌 감지(Broad Phase) 중...
    잠재적 충돌 쌍: 0개
  정밀 충돌 감지(Narrow Phase) 시작...
  이전 충돌 상태 정리 중...
  충돌 상태 맵 업데이트
CollisionManager::update() - 완료

--- Frame 16 ---
Object0 position: (-13.382843, 14.275024, -17.843781)
Updating objects...
Object1 position: (2.282463, -9.890671, -0.760821)
Updating objects...
Object2 position: (-11.601913, 9.944489, 2.486122)
Updating objects...
Object3 position: (-2.397643, 5.594498, -11.188995)
Updating objects...
Object4 position: (-2.486122, -11.601913, -9.944489)
Updating objects...
Object5 position: (1.000488, -3.001465, -0.500244)
Updating objects...
Object6 position: (-14.187042, -5.841721, 5.007195)
Updating objects...
Object7 position: (-6.815885, 0.000000, 0.681588)
Updating objects...
Object8 position: (0.000000, -11.908051, 3.175480)
Updating objects...
Object9 position: (-4.811548, 7.217327, 9.623096)
Updating objects...
Object10 position: (-3.301704, 13.206818, 6.603409)
Updating objects...
Object11 position: (-1.626108, 0.000000, 13.821919)
Updating objects...
Object12 position: (14.400665, 5.929688, 8.470978)
Updating objects...
Object13 position: (-0.794296, -11.914444, -3.177185)
Updating objects...
Object14 position: (4.303360, 1.229530, 2.459061)
Updating objects...
Object15 position: (16.017334, -12.457916, 16.017334)
Updating objects...
Object16 position: (-1.514817, -8.331497, -5.301860)
Updating objects...
Object17 position: (-14.469086, 1.702246, 11.064590)
Updating objects...
Object18 position: (4.429298, -16.831329, 17.717194)
Updating objects...
Object19 position: (-7.866669, -3.933334, 7.866669)
Updating objects...
Running collision detection...
CollisionManager::update() - 시작 (프레임 16)
  객체 목록 크기: 20
  각 객체의 AABB 업데이트 중...
    객체 'Object1' 업데이트
    객체 'Object2' 업데이트
    객체 'Object3' 업데이트
    객체 'Object4' 업데이트
    객체 'Object5' 업데이트
    객체 'Object6' 업데이트
    객체 'Object7' 업데이트
    객체 'Object8' 업데이트
    객체 'Object9' 업데이트
    객체 'Object10' 업데이트
    객체 'Object11' 업데이트
    객체 'Object12' 업데이트
    객체 'Object13' 업데이트
    객체 'Object14' 업데이트
    객체 'Object15' 업데이트
    객체 'Object16' 업데이트
    객체 'Object17' 업데이트
    객체 'Object18' 업데이트
    객체 'Object19' 업데이트
    객체 'Object20' 업데이트
  대략적 충돌 감지(Broad Phase) 중...
    잠재적 충돌 쌍: 0개
  정밀 충돌 감지(Narrow Phase) 시작...
  이전 충돌 상태 정리 중...
  충돌 상태 맵 업데이트
CollisionManager::update() - 완료

--- Frame 17 ---
Object0 position: (-13.281771, 14.167213, -17.709017)
Updating objects...
Object1 position: (2.237617, -9.696338, -0.745872)
Updating objects...
Object2 position: (-11.452033, 9.816019, 2.454005)
Updating objects...
Object3 position: (-2.359996, 5.506654, -11.013308)
Updating objects...
Object4 position: (-2.454005, -11.452033, -9.816019)
Updating objects...
Object5 position: (0.938019, -2.814056, -0.469009)
Updating objects...
Object6 position: (-14.011232, -5.769328, 4.945144)
Updating objects...
Object7 position: (-6.616877, 0.000000, 0.661687)
Updating objects...
Object8 position: (0.000000, -11.714804, 3.123947)
Updating objects...
Object9 position: (-4.737269, 7.105910, 9.474539)
Updating objects...
Object10 position: (-3.258061, 13.032244, 6.516122)
Updating objects...
Object11 position: (-1.602740, 0.000000, 13.623289)
Updating objects...
Object12 position: (14.238207, 5.862793, 8.375414)
Updating objects...
Object13 position: (-0.781440, -11.721597, -3.125759)
Updating objects...
Object14 position: (4.134820, 1.181376, 2.362752)
Updating objects...
Object15 position: (15.893416, -12.361536, 15.893416)
Updating objects...
Object16 position: (-1.484494, -8.164716, -5.195726)
Updating objects...
Object17 position: (-14.310904, 1.683636, 10.943627)
Updating objects...
Object18 position: (4.393630, -16.695787, 17.574518)
Updating objects...
Object19 position: (-7.733335, -3.866668, 7.733335)
Updating objects...
Running collision detection...
CollisionManager::update() - 시작 (프레임 17)
  객체 목록 크기: 20
  각 객체의 AABB 업데이트 중...
    객체 'Object1' 업데이트
    객체 'Object2' 업데이트
    객체 'Object3' 업데이트
    객체 'Object4' 업데이트
    객체 'Object5' 업데이트
    객체 'Object6' 업데이트
    객체 'Object7' 업데이트
    객체 'Object8' 업데이트
    객체 'Object9' 업데이트
    객체 'Object10' 업데이트
    객체 'Object11' 업데이트
    객체 'Object12' 업데이트
    객체 'Object13' 업데이트
    객체 'Object14' 업데이트
    객체 'Object15' 업데이트
    객체 'Object16' 업데이트
    객체 'Object17' 업데이트
    객체 'Object18' 업데이트
    객체 'Object19' 업데이트
    객체 'Object20' 업데이트
  대략적 충돌 감지(Broad Phase) 중...
    잠재적 충돌 쌍: 0개
  정밀 충돌 감지(Narrow Phase) 시작...
  이전 충돌 상태 정리 중...
  충돌 상태 맵 업데이트
CollisionManager::update() - 완료

--- Frame 18 ---
Object0 position: (-13.180698, 14.059402, -17.574253)
Updating objects...
Object1 position: (2.192771, -9.502005, -0.730923)
Updating objects...
Object2 position: (-11.302153, 9.687551, 2.421888)
Updating objects...
Object3 position: (-2.322349, 5.418810, -10.837620)
Updating objects...
Object4 position: (-2.421888, -11.302153, -9.687551)
Updating objects...
Object5 position: (0.875549, -2.626648, -0.437775)
Updating objects...
Object6 position: (-13.835423, -5.696936, 4.883094)
Updating objects...
Object7 position: (-6.417870, 0.000000, 0.641787)
Updating objects...
Object8 position: (0.000000, -11.521557, 3.072415)
Updating objects...
Object9 position: (-4.662992, 6.994493, 9.325983)
Updating objects...
Object10 position: (-3.214417, 12.857670, 6.428835)
Updating objects...
Object11 position: (-1.579372, 0.000000, 13.424659)
Updating objects...
Object12 position: (14.075748, 5.795898, 8.279850)
Updating objects...
Object13 position: (-0.768583, -11.528749, -3.074333)
Updating objects...
Object14 position: (3.966280, 1.133222, 2.266443)
Updating objects...
Object15 position: (15.769499, -12.265156, 15.769499)
Updating objects...
Object16 position: (-1.454170, -7.997934, -5.089593)
Updating objects...
Object17 position: (-14.152721, 1.665026, 10.822664)
Updating objects...
Object18 position: (4.357961, -16.560246, 17.431843)
Updating objects...
Object19 position: (-7.600002, -3.800001, 7.600002)
Updating objects...
Running collision detection...
CollisionManager::update() - 시작 (프레임 18)
  객체 목록 크기: 20
  각 객체의 AABB 업데이트 중...
    객체 'Object1' 업데이트
    객체 'Object2' 업데이트
    객체 'Object3' 업데이트
    객체 'Object4' 업데이트
    객체 'Object5' 업데이트
    객체 'Object6' 업데이트
    객체 'Object7' 업데이트
    객체 'Object8' 업데이트
    객체 'Object9' 업데이트
    객체 'Object10' 업데이트
    객체 'Object11' 업데이트
    객체 'Object12' 업데이트
    객체 'Object13' 업데이트
    객체 'Object14' 업데이트
    객체 'Object15' 업데이트
    객체 'Object16' 업데이트
    객체 'Object17' 업데이트
    객체 'Object18' 업데이트
    객체 'Object19' 업데이트
    객체 'Object20' 업데이트
  대략적 충돌 감지(Broad Phase) 중...
    잠재적 충돌 쌍: 0개
  정밀 충돌 감지(Narrow Phase) 시작...
  이전 충돌 상태 정리 중...
  충돌 상태 맵 업데이트
CollisionManager::update() - 완료

--- Frame 19 ---
Object0 position: (-13.079626, 13.951591, -17.439489)
Updating objects...
Object1 position: (2.147925, -9.307672, -0.715974)
Updating objects...
Object2 position: (-11.152272, 9.559081, 2.389770)
Updating objects...
Object3 position: (-2.284701, 5.330966, -10.661932)
Updating objects...
Object4 position: (-2.389770, -11.152272, -9.559081)
Updating objects...
Object5 position: (0.813080, -2.439240, -0.406540)
Updating objects...
Object6 position: (-13.659613, -5.624543, 4.821043)
Updating objects...
Object7 position: (-6.218862, 0.000000, 0.621886)
Updating objects...
Object8 position: (0.000000, -11.328310, 3.020882)
Updating objects...
Object9 position: (-4.588714, 6.883075, 9.177427)
Updating objects...
Object10 position: (-3.170774, 12.683096, 6.341548)
Updating objects...
Object11 position: (-1.556003, 0.000000, 13.226028)
Updating objects...
Object12 position: (13.913290, 5.729004, 8.184286)
Updating objects...
Object13 position: (-0.755727, -11.335902, -3.022907)
Updating objects...
Object14 position: (3.797740, 1.085067, 2.170135)
Updating objects...
Object15 position: (15.645581, -12.168776, 15.645581)
Updating objects...
Object16 position: (-1.423846, -7.831153, -4.983459)
Updating objects...
Object17 position: (-13.994539, 1.646417, 10.701701)
Updating objects...
Object18 position: (4.322292, -16.424704, 17.289167)
Updating objects...
Object19 position: (-7.466669, -3.733335, 7.466669)
Updating objects...
Running collision detection...
CollisionManager::update() - 시작 (프레임 19)
  객체 목록 크기: 20
  각 객체의 AABB 업데이트 중...
    객체 'Object1' 업데이트
    객체 'Object2' 업데이트
    객체 'Object3' 업데이트
    객체 'Object4' 업데이트
    객체 'Object5' 업데이트
    객체 'Object6' 업데이트
    객체 'Object7' 업데이트
    객체 'Object8' 업데이트
    객체 'Object9' 업데이트
    객체 'Object10' 업데이트
    객체 'Object11' 업데이트
    객체 'Object12' 업데이트
    객체 'Object13' 업데이트
    객체 'Object14' 업데이트
    객체 'Object15' 업데이트
    객체 'Object16' 업데이트
    객체 'Object17' 업데이트
    객체 'Object18' 업데이트
    객체 'Object19' 업데이트
    객체 'Object20' 업데이트
  대략적 충돌 감지(Broad Phase) 중...
    잠재적 충돌 쌍: 0개
  정밀 충돌 감지(Narrow Phase) 시작...
  이전 충돌 상태 정리 중...
  충돌 상태 맵 업데이트
CollisionManager::update() - 완료

--- Frame 20 ---
Object0 position: (-12.978554, 13.843781, -17.304726)
Updating objects...
Object1 position: (2.103079, -9.113338, -0.701026)
Updating objects...
Object2 position: (-11.002392, 9.430613, 2.357653)
Updating objects...
Object3 position: (-2.247054, 5.243122, -10.486244)
Updating objects...
Object4 position: (-2.357653, -11.002392, -9.430613)
Updating objects...
Object5 position: (0.750610, -2.251831, -0.375305)
Updating objects...
Object6 position: (-13.483803, -5.552151, 4.758993)
Updating objects...
Object7 position: (-6.019855, 0.000000, 0.601985)
Updating objects...
Object8 position: (0.000000, -11.135063, 2.969350)
Updating objects...
Object9 position: (-4.514436, 6.771658, 9.028872)
Updating objects...
Object10 position: (-3.127131, 12.508522, 6.254261)
Updating objects...
Object11 position: (-1.532635, 0.000000, 13.027398)
Updating objects...
Object12 position: (13.750832, 5.662109, 8.088722)
Updating objects...
Object13 position: (-0.742870, -11.143055, -2.971481)
Updating objects...
Object14 position: (3.629199, 1.036913, 2.073826)
Updating objects...
Object15 position: (15.521664, -12.072395, 15.521664)
Updating objects...
Object16 position: (-1.393522, -7.664371, -4.877326)
Updating objects...
Object17 position: (-13.836357, 1.627807, 10.580738)
Updating objects...
Object18 position: (4.286623, -16.289162, 17.146492)
Updating objects...
Object19 position: (-7.333336, -3.666668, 7.333336)
Updating objects...
Running collision detection...
CollisionManager::update() - 시작 (프레임 20)
  객체 목록 크기: 20
  각 객체의 AABB 업데이트 중...
    객체 'Object1' 업데이트
    객체 'Object2' 업데이트
    객체 'Object3' 업데이트
    객체 'Object4' 업데이트
    객체 'Object5' 업데이트
    객체 'Object6' 업데이트
    객체 'Object7' 업데이트
    객체 'Object8' 업데이트
    객체 'Object9' 업데이트
    객체 'Object10' 업데이트
    객체 'Object11' 업데이트
    객체 'Object12' 업데이트
    객체 'Object13' 업데이트
    객체 'Object14' 업데이트
    객체 'Object15' 업데이트
    객체 'Object16' 업데이트
    객체 'Object17' 업데이트
    객체 'Object18' 업데이트
    객체 'Object19' 업데이트
    객체 'Object20' 업데이트
  대략적 충돌 감지(Broad Phase) 중...
    잠재적 충돌 쌍: 0개
  정밀 충돌 감지(Narrow Phase) 시작...
  이전 충돌 상태 정리 중...
  충돌 상태 맵 업데이트
CollisionManager::update() - 완료

--- Frame 21 ---
Object0 position: (-12.877481, 13.735970, -17.169962)
Updating objects...
Object1 position: (2.058233, -8.919005, -0.686077)
Updating objects...
Object2 position: (-10.852511, 9.302144, 2.325536)
Updating objects...
Object3 position: (-2.209406, 5.155278, -10.310556)
Updating objects...
Object4 position: (-2.325536, -10.852511, -9.302144)
Updating objects...
Object5 position: (0.688141, -2.064423, -0.344070)
Updating objects...
Object6 position: (-13.307993, -5.479758, 4.696943)
Updating objects...
Object7 position: (-5.820847, 0.000000, 0.582084)
Updating objects...
Object8 position: (0.000000, -10.941816, 2.917817)
Updating objects...
Object9 position: (-4.440157, 6.660241, 8.880315)
Updating objects...
Object10 position: (-3.083487, 12.333948, 6.166974)
Updating objects...
Object11 position: (-1.509267, 0.000000, 12.828768)
Updating objects...
Object12 position: (13.588373, 5.595215, 7.993158)
Updating objects...
Object13 position: (-0.730014, -10.950208, -2.920055)
Updating objects...
Object14 position: (3.460659, 0.988759, 1.977517)
Updating objects...
Object15 position: (15.397746, -11.976015, 15.397746)
Updating objects...
Object16 position: (-1.363198, -7.497590, -4.771192)
Updating objects...
Object17 position: (-13.678175, 1.609197, 10.459775)
Updating objects...
Object18 position: (4.250954, -16.153620, 17.003817)
Updating objects...
Object19 position: (-7.200003, -3.600001, 7.200003)
Updating objects...
Running collision detection...
CollisionManager::update() - 시작 (프레임 21)
  객체 목록 크기: 20
  각 객체의 AABB 업데이트 중...
    객체 'Object1' 업데이트
    객체 'Object2' 업데이트
    객체 'Object3' 업데이트
    객체 'Object4' 업데이트
    객체 'Object5' 업데이트
    객체 'Object6' 업데이트
    객체 'Object7' 업데이트
    객체 'Object8' 업데이트
    객체 'Object9' 업데이트
    객체 'Object10' 업데이트
    객체 'Object11' 업데이트
    객체 'Object12' 업데이트
    객체 'Object13' 업데이트
    객체 'Object14' 업데이트
    객체 'Object15' 업데이트
    객체 'Object16' 업데이트
    객체 'Object17' 업데이트
    객체 'Object18' 업데이트
    객체 'Object19' 업데이트
    객체 'Object20' 업데이트
  대략적 충돌 감지(Broad Phase) 중...
    잠재적 충돌 쌍: 0개
  정밀 충돌 감지(Narrow Phase) 시작...
  이전 충돌 상태 정리 중...
  충돌 상태 맵 업데이트
CollisionManager::update() - 완료

--- Frame 22 ---
Object0 position: (-12.776409, 13.628159, -17.035198)
Updating objects...
Object1 position: (2.013387, -8.724672, -0.671128)
Updating objects...
Object2 position: (-10.702631, 9.173675, 2.293419)
Updating objects...
Object3 position: (-2.171759, 5.067434, -10.134869)
Updating objects...
Object4 position: (-2.293419, -10.702631, -9.173675)
Updating objects...
Object5 position: (0.625671, -1.877014, -0.312836)
Updating objects...
Object6 position: (-13.132183, -5.407366, 4.634892)
Updating objects...
Object7 position: (-5.621840, 0.000000, 0.562184)
Updating objects...
Object8 position: (0.000000, -10.748569, 2.866285)
Updating objects...
Object9 position: (-4.365879, 6.548823, 8.731758)
Updating objects...
Object10 position: (-3.039844, 12.159374, 6.079687)
Updating objects...
Object11 position: (-1.485899, 0.000000, 12.630137)
Updating objects...
Object12 position: (13.425915, 5.528320, 7.897594)
Updating objects...
Object13 position: (-0.717157, -10.757360, -2.868629)
Updating objects...
Object14 position: (3.292119, 0.940604, 1.881209)
Updating objects...
Object15 position: (15.273829, -11.879635, 15.273829)
Updating objects...
Object16 position: (-1.332874, -7.330809, -4.665058)
Updating objects...
Object17 position: (-13.519993, 1.590588, 10.338812)
Updating objects...
Object18 position: (4.215285, -16.018078, 16.861141)
Updating objects...
Object19 position: (-7.066669, -3.533335, 7.066669)
Updating objects...
Running collision detection...
CollisionManager::update() - 시작 (프레임 22)
  객체 목록 크기: 20
  각 객체의 AABB 업데이트 중...
    객체 'Object1' 업데이트
    객체 'Object2' 업데이트
    객체 'Object3' 업데이트
    객체 'Object4' 업데이트
    객체 'Object5' 업데이트
    객체 'Object6' 업데이트
    객체 'Object7' 업데이트
    객체 'Object8' 업데이트
    객체 'Object9' 업데이트
    객체 'Object10' 업데이트
    객체 'Object11' 업데이트
    객체 'Object12' 업데이트
    객체 'Object13' 업데이트
    객체 'Object14' 업데이트
    객체 'Object15' 업데이트
    객체 'Object16' 업데이트
    객체 'Object17' 업데이트
    객체 'Object18' 업데이트
    객체 'Object19' 업데이트
    객체 'Object20' 업데이트
  대략적 충돌 감지(Broad Phase) 중...
    잠재적 충돌 쌍: 0개
  정밀 충돌 감지(Narrow Phase) 시작...
  이전 충돌 상태 정리 중...
  충돌 상태 맵 업데이트
CollisionManager::update() - 완료

--- Frame 23 ---
Object0 position: (-12.675337, 13.520348, -16.900434)
Updating objects...
Object1 position: (1.968541, -8.530339, -0.656180)
Updating objects...
Object2 position: (-10.552751, 9.045206, 2.261302)
Updating objects...
Object3 position: (-2.134111, 4.979590, -9.959181)
Updating objects...
Object4 position: (-2.261302, -10.552751, -9.045206)
Updating objects...
Object5 position: (0.563202, -1.689605, -0.281601)
Updating objects...
Object6 position: (-12.956373, -5.334973, 4.572842)
Updating objects...
Object7 position: (-5.422832, 0.000000, 0.542283)
Updating objects...
Object8 position: (0.000000, -10.555323, 2.814752)
Updating objects...
Object9 position: (-4.291601, 6.437406, 8.583202)
Updating objects...
Object10 position: (-2.996200, 11.984800, 5.992400)
Updating objects...
Object11 position: (-1.462530, 0.000000, 12.431507)
Updating objects...
Object12 position: (13.263456, 5.461426, 7.802031)
Updating objects...
Object13 position: (-0.704301, -10.564513, -2.817204)
Updating objects...
Object14 position: (3.123579, 0.892450, 1.784900)
Updating objects...
Object15 position: (15.149911, -11.783255, 15.149911)
Updating objects...
Object16 position: (-1.302550, -7.164027, -4.558925)
Updating objects...
Object17 position: (-13.361811, 1.571978, 10.217849)
Updating objects...
Object18 position: (4.179616, -15.882536, 16.718466)
Updating objects...
Object19 position: (-6.933336, -3.466668, 6.933336)
Updating objects...
Running collision detection...
CollisionManager::update() - 시작 (프레임 23)
  객체 목록 크기: 20
  각 객체의 AABB 업데이트 중...
    객체 'Object1' 업데이트
    객체 'Object2' 업데이트
    객체 'Object3' 업데이트
    객체 'Object4' 업데이트
    객체 'Object5' 업데이트
    객체 'Object6' 업데이트
    객체 'Object7' 업데이트
    객체 'Object8' 업데이트
    객체 'Object9' 업데이트
    객체 'Object10' 업데이트
    객체 'Object11' 업데이트
    객체 'Object12' 업데이트
    객체 'Object13' 업데이트
    객체 'Object14' 업데이트
    객체 'Object15' 업데이트
    객체 'Object16' 업데이트
    객체 'Object17' 업데이트
    객체 'Object18' 업데이트
    객체 'Object19' 업데이트
    객체 'Object20' 업데이트
  대략적 충돌 감지(Broad Phase) 중...
    잠재적 충돌 쌍: 0개
  정밀 충돌 감지(Narrow Phase) 시작...
  이전 충돌 상태 정리 중...
  충돌 상태 맵 업데이트
CollisionManager::update() - 완료

--- Frame 24 ---
Object0 position: (-12.574265, 13.412537, -16.765671)
Updating objects...
Object1 position: (1.923694, -8.336006, -0.641231)
Updating objects...
Object2 position: (-10.402870, 8.916737, 2.229184)
Updating objects...
Object3 position: (-2.096464, 4.891747, -9.783493)
Updating objects...
Object4 position: (-2.229184, -10.402870, -8.916737)
Updating objects...
Object5 position: (0.500732, -1.502197, -0.250366)
Updating objects...
Object6 position: (-12.780563, -5.262581, 4.510791)
Updating objects...
Object7 position: (-5.223825, 0.000000, 0.522382)
Updating objects...
Object8 position: (0.000000, -10.362076, 2.763220)
Updating objects...
Object9 position: (-4.217323, 6.325989, 8.434647)
Updating objects...
Object10 position: (-2.952557, 11.810226, 5.905113)
Updating objects...
Object11 position: (-1.439162, 0.000000, 12.232877)
Updating objects...
Object12 position: (13.100998, 5.394531, 7.706467)
Updating objects...
Object13 position: (-0.691444, -10.371666, -2.765778)
Updating objects...
Object14 position: (2.955038, 0.844296, 1.688591)
Updating objects...
Object15 position: (15.025993, -11.686874, 15.025993)
Updating objects...
Object16 position: (-1.272226, -6.997246, -4.452791)
Updating objects...
Object17 position: (-13.203629, 1.553369, 10.096886)
Updating objects...
Object18 position: (4.143948, -15.746994, 16.575790)
Updating objects...
Object19 position: (-6.800003, -3.400002, 6.800003)
Updating objects...
Running collision detection...
CollisionManager::update() - 시작 (프레임 24)
  객체 목록 크기: 20
  각 객체의 AABB 업데이트 중...
    객체 'Object1' 업데이트
    객체 'Object2' 업데이트
    객체 'Object3' 업데이트
    객체 'Object4' 업데이트
    객체 'Object5' 업데이트
    객체 'Object6' 업데이트
    객체 'Object7' 업데이트
    객체 'Object8' 업데이트
    객체 'Object9' 업데이트
    객체 'Object10' 업데이트
    객체 'Object11' 업데이트
    객체 'Object12' 업데이트
    객체 'Object13' 업데이트
    객체 'Object14' 업데이트
    객체 'Object15' 업데이트
    객체 'Object16' 업데이트
    객체 'Object17' 업데이트
    객체 'Object18' 업데이트
    객체 'Object19' 업데이트
    객체 'Object20' 업데이트
  대략적 충돌 감지(Broad Phase) 중...
    잠재적 충돌 쌍: 0개
  정밀 충돌 감지(Narrow Phase) 시작...
  이전 충돌 상태 정리 중...
  충돌 상태 맵 업데이트
CollisionManager::update() - 완료

--- Frame 25 ---
Object0 position: (-12.473192, 13.304726, -16.630907)
Updating objects...
Object1 position: (1.878848, -8.141673, -0.626282)
Updating objects...
Object2 position: (-10.252990, 8.788268, 2.197067)
Updating objects...
Object3 position: (-2.058816, 4.803903, -9.607805)
Updating objects...
Object4 position: (-2.197067, -10.252990, -8.788268)
Updating objects...
Object5 position: (0.438263, -1.314788, -0.219131)
Updating objects...
Object6 position: (-12.604753, -5.190189, 4.448740)
Updating objects...
Object7 position: (-5.024817, 0.000000, 0.502482)
Updating objects...
Object8 position: (0.000000, -10.168829, 2.711687)
Updating objects...
Object9 position: (-4.143045, 6.214571, 8.286090)
Updating objects...
Object10 position: (-2.908913, 11.635653, 5.817826)
Updating objects...
Object11 position: (-1.415794, 0.000000, 12.034246)
Updating objects...
Object12 position: (12.938540, 5.327637, 7.610903)
Updating objects...
Object13 position: (-0.678588, -10.178819, -2.714352)
Updating objects...
Object14 position: (2.786498, 0.796141, 1.592283)
Updating objects...
Object15 position: (14.902076, -11.590494, 14.902076)
Updating objects...
Object16 position: (-1.241902, -6.830464, -4.346658)
Updating objects...
Object17 position: (-13.045446, 1.534759, 9.975923)
Updating objects...
Object18 position: (4.108279, -15.611452, 16.433115)
Updating objects...
Object19 position: (-6.666670, -3.333335, 6.666670)
Updating objects...
Running collision detection...
CollisionManager::update() - 시작 (프레임 25)
  객체 목록 크기: 20
  각 객체의 AABB 업데이트 중...
    객체 'Object1' 업데이트
    객체 'Object2' 업데이트
    객체 'Object3' 업데이트
    객체 'Object4' 업데이트
    객체 'Object5' 업데이트
    객체 'Object6' 업데이트
    객체 'Object7' 업데이트
    객체 'Object8' 업데이트
    객체 'Object9' 업데이트
    객체 'Object10' 업데이트
    객체 'Object11' 업데이트
    객체 'Object12' 업데이트
    객체 'Object13' 업데이트
    객체 'Object14' 업데이트
    객체 'Object15' 업데이트
    객체 'Object16' 업데이트
    객체 'Object17' 업데이트
    객체 'Object18' 업데이트
    객체 'Object19' 업데이트
    객체 'Object20' 업데이트
  대략적 충돌 감지(Broad Phase) 중...
    잠재적 충돌 쌍: 0개
  정밀 충돌 감지(Narrow Phase) 시작...
  이전 충돌 상태 정리 중...
  충돌 상태 맵 업데이트
CollisionManager::update() - 완료

--- Frame 26 ---
Object0 position: (-12.372120, 13.196915, -16.496143)
Updating objects...
Object1 position: (1.834002, -7.947340, -0.611334)
Updating objects...
Object2 position: (-10.103109, 8.659800, 2.164950)
Updating objects...
Object3 position: (-2.021169, 4.716059, -9.432117)
Updating objects...
Object4 position: (-2.164950, -10.103109, -8.659800)
Updating objects...
Object5 position: (0.375793, -1.127380, -0.187897)
Updating objects...
Object6 position: (-12.428944, -5.117797, 4.386690)
Updating objects...
Object7 position: (-4.825809, 0.000000, 0.482581)
Updating objects...
Object8 position: (0.000000, -9.975582, 2.660155)
Updating objects...
Object9 position: (-4.068767, 6.103154, 8.137533)
Updating objects...
Object10 position: (-2.865270, 11.461079, 5.730539)
Updating objects...
Object11 position: (-1.392426, 0.000000, 11.835616)
Updating objects...
Object12 position: (12.776081, 5.260742, 7.515339)
Updating objects...
Object13 position: (-0.665731, -9.985971, -2.662926)
Updating objects...
Object14 position: (2.617958, 0.747987, 1.495974)
Updating objects...
Object15 position: (14.778158, -11.494114, 14.778158)
Updating objects...
Object16 position: (-1.211579, -6.663683, -4.240524)
Updating objects...
Object17 position: (-12.887264, 1.516149, 9.854959)
Updating objects...
Object18 position: (4.072610, -15.475910, 16.290440)
Updating objects...
Object19 position: (-6.533337, -3.266668, 6.533337)
Updating objects...
Running collision detection...
CollisionManager::update() - 시작 (프레임 26)
  객체 목록 크기: 20
  각 객체의 AABB 업데이트 중...
    객체 'Object1' 업데이트
    객체 'Object2' 업데이트
    객체 'Object3' 업데이트
    객체 'Object4' 업데이트
    객체 'Object5' 업데이트
    객체 'Object6' 업데이트
    객체 'Object7' 업데이트
    객체 'Object8' 업데이트
    객체 'Object9' 업데이트
    객체 'Object10' 업데이트
    객체 'Object11' 업데이트
    객체 'Object12' 업데이트
    객체 'Object13' 업데이트
    객체 'Object14' 업데이트
    객체 'Object15' 업데이트
    객체 'Object16' 업데이트
    객체 'Object17' 업데이트
    객체 'Object18' 업데이트
    객체 'Object19' 업데이트
    객체 'Object20' 업데이트
  대략적 충돌 감지(Broad Phase) 중...
    잠재적 충돌 쌍: 0개
  정밀 충돌 감지(Narrow Phase) 시작...
  이전 충돌 상태 정리 중...
  충돌 상태 맵 업데이트
CollisionManager::update() - 완료

--- Frame 27 ---
Object0 position: (-12.271048, 13.089104, -16.361380)
Updating objects...
Object1 position: (1.789156, -7.753007, -0.596385)
Updating objects...
Object2 position: (-9.953229, 8.531331, 2.132833)
Updating objects...
Object3 position: (-1.983522, 4.628215, -9.256430)
Updating objects...
Object4 position: (-2.132833, -9.953229, -8.531331)
Updating objects...
Object5 position: (0.313324, -0.939971, -0.156662)
Updating objects...
Object6 position: (-12.253134, -5.045404, 4.324639)
Updating objects...
Object7 position: (-4.626802, 0.000000, 0.462680)
Updating objects...
Object8 position: (0.000000, -9.782335, 2.608622)
Updating objects...
Object9 position: (-3.994488, 5.991737, 7.988977)
Updating objects...
Object10 position: (-2.821626, 11.286505, 5.643252)
Updating objects...
Object11 position: (-1.369058, 0.000000, 11.636986)
Updating objects...
Object12 position: (12.613623, 5.193848, 7.419775)
Updating objects...
Object13 position: (-0.652875, -9.793124, -2.611500)
Updating objects...
Object14 position: (2.449418, 0.699833, 1.399666)
Updating objects...
Object15 position: (14.654241, -11.397734, 14.654241)
Updating objects...
Object16 position: (-1.181255, -6.496902, -4.134390)
Updating objects...
Object17 position: (-12.729082, 1.497540, 9.733996)
Updating objects...
Object18 position: (4.036941, -15.340368, 16.147764)
Updating objects...
Object19 position: (-6.400003, -3.200002, 6.400003)
Updating objects...
Running collision detection...
CollisionManager::update() - 시작 (프레임 27)
  객체 목록 크기: 20
  각 객체의 AABB 업데이트 중...
    객체 'Object1' 업데이트
    객체 'Object2' 업데이트
    객체 'Object3' 업데이트
    객체 'Object4' 업데이트
    객체 'Object5' 업데이트
    객체 'Object6' 업데이트
    객체 'Object7' 업데이트
    객체 'Object8' 업데이트
    객체 'Object9' 업데이트
    객체 'Object10' 업데이트
    객체 'Object11' 업데이트
    객체 'Object12' 업데이트
    객체 'Object13' 업데이트
    객체 'Object14' 업데이트
    객체 'Object15' 업데이트
    객체 'Object16' 업데이트
    객체 'Object17' 업데이트
    객체 'Object18' 업데이트
    객체 'Object19' 업데이트
    객체 'Object20' 업데이트
  대략적 충돌 감지(Broad Phase) 중...
    잠재적 충돌 쌍: 0개
  정밀 충돌 감지(Narrow Phase) 시작...
  이전 충돌 상태 정리 중...
  충돌 상태 맵 업데이트
CollisionManager::update() - 완료

--- Frame 28 ---
Object0 position: (-12.169975, 12.981293, -16.226616)
Updating objects...
Object1 position: (1.744310, -7.558674, -0.581436)
Updating objects...
Object2 position: (-9.803349, 8.402863, 2.100716)
Updating objects...
Object3 position: (-1.945874, 4.540371, -9.080742)
Updating objects...
Object4 position: (-2.100716, -9.803349, -8.402863)
Updating objects...
Object5 position: (0.250854, -0.752563, -0.125427)
Updating objects...
Object6 position: (-12.077324, -4.973012, 4.262589)
Updating objects...
Object7 position: (-4.427794, 0.000000, 0.442779)
Updating objects...
Object8 position: (0.000000, -9.589088, 2.557090)
Updating objects...
Object9 position: (-3.920210, 5.880320, 7.840421)
Updating objects...
Object10 position: (-2.777983, 11.111931, 5.555965)
Updating objects...
Object11 position: (-1.345689, 0.000000, 11.438355)
Updating objects...
Object12 position: (12.451164, 5.126953, 7.324211)
Updating objects...
Object13 position: (-0.640018, -9.600277, -2.560074)
Updating objects...
Object14 position: (2.280877, 0.651679, 1.303357)
Updating objects...
Object15 position: (14.530323, -11.301353, 14.530323)
Updating objects...
Object16 position: (-1.150931, -6.330120, -4.028256)
Updating objects...
Object17 position: (-12.570900, 1.478930, 9.613033)
Updating objects...
Object18 position: (4.001272, -15.204826, 16.005089)
Updating objects...
Object19 position: (-6.266670, -3.133335, 6.266670)
Updating objects...
Running collision detection...
CollisionManager::update() - 시작 (프레임 28)
  객체 목록 크기: 20
  각 객체의 AABB 업데이트 중...
    객체 'Object1' 업데이트
    객체 'Object2' 업데이트
    객체 'Object3' 업데이트
    객체 'Object4' 업데이트
    객체 'Object5' 업데이트
    객체 'Object6' 업데이트
    객체 'Object7' 업데이트
    객체 'Object8' 업데이트
    객체 'Object9' 업데이트
    객체 'Object10' 업데이트
    객체 'Object11' 업데이트
    객체 'Object12' 업데이트
    객체 'Object13' 업데이트
    객체 'Object14' 업데이트
    객체 'Object15' 업데이트
    객체 'Object16' 업데이트
    객체 'Object17' 업데이트
    객체 'Object18' 업데이트
    객체 'Object19' 업데이트
    객체 'Object20' 업데이트
  대략적 충돌 감지(Broad Phase) 중...
    잠재적 충돌 쌍: 0개
  정밀 충돌 감지(Narrow Phase) 시작...
  이전 충돌 상태 정리 중...
  충돌 상태 맵 업데이트
CollisionManager::update() - 완료

--- Frame 29 ---
Object0 position: (-12.068903, 12.873482, -16.091852)
Updating objects...
Object1 position: (1.699464, -7.364341, -0.566488)
Updating objects...
Object2 position: (-9.653468, 8.274394, 2.068599)
Updating objects...
Object3 position: (-1.908227, 4.452527, -8.905054)
Updating objects...
Object4 position: (-2.068599, -9.653468, -8.274394)
Updating objects...
Object5 position: (0.188385, -0.565154, -0.094192)
Updating objects...
Object6 position: (-11.901514, -4.900620, 4.200538)
Updating objects...
Object7 position: (-4.228787, 0.000000, 0.422879)
Updating objects...
Object8 position: (0.000000, -9.395842, 2.505557)
Updating objects...
Object9 position: (-3.845932, 5.768902, 7.691864)
Updating objects...
Object10 position: (-2.734339, 10.937357, 5.468678)
Updating objects...
Object11 position: (-1.322321, 0.000000, 11.239725)
Updating objects...
Object12 position: (12.288706, 5.060059, 7.228647)
Updating objects...
Object13 position: (-0.627162, -9.407430, -2.508648)
Updating objects...
Object14 position: (2.112337, 0.603524, 1.207049)
Updating objects...
Object15 position: (14.406405, -11.204973, 14.406405)
Updating objects...
Object16 position: (-1.120607, -6.163339, -3.922123)
Updating objects...
Object17 position: (-12.412718, 1.460320, 9.492070)
Updating objects...
Object18 position: (3.965603, -15.069284, 15.862413)
Updating objects...
Object19 position: (-6.133337, -3.066669, 6.133337)
Updating objects...
Running collision detection...
CollisionManager::update() - 시작 (프레임 29)
  객체 목록 크기: 20
  각 객체의 AABB 업데이트 중...
    객체 'Object1' 업데이트
    객체 'Object2' 업데이트
    객체 'Object3' 업데이트
    객체 'Object4' 업데이트
    객체 'Object5' 업데이트
    객체 'Object6' 업데이트
    객체 'Object7' 업데이트
    객체 'Object8' 업데이트
    객체 'Object9' 업데이트
    객체 'Object10' 업데이트
    객체 'Object11' 업데이트
    객체 'Object12' 업데이트
    객체 'Object13' 업데이트
    객체 'Object14' 업데이트
    객체 'Object15' 업데이트
    객체 'Object16' 업데이트
    객체 'Object17' 업데이트
    객체 'Object18' 업데이트
    객체 'Object19' 업데이트
    객체 'Object20' 업데이트
  대략적 충돌 감지(Broad Phase) 중...
    잠재적 충돌 쌍: 0개
  정밀 충돌 감지(Narrow Phase) 시작...
  이전 충돌 상태 정리 중...
  충돌 상태 맵 업데이트
CollisionManager::update() - 완료

--- Frame 30 ---
Object0 position: (-11.967831, 12.765671, -15.957088)
Updating objects...
Object1 position: (1.654618, -7.170008, -0.551539)
Updating objects...
Object2 position: (-9.503588, 8.145926, 2.036481)
Updating objects...
Object3 position: (-1.870580, 4.364683, -8.729366)
Updating objects...
Object4 position: (-2.036481, -9.503588, -8.145926)
Updating objects...
Object5 position: (0.125915, -0.377746, -0.062958)
Updating objects...
Object6 position: (-11.725704, -4.828228, 4.138488)
Updating objects...
Object7 position: (-4.029779, 0.000000, 0.402978)
Updating objects...
Object8 position: (0.000000, -9.202595, 2.454025)
Updating objects...
Object9 position: (-3.771654, 5.657485, 7.543308)
Updating objects...
Object10 position: (-2.690696, 10.762783, 5.381392)
Updating objects...
Object11 position: (-1.298953, 0.000000, 11.041095)
Updating objects...
Object12 position: (12.126247, 4.993164, 7.133083)
Updating objects...
Object13 position: (-0.614305, -9.214582, -2.457222)
Updating objects...
Object14 position: (1.943797, 0.555370, 1.110740)
Updating objects...
Object15 position: (14.282488, -11.108593, 14.282488)
Updating objects...
Object16 position: (-1.090283, -5.996557, -3.815989)
Updating objects...
Object17 position: (-12.254536, 1.441711, 9.371107)
Updating objects...
Object18 position: (3.929935, -14.933743, 15.719738)
Updating objects...
Object19 position: (-6.000004, -3.000002, 6.000004)
Updating objects...
Running collision detection...
CollisionManager::update() - 시작 (프레임 30)
  객체 목록 크기: 20
  각 객체의 AABB 업데이트 중...
    객체 'Object1' 업데이트
    객체 'Object2' 업데이트
    객체 'Object3' 업데이트
    객체 'Object4' 업데이트
    객체 'Object5' 업데이트
    객체 'Object6' 업데이트
    객체 'Object7' 업데이트
    객체 'Object8' 업데이트
    객체 'Object9' 업데이트
    객체 'Object10' 업데이트
    객체 'Object11' 업데이트
    객체 'Object12' 업데이트
    객체 'Object13' 업데이트
    객체 'Object14' 업데이트
    객체 'Object15' 업데이트
    객체 'Object16' 업데이트
    객체 'Object17' 업데이트
    객체 'Object18' 업데이트
    객체 'Object19' 업데이트
    객체 'Object20' 업데이트
  대략적 충돌 감지(Broad Phase) 중...
    잠재적 충돌 쌍: 0개
  정밀 충돌 감지(Narrow Phase) 시작...
  이전 충돌 상태 정리 중...
  충돌 상태 맵 업데이트
CollisionManager::update() - 완료

--- Frame 31 ---
Object0 position: (-11.866758, 12.657860, -15.822325)
Updating objects...
Object1 position: (1.609771, -6.975675, -0.536590)
Updating objects...
Object2 position: (-9.353707, 8.017456, 2.004364)
Updating objects...
Object3 position: (-1.832932, 4.276839, -8.553679)
Updating objects...
Object4 position: (-2.004364, -9.353707, -8.017456)
Updating objects...
Object5 position: (0.063446, -0.190337, -0.031723)
Updating objects...
Object6 position: (-11.549894, -4.755836, 4.076437)
Updating objects...
Object7 position: (-3.830772, 0.000000, 0.383077)
Updating objects...
Object8 position: (0.000000, -9.009348, 2.402492)
Updating objects...
Object9 position: (-3.697376, 5.546068, 7.394752)
Updating objects...
Object10 position: (-2.647052, 10.588209, 5.294105)
Updating objects...
Object11 position: (-1.275585, 0.000000, 10.842464)
Updating objects...
Object12 position: (11.963789, 4.926270, 7.037519)
Updating objects...
Object13 position: (-0.601449, -9.021735, -2.405796)
Updating objects...
Object14 position: (1.775257, 0.507216, 1.014431)
Updating objects...
Object15 position: (14.158570, -11.012213, 14.158570)
Updating objects...
Object16 position: (-1.059959, -5.829776, -3.709855)
Updating objects...
Object17 position: (-12.096354, 1.423101, 9.250144)
Updating objects...
Object18 position: (3.894266, -14.798201, 15.577063)
Updating objects...
Object19 position: (-5.866671, -2.933335, 5.866671)
Updating objects...
Running collision detection...
CollisionManager::update() - 시작 (프레임 31)
  객체 목록 크기: 20
  각 객체의 AABB 업데이트 중...
    객체 'Object1' 업데이트
    객체 'Object2' 업데이트
    객체 'Object3' 업데이트
    객체 'Object4' 업데이트
    객체 'Object5' 업데이트
    객체 'Object6' 업데이트
    객체 'Object7' 업데이트
    객체 'Object8' 업데이트
    객체 'Object9' 업데이트
    객체 'Object10' 업데이트
    객체 'Object11' 업데이트
    객체 'Object12' 업데이트
    객체 'Object13' 업데이트
    객체 'Object14' 업데이트
    객체 'Object15' 업데이트
    객체 'Object16' 업데이트
    객체 'Object17' 업데이트
    객체 'Object18' 업데이트
    객체 'Object19' 업데이트
    객체 'Object20' 업데이트
  대략적 충돌 감지(Broad Phase) 중...
    잠재적 충돌 쌍: 0개
  정밀 충돌 감지(Narrow Phase) 시작...
  이전 충돌 상태 정리 중...
  충돌 상태 맵 업데이트
CollisionManager::update() - 완료

--- Frame 32 ---
Object0 position: (-11.765686, 12.550049, -15.687561)
Updating objects...
Object1 position: (1.564925, -6.781342, -0.521641)
Updating objects...
Object2 position: (-9.203827, 7.888987, 1.972247)
Updating objects...
Object3 position: (-1.795285, 4.188995, -8.377991)
Updating objects...
Object4 position: (-1.972247, -9.203827, -7.888987)
Updating objects...
Object5 position: (0.000976, -0.002929, -0.000488)
Updating objects...
Object6 position: (-11.374084, -4.683443, 4.014386)
Updating objects...
Object7 position: (-3.631764, 0.000000, 0.363176)
Updating objects...
Object8 position: (0.000000, -8.816101, 2.350960)
Updating objects...
Object9 position: (-3.623098, 5.434650, 7.246196)
Updating objects...
Object10 position: (-2.603409, 10.413635, 5.206818)
Updating objects...
Object11 position: (-1.252216, 0.000000, 10.643834)
Updating objects...
Object12 position: (11.801331, 4.859375, 6.941956)
Updating objects...
Object13 position: (-0.588593, -8.828888, -2.354370)
Updating objects...
Object14 position: (1.606716, 0.459061, 0.918123)
Updating objects...
Object15 position: (14.034653, -10.915833, 14.034653)
Updating objects...
Object16 position: (-1.029635, -5.662994, -3.603722)
Updating objects...
Object17 position: (-11.938171, 1.404491, 9.129181)
Updating objects...
Object18 position: (3.858597, -14.662659, 15.434387)
Updating objects...
Object19 position: (-5.733337, -2.866669, 5.733337)
Updating objects...
Running collision detection...
CollisionManager::update() - 시작 (프레임 32)
  객체 목록 크기: 20
  각 객체의 AABB 업데이트 중...
    객체 'Object1' 업데이트
    객체 'Object2' 업데이트
    객체 'Object3' 업데이트
    객체 'Object4' 업데이트
    객체 'Object5' 업데이트
    객체 'Object6' 업데이트
    객체 'Object7' 업데이트
    객체 'Object8' 업데이트
    객체 'Object9' 업데이트
    객체 'Object10' 업데이트
    객체 'Object11' 업데이트
    객체 'Object12' 업데이트
    객체 'Object13' 업데이트
    객체 'Object14' 업데이트
    객체 'Object15' 업데이트
    객체 'Object16' 업데이트
    객체 'Object17' 업데이트
    객체 'Object18' 업데이트
    객체 'Object19' 업데이트
    객체 'Object20' 업데이트
  대략적 충돌 감지(Broad Phase) 중...
    잠재적 충돌 쌍: 1개
  정밀 충돌 감지(Narrow Phase) 시작...
    쌍 1: 'Object6' 와 'Object15'
      narrowPhase 실행...
>> checkGJKCollision 시작: Object6 vs Object15
  볼록 껍질 개수: Object6=128, Object15=128
  모든 볼록 껍질 쌍 검사 완료, 충돌 없음
      충돌 결과: 충돌 없음
  이전 충돌 상태 정리 중...
  충돌 상태 맵 업데이트
CollisionManager::update() - 완료

--- Frame 33 ---
Object0 position: (-11.664614, 12.442238, -15.552797)
Updating objects...
Object1 position: (1.520079, -6.587008, -0.506693)
Updating objects...
Object2 position: (-9.053946, 7.760518, 1.940130)
Updating objects...
Object3 position: (-1.757638, 4.101151, -8.202303)
Updating objects...
Object4 position: (-1.940130, -9.053946, -7.760518)
Updating objects...
Object5 position: (-0.061493, 0.184480, 0.030747)
Updating objects...
Object6 position: (-11.198275, -4.611051, 3.952336)
Updating objects...
Object7 position: (-3.432757, 0.000000, 0.343276)
Updating objects...
Object8 position: (0.000000, -8.622854, 2.299427)
Updating objects...
Object9 position: (-3.548820, 5.323233, 7.097640)
Updating objects...
Object10 position: (-2.559765, 10.239061, 5.119531)
Updating objects...
Object11 position: (-1.228848, 0.000000, 10.445204)
Updating objects...
Object12 position: (11.638872, 4.792480, 6.846392)
Updating objects...
Object13 position: (-0.575736, -8.636041, -2.302944)
Updating objects...
Object14 position: (1.438176, 0.410907, 0.821814)
Updating objects...
Object15 position: (13.910735, -10.819452, 13.910735)
Updating objects...
Object16 position: (-0.999311, -5.496213, -3.497588)
Updating objects...
Object17 position: (-11.779989, 1.385882, 9.008218)
Updating objects...
Object18 position: (3.822928, -14.527117, 15.291712)
Updating objects...
Object19 position: (-5.600004, -2.800002, 5.600004)
Updating objects...
Running collision detection...
CollisionManager::update() - 시작 (프레임 33)
  객체 목록 크기: 20
  각 객체의 AABB 업데이트 중...
    객체 'Object1' 업데이트
    객체 'Object2' 업데이트
    객체 'Object3' 업데이트
    객체 'Object4' 업데이트
    객체 'Object5' 업데이트
    객체 'Object6' 업데이트
    객체 'Object7' 업데이트
    객체 'Object8' 업데이트
    객체 'Object9' 업데이트
    객체 'Object10' 업데이트
    객체 'Object11' 업데이트
    객체 'Object12' 업데이트
    객체 'Object13' 업데이트
    객체 'Object14' 업데이트
    객체 'Object15' 업데이트
    객체 'Object16' 업데이트
    객체 'Object17' 업데이트
    객체 'Object18' 업데이트
    객체 'Object19' 업데이트
    객체 'Object20' 업데이트
  대략적 충돌 감지(Broad Phase) 중...
    잠재적 충돌 쌍: 1개
  정밀 충돌 감지(Narrow Phase) 시작...
    쌍 1: 'Object6' 와 'Object15'
      narrowPhase 실행...
>> checkGJKCollision 시작: Object6 vs Object15
  볼록 껍질 개수: Object6=128, Object15=128
  모든 볼록 껍질 쌍 검사 완료, 충돌 없음
      충돌 결과: 충돌 없음
  이전 충돌 상태 정리 중...
  충돌 상태 맵 업데이트
CollisionManager::update() - 완료

--- Frame 34 ---
Object0 position: (-11.563541, 12.334427, -15.418034)
Updating objects...
Object1 position: (1.475233, -6.392675, -0.491744)
Updating objects...
Object2 position: (-8.904066, 7.632049, 1.908012)
Updating objects...
Object3 position: (-1.719990, 4.013308, -8.026615)
Updating objects...
Object4 position: (-1.908012, -8.904066, -7.632049)
Updating objects...
Object5 position: (0.000976, -0.002929, -0.000488)
Updating objects...
Object6 position: (-11.022465, -4.538659, 3.890285)
Updating objects...
Object7 position: (-3.233749, 0.000000, 0.323375)
Updating objects...
Object8 position: (0.000000, -8.429607, 2.247895)
Updating objects...
Object9 position: (-3.474542, 5.211816, 6.949083)
Updating objects...
Object10 position: (-2.516122, 10.064487, 5.032244)
Updating objects...
Object11 position: (-1.205480, 0.000000, 10.246573)
Updating objects...
Object12 position: (11.476414, 4.725586, 6.750828)
Updating objects...
Object13 position: (-0.562880, -8.443193, -2.251518)
Updating objects...
Object14 position: (1.269636, 0.362753, 0.725506)
Updating objects...
Object15 position: (13.786818, -10.723072, 13.786818)
Updating objects...
Object16 position: (-0.968987, -5.329432, -3.391454)
Updating objects...
Object17 position: (-11.621807, 1.367272, 8.887255)
Updating objects...
Object18 position: (3.787259, -14.391575, 15.149036)
Updating objects...
Object19 position: (-5.466671, -2.733335, 5.466671)
Updating objects...
Running collision detection...
CollisionManager::update() - 시작 (프레임 34)
  객체 목록 크기: 20
  각 객체의 AABB 업데이트 중...
    객체 'Object1' 업데이트
    객체 'Object2' 업데이트
    객체 'Object3' 업데이트
    객체 'Object4' 업데이트
    객체 'Object5' 업데이트
    객체 'Object6' 업데이트
    객체 'Object7' 업데이트
    객체 'Object8' 업데이트
    객체 'Object9' 업데이트
    객체 'Object10' 업데이트
    객체 'Object11' 업데이트
    객체 'Object12' 업데이트
    객체 'Object13' 업데이트
    객체 'Object14' 업데이트
    객체 'Object15' 업데이트
    객체 'Object16' 업데이트
    객체 'Object17' 업데이트
    객체 'Object18' 업데이트
    객체 'Object19' 업데이트
    객체 'Object20' 업데이트
  대략적 충돌 감지(Broad Phase) 중...
    잠재적 충돌 쌍: 1개
  정밀 충돌 감지(Narrow Phase) 시작...
    쌍 1: 'Object6' 와 'Object15'
      narrowPhase 실행...
>> checkGJKCollision 시작: Object6 vs Object15
  볼록 껍질 개수: Object6=128, Object15=128
  모든 볼록 껍질 쌍 검사 완료, 충돌 없음
      충돌 결과: 충돌 없음
  이전 충돌 상태 정리 중...
  충돌 상태 맵 업데이트
CollisionManager::update() - 완료

--- Frame 35 ---
Object0 position: (-11.462469, 12.226616, -15.283270)
Updating objects...
Object1 position: (1.430387, -6.198342, -0.476795)
Updating objects...
Object2 position: (-8.754186, 7.503580, 1.875895)
Updating objects...
Object3 position: (-1.682343, 3.925464, -7.850927)
Updating objects...
Object4 position: (-1.875895, -8.754186, -7.503580)
Updating objects...
Object5 position: (-0.061493, 0.184480, 0.030747)
Updating objects...
Object6 position: (-10.846655, -4.466267, 3.828234)
Updating objects...
Object7 position: (-3.034742, 0.000000, 0.303474)
Updating objects...
Object8 position: (0.000000, -8.236361, 2.196362)
Updating objects...
Object9 position: (-3.400264, 5.100399, 6.800527)
Updating objects...
Object10 position: (-2.472478, 9.889914, 4.944957)
Updating objects...
Object11 position: (-1.182112, 0.000000, 10.047943)
Updating objects...
Object12 position: (11.313955, 4.658691, 6.655265)
Updating objects...
Object13 position: (-0.550023, -8.250346, -2.200092)
Updating objects...
Object14 position: (1.101096, 0.314598, 0.629197)
Updating objects...
Object15 position: (13.662900, -10.626692, 13.662900)
Updating objects...
Object16 position: (-0.938663, -5.162650, -3.285321)
Updating objects...
Object17 position: (-11.463625, 1.348662, 8.766292)
Updating objects...
Object18 position: (3.751590, -14.256033, 15.006361)
Updating objects...
Object19 position: (-5.333338, -2.666669, 5.333338)
Updating objects...
Running collision detection...
CollisionManager::update() - 시작 (프레임 35)
  객체 목록 크기: 20
  각 객체의 AABB 업데이트 중...
    객체 'Object1' 업데이트
    객체 'Object2' 업데이트
    객체 'Object3' 업데이트
    객체 'Object4' 업데이트
    객체 'Object5' 업데이트
    객체 'Object6' 업데이트
    객체 'Object7' 업데이트
    객체 'Object8' 업데이트
    객체 'Object9' 업데이트
    객체 'Object10' 업데이트
    객체 'Object11' 업데이트
    객체 'Object12' 업데이트
    객체 'Object13' 업데이트
    객체 'Object14' 업데이트
    객체 'Object15' 업데이트
    객체 'Object16' 업데이트
    객체 'Object17' 업데이트
    객체 'Object18' 업데이트
    객체 'Object19' 업데이트
    객체 'Object20' 업데이트
  대략적 충돌 감지(Broad Phase) 중...
    잠재적 충돌 쌍: 1개
  정밀 충돌 감지(Narrow Phase) 시작...
    쌍 1: 'Object6' 와 'Object15'
      narrowPhase 실행...
>> checkGJKCollision 시작: Object6 vs Object15
  볼록 껍질 개수: Object6=128, Object15=128
      충돌 감지됨! 충돌 정보 설정 중...
  checkGJKCollision 완료: 충돌 감지
      충돌 결과: 충돌함
      충돌 정보 객체에 추가
Object6 collision enter with Object15
Contact point: (0.519801, 0.249539, 0.329972)
Contact normal: (0.884748, 0.099022, 0.455430)
Penetration depth: 0.1
Object15 collision enter with Object6
Contact point: (0.519801, 0.249539, 0.329972)
Contact normal: (-0.884748, -0.099022, -0.455430)
Penetration depth: 0.1
  이전 충돌 상태 정리 중...
  충돌 상태 맵 업데이트
CollisionManager::update() - 완료

--- Frame 36 ---
Object0 position: (-11.361397, 12.118805, -15.148506)
Updating objects...
Object1 position: (1.385541, -6.004009, -0.461847)
Updating objects...
Object2 position: (-8.604305, 7.375111, 1.843778)
Updating objects...
Object3 position: (-1.644696, 3.837620, -7.675240)
Updating objects...
Object4 position: (-1.843778, -8.604305, -7.375111)
Updating objects...
Object5 position: (0.000976, -0.002929, -0.000488)
Updating objects...
Object6 position: (-10.670845, -4.393874, 3.766184)
Updating objects...
Object7 position: (-2.835734, 0.000000, 0.283573)
Updating objects...
Object8 position: (0.000000, -8.043114, 2.144830)
Updating objects...
Object9 position: (-3.325985, 4.988981, 6.651971)
Updating objects...
Object10 position: (-2.428835, 9.715340, 4.857670)
Updating objects...
Object11 position: (-1.158743, 0.000000, 9.849313)
Updating objects...
Object12 position: (11.151497, 4.591797, 6.559701)
Updating objects...
Object13 position: (-0.537167, -8.057499, -2.148666)
Updating objects...
Object14 position: (0.932555, 0.266444, 0.532888)
Updating objects...
Object15 position: (13.538982, -10.530312, 13.538982)
Updating objects...
Object16 position: (-0.908339, -4.995869, -3.179187)
Updating objects...
Object17 position: (-11.305443, 1.330053, 8.645329)
Updating objects...
Object18 position: (3.715921, -14.120491, 14.863686)
Updating objects...
Object19 position: (-5.200005, -2.600002, 5.200005)
Updating objects...
Running collision detection...
CollisionManager::update() - 시작 (프레임 36)
  객체 목록 크기: 20
  각 객체의 AABB 업데이트 중...
    객체 'Object1' 업데이트
    객체 'Object2' 업데이트
    객체 'Object3' 업데이트
    객체 'Object4' 업데이트
    객체 'Object5' 업데이트
    객체 'Object6' 업데이트
    객체 'Object7' 업데이트
    객체 'Object8' 업데이트
    객체 'Object9' 업데이트
    객체 'Object10' 업데이트
    객체 'Object11' 업데이트
    객체 'Object12' 업데이트
    객체 'Object13' 업데이트
    객체 'Object14' 업데이트
    객체 'Object15' 업데이트
    객체 'Object16' 업데이트
    객체 'Object17' 업데이트
    객체 'Object18' 업데이트
    객체 'Object19' 업데이트
    객체 'Object20' 업데이트
  대략적 충돌 감지(Broad Phase) 중...
    잠재적 충돌 쌍: 1개
  정밀 충돌 감지(Narrow Phase) 시작...
    쌍 1: 'Object6' 와 'Object15'
      narrowPhase 실행...
>> checkGJKCollision 시작: Object6 vs Object15
  볼록 껍질 개수: Object6=128, Object15=128
      충돌 감지됨! 충돌 정보 설정 중...
  checkGJKCollision 완료: 충돌 감지
      충돌 결과: 충돌함
      충돌 정보 객체에 추가
  이전 충돌 상태 정리 중...
  충돌 상태 맵 업데이트
CollisionManager::update() - 완료

--- Frame 37 ---
Object0 position: (-11.260324, 12.010994, -15.013742)
Updating objects...
Object1 position: (1.340695, -5.809676, -0.446898)
Updating objects...
Object2 position: (-8.454425, 7.246642, 1.811661)
Updating objects...
Object3 position: (-1.607048, 3.749776, -7.499552)
Updating objects...
Object4 position: (-1.811661, -8.454425, -7.246642)
Updating objects...
Object5 position: (-0.061493, 0.184480, 0.030747)
Updating objects...
Object6 position: (-10.495035, -4.321482, 3.704133)
Updating objects...
Object7 position: (-2.636727, 0.000000, 0.263673)
Updating objects...
Object8 position: (0.000000, -7.849867, 2.093297)
Updating objects...
Object9 position: (-3.251707, 4.877564, 6.503415)
Updating objects...
Object10 position: (-2.385191, 9.540766, 4.770383)
Updating objects...
Object11 position: (-1.135375, 0.000000, 9.650682)
Updating objects...
Object12 position: (10.989038, 4.524902, 6.464137)
Updating objects...
Object13 position: (-0.524310, -7.864652, -2.097240)
Updating objects...
Object14 position: (0.764015, 0.218290, 0.436580)
Updating objects...
Object15 position: (13.415065, -10.433931, 13.415065)
Updating objects...
Object16 position: (-0.878015, -4.829087, -3.073053)
Updating objects...
Object17 position: (-11.147261, 1.311443, 8.524365)
Updating objects...
Object18 position: (3.680253, -13.984949, 14.721010)
Updating objects...
Object19 position: (-5.066671, -2.533336, 5.066671)
Updating objects...
Running collision detection...
CollisionManager::update() - 시작 (프레임 37)
  객체 목록 크기: 20
  각 객체의 AABB 업데이트 중...
    객체 'Object1' 업데이트
    객체 'Object2' 업데이트
    객체 'Object3' 업데이트
    객체 'Object4' 업데이트
    객체 'Object5' 업데이트
    객체 'Object6' 업데이트
    객체 'Object7' 업데이트
    객체 'Object8' 업데이트
    객체 'Object9' 업데이트
    객체 'Object10' 업데이트
    객체 'Object11' 업데이트
    객체 'Object12' 업데이트
    객체 'Object13' 업데이트
    객체 'Object14' 업데이트
    객체 'Object15' 업데이트
    객체 'Object16' 업데이트
    객체 'Object17' 업데이트
    객체 'Object18' 업데이트
    객체 'Object19' 업데이트
    객체 'Object20' 업데이트
  대략적 충돌 감지(Broad Phase) 중...
    잠재적 충돌 쌍: 1개
  정밀 충돌 감지(Narrow Phase) 시작...
    쌍 1: 'Object6' 와 'Object15'
      narrowPhase 실행...
>> checkGJKCollision 시작: Object6 vs Object15
  볼록 껍질 개수: Object6=128, Object15=128
      충돌 감지됨! 충돌 정보 설정 중...
  checkGJKCollision 완료: 충돌 감지
      충돌 결과: 충돌함
      충돌 정보 객체에 추가
  이전 충돌 상태 정리 중...
  충돌 상태 맵 업데이트
CollisionManager::update() - 완료

--- Frame 38 ---
Object0 position: (-11.159252, 11.903183, -14.878979)
Updating objects...
Object1 position: (1.295849, -5.615343, -0.431949)
Updating objects...
Object2 position: (-8.304544, 7.118173, 1.779543)
Updating objects...
Object3 position: (-1.569401, 3.661932, -7.323864)
Updating objects...
Object4 position: (-1.779543, -8.304544, -7.118173)
Updating objects...
Object5 position: (0.000976, -0.002929, -0.000488)
Updating objects...
Object6 position: (-10.319225, -4.249090, 3.642083)
Updating objects...
Object7 position: (-2.437719, 0.000000, 0.243772)
Updating objects...
Object8 position: (0.000000, -7.656620, 2.041765)
Updating objects...
Object9 position: (-3.177429, 4.766147, 6.354858)
Updating objects...
Object10 position: (-2.341548, 9.366192, 4.683096)
Updating objects...
Object11 position: (-1.112007, 0.000000, 9.452052)
Updating objects...
Object12 position: (10.826580, 4.458008, 6.368573)
Updating objects...
Object13 position: (-0.511454, -7.671804, -2.045815)
Updating objects...
Object14 position: (0.595475, 0.170136, 0.340271)
Updating objects...
Object15 position: (13.291147, -10.337551, 13.291147)
Updating objects...
Object16 position: (-0.847692, -4.662306, -2.966919)
Updating objects...
Object17 position: (-10.989079, 1.292833, 8.403402)
Updating objects...
Object18 position: (3.644584, -13.849407, 14.578335)
Updating objects...
Object19 position: (-4.933338, -2.466669, 4.933338)
Updating objects...
Running collision detection...
CollisionManager::update() - 시작 (프레임 38)
  객체 목록 크기: 20
  각 객체의 AABB 업데이트 중...
    객체 'Object1' 업데이트
    객체 'Object2' 업데이트
    객체 'Object3' 업데이트
    객체 'Object4' 업데이트
    객체 'Object5' 업데이트
    객체 'Object6' 업데이트
    객체 'Object7' 업데이트
    객체 'Object8' 업데이트
    객체 'Object9' 업데이트
    객체 'Object10' 업데이트
    객체 'Object11' 업데이트
    객체 'Object12' 업데이트
    객체 'Object13' 업데이트
    객체 'Object14' 업데이트
    객체 'Object15' 업데이트
    객체 'Object16' 업데이트
    객체 'Object17' 업데이트
    객체 'Object18' 업데이트
    객체 'Object19' 업데이트
    객체 'Object20' 업데이트
  대략적 충돌 감지(Broad Phase) 중...
    잠재적 충돌 쌍: 1개
  정밀 충돌 감지(Narrow Phase) 시작...
    쌍 1: 'Object6' 와 'Object15'
      narrowPhase 실행...
>> checkGJKCollision 시작: Object6 vs Object15
  볼록 껍질 개수: Object6=128, Object15=128
      충돌 감지됨! 충돌 정보 설정 중...
  checkGJKCollision 완료: 충돌 감지
      충돌 결과: 충돌함
      충돌 정보 객체에 추가
  이전 충돌 상태 정리 중...
  충돌 상태 맵 업데이트
CollisionManager::update() - 완료

--- Frame 39 ---
Object0 position: (-11.058180, 11.795372, -14.744215)
Updating objects...
Object1 position: (1.251003, -5.421010, -0.417001)
Updating objects...
Object2 position: (-8.154664, 6.989704, 1.747426)
Updating objects...
Object3 position: (-1.531753, 3.574088, -7.148176)
Updating objects...
Object4 position: (-1.747426, -8.154664, -6.989704)
Updating objects...
Object5 position: (-0.061493, 0.184480, 0.030747)
Updating objects...
Object6 position: (-10.143415, -4.176698, 3.580032)
Updating objects...
Object7 position: (-2.238712, 0.000000, 0.223871)
Updating objects...
Object8 position: (0.000000, -7.463373, 1.990232)
Updating objects...
Object9 position: (-3.103151, 4.654729, 6.206302)
Updating objects...
Object10 position: (-2.297904, 9.191618, 4.595809)
Updating objects...
Object11 position: (-1.088639, 0.000000, 9.253422)
Updating objects...
Object12 position: (10.664122, 4.391113, 6.273009)
Updating objects...
Object13 position: (-0.498597, -7.478957, -1.994389)
Updating objects...
Object14 position: (0.426935, 0.121981, 0.243962)
Updating objects...
Object15 position: (13.167230, -10.241171, 13.167230)
Updating objects...
Object16 position: (-0.817368, -4.495524, -2.860786)
Updating objects...
Object17 position: (-10.830896, 1.274224, 8.282439)
Updating objects...
Object18 position: (3.608915, -13.713865, 14.435659)
Updating objects...
Object19 position: (-4.800005, -2.400002, 4.800005)
Updating objects...
Running collision detection...
CollisionManager::update() - 시작 (프레임 39)
  객체 목록 크기: 20
  각 객체의 AABB 업데이트 중...
    객체 'Object1' 업데이트
    객체 'Object2' 업데이트
    객체 'Object3' 업데이트
    객체 'Object4' 업데이트
    객체 'Object5' 업데이트
    객체 'Object6' 업데이트
    객체 'Object7' 업데이트
    객체 'Object8' 업데이트
    객체 'Object9' 업데이트
    객체 'Object10' 업데이트
    객체 'Object11' 업데이트
    객체 'Object12' 업데이트
    객체 'Object13' 업데이트
    객체 'Object14' 업데이트
    객체 'Object15' 업데이트
    객체 'Object16' 업데이트
    객체 'Object17' 업데이트
    객체 'Object18' 업데이트
    객체 'Object19' 업데이트
    객체 'Object20' 업데이트
  대략적 충돌 감지(Broad Phase) 중...
    잠재적 충돌 쌍: 1개
  정밀 충돌 감지(Narrow Phase) 시작...
    쌍 1: 'Object6' 와 'Object15'
      narrowPhase 실행...
>> checkGJKCollision 시작: Object6 vs Object15
  볼록 껍질 개수: Object6=128, Object15=128
      충돌 감지됨! 충돌 정보 설정 중...
  checkGJKCollision 완료: 충돌 감지
      충돌 결과: 충돌함
      충돌 정보 객체에 추가
  이전 충돌 상태 정리 중...
  충돌 상태 맵 업데이트
CollisionManager::update() - 완료

--- Frame 40 ---
Object0 position: (-10.957108, 11.687561, -14.609451)
Updating objects...
Object1 position: (1.206156, -5.226677, -0.402052)
Updating objects...
Object2 position: (-8.004784, 6.861235, 1.715309)
Updating objects...
Object3 position: (-1.494106, 3.486244, -6.972488)
Updating objects...
Object4 position: (-1.715309, -8.004784, -6.861235)
Updating objects...
Object5 position: (0.000976, -0.002929, -0.000488)
Updating objects...
Object6 position: (-9.967606, -4.104305, 3.517982)
Updating objects...
Object7 position: (-2.039704, 0.000000, 0.203970)
Updating objects...
Object8 position: (0.000000, -7.270126, 1.938700)
Updating objects...
Object9 position: (-3.028873, 4.543312, 6.057746)
Updating objects...
Object10 position: (-2.254261, 9.017044, 4.508522)
Updating objects...
Object11 position: (-1.065270, 0.000000, 9.054791)
Updating objects...
Object12 position: (10.501663, 4.324219, 6.177446)
Updating objects...
Object13 position: (-0.485741, -7.286110, -1.942963)
Updating objects...
Object14 position: (0.258394, 0.073827, 0.147654)
Updating objects...
Object15 position: (13.043312, -10.144791, 13.043312)
Updating objects...
Object16 position: (-0.787044, -4.328743, -2.754652)
Updating objects...
Object17 position: (-10.672714, 1.255614, 8.161476)
Updating objects...
Object18 position: (3.573246, -13.578323, 14.292984)
Updating objects...
Object19 position: (-4.666672, -2.333336, 4.666672)
Updating objects...
Running collision detection...
CollisionManager::update() - 시작 (프레임 40)
  객체 목록 크기: 20
  각 객체의 AABB 업데이트 중...
    객체 'Object1' 업데이트
    객체 'Object2' 업데이트
    객체 'Object3' 업데이트
    객체 'Object4' 업데이트
    객체 'Object5' 업데이트
    객체 'Object6' 업데이트
    객체 'Object7' 업데이트
    객체 'Object8' 업데이트
    객체 'Object9' 업데이트
    객체 'Object10' 업데이트
    객체 'Object11' 업데이트
    객체 'Object12' 업데이트
    객체 'Object13' 업데이트
    객체 'Object14' 업데이트
    객체 'Object15' 업데이트
    객체 'Object16' 업데이트
    객체 'Object17' 업데이트
    객체 'Object18' 업데이트
    객체 'Object19' 업데이트
    객체 'Object20' 업데이트
  대략적 충돌 감지(Broad Phase) 중...
    잠재적 충돌 쌍: 1개
  정밀 충돌 감지(Narrow Phase) 시작...
    쌍 1: 'Object6' 와 'Object15'
      narrowPhase 실행...
>> checkGJKCollision 시작: Object6 vs Object15
  볼록 껍질 개수: Object6=128, Object15=128
      충돌 감지됨! 충돌 정보 설정 중...
  checkGJKCollision 완료: 충돌 감지
      충돌 결과: 충돌함
      충돌 정보 객체에 추가
  이전 충돌 상태 정리 중...
  충돌 상태 맵 업데이트
CollisionManager::update() - 완료

--- Frame 41 ---
Object0 position: (-10.856035, 11.579750, -14.474688)
Updating objects...
Object1 position: (1.161310, -5.032344, -0.387103)
Updating objects...
Object2 position: (-7.854903, 6.732766, 1.683192)
Updating objects...
Object3 position: (-1.456459, 3.398400, -6.796801)
Updating objects...
Object4 position: (-1.683192, -7.854903, -6.732766)
Updating objects...
Object5 position: (-0.061493, 0.184480, 0.030747)
Updating objects...
Object6 position: (-9.791796, -4.031913, 3.455931)
Updating objects...
Object7 position: (-1.840697, 0.000000, 0.184070)
Updating objects...
Object8 position: (0.000000, -7.076880, 1.887167)
Updating objects...
Object9 position: (-2.954595, 4.431895, 5.909190)
Updating objects...
Object10 position: (-2.210618, 8.842470, 4.421235)
Updating objects...
Object11 position: (-1.041902, 0.000000, 8.856161)
Updating objects...
Object12 position: (10.339205, 4.257324, 6.081882)
Updating objects...
Object13 position: (-0.472884, -7.093263, -1.891537)
Updating objects...
Object14 position: (0.089854, 0.025673, 0.051345)
Updating objects...
Object15 position: (12.919394, -10.048410, 12.919394)
Updating objects...
Object16 position: (-0.756720, -4.161962, -2.648518)
Updating objects...
Object17 position: (-10.514532, 1.237004, 8.040513)
Updating objects...
Object18 position: (3.537577, -13.442781, 14.150309)
Updating objects...
Object19 position: (-4.533339, -2.266669, 4.533339)
Updating objects...
Running collision detection...
CollisionManager::update() - 시작 (프레임 41)
  객체 목록 크기: 20
  각 객체의 AABB 업데이트 중...
    객체 'Object1' 업데이트
    객체 'Object2' 업데이트
    객체 'Object3' 업데이트
    객체 'Object4' 업데이트
    객체 'Object5' 업데이트
    객체 'Object6' 업데이트
    객체 'Object7' 업데이트
    객체 'Object8' 업데이트
    객체 'Object9' 업데이트
    객체 'Object10' 업데이트
    객체 'Object11' 업데이트
    객체 'Object12' 업데이트
    객체 'Object13' 업데이트
    객체 'Object14' 업데이트
    객체 'Object15' 업데이트
    객체 'Object16' 업데이트
    객체 'Object17' 업데이트
    객체 'Object18' 업데이트
    객체 'Object19' 업데이트
    객체 'Object20' 업데이트
  대략적 충돌 감지(Broad Phase) 중...
    잠재적 충돌 쌍: 1개
  정밀 충돌 감지(Narrow Phase) 시작...
    쌍 1: 'Object6' 와 'Object15'
      narrowPhase 실행...
>> checkGJKCollision 시작: Object6 vs Object15
  볼록 껍질 개수: Object6=128, Object15=128
      충돌 감지됨! 충돌 정보 설정 중...
  checkGJKCollision 완료: 충돌 감지
      충돌 결과: 충돌함
      충돌 정보 객체에 추가
  이전 충돌 상태 정리 중...
  충돌 상태 맵 업데이트
CollisionManager::update() - 완료

--- Frame 42 ---
Object0 position: (-10.754963, 11.471939, -14.339924)
Updating objects...
Object1 position: (1.116464, -4.838011, -0.372155)
Updating objects...
Object2 position: (-7.705023, 6.604297, 1.651074)
Updating objects...
Object3 position: (-1.418811, 3.310556, -6.621113)
Updating objects...
Object4 position: (-1.651074, -7.705023, -6.604297)
Updating objects...
Object5 position: (0.000976, -0.002929, -0.000488)
Updating objects...
Object6 position: (-9.615986, -3.959521, 3.393880)
Updating objects...
Object7 position: (-1.641689, 0.000000, 0.164169)
Updating objects...
Object8 position: (0.000000, -6.883633, 1.835635)
Updating objects...
Object9 position: (-2.880317, 4.320477, 5.760633)
Updating objects...
Object10 position: (-2.166974, 8.667896, 4.333948)
Updating objects...
Object11 position: (-1.018534, 0.000000, 8.657531)
Updating objects...
Object12 position: (10.176746, 4.190430, 5.986319)
Updating objects...
Object13 position: (-0.460028, -6.900415, -1.840111)
Updating objects...
Object14 position: (-0.078686, -0.022482, -0.044963)
Updating objects...
Object15 position: (12.795477, -9.952030, 12.795477)
Updating objects...
Object16 position: (-0.726396, -3.995180, -2.542385)
Updating objects...
Object17 position: (-10.356350, 1.218395, 7.919550)
Updating objects...
Object18 position: (3.501908, -13.307240, 14.007633)
Updating objects...
Object19 position: (-4.400005, -2.200003, 4.400005)
Updating objects...
Running collision detection...
CollisionManager::update() - 시작 (프레임 42)
  객체 목록 크기: 20
  각 객체의 AABB 업데이트 중...
    객체 'Object1' 업데이트
    객체 'Object2' 업데이트
    객체 'Object3' 업데이트
    객체 'Object4' 업데이트
    객체 'Object5' 업데이트
    객체 'Object6' 업데이트
    객체 'Object7' 업데이트
    객체 'Object8' 업데이트
    객체 'Object9' 업데이트
    객체 'Object10' 업데이트
    객체 'Object11' 업데이트
    객체 'Object12' 업데이트
    객체 'Object13' 업데이트
    객체 'Object14' 업데이트
    객체 'Object15' 업데이트
    객체 'Object16' 업데이트
    객체 'Object17' 업데이트
    객체 'Object18' 업데이트
    객체 'Object19' 업데이트
    객체 'Object20' 업데이트
  대략적 충돌 감지(Broad Phase) 중...
    잠재적 충돌 쌍: 3개
  정밀 충돌 감지(Narrow Phase) 시작...
    쌍 1: 'Object6' 와 'Object8'
      narrowPhase 실행...
>> checkGJKCollision 시작: Object6 vs Object8
  볼록 껍질 개수: Object6=128, Object8=128
  모든 볼록 껍질 쌍 검사 완료, 충돌 없음
      충돌 결과: 충돌 없음
    쌍 2: 'Object6' 와 'Object15'
      narrowPhase 실행...
>> checkGJKCollision 시작: Object6 vs Object15
  볼록 껍질 개수: Object6=128, Object15=128
      충돌 감지됨! 충돌 정보 설정 중...
  checkGJKCollision 완료: 충돌 감지
      충돌 결과: 충돌함
      충돌 정보 객체에 추가
    쌍 3: 'Object8' 와 'Object15'
      narrowPhase 실행...
>> checkGJKCollision 시작: Object8 vs Object15
  볼록 껍질 개수: Object8=128, Object15=128
  모든 볼록 껍질 쌍 검사 완료, 충돌 없음
      충돌 결과: 충돌 없음
  이전 충돌 상태 정리 중...
  충돌 상태 맵 업데이트
CollisionManager::update() - 완료

--- Frame 43 ---
Object0 position: (-10.653891, 11.364128, -14.205160)
Updating objects...
Object1 position: (1.071618, -4.643678, -0.357206)
Updating objects...
Object2 position: (-7.555142, 6.475828, 1.618957)
Updating objects...
Object3 position: (-1.381164, 3.222713, -6.445425)
Updating objects...
Object4 position: (-1.618957, -7.555142, -6.475828)
Updating objects...
Object5 position: (-0.061493, 0.184480, 0.030747)
Updating objects...
Object6 position: (-9.440176, -3.887128, 3.331830)
Updating objects...
Object7 position: (-1.442682, 0.000000, 0.144268)
Updating objects...
Object8 position: (0.000000, -6.690386, 1.784102)
Updating objects...
Object9 position: (-2.806039, 4.209060, 5.612077)
Updating objects...
Object10 position: (-2.123331, 8.493322, 4.246661)
Updating objects...
Object11 position: (-0.995166, 0.000000, 8.458900)
Updating objects...
Object12 position: (10.014288, 4.123535, 5.890755)
Updating objects...
Object13 position: (-0.447171, -6.707568, -1.788685)
Updating objects...
Object14 position: (0.089854, 0.025673, 0.051345)
Updating objects...
Object15 position: (12.671559, -9.855650, 12.671559)
Updating objects...
Object16 position: (-0.696072, -3.828398, -2.436251)
Updating objects...
Object17 position: (-10.198168, 1.199785, 7.798588)
Updating objects...
Object18 position: (3.466239, -13.171698, 13.864958)
Updating objects...
Object19 position: (-4.266672, -2.133336, 4.266672)
Updating objects...
Running collision detection...
CollisionManager::update() - 시작 (프레임 43)
  객체 목록 크기: 20
  각 객체의 AABB 업데이트 중...
    객체 'Object1' 업데이트
    객체 'Object2' 업데이트
    객체 'Object3' 업데이트
    객체 'Object4' 업데이트
    객체 'Object5' 업데이트
    객체 'Object6' 업데이트
    객체 'Object7' 업데이트
    객체 'Object8' 업데이트
    객체 'Object9' 업데이트
    객체 'Object10' 업데이트
    객체 'Object11' 업데이트
    객체 'Object12' 업데이트
    객체 'Object13' 업데이트
    객체 'Object14' 업데이트
    객체 'Object15' 업데이트
    객체 'Object16' 업데이트
    객체 'Object17' 업데이트
    객체 'Object18' 업데이트
    객체 'Object19' 업데이트
    객체 'Object20' 업데이트
  대략적 충돌 감지(Broad Phase) 중...
    잠재적 충돌 쌍: 3개
  정밀 충돌 감지(Narrow Phase) 시작...
    쌍 1: 'Object6' 와 'Object8'
      narrowPhase 실행...
>> checkGJKCollision 시작: Object6 vs Object8
  볼록 껍질 개수: Object6=128, Object8=128
      충돌 감지됨! 충돌 정보 설정 중...
  checkGJKCollision 완료: 충돌 감지
      충돌 결과: 충돌함
      충돌 정보 객체에 추가
Object8 collision enter with Object6
Contact point: (-0.752088, 0.092240, 0.087507)
Contact normal: (0.987925, 0.131953, -0.081199)
Penetration depth: 0.1
    쌍 2: 'Object6' 와 'Object15'
      narrowPhase 실행...
>> checkGJKCollision 시작: Object6 vs Object15
  볼록 껍질 개수: Object6=128, Object15=128
      충돌 감지됨! 충돌 정보 설정 중...
  checkGJKCollision 완료: 충돌 감지
      충돌 결과: 충돌함
      충돌 정보 객체에 추가
    쌍 3: 'Object8' 와 'Object15'
      narrowPhase 실행...
>> checkGJKCollision 시작: Object8 vs Object15
  볼록 껍질 개수: Object8=128, Object15=128
  모든 볼록 껍질 쌍 검사 완료, 충돌 없음
      충돌 결과: 충돌 없음
  이전 충돌 상태 정리 중...
  충돌 상태 맵 업데이트
CollisionManager::update() - 완료

--- Frame 44 ---
Object0 position: (-10.552818, 11.256317, -14.070396)
Updating objects...
Object1 position: (1.026772, -4.449345, -0.342257)
Updating objects...
Object2 position: (-7.405262, 6.347359, 1.586840)
Updating objects...
Object3 position: (-1.343517, 3.134869, -6.269737)
Updating objects...
Object4 position: (-1.586840, -7.405262, -6.347359)
Updating objects...
Object5 position: (0.000976, -0.002929, -0.000488)
Updating objects...
Object6 position: (-9.264366, -3.814736, 3.269779)
Updating objects...
Object7 position: (-1.243675, 0.000000, 0.124367)
Updating objects...
Object8 position: (0.000000, -6.497139, 1.732570)
Updating objects...
Object9 position: (-2.731761, 4.097643, 5.463521)
Updating objects...
Object10 position: (-2.079687, 8.318748, 4.159374)
Updating objects...
Object11 position: (-0.971797, 0.000000, 8.260270)
Updating objects...
Object12 position: (9.851830, 4.056641, 5.795192)
Updating objects...
Object13 position: (-0.434315, -6.514721, -1.737259)
Updating objects...
Object14 position: (-0.078686, -0.022482, -0.044963)
Updating objects...
Object15 position: (12.547642, -9.759270, 12.547642)
Updating objects...
Object16 position: (-0.665748, -3.661617, -2.330117)
Updating objects...
Object17 position: (-10.039986, 1.181175, 7.677625)
Updating objects...
Object18 position: (3.430571, -13.036156, 13.722282)
Updating objects...
Object19 position: (-4.133339, -2.066669, 4.133339)
Updating objects...
Running collision detection...
CollisionManager::update() - 시작 (프레임 44)
  객체 목록 크기: 20
  각 객체의 AABB 업데이트 중...
    객체 'Object1' 업데이트
    객체 'Object2' 업데이트
    객체 'Object3' 업데이트
    객체 'Object4' 업데이트
    객체 'Object5' 업데이트
    객체 'Object6' 업데이트
    객체 'Object7' 업데이트
    객체 'Object8' 업데이트
    객체 'Object9' 업데이트
    객체 'Object10' 업데이트
    객체 'Object11' 업데이트
    객체 'Object12' 업데이트
    객체 'Object13' 업데이트
    객체 'Object14' 업데이트
    객체 'Object15' 업데이트
    객체 'Object16' 업데이트
    객체 'Object17' 업데이트
    객체 'Object18' 업데이트
    객체 'Object19' 업데이트
    객체 'Object20' 업데이트
  대략적 충돌 감지(Broad Phase) 중...
    잠재적 충돌 쌍: 3개
  정밀 충돌 감지(Narrow Phase) 시작...
    쌍 1: 'Object6' 와 'Object8'
      narrowPhase 실행...
>> checkGJKCollision 시작: Object6 vs Object8
  볼록 껍질 개수: Object6=128, Object8=128
      충돌 감지됨! 충돌 정보 설정 중...
  checkGJKCollision 완료: 충돌 감지
      충돌 결과: 충돌함
      충돌 정보 객체에 추가
    쌍 2: 'Object6' 와 'Object15'
      narrowPhase 실행...
>> checkGJKCollision 시작: Object6 vs Object15
  볼록 껍질 개수: Object6=128, Object15=128
      충돌 감지됨! 충돌 정보 설정 중...
  checkGJKCollision 완료: 충돌 감지
      충돌 결과: 충돌함
      충돌 정보 객체에 추가
    쌍 3: 'Object8' 와 'Object15'
      narrowPhase 실행...
>> checkGJKCollision 시작: Object8 vs Object15
  볼록 껍질 개수: Object8=128, Object15=128
      충돌 감지됨! 충돌 정보 설정 중...
  checkGJKCollision 완료: 충돌 감지
      충돌 결과: 충돌함
      충돌 정보 객체에 추가
  이전 충돌 상태 정리 중...
  충돌 상태 맵 업데이트
CollisionManager::update() - 완료

--- Frame 45 ---
Object0 position: (-10.451746, 11.148506, -13.935633)
Updating objects...
Object1 position: (0.981926, -4.255012, -0.327308)
Updating objects...
Object2 position: (-7.255382, 6.218890, 1.554723)
Updating objects...
Object3 position: (-1.305869, 3.047025, -6.094049)
Updating objects...
Object4 position: (-1.554723, -7.255382, -6.218890)
Updating objects...
Object5 position: (-0.061493, 0.184480, 0.030747)
Updating objects...
Object6 position: (-9.088556, -3.742344, 3.207729)
Updating objects...
Object7 position: (-1.044667, 0.000000, 0.104467)
Updating objects...
Object8 position: (0.000000, -6.303892, 1.681037)
Updating objects...
Object9 position: (-2.657482, 3.986226, 5.314965)
Updating objects...
Object10 position: (-2.036044, 8.144175, 4.072087)
Updating objects...
Object11 position: (-0.948429, 0.000000, 8.061640)
Updating objects...
Object12 position: (9.689371, 3.989746, 5.699628)
Updating objects...
Object13 position: (-0.421458, -6.321874, -1.685833)
Updating objects...
Object14 position: (0.089854, 0.025673, 0.051345)
Updating objects...
Object15 position: (12.423724, -9.662889, 12.423724)
Updating objects...
Object16 position: (-0.635424, -3.494835, -2.223984)
Updating objects...
Object17 position: (-9.881804, 1.162566, 7.556663)
Updating objects...
Object18 position: (3.394902, -12.900614, 13.579607)
Updating objects...
Object19 position: (-4.000006, -2.000003, 4.000006)
Updating objects...
Running collision detection...
CollisionManager::update() - 시작 (프레임 45)
  객체 목록 크기: 20
  각 객체의 AABB 업데이트 중...
    객체 'Object1' 업데이트
    객체 'Object2' 업데이트
    객체 'Object3' 업데이트
    객체 'Object4' 업데이트
    객체 'Object5' 업데이트
    객체 'Object6' 업데이트
    객체 'Object7' 업데이트
    객체 'Object8' 업데이트
    객체 'Object9' 업데이트
    객체 'Object10' 업데이트
    객체 'Object11' 업데이트
    객체 'Object12' 업데이트
    객체 'Object13' 업데이트
    객체 'Object14' 업데이트
    객체 'Object15' 업데이트
    객체 'Object16' 업데이트
    객체 'Object17' 업데이트
    객체 'Object18' 업데이트
    객체 'Object19' 업데이트
    객체 'Object20' 업데이트
  대략적 충돌 감지(Broad Phase) 중...
    잠재적 충돌 쌍: 3개
  정밀 충돌 감지(Narrow Phase) 시작...
    쌍 1: 'Object6' 와 'Object8'
      narrowPhase 실행...
>> checkGJKCollision 시작: Object6 vs Object8
  볼록 껍질 개수: Object6=128, Object8=128
      충돌 감지됨! 충돌 정보 설정 중...
  checkGJKCollision 완료: 충돌 감지
      충돌 결과: 충돌함
      충돌 정보 객체에 추가
    쌍 2: 'Object6' 와 'Object15'
      narrowPhase 실행...
>> checkGJKCollision 시작: Object6 vs Object15
  볼록 껍질 개수: Object6=128, Object15=128
      충돌 감지됨! 충돌 정보 설정 중...
  checkGJKCollision 완료: 충돌 감지
      충돌 결과: 충돌함
      충돌 정보 객체에 추가
    쌍 3: 'Object8' 와 'Object15'
      narrowPhase 실행...
>> checkGJKCollision 시작: Object8 vs Object15
  볼록 껍질 개수: Object8=128, Object15=128
      충돌 감지됨! 충돌 정보 설정 중...
  checkGJKCollision 완료: 충돌 감지
      충돌 결과: 충돌함
      충돌 정보 객체에 추가
  이전 충돌 상태 정리 중...
  충돌 상태 맵 업데이트
CollisionManager::update() - 완료

--- Frame 46 ---
Object0 position: (-10.350674, 11.040695, -13.800869)
Updating objects...
Object1 position: (0.937080, -4.060678, -0.312360)
Updating objects...
Object2 position: (-7.105501, 6.090421, 1.522605)
Updating objects...
Object3 position: (-1.268222, 2.959181, -5.918362)
Updating objects...
Object4 position: (-1.522605, -7.105501, -6.090421)
Updating objects...
Object5 position: (0.000976, -0.002929, -0.000488)
Updating objects...
Object6 position: (-8.912746, -3.669952, 3.145678)
Updating objects...
Object7 position: (-0.845660, 0.000000, 0.084566)
Updating objects...
Object8 position: (0.000000, -6.110645, 1.629505)
Updating objects...
Object9 position: (-2.583204, 3.874808, 5.166409)
Updating objects...
Object10 position: (-1.992400, 7.969600, 3.984800)
Updating objects...
Object11 position: (-0.925061, 0.000000, 7.863009)
Updating objects...
Object12 position: (9.526913, 3.922851, 5.604064)
Updating objects...
Object13 position: (-0.408602, -6.129026, -1.634407)
Updating objects...
Object14 position: (-0.078686, -0.022482, -0.044963)
Updating objects...
Object15 position: (12.299807, -9.566509, 12.299807)
Updating objects...
Object16 position: (-0.605100, -3.328053, -2.117850)
Updating objects...
Object17 position: (-9.723621, 1.143956, 7.435700)
Updating objects...
Object18 position: (3.359233, -12.765072, 13.436932)
Updating objects...
Object19 position: (-3.866672, -1.933336, 3.866672)
Updating objects...
Running collision detection...
CollisionManager::update() - 시작 (프레임 46)
  객체 목록 크기: 20
  각 객체의 AABB 업데이트 중...
    객체 'Object1' 업데이트
    객체 'Object2' 업데이트
    객체 'Object3' 업데이트
    객체 'Object4' 업데이트
    객체 'Object5' 업데이트
    객체 'Object6' 업데이트
    객체 'Object7' 업데이트
    객체 'Object8' 업데이트
    객체 'Object9' 업데이트
    객체 'Object10' 업데이트
    객체 'Object11' 업데이트
    객체 'Object12' 업데이트
    객체 'Object13' 업데이트
    객체 'Object14' 업데이트
    객체 'Object15' 업데이트
    객체 'Object16' 업데이트
    객체 'Object17' 업데이트
    객체 'Object18' 업데이트
    객체 'Object19' 업데이트
    객체 'Object20' 업데이트
  대략적 충돌 감지(Broad Phase) 중...
    잠재적 충돌 쌍: 3개
  정밀 충돌 감지(Narrow Phase) 시작...
    쌍 1: 'Object6' 와 'Object8'
      narrowPhase 실행...
>> checkGJKCollision 시작: Object6 vs Object8
  볼록 껍질 개수: Object6=128, Object8=128
      충돌 감지됨! 충돌 정보 설정 중...
  checkGJKCollision 완료: 충돌 감지
      충돌 결과: 충돌함
      충돌 정보 객체에 추가
    쌍 2: 'Object6' 와 'Object15'
      narrowPhase 실행...
>> checkGJKCollision 시작: Object6 vs Object15
  볼록 껍질 개수: Object6=128, Object15=128
      충돌 감지됨! 충돌 정보 설정 중...
  checkGJKCollision 완료: 충돌 감지
      충돌 결과: 충돌함
      충돌 정보 객체에 추가
    쌍 3: 'Object8' 와 'Object15'
      narrowPhase 실행...
>> checkGJKCollision 시작: Object8 vs Object15
  볼록 껍질 개수: Object8=128, Object15=128
      충돌 감지됨! 충돌 정보 설정 중...
  checkGJKCollision 완료: 충돌 감지
      충돌 결과: 충돌함
      충돌 정보 객체에 추가
  이전 충돌 상태 정리 중...
  충돌 상태 맵 업데이트
CollisionManager::update() - 완료

--- Frame 47 ---
Object0 position: (-10.249601, 10.932884, -13.666105)
Updating objects...
Object1 position: (0.892234, -3.866345, -0.297411)
Updating objects...
Object2 position: (-6.955620, 5.961952, 1.490488)
Updating objects...
Object3 position: (-1.230574, 2.871337, -5.742674)
Updating objects...
Object4 position: (-1.490488, -6.955620, -5.961952)
Updating objects...
Object5 position: (-0.061493, 0.184480, 0.030747)
Updating objects...
Object6 position: (-8.736937, -3.597559, 3.083627)
Updating objects...
Object7 position: (-0.646652, 0.000000, 0.064665)
Updating objects...
Object8 position: (0.000000, -5.917398, 1.577972)
Updating objects...
Object9 position: (-2.508926, 3.763391, 5.017852)
Updating objects...
Object10 position: (-1.948756, 7.795026, 3.897513)
Updating objects...
Object11 position: (-0.901693, 0.000000, 7.664379)
Updating objects...
Object12 position: (9.364454, 3.855956, 5.508500)
Updating objects...
Object13 position: (-0.395745, -5.936179, -1.582981)
Updating objects...
Object14 position: (0.089854, 0.025673, 0.051345)
Updating objects...
Object15 position: (12.175889, -9.470129, 12.175889)
Updating objects...
Object16 position: (-0.574776, -3.161272, -2.011716)
Updating objects...
Object17 position: (-9.565439, 1.125346, 7.314737)
Updating objects...
Object18 position: (3.323564, -12.629530, 13.294256)
Updating objects...
Object19 position: (-3.733339, -1.866669, 3.733339)
Updating objects...
Running collision detection...
CollisionManager::update() - 시작 (프레임 47)
  객체 목록 크기: 20
  각 객체의 AABB 업데이트 중...
    객체 'Object1' 업데이트
    객체 'Object2' 업데이트
    객체 'Object3' 업데이트
    객체 'Object4' 업데이트
    객체 'Object5' 업데이트
    객체 'Object6' 업데이트
    객체 'Object7' 업데이트
    객체 'Object8' 업데이트
    객체 'Object9' 업데이트
    객체 'Object10' 업데이트
    객체 'Object11' 업데이트
    객체 'Object12' 업데이트
    객체 'Object13' 업데이트
    객체 'Object14' 업데이트
    객체 'Object15' 업데이트
    객체 'Object16' 업데이트
    객체 'Object17' 업데이트
    객체 'Object18' 업데이트
    객체 'Object19' 업데이트
    객체 'Object20' 업데이트
  대략적 충돌 감지(Broad Phase) 중...
    잠재적 충돌 쌍: 3개
  정밀 충돌 감지(Narrow Phase) 시작...
    쌍 1: 'Object6' 와 'Object8'
      narrowPhase 실행...
>> checkGJKCollision 시작: Object6 vs Object8
  볼록 껍질 개수: Object6=128, Object8=128
      충돌 감지됨! 충돌 정보 설정 중...
  checkGJKCollision 완료: 충돌 감지
      충돌 결과: 충돌함
      충돌 정보 객체에 추가
    쌍 2: 'Object6' 와 'Object15'
      narrowPhase 실행...
>> checkGJKCollision 시작: Object6 vs Object15
  볼록 껍질 개수: Object6=128, Object15=128
      충돌 감지됨! 충돌 정보 설정 중...
  checkGJKCollision 완료: 충돌 감지
      충돌 결과: 충돌함
      충돌 정보 객체에 추가
    쌍 3: 'Object8' 와 'Object15'
      narrowPhase 실행...
>> checkGJKCollision 시작: Object8 vs Object15
  볼록 껍질 개수: Object8=128, Object15=128
      충돌 감지됨! 충돌 정보 설정 중...
  checkGJKCollision 완료: 충돌 감지
      충돌 결과: 충돌함
      충돌 정보 객체에 추가
  이전 충돌 상태 정리 중...
  충돌 상태 맵 업데이트
CollisionManager::update() - 완료

--- Frame 48 ---
Object0 position: (-10.148529, 10.825073, -13.531342)
Updating objects...
Object1 position: (0.847388, -3.672012, -0.282462)
Updating objects...
Object2 position: (-6.805739, 5.833483, 1.458371)
Updating objects...
Object3 position: (-1.192927, 2.783493, -5.566986)
Updating objects...
Object4 position: (-1.458371, -6.805739, -5.833483)
Updating objects...
Object5 position: (0.000976, -0.002929, -0.000488)
Updating objects...
Object6 position: (-8.561127, -3.525167, 3.021577)
Updating objects...
Object7 position: (-0.447645, 0.000000, 0.044764)
Updating objects...
Object8 position: (0.000000, -5.724152, 1.526440)
Updating objects...
Object9 position: (-2.434648, 3.651974, 4.869296)
Updating objects...
Object10 position: (-1.905113, 7.620451, 3.810226)
Updating objects...
Object11 position: (-0.878324, 0.000000, 7.465749)
Updating objects...
Object12 position: (9.201996, 3.789062, 5.412936)
Updating objects...
Object13 position: (-0.382889, -5.743332, -1.531555)
Updating objects...
Object14 position: (-0.078686, -0.022482, -0.044963)
Updating objects...
Object15 position: (12.051971, -9.373749, 12.051971)
Updating objects...
Object16 position: (-0.544452, -2.994490, -1.905582)
Updating objects...
Object17 position: (-9.407257, 1.106737, 7.193775)
Updating objects...
Object18 position: (3.287895, -12.493988, 13.151581)
Updating objects...
Object19 position: (-3.600005, -1.800003, 3.600005)
Updating objects...
Running collision detection...
CollisionManager::update() - 시작 (프레임 48)
  객체 목록 크기: 20
  각 객체의 AABB 업데이트 중...
    객체 'Object1' 업데이트
    객체 'Object2' 업데이트
    객체 'Object3' 업데이트
    객체 'Object4' 업데이트
    객체 'Object5' 업데이트
    객체 'Object6' 업데이트
    객체 'Object7' 업데이트
    객체 'Object8' 업데이트
    객체 'Object9' 업데이트
    객체 'Object10' 업데이트
    객체 'Object11' 업데이트
    객체 'Object12' 업데이트
    객체 'Object13' 업데이트
    객체 'Object14' 업데이트
    객체 'Object15' 업데이트
    객체 'Object16' 업데이트
    객체 'Object17' 업데이트
    객체 'Object18' 업데이트
    객체 'Object19' 업데이트
    객체 'Object20' 업데이트
  대략적 충돌 감지(Broad Phase) 중...
    잠재적 충돌 쌍: 3개
  정밀 충돌 감지(Narrow Phase) 시작...
    쌍 1: 'Object6' 와 'Object8'
      narrowPhase 실행...
>> checkGJKCollision 시작: Object6 vs Object8
  볼록 껍질 개수: Object6=128, Object8=128
      충돌 감지됨! 충돌 정보 설정 중...
  checkGJKCollision 완료: 충돌 감지
      충돌 결과: 충돌함
      충돌 정보 객체에 추가
    쌍 2: 'Object6' 와 'Object15'
      narrowPhase 실행...
>> checkGJKCollision 시작: Object6 vs Object15
  볼록 껍질 개수: Object6=128, Object15=128
      충돌 감지됨! 충돌 정보 설정 중...
  checkGJKCollision 완료: 충돌 감지
      충돌 결과: 충돌함
      충돌 정보 객체에 추가
    쌍 3: 'Object8' 와 'Object15'
      narrowPhase 실행...
>> checkGJKCollision 시작: Object8 vs Object15
  볼록 껍질 개수: Object8=128, Object15=128
      충돌 감지됨! 충돌 정보 설정 중...
  checkGJKCollision 완료: 충돌 감지
      충돌 결과: 충돌함
      충돌 정보 객체에 추가
  이전 충돌 상태 정리 중...
  충돌 상태 맵 업데이트
CollisionManager::update() - 완료

--- Frame 49 ---
Object0 position: (-10.047457, 10.717262, -13.396578)
Updating objects...
Object1 position: (0.802542, -3.477679, -0.267514)
Updating objects...
Object2 position: (-6.655859, 5.705014, 1.426254)
Updating objects...
Object3 position: (-1.155280, 2.695649, -5.391298)
Updating objects...
Object4 position: (-1.426254, -6.655859, -5.705014)
Updating objects...
Object5 position: (-0.061493, 0.184480, 0.030747)
Updating objects...
Object6 position: (-8.385317, -3.452775, 2.959526)
Updating objects...
Object7 position: (-0.248637, 0.000000, 0.024864)
Updating objects...
Object8 position: (0.000000, -5.530905, 1.474907)
Updating objects...
Object9 position: (-2.360370, 3.540556, 4.720740)
Updating objects...
Object10 position: (-1.861469, 7.445877, 3.722939)
Updating objects...
Object11 position: (-0.854956, 0.000000, 7.267118)
Updating objects...
Object12 position: (9.039537, 3.722167, 5.317373)
Updating objects...
Object13 position: (-0.370032, -5.550485, -1.480129)
Updating objects...
Object14 position: (0.089854, 0.025673, 0.051345)
Updating objects...
Object15 position: (11.928054, -9.277369, 11.928054)
Updating objects...
Object16 position: (-0.514128, -2.827708, -1.799449)
Updating objects...
Object17 position: (-9.249075, 1.088127, 7.072812)
Updating objects...
Object18 position: (3.252226, -12.358447, 13.008905)
Updating objects...
Object19 position: (-3.466672, -1.733336, 3.466672)
Updating objects...
Running collision detection...
CollisionManager::update() - 시작 (프레임 49)
  객체 목록 크기: 20
  각 객체의 AABB 업데이트 중...
    객체 'Object1' 업데이트
    객체 'Object2' 업데이트
    객체 'Object3' 업데이트
    객체 'Object4' 업데이트
    객체 'Object5' 업데이트
    객체 'Object6' 업데이트
    객체 'Object7' 업데이트
    객체 'Object8' 업데이트
    객체 'Object9' 업데이트
    객체 'Object10' 업데이트
    객체 'Object11' 업데이트
    객체 'Object12' 업데이트
    객체 'Object13' 업데이트
    객체 'Object14' 업데이트
    객체 'Object15' 업데이트
    객체 'Object16' 업데이트
    객체 'Object17' 업데이트
    객체 'Object18' 업데이트
    객체 'Object19' 업데이트
    객체 'Object20' 업데이트
  대략적 충돌 감지(Broad Phase) 중...
    잠재적 충돌 쌍: 3개
  정밀 충돌 감지(Narrow Phase) 시작...
    쌍 1: 'Object6' 와 'Object8'
      narrowPhase 실행...
>> checkGJKCollision 시작: Object6 vs Object8
  볼록 껍질 개수: Object6=128, Object8=128
      충돌 감지됨! 충돌 정보 설정 중...
  checkGJKCollision 완료: 충돌 감지
      충돌 결과: 충돌함
      충돌 정보 객체에 추가
    쌍 2: 'Object6' 와 'Object15'
      narrowPhase 실행...
>> checkGJKCollision 시작: Object6 vs Object15
  볼록 껍질 개수: Object6=128, Object15=128
      충돌 감지됨! 충돌 정보 설정 중...
  checkGJKCollision 완료: 충돌 감지
      충돌 결과: 충돌함
      충돌 정보 객체에 추가
    쌍 3: 'Object8' 와 'Object15'
      narrowPhase 실행...
>> checkGJKCollision 시작: Object8 vs Object15
  볼록 껍질 개수: Object8=128, Object15=128
      충돌 감지됨! 충돌 정보 설정 중...
  checkGJKCollision 완료: 충돌 감지
      충돌 결과: 충돌함
      충돌 정보 객체에 추가
  이전 충돌 상태 정리 중...
  충돌 상태 맵 업데이트
CollisionManager::update() - 완료

--- Frame 50 ---
Object0 position: (-9.946384, 10.609451, -13.261814)
Updating objects...
Object1 position: (0.757695, -3.283346, -0.252565)
Updating objects...
Object2 position: (-6.505978, 5.576545, 1.394136)
Updating objects...
Object3 position: (-1.117632, 2.607805, -5.215611)
Updating objects...
Object4 position: (-1.394136, -6.505978, -5.576545)
Updating objects...
Object5 position: (0.000976, -0.002929, -0.000488)
Updating objects...
Object6 position: (-8.209507, -3.380383, 2.897476)
Updating objects...
Object7 position: (-0.049630, 0.000000, 0.004963)
Updating objects...
Object8 position: (0.000000, -5.337658, 1.423375)
Updating objects...
Object9 position: (-2.286092, 3.429139, 4.572184)
Updating objects...
Object10 position: (-1.817826, 7.271303, 3.635651)
Updating objects...
Object11 position: (-0.831588, 0.000000, 7.068488)
Updating objects...
Object12 position: (8.877079, 3.655272, 5.221809)
Updating objects...
Object13 position: (-0.357176, -5.357637, -1.428703)
Updating objects...
Object14 position: (-0.078686, -0.022482, -0.044963)
Updating objects...
Object15 position: (11.804136, -9.180988, 11.804136)
Updating objects...
Object16 position: (-0.483804, -2.660927, -1.693315)
Updating objects...
Object17 position: (-9.090893, 1.069517, 6.951849)
Updating objects...
Object18 position: (3.216558, -12.222906, 12.866230)
Updating objects...
Object19 position: (-3.333338, -1.666669, 3.333338)
Updating objects...
Running collision detection...
CollisionManager::update() - 시작 (프레임 50)
  객체 목록 크기: 20
  각 객체의 AABB 업데이트 중...
    객체 'Object1' 업데이트
    객체 'Object2' 업데이트
    객체 'Object3' 업데이트
    객체 'Object4' 업데이트
    객체 'Object5' 업데이트
    객체 'Object6' 업데이트
    객체 'Object7' 업데이트
    객체 'Object8' 업데이트
    객체 'Object9' 업데이트
    객체 'Object10' 업데이트
    객체 'Object11' 업데이트
    객체 'Object12' 업데이트
    객체 'Object13' 업데이트
    객체 'Object14' 업데이트
    객체 'Object15' 업데이트
    객체 'Object16' 업데이트
    객체 'Object17' 업데이트
    객체 'Object18' 업데이트
    객체 'Object19' 업데이트
    객체 'Object20' 업데이트
  대략적 충돌 감지(Broad Phase) 중...
    잠재적 충돌 쌍: 3개
  정밀 충돌 감지(Narrow Phase) 시작...
    쌍 1: 'Object6' 와 'Object8'
      narrowPhase 실행...
>> checkGJKCollision 시작: Object6 vs Object8
  볼록 껍질 개수: Object6=128, Object8=128
      충돌 감지됨! 충돌 정보 설정 중...
  checkGJKCollision 완료: 충돌 감지
      충돌 결과: 충돌함
      충돌 정보 객체에 추가
    쌍 2: 'Object6' 와 'Object15'
      narrowPhase 실행...
>> checkGJKCollision 시작: Object6 vs Object15
  볼록 껍질 개수: Object6=128, Object15=128
      충돌 감지됨! 충돌 정보 설정 중...
  checkGJKCollision 완료: 충돌 감지
      충돌 결과: 충돌함
      충돌 정보 객체에 추가
    쌍 3: 'Object8' 와 'Object15'
      narrowPhase 실행...
>> checkGJKCollision 시작: Object8 vs Object15
  볼록 껍질 개수: Object8=128, Object15=128
      충돌 감지됨! 충돌 정보 설정 중...
  checkGJKCollision 완료: 충돌 감지
      충돌 결과: 충돌함
      충돌 정보 객체에 추가
  이전 충돌 상태 정리 중...
  충돌 상태 맵 업데이트
CollisionManager::update() - 완료

--- Frame 51 ---
Object0 position: (-9.845312, 10.501640, -13.127050)
Updating objects...
Object1 position: (0.712849, -3.089013, -0.237616)
Updating objects...
Object2 position: (-6.356097, 5.448076, 1.362019)
Updating objects...
Object3 position: (-1.079985, 2.519961, -5.039923)
Updating objects...
Object4 position: (-1.362019, -6.356097, -5.448076)
Updating objects...
Object5 position: (-0.061493, 0.184480, 0.030747)
Updating objects...
Object6 position: (-8.033697, -3.307991, 2.835425)
Updating objects...
Object7 position: (0.149378, 0.000000, -0.014938)
Updating objects...
Object8 position: (0.000000, -5.144411, 1.371842)
Updating objects...
Object9 position: (-2.211814, 3.317722, 4.423627)
Updating objects...
Object10 position: (-1.774182, 7.096728, 3.548364)
Updating objects...
Object11 position: (-0.808219, 0.000000, 6.869858)
Updating objects...
Object12 position: (8.714621, 3.588377, 5.126245)
Updating objects...
Object13 position: (-0.344319, -5.164790, -1.377277)
Updating objects...
Object14 position: (0.089854, 0.025673, 0.051345)
Updating objects...
Object15 position: (11.680219, -9.084608, 11.680219)
Updating objects...
Object16 position: (-0.453481, -2.494145, -1.587181)
Updating objects...
Object17 position: (-8.932711, 1.050908, 6.830887)
Updating objects...
Object18 position: (3.180889, -12.087364, 12.723555)
Updating objects...
Object19 position: (-3.200005, -1.600003, 3.200005)
Updating objects...
Running collision detection...
CollisionManager::update() - 시작 (프레임 51)
  객체 목록 크기: 20
  각 객체의 AABB 업데이트 중...
    객체 'Object1' 업데이트
    객체 'Object2' 업데이트
    객체 'Object3' 업데이트
    객체 'Object4' 업데이트
    객체 'Object5' 업데이트
    객체 'Object6' 업데이트
    객체 'Object7' 업데이트
    객체 'Object8' 업데이트
    객체 'Object9' 업데이트
    객체 'Object10' 업데이트
    객체 'Object11' 업데이트
    객체 'Object12' 업데이트
    객체 'Object13' 업데이트
    객체 'Object14' 업데이트
    객체 'Object15' 업데이트
    객체 'Object16' 업데이트
    객체 'Object17' 업데이트
    객체 'Object18' 업데이트
    객체 'Object19' 업데이트
    객체 'Object20' 업데이트
  대략적 충돌 감지(Broad Phase) 중...
    잠재적 충돌 쌍: 3개
  정밀 충돌 감지(Narrow Phase) 시작...
    쌍 1: 'Object6' 와 'Object8'
      narrowPhase 실행...
>> checkGJKCollision 시작: Object6 vs Object8
  볼록 껍질 개수: Object6=128, Object8=128
      충돌 감지됨! 충돌 정보 설정 중...
  checkGJKCollision 완료: 충돌 감지
      충돌 결과: 충돌함
      충돌 정보 객체에 추가
    쌍 2: 'Object6' 와 'Object15'
      narrowPhase 실행...
>> checkGJKCollision 시작: Object6 vs Object15
  볼록 껍질 개수: Object6=128, Object15=128
      충돌 감지됨! 충돌 정보 설정 중...
  checkGJKCollision 완료: 충돌 감지
      충돌 결과: 충돌함
      충돌 정보 객체에 추가
    쌍 3: 'Object8' 와 'Object15'
      narrowPhase 실행...
>> checkGJKCollision 시작: Object8 vs Object15
  볼록 껍질 개수: Object8=128, Object15=128
      충돌 감지됨! 충돌 정보 설정 중...
  checkGJKCollision 완료: 충돌 감지
      충돌 결과: 충돌함
      충돌 정보 객체에 추가
  이전 충돌 상태 정리 중...
  충돌 상태 맵 업데이트
CollisionManager::update() - 완료

--- Frame 52 ---
Object0 position: (-9.744240, 10.393829, -12.992287)
Updating objects...
Object1 position: (0.668003, -2.894680, -0.222668)
Updating objects...
Object2 position: (-6.206216, 5.319607, 1.329902)
Updating objects...
Object3 position: (-1.042338, 2.432117, -4.864235)
Updating objects...
Object4 position: (-1.329902, -6.206216, -5.319607)
Updating objects...
Object5 position: (0.000976, -0.002929, -0.000488)
Updating objects...
Object6 position: (-7.857887, -3.235598, 2.773375)
Updating objects...
Object7 position: (-0.049630, 0.000000, 0.004963)
Updating objects...
Object8 position: (0.000000, -4.951164, 1.320310)
Updating objects...
Object9 position: (-2.137536, 3.206305, 4.275071)
Updating objects...
Object10 position: (-1.730538, 6.922154, 3.461077)
Updating objects...
Object11 position: (-0.784851, 0.000000, 6.671227)
Updating objects...
Object12 position: (8.552162, 3.521482, 5.030682)
Updating objects...
Object13 position: (-0.331463, -4.971943, -1.325851)
Updating objects...
Object14 position: (-0.078686, -0.022482, -0.044963)
Updating objects...
Object15 position: (11.556301, -8.988228, 11.556301)
Updating objects...
Object16 position: (-0.423157, -2.327363, -1.481048)
Updating objects...
Object17 position: (-8.774529, 1.032298, 6.709924)
Updating objects...
Object18 position: (3.145220, -11.951822, 12.580879)
Updating objects...
Object19 position: (-3.066672, -1.533336, 3.066672)
Updating objects...
Running collision detection...
CollisionManager::update() - 시작 (프레임 52)
  객체 목록 크기: 20
  각 객체의 AABB 업데이트 중...
    객체 'Object1' 업데이트
    객체 'Object2' 업데이트
    객체 'Object3' 업데이트
    객체 'Object4' 업데이트
    객체 'Object5' 업데이트
    객체 'Object6' 업데이트
    객체 'Object7' 업데이트
    객체 'Object8' 업데이트
    객체 'Object9' 업데이트
    객체 'Object10' 업데이트
    객체 'Object11' 업데이트
    객체 'Object12' 업데이트
    객체 'Object13' 업데이트
    객체 'Object14' 업데이트
    객체 'Object15' 업데이트
    객체 'Object16' 업데이트
    객체 'Object17' 업데이트
    객체 'Object18' 업데이트
    객체 'Object19' 업데이트
    객체 'Object20' 업데이트
  대략적 충돌 감지(Broad Phase) 중...
    잠재적 충돌 쌍: 4개
  정밀 충돌 감지(Narrow Phase) 시작...
    쌍 1: 'Object2' 와 'Object17'
      narrowPhase 실행...
>> checkGJKCollision 시작: Object2 vs Object17
  볼록 껍질 개수: Object2=128, Object17=128
  모든 볼록 껍질 쌍 검사 완료, 충돌 없음
      충돌 결과: 충돌 없음
    쌍 2: 'Object6' 와 'Object8'
      narrowPhase 실행...
>> checkGJKCollision 시작: Object6 vs Object8
  볼록 껍질 개수: Object6=128, Object8=128
      충돌 감지됨! 충돌 정보 설정 중...
  checkGJKCollision 완료: 충돌 감지
      충돌 결과: 충돌함
      충돌 정보 객체에 추가
    쌍 3: 'Object6' 와 'Object15'
      narrowPhase 실행...
>> checkGJKCollision 시작: Object6 vs Object15
  볼록 껍질 개수: Object6=128, Object15=128
      충돌 감지됨! 충돌 정보 설정 중...
  checkGJKCollision 완료: 충돌 감지
      충돌 결과: 충돌함
      충돌 정보 객체에 추가
    쌍 4: 'Object8' 와 'Object15'
      narrowPhase 실행...
>> checkGJKCollision 시작: Object8 vs Object15
  볼록 껍질 개수: Object8=128, Object15=128
      충돌 감지됨! 충돌 정보 설정 중...
  checkGJKCollision 완료: 충돌 감지
      충돌 결과: 충돌함
      충돌 정보 객체에 추가
  이전 충돌 상태 정리 중...
  충돌 상태 맵 업데이트
CollisionManager::update() - 완료

--- Frame 53 ---
Object0 position: (-9.643167, 10.286018, -12.857523)
Updating objects...
Object1 position: (0.623157, -2.700347, -0.207719)
Updating objects...
Object2 position: (-6.056335, 5.191138, 1.297785)
Updating objects...
Object3 position: (-1.004690, 2.344274, -4.688547)
Updating objects...
Object4 position: (-1.297785, -6.056335, -5.191138)
Updating objects...
Object5 position: (-0.061493, 0.184480, 0.030747)
Updating objects...
Object6 position: (-7.682077, -3.163206, 2.711324)
Updating objects...
Object7 position: (0.149378, 0.000000, -0.014938)
Updating objects...
Object8 position: (0.000000, -4.757917, 1.268777)
Updating objects...
Object9 position: (-2.063257, 3.094887, 4.126515)
Updating objects...
Object10 position: (-1.686895, 6.747580, 3.373790)
Updating objects...
Object11 position: (-0.761483, 0.000000, 6.472597)
Updating objects...
Object12 position: (8.389704, 3.454588, 4.935118)
Updating objects...
Object13 position: (-0.318606, -4.779096, -1.274426)
Updating objects...
Object14 position: (0.089854, 0.025673, 0.051345)
Updating objects...
Object15 position: (11.432384, -8.891848, 11.432384)
Updating objects...
Object16 position: (-0.392833, -2.160582, -1.374914)
Updating objects...
Object17 position: (-8.616346, 1.013688, 6.588962)
Updating objects...
Object18 position: (3.109551, -11.816280, 12.438204)
Updating objects...
Object19 position: (-2.933339, -1.466669, 2.933339)
Updating objects...
Running collision detection...
CollisionManager::update() - 시작 (프레임 53)
  객체 목록 크기: 20
  각 객체의 AABB 업데이트 중...
    객체 'Object1' 업데이트
    객체 'Object2' 업데이트
    객체 'Object3' 업데이트
    객체 'Object4' 업데이트
    객체 'Object5' 업데이트
    객체 'Object6' 업데이트
    객체 'Object7' 업데이트
    객체 'Object8' 업데이트
    객체 'Object9' 업데이트
    객체 'Object10' 업데이트
    객체 'Object11' 업데이트
    객체 'Object12' 업데이트
    객체 'Object13' 업데이트
    객체 'Object14' 업데이트
    객체 'Object15' 업데이트
    객체 'Object16' 업데이트
    객체 'Object17' 업데이트
    객체 'Object18' 업데이트
    객체 'Object19' 업데이트
    객체 'Object20' 업데이트
  대략적 충돌 감지(Broad Phase) 중...
    잠재적 충돌 쌍: 4개
  정밀 충돌 감지(Narrow Phase) 시작...
    쌍 1: 'Object2' 와 'Object17'
      narrowPhase 실행...
>> checkGJKCollision 시작: Object2 vs Object17
  볼록 껍질 개수: Object2=128, Object17=128
  모든 볼록 껍질 쌍 검사 완료, 충돌 없음
      충돌 결과: 충돌 없음
    쌍 2: 'Object6' 와 'Object8'
      narrowPhase 실행...
>> checkGJKCollision 시작: Object6 vs Object8
  볼록 껍질 개수: Object6=128, Object8=128
      충돌 감지됨! 충돌 정보 설정 중...
  checkGJKCollision 완료: 충돌 감지
      충돌 결과: 충돌함
      충돌 정보 객체에 추가
    쌍 3: 'Object6' 와 'Object15'
      narrowPhase 실행...
>> checkGJKCollision 시작: Object6 vs Object15
  볼록 껍질 개수: Object6=128, Object15=128
      충돌 감지됨! 충돌 정보 설정 중...
  checkGJKCollision 완료: 충돌 감지
      충돌 결과: 충돌함
      충돌 정보 객체에 추가
    쌍 4: 'Object8' 와 'Object15'
      narrowPhase 실행...
>> checkGJKCollision 시작: Object8 vs Object15
  볼록 껍질 개수: Object8=128, Object15=128
      충돌 감지됨! 충돌 정보 설정 중...
  checkGJKCollision 완료: 충돌 감지
      충돌 결과: 충돌함
      충돌 정보 객체에 추가
  이전 충돌 상태 정리 중...
  충돌 상태 맵 업데이트
CollisionManager::update() - 완료

--- Frame 54 ---
Object0 position: (-9.542095, 10.178207, -12.722759)
Updating objects...
Object1 position: (0.578311, -2.506014, -0.192770)
Updating objects...
Object2 position: (-5.906455, 5.062669, 1.265667)
Updating objects...
Object3 position: (-0.967043, 2.256430, -4.512859)
Updating objects...
Object4 position: (-1.265667, -5.906455, -5.062669)
Updating objects...
Object5 position: (0.000976, -0.002929, -0.000488)
Updating objects...
Object6 position: (-7.506268, -3.090814, 2.649273)
Updating objects...
Object7 position: (-0.049630, 0.000000, 0.004963)
Updating objects...
Object8 position: (0.000000, -4.564671, 1.217245)
Updating objects...
Object9 position: (-1.988979, 2.983470, 3.977959)
Updating objects...
Object10 position: (-1.643251, 6.573005, 3.286503)
Updating objects...
Object11 position: (-0.738114, 0.000000, 6.273967)
Updating objects...
Object12 position: (8.227245, 3.387693, 4.839554)
Updating objects...
Object13 position: (-0.305750, -4.586248, -1.223000)
Updating objects...
Object14 position: (-0.078686, -0.022482, -0.044963)
Updating objects...
Object15 position: (11.308466, -8.795467, 11.308466)
Updating objects...
Object16 position: (-0.362509, -1.993800, -1.268780)
Updating objects...
Object17 position: (-8.458164, 0.995079, 6.467999)
Updating objects...
Object18 position: (3.073882, -11.680739, 12.295528)
Updating objects...
Object19 position: (-2.800005, -1.400003, 2.800005)
Updating objects...
Running collision detection...
CollisionManager::update() - 시작 (프레임 54)
  객체 목록 크기: 20
  각 객체의 AABB 업데이트 중...
    객체 'Object1' 업데이트
    객체 'Object2' 업데이트
    객체 'Object3' 업데이트
    객체 'Object4' 업데이트
    객체 'Object5' 업데이트
    객체 'Object6' 업데이트
    객체 'Object7' 업데이트
    객체 'Object8' 업데이트
    객체 'Object9' 업데이트
    객체 'Object10' 업데이트
    객체 'Object11' 업데이트
    객체 'Object12' 업데이트
    객체 'Object13' 업데이트
    객체 'Object14' 업데이트
    객체 'Object15' 업데이트
    객체 'Object16' 업데이트
    객체 'Object17' 업데이트
    객체 'Object18' 업데이트
    객체 'Object19' 업데이트
    객체 'Object20' 업데이트
  대략적 충돌 감지(Broad Phase) 중...
    잠재적 충돌 쌍: 4개
  정밀 충돌 감지(Narrow Phase) 시작...
    쌍 1: 'Object2' 와 'Object17'
      narrowPhase 실행...
>> checkGJKCollision 시작: Object2 vs Object17
  볼록 껍질 개수: Object2=128, Object17=128
  모든 볼록 껍질 쌍 검사 완료, 충돌 없음
      충돌 결과: 충돌 없음
    쌍 2: 'Object6' 와 'Object8'
      narrowPhase 실행...
>> checkGJKCollision 시작: Object6 vs Object8
  볼록 껍질 개수: Object6=128, Object8=128
      충돌 감지됨! 충돌 정보 설정 중...
  checkGJKCollision 완료: 충돌 감지
      충돌 결과: 충돌함
      충돌 정보 객체에 추가
    쌍 3: 'Object6' 와 'Object15'
      narrowPhase 실행...
>> checkGJKCollision 시작: Object6 vs Object15
  볼록 껍질 개수: Object6=128, Object15=128
      충돌 감지됨! 충돌 정보 설정 중...
  checkGJKCollision 완료: 충돌 감지
      충돌 결과: 충돌함
      충돌 정보 객체에 추가
    쌍 4: 'Object8' 와 'Object15'
      narrowPhase 실행...
>> checkGJKCollision 시작: Object8 vs Object15
  볼록 껍질 개수: Object8=128, Object15=128
      충돌 감지됨! 충돌 정보 설정 중...
  checkGJKCollision 완료: 충돌 감지
      충돌 결과: 충돌함
      충돌 정보 객체에 추가
  이전 충돌 상태 정리 중...
  충돌 상태 맵 업데이트
CollisionManager::update() - 완료

--- Frame 55 ---
Object0 position: (-9.441023, 10.070396, -12.587996)
Updating objects...
Object1 position: (0.533465, -2.311681, -0.177821)
Updating objects...
Object2 position: (-5.756574, 4.934200, 1.233550)
Updating objects...
Object3 position: (-0.929395, 2.168586, -4.337172)
Updating objects...
Object4 position: (-1.233550, -5.756575, -4.934200)
Updating objects...
Object5 position: (-0.061493, 0.184480, 0.030747)
Updating objects...
Object6 position: (-7.330458, -3.018422, 2.587223)
Updating objects...
Object7 position: (0.149378, 0.000000, -0.014938)
Updating objects...
Object8 position: (0.000000, -4.371424, 1.165712)
Updating objects...
Object9 position: (-1.914701, 2.872053, 3.829402)
Updating objects...
Object10 position: (-1.599608, 6.398431, 3.199215)
Updating objects...
Object11 position: (-0.714746, 0.000000, 6.075336)
Updating objects...
Object12 position: (8.064787, 3.320798, 4.743990)
Updating objects...
Object13 position: (-0.292893, -4.393401, -1.171574)
Updating objects...
Object14 position: (0.089854, 0.025673, 0.051345)
Updating objects...
Object15 position: (11.184548, -8.699087, 11.184548)
Updating objects...
Object16 position: (-0.332185, -1.827018, -1.162647)
Updating objects...
Object17 position: (-8.299982, 0.976469, 6.347036)
Updating objects...
Object18 position: (3.038213, -11.545198, 12.152853)
Updating objects...
Object19 position: (-2.666672, -1.333336, 2.666672)
Updating objects...
Running collision detection...
CollisionManager::update() - 시작 (프레임 55)
  객체 목록 크기: 20
  각 객체의 AABB 업데이트 중...
    객체 'Object1' 업데이트
    객체 'Object2' 업데이트
    객체 'Object3' 업데이트
    객체 'Object4' 업데이트
    객체 'Object5' 업데이트
    객체 'Object6' 업데이트
    객체 'Object7' 업데이트
    객체 'Object8' 업데이트
    객체 'Object9' 업데이트
    객체 'Object10' 업데이트
    객체 'Object11' 업데이트
    객체 'Object12' 업데이트
    객체 'Object13' 업데이트
    객체 'Object14' 업데이트
    객체 'Object15' 업데이트
    객체 'Object16' 업데이트
    객체 'Object17' 업데이트
    객체 'Object18' 업데이트
    객체 'Object19' 업데이트
    객체 'Object20' 업데이트
  대략적 충돌 감지(Broad Phase) 중...
    잠재적 충돌 쌍: 4개
  정밀 충돌 감지(Narrow Phase) 시작...
    쌍 1: 'Object2' 와 'Object17'
      narrowPhase 실행...
>> checkGJKCollision 시작: Object2 vs Object17
  볼록 껍질 개수: Object2=128, Object17=128
      충돌 감지됨! 충돌 정보 설정 중...
  checkGJKCollision 완료: 충돌 감지
      충돌 결과: 충돌함
      충돌 정보 객체에 추가
Object2 collision enter with Object17
Contact point: (0.100640, -2.069350, -0.670234)
Contact normal: (-0.619250, 0.346707, -0.704503)
Penetration depth: 0.1
Object17 collision enter with Object2
Contact point: (0.100640, -2.069350, -0.670234)
Contact normal: (0.619250, -0.346707, 0.704503)
Penetration depth: 0.1
    쌍 2: 'Object6' 와 'Object8'
      narrowPhase 실행...
>> checkGJKCollision 시작: Object6 vs Object8
  볼록 껍질 개수: Object6=128, Object8=128
      충돌 감지됨! 충돌 정보 설정 중...
  checkGJKCollision 완료: 충돌 감지
      충돌 결과: 충돌함
      충돌 정보 객체에 추가
    쌍 3: 'Object6' 와 'Object15'
      narrowPhase 실행...
>> checkGJKCollision 시작: Object6 vs Object15
  볼록 껍질 개수: Object6=128, Object15=128
      충돌 감지됨! 충돌 정보 설정 중...
  checkGJKCollision 완료: 충돌 감지
      충돌 결과: 충돌함
      충돌 정보 객체에 추가
    쌍 4: 'Object8' 와 'Object15'
      narrowPhase 실행...
>> checkGJKCollision 시작: Object8 vs Object15
  볼록 껍질 개수: Object8=128, Object15=128
      충돌 감지됨! 충돌 정보 설정 중...
  checkGJKCollision 완료: 충돌 감지
      충돌 결과: 충돌함
      충돌 정보 객체에 추가
  이전 충돌 상태 정리 중...
  충돌 상태 맵 업데이트
CollisionManager::update() - 완료

--- Frame 56 ---
Object0 position: (-9.339951, 9.962585, -12.453232)
Updating objects...
Object1 position: (0.488619, -2.117348, -0.162873)
Updating objects...
Object2 position: (-5.606693, 4.805731, 1.201433)
Updating objects...
Object3 position: (-0.891748, 2.080742, -4.161484)
Updating objects...
Object4 position: (-1.201433, -5.606694, -4.805731)
Updating objects...
Object5 position: (0.000976, -0.002929, -0.000488)
Updating objects...
Object6 position: (-7.154648, -2.946029, 2.525172)
Updating objects...
Object7 position: (-0.049630, 0.000000, 0.004963)
Updating objects...
Object8 position: (0.000000, -4.178177, 1.114180)
Updating objects...
Object9 position: (-1.840423, 2.760635, 3.680846)
Updating objects...
Object10 position: (-1.555964, 6.223856, 3.111928)
Updating objects...
Object11 position: (-0.691378, 0.000000, 5.876706)
Updating objects...
Object12 position: (7.902328, 3.253903, 4.648426)
Updating objects...
Object13 position: (-0.280037, -4.200554, -1.120148)
Updating objects...
Object14 position: (-0.078686, -0.022482, -0.044963)
Updating objects...
Object15 position: (11.060631, -8.602707, 11.060631)
Updating objects...
Object16 position: (-0.301861, -1.660237, -1.056513)
Updating objects...
Object17 position: (-8.141800, 0.957859, 6.226074)
Updating objects...
Object18 position: (3.002544, -11.409657, 12.010178)
Updating objects...
Object19 position: (-2.533339, -1.266669, 2.533339)
Updating objects...
Running collision detection...
CollisionManager::update() - 시작 (프레임 56)
  객체 목록 크기: 20
  각 객체의 AABB 업데이트 중...
    객체 'Object1' 업데이트
    객체 'Object2' 업데이트
    객체 'Object3' 업데이트
    객체 'Object4' 업데이트
    객체 'Object5' 업데이트
    객체 'Object6' 업데이트
    객체 'Object7' 업데이트
    객체 'Object8' 업데이트
    객체 'Object9' 업데이트
    객체 'Object10' 업데이트
    객체 'Object11' 업데이트
    객체 'Object12' 업데이트
    객체 'Object13' 업데이트
    객체 'Object14' 업데이트
    객체 'Object15' 업데이트
    객체 'Object16' 업데이트
    객체 'Object17' 업데이트
    객체 'Object18' 업데이트
    객체 'Object19' 업데이트
    객체 'Object20' 업데이트
  대략적 충돌 감지(Broad Phase) 중...
    잠재적 충돌 쌍: 7개
  정밀 충돌 감지(Narrow Phase) 시작...
    쌍 1: 'Object2' 와 'Object17'
      narrowPhase 실행...
>> checkGJKCollision 시작: Object2 vs Object17
  볼록 껍질 개수: Object2=128, Object17=128
      충돌 감지됨! 충돌 정보 설정 중...
  checkGJKCollision 완료: 충돌 감지
      충돌 결과: 충돌함
      충돌 정보 객체에 추가
    쌍 2: 'Object6' 와 'Object8'
      narrowPhase 실행...
>> checkGJKCollision 시작: Object6 vs Object8
  볼록 껍질 개수: Object6=128, Object8=128
      충돌 감지됨! 충돌 정보 설정 중...
  checkGJKCollision 완료: 충돌 감지
      충돌 결과: 충돌함
      충돌 정보 객체에 추가
    쌍 3: 'Object6' 와 'Object15'
      narrowPhase 실행...
>> checkGJKCollision 시작: Object6 vs Object15
  볼록 껍질 개수: Object6=128, Object15=128
      충돌 감지됨! 충돌 정보 설정 중...
  checkGJKCollision 완료: 충돌 감지
      충돌 결과: 충돌함
      충돌 정보 객체에 추가
    쌍 4: 'Object6' 와 'Object17'
      narrowPhase 실행...
>> checkGJKCollision 시작: Object6 vs Object17
  볼록 껍질 개수: Object6=128, Object17=128
  모든 볼록 껍질 쌍 검사 완료, 충돌 없음
      충돌 결과: 충돌 없음
    쌍 5: 'Object8' 와 'Object15'
      narrowPhase 실행...
>> checkGJKCollision 시작: Object8 vs Object15
  볼록 껍질 개수: Object8=128, Object15=128
      충돌 감지됨! 충돌 정보 설정 중...
  checkGJKCollision 완료: 충돌 감지
      충돌 결과: 충돌함
      충돌 정보 객체에 추가
    쌍 6: 'Object8' 와 'Object17'
      narrowPhase 실행...
>> checkGJKCollision 시작: Object8 vs Object17
  볼록 껍질 개수: Object8=128, Object17=128
  모든 볼록 껍질 쌍 검사 완료, 충돌 없음
      충돌 결과: 충돌 없음
    쌍 7: 'Object15' 와 'Object17'
      narrowPhase 실행...
>> checkGJKCollision 시작: Object15 vs Object17
  볼록 껍질 개수: Object15=128, Object17=128
  모든 볼록 껍질 쌍 검사 완료, 충돌 없음
      충돌 결과: 충돌 없음
  이전 충돌 상태 정리 중...
  충돌 상태 맵 업데이트
CollisionManager::update() - 완료

--- Frame 57 ---
Object0 position: (-9.238878, 9.854774, -12.318468)
Updating objects...
Object1 position: (0.443773, -1.923015, -0.147924)
Updating objects...
Object2 position: (-5.456813, 4.677262, 1.169316)
Updating objects...
Object3 position: (-0.854101, 1.992898, -3.985796)
Updating objects...
Object4 position: (-1.169316, -5.456813, -4.677262)
Updating objects...
Object5 position: (-0.061493, 0.184480, 0.030747)
Updating objects...
Object6 position: (-6.978838, -2.873637, 2.463122)
Updating objects...
Object7 position: (0.149378, 0.000000, -0.014938)
Updating objects...
Object8 position: (0.000000, -3.984930, 1.062647)
Updating objects...
Object9 position: (-1.766145, 2.649218, 3.532290)
Updating objects...
Object10 position: (-1.512321, 6.049282, 3.024641)
Updating objects...
Object11 position: (-0.668010, 0.000000, 5.678076)
Updating objects...
Object12 position: (7.739870, 3.187009, 4.552863)
Updating objects...
Object13 position: (-0.267180, -4.007707, -1.068722)
Updating objects...
Object14 position: (0.089854, 0.025673, 0.051345)
Updating objects...
Object15 position: (10.936713, -8.506327, 10.936713)
Updating objects...
Object16 position: (-0.271537, -1.493455, -0.950379)
Updating objects...
Object17 position: (-7.983617, 0.939249, 6.105111)
Updating objects...
Object18 position: (2.966876, -11.274116, 11.867502)
Updating objects...
Object19 position: (-2.400005, -1.200003, 2.400005)
Updating objects...
Running collision detection...
CollisionManager::update() - 시작 (프레임 57)
  객체 목록 크기: 20
  각 객체의 AABB 업데이트 중...
    객체 'Object1' 업데이트
    객체 'Object2' 업데이트
    객체 'Object3' 업데이트
    객체 'Object4' 업데이트
    객체 'Object5' 업데이트
    객체 'Object6' 업데이트
    객체 'Object7' 업데이트
    객체 'Object8' 업데이트
    객체 'Object9' 업데이트
    객체 'Object10' 업데이트
    객체 'Object11' 업데이트
    객체 'Object12' 업데이트
    객체 'Object13' 업데이트
    객체 'Object14' 업데이트
    객체 'Object15' 업데이트
    객체 'Object16' 업데이트
    객체 'Object17' 업데이트
    객체 'Object18' 업데이트
    객체 'Object19' 업데이트
    객체 'Object20' 업데이트
  대략적 충돌 감지(Broad Phase) 중...
    잠재적 충돌 쌍: 7개
  정밀 충돌 감지(Narrow Phase) 시작...
    쌍 1: 'Object2' 와 'Object17'
      narrowPhase 실행...
>> checkGJKCollision 시작: Object2 vs Object17
  볼록 껍질 개수: Object2=128, Object17=128
      충돌 감지됨! 충돌 정보 설정 중...
  checkGJKCollision 완료: 충돌 감지
      충돌 결과: 충돌함
      충돌 정보 객체에 추가
    쌍 2: 'Object6' 와 'Object8'
      narrowPhase 실행...
>> checkGJKCollision 시작: Object6 vs Object8
  볼록 껍질 개수: Object6=128, Object8=128
      충돌 감지됨! 충돌 정보 설정 중...
  checkGJKCollision 완료: 충돌 감지
      충돌 결과: 충돌함
      충돌 정보 객체에 추가
    쌍 3: 'Object6' 와 'Object15'
      narrowPhase 실행...
>> checkGJKCollision 시작: Object6 vs Object15
  볼록 껍질 개수: Object6=128, Object15=128
      충돌 감지됨! 충돌 정보 설정 중...
  checkGJKCollision 완료: 충돌 감지
      충돌 결과: 충돌함
      충돌 정보 객체에 추가
    쌍 4: 'Object6' 와 'Object17'
      narrowPhase 실행...
>> checkGJKCollision 시작: Object6 vs Object17
  볼록 껍질 개수: Object6=128, Object17=128
  모든 볼록 껍질 쌍 검사 완료, 충돌 없음
      충돌 결과: 충돌 없음
    쌍 5: 'Object8' 와 'Object15'
      narrowPhase 실행...
>> checkGJKCollision 시작: Object8 vs Object15
  볼록 껍질 개수: Object8=128, Object15=128
      충돌 감지됨! 충돌 정보 설정 중...
  checkGJKCollision 완료: 충돌 감지
      충돌 결과: 충돌함
      충돌 정보 객체에 추가
    쌍 6: 'Object8' 와 'Object17'
      narrowPhase 실행...
>> checkGJKCollision 시작: Object8 vs Object17
  볼록 껍질 개수: Object8=128, Object17=128
  모든 볼록 껍질 쌍 검사 완료, 충돌 없음
      충돌 결과: 충돌 없음
    쌍 7: 'Object15' 와 'Object17'
      narrowPhase 실행...
>> checkGJKCollision 시작: Object15 vs Object17
  볼록 껍질 개수: Object15=128, Object17=128
  모든 볼록 껍질 쌍 검사 완료, 충돌 없음
      충돌 결과: 충돌 없음
  이전 충돌 상태 정리 중...
  충돌 상태 맵 업데이트
CollisionManager::update() - 완료

--- Frame 58 ---
Object0 position: (-9.137806, 9.746964, -12.183704)
Updating objects...
Object1 position: (0.398926, -1.728682, -0.132975)
Updating objects...
Object2 position: (-5.306932, 4.548793, 1.137198)
Updating objects...
Object3 position: (-0.816453, 1.905054, -3.810109)
Updating objects...
Object4 position: (-1.137198, -5.306932, -4.548793)
Updating objects...
Object5 position: (0.000976, -0.002929, -0.000488)
Updating objects...
Object6 position: (-6.803028, -2.801245, 2.401071)
Updating objects...
Object7 position: (-0.049630, 0.000000, 0.004963)
Updating objects...
Object8 position: (0.000000, -3.791683, 1.011115)
Updating objects...
Object9 position: (-1.691867, 2.537801, 3.383734)
Updating objects...
Object10 position: (-1.468677, 5.874708, 2.937354)
Updating objects...
Object11 position: (-0.644641, 0.000000, 5.479445)
Updating objects...
Object12 position: (7.577412, 3.120114, 4.457299)
Updating objects...
Object13 position: (-0.254324, -3.814859, -1.017296)
Updating objects...
Object14 position: (-0.078686, -0.022482, -0.044963)
Updating objects...
Object15 position: (10.812796, -8.409946, 10.812796)
Updating objects...
Object16 position: (-0.241213, -1.326673, -0.844246)
Updating objects...
Object17 position: (-7.825435, 0.920640, 5.984149)
Updating objects...
Object18 position: (2.931207, -11.138575, 11.724827)
Updating objects...
Object19 position: (-2.266672, -1.133336, 2.266672)
Updating objects...
Running collision detection...
CollisionManager::update() - 시작 (프레임 58)
  객체 목록 크기: 20
  각 객체의 AABB 업데이트 중...
    객체 'Object1' 업데이트
    객체 'Object2' 업데이트
    객체 'Object3' 업데이트
    객체 'Object4' 업데이트
    객체 'Object5' 업데이트
    객체 'Object6' 업데이트
    객체 'Object7' 업데이트
    객체 'Object8' 업데이트
    객체 'Object9' 업데이트
    객체 'Object10' 업데이트
    객체 'Object11' 업데이트
    객체 'Object12' 업데이트
    객체 'Object13' 업데이트
    객체 'Object14' 업데이트
    객체 'Object15' 업데이트
    객체 'Object16' 업데이트
    객체 'Object17' 업데이트
    객체 'Object18' 업데이트
    객체 'Object19' 업데이트
    객체 'Object20' 업데이트
  대략적 충돌 감지(Broad Phase) 중...
    잠재적 충돌 쌍: 7개
  정밀 충돌 감지(Narrow Phase) 시작...
    쌍 1: 'Object2' 와 'Object17'
      narrowPhase 실행...
>> checkGJKCollision 시작: Object2 vs Object17
  볼록 껍질 개수: Object2=128, Object17=128
      충돌 감지됨! 충돌 정보 설정 중...
  checkGJKCollision 완료: 충돌 감지
      충돌 결과: 충돌함
      충돌 정보 객체에 추가
    쌍 2: 'Object6' 와 'Object8'
      narrowPhase 실행...
>> checkGJKCollision 시작: Object6 vs Object8
  볼록 껍질 개수: Object6=128, Object8=128
      충돌 감지됨! 충돌 정보 설정 중...
  checkGJKCollision 완료: 충돌 감지
      충돌 결과: 충돌함
      충돌 정보 객체에 추가
    쌍 3: 'Object6' 와 'Object15'
      narrowPhase 실행...
>> checkGJKCollision 시작: Object6 vs Object15
  볼록 껍질 개수: Object6=128, Object15=128
      충돌 감지됨! 충돌 정보 설정 중...
  checkGJKCollision 완료: 충돌 감지
      충돌 결과: 충돌함
      충돌 정보 객체에 추가
    쌍 4: 'Object6' 와 'Object17'
      narrowPhase 실행...
>> checkGJKCollision 시작: Object6 vs Object17
  볼록 껍질 개수: Object6=128, Object17=128
  모든 볼록 껍질 쌍 검사 완료, 충돌 없음
      충돌 결과: 충돌 없음
    쌍 5: 'Object8' 와 'Object15'
      narrowPhase 실행...
>> checkGJKCollision 시작: Object8 vs Object15
  볼록 껍질 개수: Object8=128, Object15=128
      충돌 감지됨! 충돌 정보 설정 중...
  checkGJKCollision 완료: 충돌 감지
      충돌 결과: 충돌함
      충돌 정보 객체에 추가
    쌍 6: 'Object8' 와 'Object17'
      narrowPhase 실행...
>> checkGJKCollision 시작: Object8 vs Object17
  볼록 껍질 개수: Object8=128, Object17=128
  모든 볼록 껍질 쌍 검사 완료, 충돌 없음
      충돌 결과: 충돌 없음
    쌍 7: 'Object15' 와 'Object17'
      narrowPhase 실행...
>> checkGJKCollision 시작: Object15 vs Object17
  볼록 껍질 개수: Object15=128, Object17=128
  모든 볼록 껍질 쌍 검사 완료, 충돌 없음
      충돌 결과: 충돌 없음
  이전 충돌 상태 정리 중...
  충돌 상태 맵 업데이트
CollisionManager::update() - 완료

--- Frame 59 ---
Object0 position: (-9.036733, 9.639153, -12.048941)
Updating objects...
Object1 position: (0.354080, -1.534348, -0.118027)
Updating objects...
Object2 position: (-5.157052, 4.420324, 1.105081)
Updating objects...
Object3 position: (-0.778806, 1.817211, -3.634421)
Updating objects...
Object4 position: (-1.105081, -5.157052, -4.420324)
Updating objects...
Object5 position: (-0.061493, 0.184480, 0.030747)
Updating objects...
Object6 position: (-6.627218, -2.728853, 2.339020)
Updating objects...
Object7 position: (0.149378, 0.000000, -0.014938)
Updating objects...
Object8 position: (0.000000, -3.598436, 0.959582)
Updating objects...
Object9 position: (-1.617589, 2.426383, 3.235178)
Updating objects...
Object10 position: (-1.425033, 5.700133, 2.850067)
Updating objects...
Object11 position: (-0.621273, 0.000000, 5.280815)
Updating objects...
Object12 position: (7.414953, 3.053219, 4.361735)
Updating objects...
Object13 position: (-0.241467, -3.622012, -0.965870)
Updating objects...
Object14 position: (0.089854, 0.025673, 0.051345)
Updating objects...
Object15 position: (10.688878, -8.313566, 10.688878)
Updating objects...
Object16 position: (-0.210889, -1.159892, -0.738112)
Updating objects...
Object17 position: (-7.667252, 0.902030, 5.863186)
Updating objects...
Object18 position: (2.895538, -11.003033, 11.582151)
Updating objects...
Object19 position: (-2.133338, -1.066669, 2.133338)
Updating objects...
Running collision detection...
CollisionManager::update() - 시작 (프레임 59)
  객체 목록 크기: 20
  각 객체의 AABB 업데이트 중...
    객체 'Object1' 업데이트
    객체 'Object2' 업데이트
    객체 'Object3' 업데이트
    객체 'Object4' 업데이트
    객체 'Object5' 업데이트
    객체 'Object6' 업데이트
    객체 'Object7' 업데이트
    객체 'Object8' 업데이트
    객체 'Object9' 업데이트
    객체 'Object10' 업데이트
    객체 'Object11' 업데이트
    객체 'Object12' 업데이트
    객체 'Object13' 업데이트
    객체 'Object14' 업데이트
    객체 'Object15' 업데이트
    객체 'Object16' 업데이트
    객체 'Object17' 업데이트
    객체 'Object18' 업데이트
    객체 'Object19' 업데이트
    객체 'Object20' 업데이트
  대략적 충돌 감지(Broad Phase) 중...
    잠재적 충돌 쌍: 9개
  정밀 충돌 감지(Narrow Phase) 시작...
    쌍 1: 'Object2' 와 'Object8'
      narrowPhase 실행...
>> checkGJKCollision 시작: Object2 vs Object8
  볼록 껍질 개수: Object2=128, Object8=128
      충돌 감지됨! 충돌 정보 설정 중...
  checkGJKCollision 완료: 충돌 감지
      충돌 결과: 충돌함
      충돌 정보 객체에 추가
    쌍 2: 'Object2' 와 'Object15'
      narrowPhase 실행...
>> checkGJKCollision 시작: Object2 vs Object15
  볼록 껍질 개수: Object2=128, Object15=128
      충돌 감지됨! 충돌 정보 설정 중...
  checkGJKCollision 완료: 충돌 감지
      충돌 결과: 충돌함
      충돌 정보 객체에 추가
    쌍 3: 'Object2' 와 'Object17'
      narrowPhase 실행...
>> checkGJKCollision 시작: Object2 vs Object17
  볼록 껍질 개수: Object2=128, Object17=128
      충돌 감지됨! 충돌 정보 설정 중...
  checkGJKCollision 완료: 충돌 감지
      충돌 결과: 충돌함
      충돌 정보 객체에 추가
    쌍 4: 'Object6' 와 'Object8'
      narrowPhase 실행...
>> checkGJKCollision 시작: Object6 vs Object8
  볼록 껍질 개수: Object6=128, Object8=128
      충돌 감지됨! 충돌 정보 설정 중...
  checkGJKCollision 완료: 충돌 감지
      충돌 결과: 충돌함
      충돌 정보 객체에 추가
    쌍 5: 'Object6' 와 'Object15'
      narrowPhase 실행...
>> checkGJKCollision 시작: Object6 vs Object15
  볼록 껍질 개수: Object6=128, Object15=128
      충돌 감지됨! 충돌 정보 설정 중...
  checkGJKCollision 완료: 충돌 감지
      충돌 결과: 충돌함
      충돌 정보 객체에 추가
    쌍 6: 'Object6' 와 'Object17'
      narrowPhase 실행...
>> checkGJKCollision 시작: Object6 vs Object17
  볼록 껍질 개수: Object6=128, Object17=128
  모든 볼록 껍질 쌍 검사 완료, 충돌 없음
      충돌 결과: 충돌 없음
    쌍 7: 'Object8' 와 'Object15'
      narrowPhase 실행...
>> checkGJKCollision 시작: Object8 vs Object15
  볼록 껍질 개수: Object8=128, Object15=128
      충돌 감지됨! 충돌 정보 설정 중...
  checkGJKCollision 완료: 충돌 감지
      충돌 결과: 충돌함
      충돌 정보 객체에 추가
    쌍 8: 'Object8' 와 'Object17'
      narrowPhase 실행...
>> checkGJKCollision 시작: Object8 vs Object17
  볼록 껍질 개수: Object8=128, Object17=128
  모든 볼록 껍질 쌍 검사 완료, 충돌 없음
      충돌 결과: 충돌 없음
    쌍 9: 'Object15' 와 'Object17'
      narrowPhase 실행...
>> checkGJKCollision 시작: Object15 vs Object17
  볼록 껍질 개수: Object15=128, Object17=128
  모든 볼록 껍질 쌍 검사 완료, 충돌 없음
      충돌 결과: 충돌 없음
  이전 충돌 상태 정리 중...
  충돌 상태 맵 업데이트
CollisionManager::update() - 완료

--- Frame 60 ---
Object0 position: (-8.935659, 9.531342, -11.914177)
Updating objects...
Object1 position: (0.309234, -1.340015, -0.103078)
Updating objects...
Object2 position: (-5.007171, 4.291855, 1.072964)
Updating objects...
Object3 position: (-0.741158, 1.729367, -3.458734)
Updating objects...
Object4 position: (-1.072964, -5.007172, -4.291855)
Updating objects...
Object5 position: (0.000976, -0.002929, -0.000488)
Updating objects...
Object6 position: (-6.451408, -2.656461, 2.276970)
Updating objects...
Object7 position: (-0.049630, 0.000000, 0.004963)
Updating objects...
Object8 position: (0.000000, -3.405189, 0.908050)
Updating objects...
Object9 position: (-1.543311, 2.314966, 3.086621)
Updating objects...
Object10 position: (-1.381390, 5.525559, 2.762779)
Updating objects...
Object11 position: (-0.597905, 0.000000, 5.082185)
Updating objects...
Object12 position: (7.252495, 2.986324, 4.266171)
Updating objects...
Object13 position: (-0.228611, -3.429165, -0.914444)
Updating objects...
Object14 position: (-0.078686, -0.022482, -0.044963)
Updating objects...
Object15 position: (10.564960, -8.217186, 10.564960)
Updating objects...
Object16 position: (-0.180565, -0.993110, -0.631978)
Updating objects...
Object17 position: (-7.509069, 0.883420, 5.742223)
Updating objects...
Object18 position: (2.859869, -10.867491, 11.439476)
Updating objects...
Object19 position: (-2.000005, -1.000002, 2.000005)
Updating objects...
Running collision detection...
CollisionManager::update() - 시작 (프레임 60)
  객체 목록 크기: 20
  각 객체의 AABB 업데이트 중...
    객체 'Object1' 업데이트
    객체 'Object2' 업데이트
    객체 'Object3' 업데이트
    객체 'Object4' 업데이트
    객체 'Object5' 업데이트
    객체 'Object6' 업데이트
    객체 'Object7' 업데이트
    객체 'Object8' 업데이트
    객체 'Object9' 업데이트
    객체 'Object10' 업데이트
    객체 'Object11' 업데이트
    객체 'Object12' 업데이트
    객체 'Object13' 업데이트
    객체 'Object14' 업데이트
    객체 'Object15' 업데이트
    객체 'Object16' 업데이트
    객체 'Object17' 업데이트
    객체 'Object18' 업데이트
    객체 'Object19' 업데이트
    객체 'Object20' 업데이트
  대략적 충돌 감지(Broad Phase) 중...
    잠재적 충돌 쌍: 10개
  정밀 충돌 감지(Narrow Phase) 시작...
    쌍 1: 'Object2' 와 'Object6'
      narrowPhase 실행...
>> checkGJKCollision 시작: Object2 vs Object6
  볼록 껍질 개수: Object2=128, Object6=128
      충돌 감지됨! 충돌 정보 설정 중...
  checkGJKCollision 완료: 충돌 감지
      충돌 결과: 충돌함
      충돌 정보 객체에 추가
    쌍 2: 'Object2' 와 'Object8'
      narrowPhase 실행...
>> checkGJKCollision 시작: Object2 vs Object8
  볼록 껍질 개수: Object2=128, Object8=128
      충돌 감지됨! 충돌 정보 설정 중...
  checkGJKCollision 완료: 충돌 감지
      충돌 결과: 충돌함
      충돌 정보 객체에 추가
    쌍 3: 'Object2' 와 'Object15'
      narrowPhase 실행...
>> checkGJKCollision 시작: Object2 vs Object15
  볼록 껍질 개수: Object2=128, Object15=128
      충돌 감지됨! 충돌 정보 설정 중...
  checkGJKCollision 완료: 충돌 감지
      충돌 결과: 충돌함
      충돌 정보 객체에 추가
    쌍 4: 'Object2' 와 'Object17'
      narrowPhase 실행...
>> checkGJKCollision 시작: Object2 vs Object17
  볼록 껍질 개수: Object2=128, Object17=128
      충돌 감지됨! 충돌 정보 설정 중...
  checkGJKCollision 완료: 충돌 감지
      충돌 결과: 충돌함
      충돌 정보 객체에 추가
    쌍 5: 'Object6' 와 'Object8'
      narrowPhase 실행...
>> checkGJKCollision 시작: Object6 vs Object8
  볼록 껍질 개수: Object6=128, Object8=128
      충돌 감지됨! 충돌 정보 설정 중...
  checkGJKCollision 완료: 충돌 감지
      충돌 결과: 충돌함
      충돌 정보 객체에 추가
    쌍 6: 'Object6' 와 'Object15'
      narrowPhase 실행...
>> checkGJKCollision 시작: Object6 vs Object15
  볼록 껍질 개수: Object6=128, Object15=128
      충돌 감지됨! 충돌 정보 설정 중...
  checkGJKCollision 완료: 충돌 감지
      충돌 결과: 충돌함
      충돌 정보 객체에 추가
    쌍 7: 'Object6' 와 'Object17'
      narrowPhase 실행...
>> checkGJKCollision 시작: Object6 vs Object17
  볼록 껍질 개수: Object6=128, Object17=128
      충돌 감지됨! 충돌 정보 설정 중...
  checkGJKCollision 완료: 충돌 감지
      충돌 결과: 충돌함
      충돌 정보 객체에 추가
    쌍 8: 'Object8' 와 'Object15'
      narrowPhase 실행...
>> checkGJKCollision 시작: Object8 vs Object15
  볼록 껍질 개수: Object8=128, Object15=128
      충돌 감지됨! 충돌 정보 설정 중...
  checkGJKCollision 완료: 충돌 감지
      충돌 결과: 충돌함
      충돌 정보 객체에 추가
    쌍 9: 'Object8' 와 'Object17'
      narrowPhase 실행...
>> checkGJKCollision 시작: Object8 vs Object17
  볼록 껍질 개수: Object8=128, Object17=128
      충돌 감지됨! 충돌 정보 설정 중...
  checkGJKCollision 완료: 충돌 감지
      충돌 결과: 충돌함
      충돌 정보 객체에 추가
    쌍 10: 'Object15' 와 'Object17'
      narrowPhase 실행...
>> checkGJKCollision 시작: Object15 vs Object17
  볼록 껍질 개수: Object15=128, Object17=128
      충돌 감지됨! 충돌 정보 설정 중...
  checkGJKCollision 완료: 충돌 감지
      충돌 결과: 충돌함
      충돌 정보 객체에 추가
  이전 충돌 상태 정리 중...
  충돌 상태 맵 업데이트
CollisionManager::update() - 완료

--- Frame 61 ---
Object0 position: (-8.834587, 9.423531, -11.779413)
Updating objects...
Object1 position: (0.264388, -1.145682, -0.088129)
Updating objects...
Object2 position: (-4.857290, 4.163386, 1.040847)
Updating objects...
Object3 position: (-0.703511, 1.641523, -3.283046)
Updating objects...
Object4 position: (-1.040847, -4.857291, -4.163386)
Updating objects...
Object5 position: (-0.061493, 0.184480, 0.030747)
Updating objects...
Object6 position: (-6.275599, -2.584068, 2.214919)
Updating objects...
Object7 position: (0.149378, 0.000000, -0.014938)
Updating objects...
Object8 position: (0.000000, -3.211941, 0.856517)
Updating objects...
Object9 position: (-1.469033, 2.203549, 2.938065)
Updating objects...
Object10 position: (-1.337746, 5.350985, 2.675492)
Updating objects...
Object11 position: (-0.574536, 0.000000, 4.883554)
Updating objects...
Object12 position: (7.090036, 2.919430, 4.170608)
Updating objects...
Object13 position: (-0.215755, -3.236318, -0.863018)
Updating objects...
Object14 position: (0.089854, 0.025673, 0.051345)
Updating objects...
Object15 position: (10.441043, -8.120806, 10.441043)
Updating objects...
Object16 position: (-0.150241, -0.826328, -0.525845)
Updating objects...
Object17 position: (-7.350887, 0.864811, 5.621260)
Updating objects...
Object18 position: (2.824200, -10.731949, 11.296801)
Updating objects...
Object19 position: (-1.866671, -0.933336, 1.866671)
Updating objects...
Running collision detection...
CollisionManager::update() - 시작 (프레임 61)
  객체 목록 크기: 20
  각 객체의 AABB 업데이트 중...
    객체 'Object1' 업데이트
    객체 'Object2' 업데이트
    객체 'Object3' 업데이트
    객체 'Object4' 업데이트
    객체 'Object5' 업데이트
    객체 'Object6' 업데이트
    객체 'Object7' 업데이트
    객체 'Object8' 업데이트
    객체 'Object9' 업데이트
    객체 'Object10' 업데이트
    객체 'Object11' 업데이트
    객체 'Object12' 업데이트
    객체 'Object13' 업데이트
    객체 'Object14' 업데이트
    객체 'Object15' 업데이트
    객체 'Object16' 업데이트
    객체 'Object17' 업데이트
    객체 'Object18' 업데이트
    객체 'Object19' 업데이트
    객체 'Object20' 업데이트
  대략적 충돌 감지(Broad Phase) 중...
    잠재적 충돌 쌍: 10개
  정밀 충돌 감지(Narrow Phase) 시작...
    쌍 1: 'Object2' 와 'Object6'
      narrowPhase 실행...
>> checkGJKCollision 시작: Object2 vs Object6
  볼록 껍질 개수: Object2=128, Object6=128
      충돌 감지됨! 충돌 정보 설정 중...
  checkGJKCollision 완료: 충돌 감지
      충돌 결과: 충돌함
      충돌 정보 객체에 추가
    쌍 2: 'Object2' 와 'Object8'
      narrowPhase 실행...
>> checkGJKCollision 시작: Object2 vs Object8
  볼록 껍질 개수: Object2=128, Object8=128
      충돌 감지됨! 충돌 정보 설정 중...
  checkGJKCollision 완료: 충돌 감지
      충돌 결과: 충돌함
      충돌 정보 객체에 추가
    쌍 3: 'Object2' 와 'Object15'
      narrowPhase 실행...
>> checkGJKCollision 시작: Object2 vs Object15
  볼록 껍질 개수: Object2=128, Object15=128
      충돌 감지됨! 충돌 정보 설정 중...
  checkGJKCollision 완료: 충돌 감지
      충돌 결과: 충돌함
      충돌 정보 객체에 추가
    쌍 4: 'Object2' 와 'Object17'
      narrowPhase 실행...
>> checkGJKCollision 시작: Object2 vs Object17
  볼록 껍질 개수: Object2=128, Object17=128
      충돌 감지됨! 충돌 정보 설정 중...
  checkGJKCollision 완료: 충돌 감지
      충돌 결과: 충돌함
      충돌 정보 객체에 추가
    쌍 5: 'Object6' 와 'Object8'
      narrowPhase 실행...
>> checkGJKCollision 시작: Object6 vs Object8
  볼록 껍질 개수: Object6=128, Object8=128
      충돌 감지됨! 충돌 정보 설정 중...
  checkGJKCollision 완료: 충돌 감지
      충돌 결과: 충돌함
      충돌 정보 객체에 추가
    쌍 6: 'Object6' 와 'Object15'
      narrowPhase 실행...
>> checkGJKCollision 시작: Object6 vs Object15
  볼록 껍질 개수: Object6=128, Object15=128
      충돌 감지됨! 충돌 정보 설정 중...
  checkGJKCollision 완료: 충돌 감지
      충돌 결과: 충돌함
      충돌 정보 객체에 추가
    쌍 7: 'Object6' 와 'Object17'
      narrowPhase 실행...
>> checkGJKCollision 시작: Object6 vs Object17
  볼록 껍질 개수: Object6=128, Object17=128
      충돌 감지됨! 충돌 정보 설정 중...
  checkGJKCollision 완료: 충돌 감지
      충돌 결과: 충돌함
      충돌 정보 객체에 추가
    쌍 8: 'Object8' 와 'Object15'
      narrowPhase 실행...
>> checkGJKCollision 시작: Object8 vs Object15
  볼록 껍질 개수: Object8=128, Object15=128
      충돌 감지됨! 충돌 정보 설정 중...
  checkGJKCollision 완료: 충돌 감지
      충돌 결과: 충돌함
      충돌 정보 객체에 추가
    쌍 9: 'Object8' 와 'Object17'
      narrowPhase 실행...
>> checkGJKCollision 시작: Object8 vs Object17
  볼록 껍질 개수: Object8=128, Object17=128
      충돌 감지됨! 충돌 정보 설정 중...
  checkGJKCollision 완료: 충돌 감지
      충돌 결과: 충돌함
      충돌 정보 객체에 추가
    쌍 10: 'Object15' 와 'Object17'
      narrowPhase 실행...
>> checkGJKCollision 시작: Object15 vs Object17
  볼록 껍질 개수: Object15=128, Object17=128
      충돌 감지됨! 충돌 정보 설정 중...
  checkGJKCollision 완료: 충돌 감지
      충돌 결과: 충돌함
      충돌 정보 객체에 추가
  이전 충돌 상태 정리 중...
  충돌 상태 맵 업데이트
CollisionManager::update() - 완료

--- Frame 62 ---
Object0 position: (-8.733514, 9.315720, -11.644650)
Updating objects...
Object1 position: (0.219542, -0.951349, -0.073181)
Updating objects...
Object2 position: (-4.707410, 4.034917, 1.008729)
Updating objects...
Object3 position: (-0.665863, 1.553679, -3.107358)
Updating objects...
Object4 position: (-1.008729, -4.707410, -4.034917)
Updating objects...
Object5 position: (0.000976, -0.002929, -0.000488)
Updating objects...
Object6 position: (-6.099789, -2.511676, 2.152869)
Updating objects...
Object7 position: (-0.049630, 0.000000, 0.004963)
Updating objects...
Object8 position: (0.000000, -3.018694, 0.804985)
Updating objects...
Object9 position: (-1.394754, 2.092132, 2.789509)
Updating objects...
Object10 position: (-1.294103, 5.176410, 2.588205)
Updating objects...
Object11 position: (-0.551168, 0.000000, 4.684924)
Updating objects...
Object12 position: (6.927578, 2.852535, 4.075044)
Updating objects...
Object13 position: (-0.202898, -3.043470, -0.811592)
Updating objects...
Object14 position: (-0.078686, -0.022482, -0.044963)
Updating objects...
Object15 position: (10.317125, -8.024426, 10.317125)
Updating objects...
Object16 position: (-0.119917, -0.659547, -0.419711)
Updating objects...
Object17 position: (-7.192705, 0.846201, 5.500297)
Updating objects...
Object18 position: (2.788531, -10.596407, 11.154125)
Updating objects...
Object19 position: (-1.733338, -0.866669, 1.733338)
Updating objects...
Running collision detection...
CollisionManager::update() - 시작 (프레임 62)
  객체 목록 크기: 20
  각 객체의 AABB 업데이트 중...
    객체 'Object1' 업데이트
    객체 'Object2' 업데이트
    객체 'Object3' 업데이트
    객체 'Object4' 업데이트
    객체 'Object5' 업데이트
    객체 'Object6' 업데이트
    객체 'Object7' 업데이트
    객체 'Object8' 업데이트
    객체 'Object9' 업데이트
    객체 'Object10' 업데이트
    객체 'Object11' 업데이트
    객체 'Object12' 업데이트
    객체 'Object13' 업데이트
    객체 'Object14' 업데이트
    객체 'Object15' 업데이트
    객체 'Object16' 업데이트
    객체 'Object17' 업데이트
    객체 'Object18' 업데이트
    객체 'Object19' 업데이트
    객체 'Object20' 업데이트
  대략적 충돌 감지(Broad Phase) 중...
    잠재적 충돌 쌍: 10개
  정밀 충돌 감지(Narrow Phase) 시작...
    쌍 1: 'Object2' 와 'Object6'
      narrowPhase 실행...
>> checkGJKCollision 시작: Object2 vs Object6
  볼록 껍질 개수: Object2=128, Object6=128
      충돌 감지됨! 충돌 정보 설정 중...
  checkGJKCollision 완료: 충돌 감지
      충돌 결과: 충돌함
      충돌 정보 객체에 추가
    쌍 2: 'Object2' 와 'Object8'
      narrowPhase 실행...
>> checkGJKCollision 시작: Object2 vs Object8
  볼록 껍질 개수: Object2=128, Object8=128
      충돌 감지됨! 충돌 정보 설정 중...
  checkGJKCollision 완료: 충돌 감지
      충돌 결과: 충돌함
      충돌 정보 객체에 추가
    쌍 3: 'Object2' 와 'Object15'
      narrowPhase 실행...
>> checkGJKCollision 시작: Object2 vs Object15
  볼록 껍질 개수: Object2=128, Object15=128
      충돌 감지됨! 충돌 정보 설정 중...
  checkGJKCollision 완료: 충돌 감지
      충돌 결과: 충돌함
      충돌 정보 객체에 추가
    쌍 4: 'Object2' 와 'Object17'
      narrowPhase 실행...
>> checkGJKCollision 시작: Object2 vs Object17
  볼록 껍질 개수: Object2=128, Object17=128
      충돌 감지됨! 충돌 정보 설정 중...
  checkGJKCollision 완료: 충돌 감지
      충돌 결과: 충돌함
      충돌 정보 객체에 추가
    쌍 5: 'Object6' 와 'Object8'
      narrowPhase 실행...
>> checkGJKCollision 시작: Object6 vs Object8
  볼록 껍질 개수: Object6=128, Object8=128
      충돌 감지됨! 충돌 정보 설정 중...
  checkGJKCollision 완료: 충돌 감지
      충돌 결과: 충돌함
      충돌 정보 객체에 추가
    쌍 6: 'Object6' 와 'Object15'
      narrowPhase 실행...
>> checkGJKCollision 시작: Object6 vs Object15
  볼록 껍질 개수: Object6=128, Object15=128
      충돌 감지됨! 충돌 정보 설정 중...
  checkGJKCollision 완료: 충돌 감지
      충돌 결과: 충돌함
      충돌 정보 객체에 추가
    쌍 7: 'Object6' 와 'Object17'
      narrowPhase 실행...
>> checkGJKCollision 시작: Object6 vs Object17
  볼록 껍질 개수: Object6=128, Object17=128
      충돌 감지됨! 충돌 정보 설정 중...
  checkGJKCollision 완료: 충돌 감지
      충돌 결과: 충돌함
      충돌 정보 객체에 추가
    쌍 8: 'Object8' 와 'Object15'
      narrowPhase 실행...
>> checkGJKCollision 시작: Object8 vs Object15
  볼록 껍질 개수: Object8=128, Object15=128
      충돌 감지됨! 충돌 정보 설정 중...
  checkGJKCollision 완료: 충돌 감지
      충돌 결과: 충돌함
      충돌 정보 객체에 추가
    쌍 9: 'Object8' 와 'Object17'
      narrowPhase 실행...
>> checkGJKCollision 시작: Object8 vs Object17
  볼록 껍질 개수: Object8=128, Object17=128
      충돌 감지됨! 충돌 정보 설정 중...
  checkGJKCollision 완료: 충돌 감지
      충돌 결과: 충돌함
      충돌 정보 객체에 추가
    쌍 10: 'Object15' 와 'Object17'
      narrowPhase 실행...
>> checkGJKCollision 시작: Object15 vs Object17
  볼록 껍질 개수: Object15=128, Object17=128
      충돌 감지됨! 충돌 정보 설정 중...
  checkGJKCollision 완료: 충돌 감지
      충돌 결과: 충돌함
      충돌 정보 객체에 추가
  이전 충돌 상태 정리 중...
  충돌 상태 맵 업데이트
CollisionManager::update() - 완료

--- Frame 63 ---
Object0 position: (-8.632441, 9.207909, -11.509886)
Updating objects...
Object1 position: (0.174696, -0.757016, -0.058232)
Updating objects...
Object2 position: (-4.557529, 3.906448, 0.976612)
Updating objects...
Object3 position: (-0.628216, 1.465835, -2.931671)
Updating objects...
Object4 position: (-0.976612, -4.557529, -3.906448)
Updating objects...
Object5 position: (-0.061493, 0.184480, 0.030747)
Updating objects...
Object6 position: (-5.923979, -2.439284, 2.090818)
Updating objects...
Object7 position: (0.149378, 0.000000, -0.014938)
Updating objects...
Object8 position: (0.000000, -2.825447, 0.753452)
Updating objects...
Object9 position: (-1.320476, 1.980714, 2.640953)
Updating objects...
Object10 position: (-1.250459, 5.001836, 2.500918)
Updating objects...
Object11 position: (-0.527800, 0.000000, 4.486294)
Updating objects...
Object12 position: (6.765120, 2.785640, 3.979480)
Updating objects...
Object13 position: (-0.190042, -2.850623, -0.760166)
Updating objects...
Object14 position: (0.089854, 0.025673, 0.051345)
Updating objects...
Object15 position: (10.193208, -7.928046, 10.193208)
Updating objects...
Object16 position: (-0.089594, -0.492765, -0.313577)
Updating objects...
Object17 position: (-7.034523, 0.827591, 5.379334)
Updating objects...
Object18 position: (2.752862, -10.460866, 11.011450)
Updating objects...
Object19 position: (-1.600005, -0.800002, 1.600005)
Updating objects...
Running collision detection...
CollisionManager::update() - 시작 (프레임 63)
  객체 목록 크기: 20
  각 객체의 AABB 업데이트 중...
    객체 'Object1' 업데이트
    객체 'Object2' 업데이트
    객체 'Object3' 업데이트
    객체 'Object4' 업데이트
    객체 'Object5' 업데이트
    객체 'Object6' 업데이트
    객체 'Object7' 업데이트
    객체 'Object8' 업데이트
    객체 'Object9' 업데이트
    객체 'Object10' 업데이트
    객체 'Object11' 업데이트
    객체 'Object12' 업데이트
    객체 'Object13' 업데이트
    객체 'Object14' 업데이트
    객체 'Object15' 업데이트
    객체 'Object16' 업데이트
    객체 'Object17' 업데이트
    객체 'Object18' 업데이트
    객체 'Object19' 업데이트
    객체 'Object20' 업데이트
  대략적 충돌 감지(Broad Phase) 중...
    잠재적 충돌 쌍: 10개
  정밀 충돌 감지(Narrow Phase) 시작...
    쌍 1: 'Object2' 와 'Object6'
      narrowPhase 실행...
>> checkGJKCollision 시작: Object2 vs Object6
  볼록 껍질 개수: Object2=128, Object6=128
      충돌 감지됨! 충돌 정보 설정 중...
  checkGJKCollision 완료: 충돌 감지
      충돌 결과: 충돌함
      충돌 정보 객체에 추가
    쌍 2: 'Object2' 와 'Object8'
      narrowPhase 실행...
>> checkGJKCollision 시작: Object2 vs Object8
  볼록 껍질 개수: Object2=128, Object8=128
      충돌 감지됨! 충돌 정보 설정 중...
  checkGJKCollision 완료: 충돌 감지
      충돌 결과: 충돌함
      충돌 정보 객체에 추가
    쌍 3: 'Object2' 와 'Object15'
      narrowPhase 실행...
>> checkGJKCollision 시작: Object2 vs Object15
  볼록 껍질 개수: Object2=128, Object15=128
      충돌 감지됨! 충돌 정보 설정 중...
  checkGJKCollision 완료: 충돌 감지
      충돌 결과: 충돌함
      충돌 정보 객체에 추가
    쌍 4: 'Object2' 와 'Object17'
      narrowPhase 실행...
>> checkGJKCollision 시작: Object2 vs Object17
  볼록 껍질 개수: Object2=128, Object17=128
      충돌 감지됨! 충돌 정보 설정 중...
  checkGJKCollision 완료: 충돌 감지
      충돌 결과: 충돌함
      충돌 정보 객체에 추가
    쌍 5: 'Object6' 와 'Object8'
      narrowPhase 실행...
>> checkGJKCollision 시작: Object6 vs Object8
  볼록 껍질 개수: Object6=128, Object8=128
      충돌 감지됨! 충돌 정보 설정 중...
  checkGJKCollision 완료: 충돌 감지
      충돌 결과: 충돌함
      충돌 정보 객체에 추가
    쌍 6: 'Object6' 와 'Object15'
      narrowPhase 실행...
>> checkGJKCollision 시작: Object6 vs Object15
  볼록 껍질 개수: Object6=128, Object15=128
      충돌 감지됨! 충돌 정보 설정 중...
  checkGJKCollision 완료: 충돌 감지
      충돌 결과: 충돌함
      충돌 정보 객체에 추가
    쌍 7: 'Object6' 와 'Object17'
      narrowPhase 실행...
>> checkGJKCollision 시작: Object6 vs Object17
  볼록 껍질 개수: Object6=128, Object17=128
      충돌 감지됨! 충돌 정보 설정 중...
  checkGJKCollision 완료: 충돌 감지
      충돌 결과: 충돌함
      충돌 정보 객체에 추가
    쌍 8: 'Object8' 와 'Object15'
      narrowPhase 실행...
>> checkGJKCollision 시작: Object8 vs Object15
  볼록 껍질 개수: Object8=128, Object15=128
      충돌 감지됨! 충돌 정보 설정 중...
  checkGJKCollision 완료: 충돌 감지
      충돌 결과: 충돌함
      충돌 정보 객체에 추가
    쌍 9: 'Object8' 와 'Object17'
      narrowPhase 실행...
>> checkGJKCollision 시작: Object8 vs Object17
  볼록 껍질 개수: Object8=128, Object17=128
      충돌 감지됨! 충돌 정보 설정 중...
  checkGJKCollision 완료: 충돌 감지
      충돌 결과: 충돌함
      충돌 정보 객체에 추가
    쌍 10: 'Object15' 와 'Object17'
      narrowPhase 실행...
>> checkGJKCollision 시작: Object15 vs Object17
  볼록 껍질 개수: Object15=128, Object17=128
      충돌 감지됨! 충돌 정보 설정 중...
  checkGJKCollision 완료: 충돌 감지
      충돌 결과: 충돌함
      충돌 정보 객체에 추가
  이전 충돌 상태 정리 중...
  충돌 상태 맵 업데이트
CollisionManager::update() - 완료

--- Frame 64 ---
Object0 position: (-8.531368, 9.100098, -11.375122)
Updating objects...
Object1 position: (0.129850, -0.562683, -0.043283)
Updating objects...
Object2 position: (-4.407649, 3.777979, 0.944495)
Updating objects...
Object3 position: (-0.590569, 1.377992, -2.755983)
Updating objects...
Object4 position: (-0.944495, -4.407649, -3.777979)
Updating objects...
Object5 position: (0.000976, -0.002929, -0.000488)
Updating objects...
Object6 position: (-5.748169, -2.366892, 2.028768)
Updating objects...
Object7 position: (-0.049630, 0.000000, 0.004963)
Updating objects...
Object8 position: (0.000000, -2.632200, 0.701920)
Updating objects...
Object9 position: (-1.246198, 1.869297, 2.492396)
Updating objects...
Object10 position: (-1.206815, 4.827261, 2.413631)
Updating objects...
Object11 position: (-0.504431, 0.000000, 4.287663)
Updating objects...
Object12 position: (6.602661, 2.718745, 3.883916)
Updating objects...
Object13 position: (-0.177185, -2.657776, -0.708740)
Updating objects...
Object14 position: (-0.078686, -0.022482, -0.044963)
Updating objects...
Object15 position: (10.069290, -7.831666, 10.069290)
Updating objects...
Object16 position: (-0.059270, -0.325983, -0.207444)
Updating objects...
Object17 position: (-6.876341, 0.808981, 5.258372)
Updating objects...
Object18 position: (2.717194, -10.325325, 10.868774)
Updating objects...
Object19 position: (-1.466671, -0.733336, 1.466671)
Updating objects...
Running collision detection...
CollisionManager::update() - 시작 (프레임 64)
  객체 목록 크기: 20
  각 객체의 AABB 업데이트 중...
    객체 'Object1' 업데이트
    객체 'Object2' 업데이트
    객체 'Object3' 업데이트
    객체 'Object4' 업데이트
    객체 'Object5' 업데이트
    객체 'Object6' 업데이트
    객체 'Object7' 업데이트
    객체 'Object8' 업데이트
    객체 'Object9' 업데이트
    객체 'Object10' 업데이트
    객체 'Object11' 업데이트
    객체 'Object12' 업데이트
    객체 'Object13' 업데이트
    객체 'Object14' 업데이트
    객체 'Object15' 업데이트
    객체 'Object16' 업데이트
    객체 'Object17' 업데이트
    객체 'Object18' 업데이트
    객체 'Object19' 업데이트
    객체 'Object20' 업데이트
  대략적 충돌 감지(Broad Phase) 중...
    잠재적 충돌 쌍: 10개
  정밀 충돌 감지(Narrow Phase) 시작...
    쌍 1: 'Object2' 와 'Object6'
      narrowPhase 실행...
>> checkGJKCollision 시작: Object2 vs Object6
  볼록 껍질 개수: Object2=128, Object6=128
      충돌 감지됨! 충돌 정보 설정 중...
  checkGJKCollision 완료: 충돌 감지
      충돌 결과: 충돌함
      충돌 정보 객체에 추가
    쌍 2: 'Object2' 와 'Object8'
      narrowPhase 실행...
>> checkGJKCollision 시작: Object2 vs Object8
  볼록 껍질 개수: Object2=128, Object8=128
      충돌 감지됨! 충돌 정보 설정 중...
  checkGJKCollision 완료: 충돌 감지
      충돌 결과: 충돌함
      충돌 정보 객체에 추가
    쌍 3: 'Object2' 와 'Object15'
      narrowPhase 실행...
>> checkGJKCollision 시작: Object2 vs Object15
  볼록 껍질 개수: Object2=128, Object15=128
      충돌 감지됨! 충돌 정보 설정 중...
  checkGJKCollision 완료: 충돌 감지
      충돌 결과: 충돌함
      충돌 정보 객체에 추가
    쌍 4: 'Object2' 와 'Object17'
      narrowPhase 실행...
>> checkGJKCollision 시작: Object2 vs Object17
  볼록 껍질 개수: Object2=128, Object17=128
      충돌 감지됨! 충돌 정보 설정 중...
  checkGJKCollision 완료: 충돌 감지
      충돌 결과: 충돌함
      충돌 정보 객체에 추가
    쌍 5: 'Object6' 와 'Object8'
      narrowPhase 실행...
>> checkGJKCollision 시작: Object6 vs Object8
  볼록 껍질 개수: Object6=128, Object8=128
      충돌 감지됨! 충돌 정보 설정 중...
  checkGJKCollision 완료: 충돌 감지
      충돌 결과: 충돌함
      충돌 정보 객체에 추가
    쌍 6: 'Object6' 와 'Object15'
      narrowPhase 실행...
>> checkGJKCollision 시작: Object6 vs Object15
  볼록 껍질 개수: Object6=128, Object15=128
      충돌 감지됨! 충돌 정보 설정 중...
  checkGJKCollision 완료: 충돌 감지
      충돌 결과: 충돌함
      충돌 정보 객체에 추가
    쌍 7: 'Object6' 와 'Object17'
      narrowPhase 실행...
>> checkGJKCollision 시작: Object6 vs Object17
  볼록 껍질 개수: Object6=128, Object17=128
      충돌 감지됨! 충돌 정보 설정 중...
  checkGJKCollision 완료: 충돌 감지
      충돌 결과: 충돌함
      충돌 정보 객체에 추가
    쌍 8: 'Object8' 와 'Object15'
      narrowPhase 실행...
>> checkGJKCollision 시작: Object8 vs Object15
  볼록 껍질 개수: Object8=128, Object15=128
      충돌 감지됨! 충돌 정보 설정 중...
  checkGJKCollision 완료: 충돌 감지
      충돌 결과: 충돌함
      충돌 정보 객체에 추가
    쌍 9: 'Object8' 와 'Object17'
      narrowPhase 실행...
>> checkGJKCollision 시작: Object8 vs Object17
  볼록 껍질 개수: Object8=128, Object17=128
      충돌 감지됨! 충돌 정보 설정 중...
  checkGJKCollision 완료: 충돌 감지
      충돌 결과: 충돌함
      충돌 정보 객체에 추가
    쌍 10: 'Object15' 와 'Object17'
      narrowPhase 실행...
>> checkGJKCollision 시작: Object15 vs Object17
  볼록 껍질 개수: Object15=128, Object17=128
      충돌 감지됨! 충돌 정보 설정 중...
  checkGJKCollision 완료: 충돌 감지
      충돌 결과: 충돌함
      충돌 정보 객체에 추가
  이전 충돌 상태 정리 중...
  충돌 상태 맵 업데이트
CollisionManager::update() - 완료

--- Frame 65 ---
Object0 position: (-8.430295, 8.992287, -11.240358)
Updating objects...
Object1 position: (0.085004, -0.368350, -0.028335)
Updating objects...
Object2 position: (-4.257768, 3.649510, 0.912378)
Updating objects...
Object3 position: (-0.552921, 1.290148, -2.580296)
Updating objects...
Object4 position: (-0.912378, -4.257768, -3.649510)
Updating objects...
Object5 position: (-0.061493, 0.184480, 0.030747)
Updating objects...
Object6 position: (-5.572359, -2.294499, 1.966717)
Updating objects...
Object7 position: (0.149378, 0.000000, -0.014938)
Updating objects...
Object8 position: (0.000000, -2.438953, 0.650387)
Updating objects...
Object9 position: (-1.171920, 1.757880, 2.343840)
Updating objects...
Object10 position: (-1.163172, 4.652687, 2.326344)
Updating objects...
Object11 position: (-0.481063, 0.000000, 4.089033)
Updating objects...
Object12 position: (6.440203, 2.651851, 3.788353)
Updating objects...
Object13 position: (-0.164329, -2.464929, -0.657314)
Updating objects...
Object14 position: (0.089854, 0.025673, 0.051345)
Updating objects...
Object15 position: (9.945373, -7.735286, 9.945373)
Updating objects...
Object16 position: (-0.028946, -0.159202, -0.101310)
Updating objects...
Object17 position: (-6.718159, 0.790372, 5.137409)
Updating objects...
Object18 position: (2.681525, -10.189783, 10.726099)
Updating objects...
Object19 position: (-1.333338, -0.666669, 1.333338)
Updating objects...
Running collision detection...
CollisionManager::update() - 시작 (프레임 65)
  객체 목록 크기: 20
  각 객체의 AABB 업데이트 중...
    객체 'Object1' 업데이트
    객체 'Object2' 업데이트
    객체 'Object3' 업데이트
    객체 'Object4' 업데이트
    객체 'Object5' 업데이트
    객체 'Object6' 업데이트
    객체 'Object7' 업데이트
    객체 'Object8' 업데이트
    객체 'Object9' 업데이트
    객체 'Object10' 업데이트
    객체 'Object11' 업데이트
    객체 'Object12' 업데이트
    객체 'Object13' 업데이트
    객체 'Object14' 업데이트
    객체 'Object15' 업데이트
    객체 'Object16' 업데이트
    객체 'Object17' 업데이트
    객체 'Object18' 업데이트
    객체 'Object19' 업데이트
    객체 'Object20' 업데이트
  대략적 충돌 감지(Broad Phase) 중...
    잠재적 충돌 쌍: 13개
  정밀 충돌 감지(Narrow Phase) 시작...
    쌍 1: 'Object2' 와 'Object6'
      narrowPhase 실행...
>> checkGJKCollision 시작: Object2 vs Object6
  볼록 껍질 개수: Object2=128, Object6=128
      충돌 감지됨! 충돌 정보 설정 중...
  checkGJKCollision 완료: 충돌 감지
      충돌 결과: 충돌함
      충돌 정보 객체에 추가
    쌍 2: 'Object2' 와 'Object8'
      narrowPhase 실행...
>> checkGJKCollision 시작: Object2 vs Object8
  볼록 껍질 개수: Object2=128, Object8=128
      충돌 감지됨! 충돌 정보 설정 중...
  checkGJKCollision 완료: 충돌 감지
      충돌 결과: 충돌함
      충돌 정보 객체에 추가
    쌍 3: 'Object2' 와 'Object15'
      narrowPhase 실행...
>> checkGJKCollision 시작: Object2 vs Object15
  볼록 껍질 개수: Object2=128, Object15=128
      충돌 감지됨! 충돌 정보 설정 중...
  checkGJKCollision 완료: 충돌 감지
      충돌 결과: 충돌함
      충돌 정보 객체에 추가
    쌍 4: 'Object2' 와 'Object17'
      narrowPhase 실행...
>> checkGJKCollision 시작: Object2 vs Object17
  볼록 껍질 개수: Object2=128, Object17=128
      충돌 감지됨! 충돌 정보 설정 중...
  checkGJKCollision 완료: 충돌 감지
      충돌 결과: 충돌함
      충돌 정보 객체에 추가
    쌍 5: 'Object6' 와 'Object8'
      narrowPhase 실행...
>> checkGJKCollision 시작: Object6 vs Object8
  볼록 껍질 개수: Object6=128, Object8=128
      충돌 감지됨! 충돌 정보 설정 중...
  checkGJKCollision 완료: 충돌 감지
      충돌 결과: 충돌함
      충돌 정보 객체에 추가
    쌍 6: 'Object6' 와 'Object15'
      narrowPhase 실행...
>> checkGJKCollision 시작: Object6 vs Object15
  볼록 껍질 개수: Object6=128, Object15=128
      충돌 감지됨! 충돌 정보 설정 중...
  checkGJKCollision 완료: 충돌 감지
      충돌 결과: 충돌함
      충돌 정보 객체에 추가
    쌍 7: 'Object6' 와 'Object17'
      narrowPhase 실행...
>> checkGJKCollision 시작: Object6 vs Object17
  볼록 껍질 개수: Object6=128, Object17=128
      충돌 감지됨! 충돌 정보 설정 중...
  checkGJKCollision 완료: 충돌 감지
      충돌 결과: 충돌함
      충돌 정보 객체에 추가
    쌍 8: 'Object6' 와 'Object20'
      narrowPhase 실행...
>> checkGJKCollision 시작: Object6 vs Object20
  볼록 껍질 개수: Object6=128, Object20=128
  모든 볼록 껍질 쌍 검사 완료, 충돌 없음
      충돌 결과: 충돌 없음
    쌍 9: 'Object8' 와 'Object15'
      narrowPhase 실행...
>> checkGJKCollision 시작: Object8 vs Object15
  볼록 껍질 개수: Object8=128, Object15=128
      충돌 감지됨! 충돌 정보 설정 중...
  checkGJKCollision 완료: 충돌 감지
      충돌 결과: 충돌함
      충돌 정보 객체에 추가
    쌍 10: 'Object8' 와 'Object17'
      narrowPhase 실행...
>> checkGJKCollision 시작: Object8 vs Object17
  볼록 껍질 개수: Object8=128, Object17=128
      충돌 감지됨! 충돌 정보 설정 중...
  checkGJKCollision 완료: 충돌 감지
      충돌 결과: 충돌함
      충돌 정보 객체에 추가
    쌍 11: 'Object9' 와 'Object14'
      narrowPhase 실행...
>> checkGJKCollision 시작: Object9 vs Object14
  볼록 껍질 개수: Object9=128, Object14=128
  모든 볼록 껍질 쌍 검사 완료, 충돌 없음
      충돌 결과: 충돌 없음
    쌍 12: 'Object15' 와 'Object17'
      narrowPhase 실행...
>> checkGJKCollision 시작: Object15 vs Object17
  볼록 껍질 개수: Object15=128, Object17=128
      충돌 감지됨! 충돌 정보 설정 중...
  checkGJKCollision 완료: 충돌 감지
      충돌 결과: 충돌함
      충돌 정보 객체에 추가
    쌍 13: 'Object15' 와 'Object20'
      narrowPhase 실행...
>> checkGJKCollision 시작: Object15 vs Object20
  볼록 껍질 개수: Object15=128, Object20=128
  모든 볼록 껍질 쌍 검사 완료, 충돌 없음
      충돌 결과: 충돌 없음
  이전 충돌 상태 정리 중...
  충돌 상태 맵 업데이트
CollisionManager::update() - 완료

--- Frame 66 ---
Object0 position: (-8.329222, 8.884476, -11.105595)
Updating objects...
Object1 position: (0.040158, -0.174017, -0.013386)
Updating objects...
Object2 position: (-4.107887, 3.521041, 0.880260)
Updating objects...
Object3 position: (-0.515274, 1.202304, -2.404608)
Updating objects...
Object4 position: (-0.880260, -4.107887, -3.521041)
Updating objects...
Object5 position: (0.000976, -0.002929, -0.000488)
Updating objects...
Object6 position: (-5.396549, -2.222107, 1.904666)
Updating objects...
Object7 position: (-0.049630, 0.000000, 0.004963)
Updating objects...
Object8 position: (0.000000, -2.245706, 0.598855)
Updating objects...
Object9 position: (-1.097642, 1.646463, 2.195284)
Updating objects...
Object10 position: (-1.119528, 4.478113, 2.239056)
Updating objects...
Object11 position: (-0.457695, 0.000000, 3.890403)
Updating objects...
Object12 position: (6.277744, 2.584956, 3.692789)
Updating objects...
Object13 position: (-0.151472, -2.272081, -0.605888)
Updating objects...
Object14 position: (-0.078686, -0.022482, -0.044963)
Updating objects...
Object15 position: (9.821455, -7.638906, 9.821455)
Updating objects...
Object16 position: (0.001378, 0.007580, 0.004824)
Updating objects...
Object17 position: (-6.559976, 0.771762, 5.016446)
Updating objects...
Object18 position: (2.645856, -10.054242, 10.583424)
Updating objects...
Object19 position: (-1.200005, -0.600002, 1.200005)
Updating objects...
Running collision detection...
CollisionManager::update() - 시작 (프레임 66)
  객체 목록 크기: 20
  각 객체의 AABB 업데이트 중...
    객체 'Object1' 업데이트
    객체 'Object2' 업데이트
    객체 'Object3' 업데이트
    객체 'Object4' 업데이트
    객체 'Object5' 업데이트
    객체 'Object6' 업데이트
    객체 'Object7' 업데이트
    객체 'Object8' 업데이트
    객체 'Object9' 업데이트
    객체 'Object10' 업데이트
    객체 'Object11' 업데이트
    객체 'Object12' 업데이트
    객체 'Object13' 업데이트
    객체 'Object14' 업데이트
    객체 'Object15' 업데이트
    객체 'Object16' 업데이트
    객체 'Object17' 업데이트
    객체 'Object18' 업데이트
    객체 'Object19' 업데이트
    객체 'Object20' 업데이트
  대략적 충돌 감지(Broad Phase) 중...
    잠재적 충돌 쌍: 17개
  정밀 충돌 감지(Narrow Phase) 시작...
    쌍 1: 'Object2' 와 'Object6'
      narrowPhase 실행...
>> checkGJKCollision 시작: Object2 vs Object6
  볼록 껍질 개수: Object2=128, Object6=128
      충돌 감지됨! 충돌 정보 설정 중...
  checkGJKCollision 완료: 충돌 감지
      충돌 결과: 충돌함
      충돌 정보 객체에 추가
    쌍 2: 'Object2' 와 'Object8'
      narrowPhase 실행...
>> checkGJKCollision 시작: Object2 vs Object8
  볼록 껍질 개수: Object2=128, Object8=128
      충돌 감지됨! 충돌 정보 설정 중...
  checkGJKCollision 완료: 충돌 감지
      충돌 결과: 충돌함
      충돌 정보 객체에 추가
    쌍 3: 'Object2' 와 'Object15'
      narrowPhase 실행...
>> checkGJKCollision 시작: Object2 vs Object15
  볼록 껍질 개수: Object2=128, Object15=128
      충돌 감지됨! 충돌 정보 설정 중...
  checkGJKCollision 완료: 충돌 감지
      충돌 결과: 충돌함
      충돌 정보 객체에 추가
    쌍 4: 'Object2' 와 'Object17'
      narrowPhase 실행...
>> checkGJKCollision 시작: Object2 vs Object17
  볼록 껍질 개수: Object2=128, Object17=128
      충돌 감지됨! 충돌 정보 설정 중...
  checkGJKCollision 완료: 충돌 감지
      충돌 결과: 충돌함
      충돌 정보 객체에 추가
    쌍 5: 'Object2' 와 'Object20'
      narrowPhase 실행...
>> checkGJKCollision 시작: Object2 vs Object20
  볼록 껍질 개수: Object2=128, Object20=128
  모든 볼록 껍질 쌍 검사 완료, 충돌 없음
      충돌 결과: 충돌 없음
    쌍 6: 'Object6' 와 'Object8'
      narrowPhase 실행...
>> checkGJKCollision 시작: Object6 vs Object8
  볼록 껍질 개수: Object6=128, Object8=128
      충돌 감지됨! 충돌 정보 설정 중...
  checkGJKCollision 완료: 충돌 감지
      충돌 결과: 충돌함
      충돌 정보 객체에 추가
    쌍 7: 'Object6' 와 'Object15'
      narrowPhase 실행...
>> checkGJKCollision 시작: Object6 vs Object15
  볼록 껍질 개수: Object6=128, Object15=128
      충돌 감지됨! 충돌 정보 설정 중...
  checkGJKCollision 완료: 충돌 감지
      충돌 결과: 충돌함
      충돌 정보 객체에 추가
    쌍 8: 'Object6' 와 'Object17'
      narrowPhase 실행...
>> checkGJKCollision 시작: Object6 vs Object17
  볼록 껍질 개수: Object6=128, Object17=128
      충돌 감지됨! 충돌 정보 설정 중...
  checkGJKCollision 완료: 충돌 감지
      충돌 결과: 충돌함
      충돌 정보 객체에 추가
    쌍 9: 'Object6' 와 'Object20'
      narrowPhase 실행...
>> checkGJKCollision 시작: Object6 vs Object20
  볼록 껍질 개수: Object6=128, Object20=128
  모든 볼록 껍질 쌍 검사 완료, 충돌 없음
      충돌 결과: 충돌 없음
    쌍 10: 'Object8' 와 'Object15'
      narrowPhase 실행...
>> checkGJKCollision 시작: Object8 vs Object15
  볼록 껍질 개수: Object8=128, Object15=128
      충돌 감지됨! 충돌 정보 설정 중...
  checkGJKCollision 완료: 충돌 감지
      충돌 결과: 충돌함
      충돌 정보 객체에 추가
    쌍 11: 'Object8' 와 'Object17'
      narrowPhase 실행...
>> checkGJKCollision 시작: Object8 vs Object17
  볼록 껍질 개수: Object8=128, Object17=128
      충돌 감지됨! 충돌 정보 설정 중...
  checkGJKCollision 완료: 충돌 감지
      충돌 결과: 충돌함
      충돌 정보 객체에 추가
    쌍 12: 'Object8' 와 'Object20'
      narrowPhase 실행...
>> checkGJKCollision 시작: Object8 vs Object20
  볼록 껍질 개수: Object8=128, Object20=128
  모든 볼록 껍질 쌍 검사 완료, 충돌 없음
      충돌 결과: 충돌 없음
    쌍 13: 'Object9' 와 'Object14'
      narrowPhase 실행...
>> checkGJKCollision 시작: Object9 vs Object14
  볼록 껍질 개수: Object9=128, Object14=128
  모든 볼록 껍질 쌍 검사 완료, 충돌 없음
      충돌 결과: 충돌 없음
    쌍 14: 'Object9' 와 'Object20'
      narrowPhase 실행...
>> checkGJKCollision 시작: Object9 vs Object20
  볼록 껍질 개수: Object9=128, Object20=128
  모든 볼록 껍질 쌍 검사 완료, 충돌 없음
      충돌 결과: 충돌 없음
    쌍 15: 'Object15' 와 'Object17'
      narrowPhase 실행...
>> checkGJKCollision 시작: Object15 vs Object17
  볼록 껍질 개수: Object15=128, Object17=128
      충돌 감지됨! 충돌 정보 설정 중...
  checkGJKCollision 완료: 충돌 감지
      충돌 결과: 충돌함
      충돌 정보 객체에 추가
    쌍 16: 'Object15' 와 'Object20'
      narrowPhase 실행...
>> checkGJKCollision 시작: Object15 vs Object20
  볼록 껍질 개수: Object15=128, Object20=128
  모든 볼록 껍질 쌍 검사 완료, 충돌 없음
      충돌 결과: 충돌 없음
    쌍 17: 'Object17' 와 'Object20'
      narrowPhase 실행...
>> checkGJKCollision 시작: Object17 vs Object20
  볼록 껍질 개수: Object17=128, Object20=128
  모든 볼록 껍질 쌍 검사 완료, 충돌 없음
      충돌 결과: 충돌 없음
  이전 충돌 상태 정리 중...
  충돌 상태 맵 업데이트
CollisionManager::update() - 완료

--- Frame 67 ---
Object0 position: (-8.228148, 8.776665, -10.970831)
Updating objects...
Object1 position: (-0.004688, 0.020316, 0.001563)
Updating objects...
Object2 position: (-3.958007, 3.392572, 0.848143)
Updating objects...
Object3 position: (-0.477626, 1.114460, -2.228921)
Updating objects...
Object4 position: (-0.848143, -3.958007, -3.392572)
Updating objects...
Object5 position: (-0.061493, 0.184480, 0.030747)
Updating objects...
Object6 position: (-5.220739, -2.149715, 1.842616)
Updating objects...
Object7 position: (0.149378, 0.000000, -0.014938)
Updating objects...
Object8 position: (0.000000, -2.052459, 0.547322)
Updating objects...
Object9 position: (-1.023364, 1.535046, 2.046728)
Updating objects...
Object10 position: (-1.075885, 4.303538, 2.151769)
Updating objects...
Object11 position: (-0.434327, 0.000000, 3.691773)
Updating objects...
Object12 position: (6.115286, 2.518062, 3.597225)
Updating objects...
Object13 position: (-0.138616, -2.079234, -0.554462)
Updating objects...
Object14 position: (0.089854, 0.025673, 0.051345)
Updating objects...
Object15 position: (9.697537, -7.542527, 9.697537)
Updating objects...
Object16 position: (-0.028946, -0.159202, -0.101310)
Updating objects...
Object17 position: (-6.401793, 0.753152, 4.895483)
Updating objects...
Object18 position: (2.610187, -9.918701, 10.440748)
Updating objects...
Object19 position: (-1.066671, -0.533336, 1.066671)
Updating objects...
Running collision detection...
CollisionManager::update() - 시작 (프레임 67)
  객체 목록 크기: 20
  각 객체의 AABB 업데이트 중...
    객체 'Object1' 업데이트
    객체 'Object2' 업데이트
    객체 'Object3' 업데이트
    객체 'Object4' 업데이트
    객체 'Object5' 업데이트
    객체 'Object6' 업데이트
    객체 'Object7' 업데이트
    객체 'Object8' 업데이트
    객체 'Object9' 업데이트
    객체 'Object10' 업데이트
    객체 'Object11' 업데이트
    객체 'Object12' 업데이트
    객체 'Object13' 업데이트
    객체 'Object14' 업데이트
    객체 'Object15' 업데이트
    객체 'Object16' 업데이트
    객체 'Object17' 업데이트
    객체 'Object18' 업데이트
    객체 'Object19' 업데이트
    객체 'Object20' 업데이트
  대략적 충돌 감지(Broad Phase) 중...
    잠재적 충돌 쌍: 17개
  정밀 충돌 감지(Narrow Phase) 시작...
    쌍 1: 'Object2' 와 'Object6'
      narrowPhase 실행...
>> checkGJKCollision 시작: Object2 vs Object6
  볼록 껍질 개수: Object2=128, Object6=128
      충돌 감지됨! 충돌 정보 설정 중...
  checkGJKCollision 완료: 충돌 감지
      충돌 결과: 충돌함
      충돌 정보 객체에 추가
    쌍 2: 'Object2' 와 'Object8'
      narrowPhase 실행...
>> checkGJKCollision 시작: Object2 vs Object8
  볼록 껍질 개수: Object2=128, Object8=128
      충돌 감지됨! 충돌 정보 설정 중...
  checkGJKCollision 완료: 충돌 감지
      충돌 결과: 충돌함
      충돌 정보 객체에 추가
    쌍 3: 'Object2' 와 'Object15'
      narrowPhase 실행...
>> checkGJKCollision 시작: Object2 vs Object15
  볼록 껍질 개수: Object2=128, Object15=128
      충돌 감지됨! 충돌 정보 설정 중...
  checkGJKCollision 완료: 충돌 감지
      충돌 결과: 충돌함
      충돌 정보 객체에 추가
    쌍 4: 'Object2' 와 'Object17'
      narrowPhase 실행...
>> checkGJKCollision 시작: Object2 vs Object17
  볼록 껍질 개수: Object2=128, Object17=128
      충돌 감지됨! 충돌 정보 설정 중...
  checkGJKCollision 완료: 충돌 감지
      충돌 결과: 충돌함
      충돌 정보 객체에 추가
    쌍 5: 'Object2' 와 'Object20'
      narrowPhase 실행...
>> checkGJKCollision 시작: Object2 vs Object20
  볼록 껍질 개수: Object2=128, Object20=128
  모든 볼록 껍질 쌍 검사 완료, 충돌 없음
      충돌 결과: 충돌 없음
    쌍 6: 'Object6' 와 'Object8'
      narrowPhase 실행...
>> checkGJKCollision 시작: Object6 vs Object8
  볼록 껍질 개수: Object6=128, Object8=128
      충돌 감지됨! 충돌 정보 설정 중...
  checkGJKCollision 완료: 충돌 감지
      충돌 결과: 충돌함
      충돌 정보 객체에 추가
    쌍 7: 'Object6' 와 'Object15'
      narrowPhase 실행...
>> checkGJKCollision 시작: Object6 vs Object15
  볼록 껍질 개수: Object6=128, Object15=128
      충돌 감지됨! 충돌 정보 설정 중...
  checkGJKCollision 완료: 충돌 감지
      충돌 결과: 충돌함
      충돌 정보 객체에 추가
    쌍 8: 'Object6' 와 'Object17'
      narrowPhase 실행...
>> checkGJKCollision 시작: Object6 vs Object17
  볼록 껍질 개수: Object6=128, Object17=128
      충돌 감지됨! 충돌 정보 설정 중...
  checkGJKCollision 완료: 충돌 감지
      충돌 결과: 충돌함
      충돌 정보 객체에 추가
    쌍 9: 'Object6' 와 'Object20'
      narrowPhase 실행...
>> checkGJKCollision 시작: Object6 vs Object20
  볼록 껍질 개수: Object6=128, Object20=128
  모든 볼록 껍질 쌍 검사 완료, 충돌 없음
      충돌 결과: 충돌 없음
    쌍 10: 'Object8' 와 'Object15'
      narrowPhase 실행...
>> checkGJKCollision 시작: Object8 vs Object15
  볼록 껍질 개수: Object8=128, Object15=128
      충돌 감지됨! 충돌 정보 설정 중...
  checkGJKCollision 완료: 충돌 감지
      충돌 결과: 충돌함
      충돌 정보 객체에 추가
    쌍 11: 'Object8' 와 'Object17'
      narrowPhase 실행...
>> checkGJKCollision 시작: Object8 vs Object17
  볼록 껍질 개수: Object8=128, Object17=128
      충돌 감지됨! 충돌 정보 설정 중...
  checkGJKCollision 완료: 충돌 감지
      충돌 결과: 충돌함
      충돌 정보 객체에 추가
    쌍 12: 'Object8' 와 'Object20'
      narrowPhase 실행...
>> checkGJKCollision 시작: Object8 vs Object20
  볼록 껍질 개수: Object8=128, Object20=128
  모든 볼록 껍질 쌍 검사 완료, 충돌 없음
      충돌 결과: 충돌 없음
    쌍 13: 'Object9' 와 'Object14'
      narrowPhase 실행...
>> checkGJKCollision 시작: Object9 vs Object14
  볼록 껍질 개수: Object9=128, Object14=128
  모든 볼록 껍질 쌍 검사 완료, 충돌 없음
      충돌 결과: 충돌 없음
    쌍 14: 'Object9' 와 'Object20'
      narrowPhase 실행...
>> checkGJKCollision 시작: Object9 vs Object20
  볼록 껍질 개수: Object9=128, Object20=128
  모든 볼록 껍질 쌍 검사 완료, 충돌 없음
      충돌 결과: 충돌 없음
    쌍 15: 'Object15' 와 'Object17'
      narrowPhase 실행...
>> checkGJKCollision 시작: Object15 vs Object17
  볼록 껍질 개수: Object15=128, Object17=128
      충돌 감지됨! 충돌 정보 설정 중...
  checkGJKCollision 완료: 충돌 감지
      충돌 결과: 충돌함
      충돌 정보 객체에 추가
    쌍 16: 'Object15' 와 'Object20'
      narrowPhase 실행...
>> checkGJKCollision 시작: Object15 vs Object20
  볼록 껍질 개수: Object15=128, Object20=128
  모든 볼록 껍질 쌍 검사 완료, 충돌 없음
      충돌 결과: 충돌 없음
    쌍 17: 'Object17' 와 'Object20'
      narrowPhase 실행...
>> checkGJKCollision 시작: Object17 vs Object20
  볼록 껍질 개수: Object17=128, Object20=128
  모든 볼록 껍질 쌍 검사 완료, 충돌 없음
      충돌 결과: 충돌 없음
  이전 충돌 상태 정리 중...
  충돌 상태 맵 업데이트
CollisionManager::update() - 완료

--- Frame 68 ---
Object0 position: (-8.127075, 8.668854, -10.836067)
Updating objects...
Object1 position: (0.040158, -0.174017, -0.013386)
Updating objects...
Object2 position: (-3.808126, 3.264103, 0.816026)
Updating objects...
Object3 position: (-0.439979, 1.026617, -2.053233)
Updating objects...
Object4 position: (-0.816026, -3.808126, -3.264103)
Updating objects...
Object5 position: (0.000976, -0.002929, -0.000488)
Updating objects...
Object6 position: (-5.044930, -2.077323, 1.780565)
Updating objects...
Object7 position: (-0.049630, 0.000000, 0.004963)
Updating objects...
Object8 position: (0.000000, -1.859212, 0.495790)
Updating objects...
Object9 position: (-0.949086, 1.423629, 1.898171)
Updating objects...
Object10 position: (-1.032241, 4.128964, 2.064482)
Updating objects...
Object11 position: (-0.410958, 0.000000, 3.493143)
Updating objects...
Object12 position: (5.952827, 2.451167, 3.501662)
Updating objects...
Object13 position: (-0.125759, -1.886387, -0.503036)
Updating objects...
Object14 position: (-0.078686, -0.022482, -0.044963)
Updating objects...
Object15 position: (9.573620, -7.446147, 9.573620)
Updating objects...
Object16 position: (0.001378, 0.007580, 0.004824)
Updating objects...
Object17 position: (-6.243611, 0.734543, 4.774520)
Updating objects...
Object18 position: (2.574518, -9.783159, 10.298073)
Updating objects...
Object19 position: (-0.933338, -0.466669, 0.933338)
Updating objects...
Running collision detection...
CollisionManager::update() - 시작 (프레임 68)
  객체 목록 크기: 20
  각 객체의 AABB 업데이트 중...
    객체 'Object1' 업데이트
    객체 'Object2' 업데이트
    객체 'Object3' 업데이트
    객체 'Object4' 업데이트
    객체 'Object5' 업데이트
    객체 'Object6' 업데이트
    객체 'Object7' 업데이트
    객체 'Object8' 업데이트
    객체 'Object9' 업데이트
    객체 'Object10' 업데이트
    객체 'Object11' 업데이트
    객체 'Object12' 업데이트
    객체 'Object13' 업데이트
    객체 'Object14' 업데이트
    객체 'Object15' 업데이트
    객체 'Object16' 업데이트
    객체 'Object17' 업데이트
    객체 'Object18' 업데이트
    객체 'Object19' 업데이트
    객체 'Object20' 업데이트
  대략적 충돌 감지(Broad Phase) 중...
    잠재적 충돌 쌍: 18개
  정밀 충돌 감지(Narrow Phase) 시작...
    쌍 1: 'Object2' 와 'Object6'
      narrowPhase 실행...
>> checkGJKCollision 시작: Object2 vs Object6
  볼록 껍질 개수: Object2=128, Object6=128
      충돌 감지됨! 충돌 정보 설정 중...
  checkGJKCollision 완료: 충돌 감지
      충돌 결과: 충돌함
      충돌 정보 객체에 추가
    쌍 2: 'Object2' 와 'Object8'
      narrowPhase 실행...
>> checkGJKCollision 시작: Object2 vs Object8
  볼록 껍질 개수: Object2=128, Object8=128
      충돌 감지됨! 충돌 정보 설정 중...
  checkGJKCollision 완료: 충돌 감지
      충돌 결과: 충돌함
      충돌 정보 객체에 추가
    쌍 3: 'Object2' 와 'Object9'
      narrowPhase 실행...
>> checkGJKCollision 시작: Object2 vs Object9
  볼록 껍질 개수: Object2=128, Object9=128
  모든 볼록 껍질 쌍 검사 완료, 충돌 없음
      충돌 결과: 충돌 없음
    쌍 4: 'Object2' 와 'Object15'
      narrowPhase 실행...
>> checkGJKCollision 시작: Object2 vs Object15
  볼록 껍질 개수: Object2=128, Object15=128
      충돌 감지됨! 충돌 정보 설정 중...
  checkGJKCollision 완료: 충돌 감지
      충돌 결과: 충돌함
      충돌 정보 객체에 추가
    쌍 5: 'Object2' 와 'Object17'
      narrowPhase 실행...
>> checkGJKCollision 시작: Object2 vs Object17
  볼록 껍질 개수: Object2=128, Object17=128
      충돌 감지됨! 충돌 정보 설정 중...
  checkGJKCollision 완료: 충돌 감지
      충돌 결과: 충돌함
      충돌 정보 객체에 추가
    쌍 6: 'Object2' 와 'Object20'
      narrowPhase 실행...
>> checkGJKCollision 시작: Object2 vs Object20
  볼록 껍질 개수: Object2=128, Object20=128
  모든 볼록 껍질 쌍 검사 완료, 충돌 없음
      충돌 결과: 충돌 없음
    쌍 7: 'Object6' 와 'Object8'
      narrowPhase 실행...
>> checkGJKCollision 시작: Object6 vs Object8
  볼록 껍질 개수: Object6=128, Object8=128
      충돌 감지됨! 충돌 정보 설정 중...
  checkGJKCollision 완료: 충돌 감지
      충돌 결과: 충돌함
      충돌 정보 객체에 추가
    쌍 8: 'Object6' 와 'Object15'
      narrowPhase 실행...
>> checkGJKCollision 시작: Object6 vs Object15
  볼록 껍질 개수: Object6=128, Object15=128
      충돌 감지됨! 충돌 정보 설정 중...
  checkGJKCollision 완료: 충돌 감지
      충돌 결과: 충돌함
      충돌 정보 객체에 추가
    쌍 9: 'Object6' 와 'Object17'
      narrowPhase 실행...
>> checkGJKCollision 시작: Object6 vs Object17
  볼록 껍질 개수: Object6=128, Object17=128
      충돌 감지됨! 충돌 정보 설정 중...
  checkGJKCollision 완료: 충돌 감지
      충돌 결과: 충돌함
      충돌 정보 객체에 추가
    쌍 10: 'Object6' 와 'Object20'
      narrowPhase 실행...
>> checkGJKCollision 시작: Object6 vs Object20
  볼록 껍질 개수: Object6=128, Object20=128
  모든 볼록 껍질 쌍 검사 완료, 충돌 없음
      충돌 결과: 충돌 없음
    쌍 11: 'Object8' 와 'Object15'
      narrowPhase 실행...
>> checkGJKCollision 시작: Object8 vs Object15
  볼록 껍질 개수: Object8=128, Object15=128
      충돌 감지됨! 충돌 정보 설정 중...
  checkGJKCollision 완료: 충돌 감지
      충돌 결과: 충돌함
      충돌 정보 객체에 추가
    쌍 12: 'Object8' 와 'Object17'
      narrowPhase 실행...
>> checkGJKCollision 시작: Object8 vs Object17
  볼록 껍질 개수: Object8=128, Object17=128
      충돌 감지됨! 충돌 정보 설정 중...
  checkGJKCollision 완료: 충돌 감지
      충돌 결과: 충돌함
      충돌 정보 객체에 추가
    쌍 13: 'Object8' 와 'Object20'
      narrowPhase 실행...
>> checkGJKCollision 시작: Object8 vs Object20
  볼록 껍질 개수: Object8=128, Object20=128
  모든 볼록 껍질 쌍 검사 완료, 충돌 없음
      충돌 결과: 충돌 없음
    쌍 14: 'Object9' 와 'Object14'
      narrowPhase 실행...
>> checkGJKCollision 시작: Object9 vs Object14
  볼록 껍질 개수: Object9=128, Object14=128
      충돌 감지됨! 충돌 정보 설정 중...
  checkGJKCollision 완료: 충돌 감지
      충돌 결과: 충돌함
      충돌 정보 객체에 추가
Object9 collision enter with Object14
Contact point: (-0.062880, -1.872799, -0.003623)
Contact normal: (-0.124875, -0.026984, -0.991805)
Penetration depth: 0.1
Object14 collision enter with Object9
Contact point: (-0.062880, -1.872799, -0.003623)
Contact normal: (0.124875, 0.026984, 0.991805)
Penetration depth: 0.1
    쌍 15: 'Object9' 와 'Object20'
      narrowPhase 실행...
>> checkGJKCollision 시작: Object9 vs Object20
  볼록 껍질 개수: Object9=128, Object20=128
  모든 볼록 껍질 쌍 검사 완료, 충돌 없음
      충돌 결과: 충돌 없음
    쌍 16: 'Object15' 와 'Object17'
      narrowPhase 실행...
>> checkGJKCollision 시작: Object15 vs Object17
  볼록 껍질 개수: Object15=128, Object17=128
      충돌 감지됨! 충돌 정보 설정 중...
  checkGJKCollision 완료: 충돌 감지
      충돌 결과: 충돌함
      충돌 정보 객체에 추가
    쌍 17: 'Object15' 와 'Object20'
      narrowPhase 실행...
>> checkGJKCollision 시작: Object15 vs Object20
  볼록 껍질 개수: Object15=128, Object20=128
  모든 볼록 껍질 쌍 검사 완료, 충돌 없음
      충돌 결과: 충돌 없음
    쌍 18: 'Object17' 와 'Object20'
      narrowPhase 실행...
>> checkGJKCollision 시작: Object17 vs Object20
  볼록 껍질 개수: Object17=128, Object20=128
  모든 볼록 껍질 쌍 검사 완료, 충돌 없음
      충돌 결과: 충돌 없음
  이전 충돌 상태 정리 중...
  충돌 상태 맵 업데이트
CollisionManager::update() - 완료

--- Frame 69 ---
Object0 position: (-8.026002, 8.561043, -10.701303)
Updating objects...
Object1 position: (-0.004688, 0.020316, 0.001563)
Updating objects...
Object2 position: (-3.658245, 3.135634, 0.783909)
Updating objects...
Object3 position: (-0.402332, 0.938773, -1.877545)
Updating objects...
Object4 position: (-0.783909, -3.658245, -3.135634)
Updating objects...
Object5 position: (-0.061493, 0.184480, 0.030747)
Updating objects...
Object6 position: (-4.869120, -2.004930, 1.718515)
Updating objects...
Object7 position: (0.149378, 0.000000, -0.014938)
Updating objects...
Object8 position: (0.000000, -1.665965, 0.444257)
Updating objects...
Object9 position: (-0.874808, 1.312211, 1.749615)
Updating objects...
Object10 position: (-0.988597, 3.954390, 1.977195)
Updating objects...
Object11 position: (-0.387590, 0.000000, 3.294513)
Updating objects...
Object12 position: (5.790369, 2.384272, 3.406098)
Updating objects...
Object13 position: (-0.112903, -1.693540, -0.451611)
Updating objects...
Object14 position: (0.089854, 0.025673, 0.051345)
Updating objects...
Object15 position: (9.449702, -7.349767, 9.449702)
Updating objects...
Object16 position: (-0.028946, -0.159202, -0.101310)
Updating objects...
Object17 position: (-6.085428, 0.715933, 4.653557)
Updating objects...
Object18 position: (2.538849, -9.647617, 10.155397)
Updating objects...
Object19 position: (-0.800005, -0.400002, 0.800005)
Updating objects...
Running collision detection...
CollisionManager::update() - 시작 (프레임 69)
  객체 목록 크기: 20
  각 객체의 AABB 업데이트 중...
    객체 'Object1' 업데이트
    객체 'Object2' 업데이트
    객체 'Object3' 업데이트
    객체 'Object4' 업데이트
    객체 'Object5' 업데이트
    객체 'Object6' 업데이트
    객체 'Object7' 업데이트
    객체 'Object8' 업데이트
    객체 'Object9' 업데이트
    객체 'Object10' 업데이트
    객체 'Object11' 업데이트
    객체 'Object12' 업데이트
    객체 'Object13' 업데이트
    객체 'Object14' 업데이트
    객체 'Object15' 업데이트
    객체 'Object16' 업데이트
    객체 'Object17' 업데이트
    객체 'Object18' 업데이트
    객체 'Object19' 업데이트
    객체 'Object20' 업데이트
  대략적 충돌 감지(Broad Phase) 중...
    잠재적 충돌 쌍: 23개
  정밀 충돌 감지(Narrow Phase) 시작...
    쌍 1: 'Object2' 와 'Object6'
      narrowPhase 실행...
>> checkGJKCollision 시작: Object2 vs Object6
  볼록 껍질 개수: Object2=128, Object6=128
      충돌 감지됨! 충돌 정보 설정 중...
  checkGJKCollision 완료: 충돌 감지
      충돌 결과: 충돌함
      충돌 정보 객체에 추가
    쌍 2: 'Object2' 와 'Object8'
      narrowPhase 실행...
>> checkGJKCollision 시작: Object2 vs Object8
  볼록 껍질 개수: Object2=128, Object8=128
      충돌 감지됨! 충돌 정보 설정 중...
  checkGJKCollision 완료: 충돌 감지
      충돌 결과: 충돌함
      충돌 정보 객체에 추가
    쌍 3: 'Object2' 와 'Object9'
      narrowPhase 실행...
>> checkGJKCollision 시작: Object2 vs Object9
  볼록 껍질 개수: Object2=128, Object9=128
  모든 볼록 껍질 쌍 검사 완료, 충돌 없음
      충돌 결과: 충돌 없음
    쌍 4: 'Object2' 와 'Object15'
      narrowPhase 실행...
>> checkGJKCollision 시작: Object2 vs Object15
  볼록 껍질 개수: Object2=128, Object15=128
      충돌 감지됨! 충돌 정보 설정 중...
  checkGJKCollision 완료: 충돌 감지
      충돌 결과: 충돌함
      충돌 정보 객체에 추가
    쌍 5: 'Object2' 와 'Object17'
      narrowPhase 실행...
>> checkGJKCollision 시작: Object2 vs Object17
  볼록 껍질 개수: Object2=128, Object17=128
      충돌 감지됨! 충돌 정보 설정 중...
  checkGJKCollision 완료: 충돌 감지
      충돌 결과: 충돌함
      충돌 정보 객체에 추가
    쌍 6: 'Object2' 와 'Object20'
      narrowPhase 실행...
>> checkGJKCollision 시작: Object2 vs Object20
  볼록 껍질 개수: Object2=128, Object20=128
      충돌 감지됨! 충돌 정보 설정 중...
  checkGJKCollision 완료: 충돌 감지
      충돌 결과: 충돌함
      충돌 정보 객체에 추가
Object20 collision enter with Object2
Contact point: (-0.402347, -0.189843, 0.400784)
Contact normal: (0.661226, 0.349453, -0.663824)
Penetration depth: 0.1
    쌍 7: 'Object6' 와 'Object8'
      narrowPhase 실행...
>> checkGJKCollision 시작: Object6 vs Object8
  볼록 껍질 개수: Object6=128, Object8=128
      충돌 감지됨! 충돌 정보 설정 중...
  checkGJKCollision 완료: 충돌 감지
      충돌 결과: 충돌함
      충돌 정보 객체에 추가
    쌍 8: 'Object6' 와 'Object15'
      narrowPhase 실행...
>> checkGJKCollision 시작: Object6 vs Object15
  볼록 껍질 개수: Object6=128, Object15=128
      충돌 감지됨! 충돌 정보 설정 중...
  checkGJKCollision 완료: 충돌 감지
      충돌 결과: 충돌함
      충돌 정보 객체에 추가
    쌍 9: 'Object6' 와 'Object17'
      narrowPhase 실행...
>> checkGJKCollision 시작: Object6 vs Object17
  볼록 껍질 개수: Object6=128, Object17=128
      충돌 감지됨! 충돌 정보 설정 중...
  checkGJKCollision 완료: 충돌 감지
      충돌 결과: 충돌함
      충돌 정보 객체에 추가
    쌍 10: 'Object6' 와 'Object20'
      narrowPhase 실행...
>> checkGJKCollision 시작: Object6 vs Object20
  볼록 껍질 개수: Object6=128, Object20=128
      충돌 감지됨! 충돌 정보 설정 중...
  checkGJKCollision 완료: 충돌 감지
      충돌 결과: 충돌함
      충돌 정보 객체에 추가
    쌍 11: 'Object8' 와 'Object9'
      narrowPhase 실행...
>> checkGJKCollision 시작: Object8 vs Object9
  볼록 껍질 개수: Object8=128, Object9=128
      충돌 감지됨! 충돌 정보 설정 중...
  checkGJKCollision 완료: 충돌 감지
      충돌 결과: 충돌함
      충돌 정보 객체에 추가
    쌍 12: 'Object8' 와 'Object15'
      narrowPhase 실행...
>> checkGJKCollision 시작: Object8 vs Object15
  볼록 껍질 개수: Object8=128, Object15=128
      충돌 감지됨! 충돌 정보 설정 중...
  checkGJKCollision 완료: 충돌 감지
      충돌 결과: 충돌함
      충돌 정보 객체에 추가
    쌍 13: 'Object8' 와 'Object17'
      narrowPhase 실행...
>> checkGJKCollision 시작: Object8 vs Object17
  볼록 껍질 개수: Object8=128, Object17=128
      충돌 감지됨! 충돌 정보 설정 중...
  checkGJKCollision 완료: 충돌 감지
      충돌 결과: 충돌함
      충돌 정보 객체에 추가
    쌍 14: 'Object8' 와 'Object20'
      narrowPhase 실행...
>> checkGJKCollision 시작: Object8 vs Object20
  볼록 껍질 개수: Object8=128, Object20=128
  모든 볼록 껍질 쌍 검사 완료, 충돌 없음
      충돌 결과: 충돌 없음
    쌍 15: 'Object9' 와 'Object14'
      narrowPhase 실행...
>> checkGJKCollision 시작: Object9 vs Object14
  볼록 껍질 개수: Object9=128, Object14=128
      충돌 감지됨! 충돌 정보 설정 중...
  checkGJKCollision 완료: 충돌 감지
      충돌 결과: 충돌함
      충돌 정보 객체에 추가
    쌍 16: 'Object9' 와 'Object15'
      narrowPhase 실행...
>> checkGJKCollision 시작: Object9 vs Object15
  볼록 껍질 개수: Object9=128, Object15=128
  모든 볼록 껍질 쌍 검사 완료, 충돌 없음
      충돌 결과: 충돌 없음
    쌍 17: 'Object9' 와 'Object17'
      narrowPhase 실행...
>> checkGJKCollision 시작: Object9 vs Object17
  볼록 껍질 개수: Object9=128, Object17=128
      충돌 감지됨! 충돌 정보 설정 중...
  checkGJKCollision 완료: 충돌 감지
      충돌 결과: 충돌함
      충돌 정보 객체에 추가
    쌍 18: 'Object9' 와 'Object20'
      narrowPhase 실행...
>> checkGJKCollision 시작: Object9 vs Object20
  볼록 껍질 개수: Object9=128, Object20=128
      충돌 감지됨! 충돌 정보 설정 중...
  checkGJKCollision 완료: 충돌 감지
      충돌 결과: 충돌함
      충돌 정보 객체에 추가
    쌍 19: 'Object14' 와 'Object17'
      narrowPhase 실행...
>> checkGJKCollision 시작: Object14 vs Object17
  볼록 껍질 개수: Object14=128, Object17=128
  모든 볼록 껍질 쌍 검사 완료, 충돌 없음
      충돌 결과: 충돌 없음
    쌍 20: 'Object14' 와 'Object20'
      narrowPhase 실행...
>> checkGJKCollision 시작: Object14 vs Object20
  볼록 껍질 개수: Object14=128, Object20=128
  모든 볼록 껍질 쌍 검사 완료, 충돌 없음
      충돌 결과: 충돌 없음
    쌍 21: 'Object15' 와 'Object17'
      narrowPhase 실행...
>> checkGJKCollision 시작: Object15 vs Object17
  볼록 껍질 개수: Object15=128, Object17=128
      충돌 감지됨! 충돌 정보 설정 중...
  checkGJKCollision 완료: 충돌 감지
      충돌 결과: 충돌함
      충돌 정보 객체에 추가
    쌍 22: 'Object15' 와 'Object20'
      narrowPhase 실행...
>> checkGJKCollision 시작: Object15 vs Object20
  볼록 껍질 개수: Object15=128, Object20=128
      충돌 감지됨! 충돌 정보 설정 중...
  checkGJKCollision 완료: 충돌 감지
      충돌 결과: 충돌함
      충돌 정보 객체에 추가
    쌍 23: 'Object17' 와 'Object20'
      narrowPhase 실행...
>> checkGJKCollision 시작: Object17 vs Object20
  볼록 껍질 개수: Object17=128, Object20=128
  모든 볼록 껍질 쌍 검사 완료, 충돌 없음
      충돌 결과: 충돌 없음
  이전 충돌 상태 정리 중...
  충돌 상태 맵 업데이트
CollisionManager::update() - 완료

--- Frame 70 ---
Object0 position: (-7.924929, 8.453232, -10.566540)
Updating objects...
Object1 position: (0.040158, -0.174017, -0.013386)
Updating objects...
Object2 position: (-3.508365, 3.007165, 0.751791)
Updating objects...
Object3 position: (-0.364684, 0.850929, -1.701858)
Updating objects...
Object4 position: (-0.751791, -3.508365, -3.007165)
Updating objects...
Object5 position: (0.000976, -0.002929, -0.000488)
Updating objects...
Object6 position: (-4.693310, -1.932538, 1.656464)
Updating objects...
Object7 position: (-0.049630, 0.000000, 0.004963)
Updating objects...
Object8 position: (0.000000, -1.472718, 0.392725)
Updating objects...
Object9 position: (-0.800529, 1.200794, 1.601059)
Updating objects...
Object10 position: (-0.944954, 3.779815, 1.889908)
Updating objects...
Object11 position: (-0.364222, 0.000000, 3.095883)
Updating objects...
Object12 position: (5.627911, 2.317377, 3.310534)
Updating objects...
Object13 position: (-0.100046, -1.500692, -0.400185)
Updating objects...
Object14 position: (-0.078686, -0.022482, -0.044963)
Updating objects...
Object15 position: (9.325785, -7.253387, 9.325785)
Updating objects...
Object16 position: (0.001378, 0.007580, 0.004824)
Updating objects...
Object17 position: (-5.927246, 0.697323, 4.532594)
Updating objects...
Object18 position: (2.503181, -9.512076, 10.012722)
Updating objects...
Object19 position: (-0.666672, -0.333336, 0.666672)
Updating objects...
Running collision detection...
CollisionManager::update() - 시작 (프레임 70)
  객체 목록 크기: 20
  각 객체의 AABB 업데이트 중...
    객체 'Object1' 업데이트
    객체 'Object2' 업데이트
    객체 'Object3' 업데이트
    객체 'Object4' 업데이트
    객체 'Object5' 업데이트
    객체 'Object6' 업데이트
    객체 'Object7' 업데이트
    객체 'Object8' 업데이트
    객체 'Object9' 업데이트
    객체 'Object10' 업데이트
    객체 'Object11' 업데이트
    객체 'Object12' 업데이트
    객체 'Object13' 업데이트
    객체 'Object14' 업데이트
    객체 'Object15' 업데이트
    객체 'Object16' 업데이트
    객체 'Object17' 업데이트
    객체 'Object18' 업데이트
    객체 'Object19' 업데이트
    객체 'Object20' 업데이트
  대략적 충돌 감지(Broad Phase) 중...
    잠재적 충돌 쌍: 29개
  정밀 충돌 감지(Narrow Phase) 시작...
    쌍 1: 'Object2' 와 'Object6'
      narrowPhase 실행...
>> checkGJKCollision 시작: Object2 vs Object6
  볼록 껍질 개수: Object2=128, Object6=128
      충돌 감지됨! 충돌 정보 설정 중...
  checkGJKCollision 완료: 충돌 감지
      충돌 결과: 충돌함
      충돌 정보 객체에 추가
    쌍 2: 'Object2' 와 'Object8'
      narrowPhase 실행...
>> checkGJKCollision 시작: Object2 vs Object8
  볼록 껍질 개수: Object2=128, Object8=128
      충돌 감지됨! 충돌 정보 설정 중...
  checkGJKCollision 완료: 충돌 감지
      충돌 결과: 충돌함
      충돌 정보 객체에 추가
    쌍 3: 'Object2' 와 'Object9'
      narrowPhase 실행...
>> checkGJKCollision 시작: Object2 vs Object9
  볼록 껍질 개수: Object2=128, Object9=128
      충돌 감지됨! 충돌 정보 설정 중...
  checkGJKCollision 완료: 충돌 감지
      충돌 결과: 충돌함
      충돌 정보 객체에 추가
    쌍 4: 'Object2' 와 'Object14'
      narrowPhase 실행...
>> checkGJKCollision 시작: Object2 vs Object14
  볼록 껍질 개수: Object2=128, Object14=128
  모든 볼록 껍질 쌍 검사 완료, 충돌 없음
      충돌 결과: 충돌 없음
    쌍 5: 'Object2' 와 'Object15'
      narrowPhase 실행...
>> checkGJKCollision 시작: Object2 vs Object15
  볼록 껍질 개수: Object2=128, Object15=128
      충돌 감지됨! 충돌 정보 설정 중...
  checkGJKCollision 완료: 충돌 감지
      충돌 결과: 충돌함
      충돌 정보 객체에 추가
    쌍 6: 'Object2' 와 'Object17'
      narrowPhase 실행...
>> checkGJKCollision 시작: Object2 vs Object17
  볼록 껍질 개수: Object2=128, Object17=128
      충돌 감지됨! 충돌 정보 설정 중...
  checkGJKCollision 완료: 충돌 감지
      충돌 결과: 충돌함
      충돌 정보 객체에 추가
    쌍 7: 'Object2' 와 'Object20'
      narrowPhase 실행...
>> checkGJKCollision 시작: Object2 vs Object20
  볼록 껍질 개수: Object2=128, Object20=128
      충돌 감지됨! 충돌 정보 설정 중...
  checkGJKCollision 완료: 충돌 감지
      충돌 결과: 충돌함
      충돌 정보 객체에 추가
    쌍 8: 'Object6' 와 'Object8'
      narrowPhase 실행...
>> checkGJKCollision 시작: Object6 vs Object8
  볼록 껍질 개수: Object6=128, Object8=128
      충돌 감지됨! 충돌 정보 설정 중...
  checkGJKCollision 완료: 충돌 감지
      충돌 결과: 충돌함
      충돌 정보 객체에 추가
    쌍 9: 'Object6' 와 'Object9'
      narrowPhase 실행...
>> checkGJKCollision 시작: Object6 vs Object9
  볼록 껍질 개수: Object6=128, Object9=128
      충돌 감지됨! 충돌 정보 설정 중...
  checkGJKCollision 완료: 충돌 감지
      충돌 결과: 충돌함
      충돌 정보 객체에 추가
    쌍 10: 'Object6' 와 'Object14'
      narrowPhase 실행...
>> checkGJKCollision 시작: Object6 vs Object14
  볼록 껍질 개수: Object6=128, Object14=128
  모든 볼록 껍질 쌍 검사 완료, 충돌 없음
      충돌 결과: 충돌 없음
    쌍 11: 'Object6' 와 'Object15'
      narrowPhase 실행...
>> checkGJKCollision 시작: Object6 vs Object15
  볼록 껍질 개수: Object6=128, Object15=128
      충돌 감지됨! 충돌 정보 설정 중...
  checkGJKCollision 완료: 충돌 감지
      충돌 결과: 충돌함
      충돌 정보 객체에 추가
    쌍 12: 'Object6' 와 'Object17'
      narrowPhase 실행...
>> checkGJKCollision 시작: Object6 vs Object17
  볼록 껍질 개수: Object6=128, Object17=128
      충돌 감지됨! 충돌 정보 설정 중...
  checkGJKCollision 완료: 충돌 감지
      충돌 결과: 충돌함
      충돌 정보 객체에 추가
    쌍 13: 'Object6' 와 'Object20'
      narrowPhase 실행...
>> checkGJKCollision 시작: Object6 vs Object20
  볼록 껍질 개수: Object6=128, Object20=128
      충돌 감지됨! 충돌 정보 설정 중...
  checkGJKCollision 완료: 충돌 감지
      충돌 결과: 충돌함
      충돌 정보 객체에 추가
    쌍 14: 'Object8' 와 'Object9'
      narrowPhase 실행...
>> checkGJKCollision 시작: Object8 vs Object9
  볼록 껍질 개수: Object8=128, Object9=128
      충돌 감지됨! 충돌 정보 설정 중...
  checkGJKCollision 완료: 충돌 감지
      충돌 결과: 충돌함
      충돌 정보 객체에 추가
    쌍 15: 'Object8' 와 'Object14'
      narrowPhase 실행...
>> checkGJKCollision 시작: Object8 vs Object14
  볼록 껍질 개수: Object8=128, Object14=128
  모든 볼록 껍질 쌍 검사 완료, 충돌 없음
      충돌 결과: 충돌 없음
    쌍 16: 'Object8' 와 'Object15'
      narrowPhase 실행...
>> checkGJKCollision 시작: Object8 vs Object15
  볼록 껍질 개수: Object8=128, Object15=128
      충돌 감지됨! 충돌 정보 설정 중...
  checkGJKCollision 완료: 충돌 감지
      충돌 결과: 충돌함
      충돌 정보 객체에 추가
    쌍 17: 'Object8' 와 'Object17'
      narrowPhase 실행...
>> checkGJKCollision 시작: Object8 vs Object17
  볼록 껍질 개수: Object8=128, Object17=128
      충돌 감지됨! 충돌 정보 설정 중...
  checkGJKCollision 완료: 충돌 감지
      충돌 결과: 충돌함
      충돌 정보 객체에 추가
    쌍 18: 'Object8' 와 'Object20'
      narrowPhase 실행...
>> checkGJKCollision 시작: Object8 vs Object20
  볼록 껍질 개수: Object8=128, Object20=128
      충돌 감지됨! 충돌 정보 설정 중...
  checkGJKCollision 완료: 충돌 감지
      충돌 결과: 충돌함
      충돌 정보 객체에 추가
    쌍 19: 'Object9' 와 'Object14'
      narrowPhase 실행...
>> checkGJKCollision 시작: Object9 vs Object14
  볼록 껍질 개수: Object9=128, Object14=128
      충돌 감지됨! 충돌 정보 설정 중...
  checkGJKCollision 완료: 충돌 감지
      충돌 결과: 충돌함
      충돌 정보 객체에 추가
    쌍 20: 'Object9' 와 'Object15'
      narrowPhase 실행...
>> checkGJKCollision 시작: Object9 vs Object15
  볼록 껍질 개수: Object9=128, Object15=128
      충돌 감지됨! 충돌 정보 설정 중...
  checkGJKCollision 완료: 충돌 감지
      충돌 결과: 충돌함
      충돌 정보 객체에 추가
    쌍 21: 'Object9' 와 'Object17'
      narrowPhase 실행...
>> checkGJKCollision 시작: Object9 vs Object17
  볼록 껍질 개수: Object9=128, Object17=128
      충돌 감지됨! 충돌 정보 설정 중...
  checkGJKCollision 완료: 충돌 감지
      충돌 결과: 충돌함
      충돌 정보 객체에 추가
    쌍 22: 'Object9' 와 'Object20'
      narrowPhase 실행...
>> checkGJKCollision 시작: Object9 vs Object20
  볼록 껍질 개수: Object9=128, Object20=128
      충돌 감지됨! 충돌 정보 설정 중...
  checkGJKCollision 완료: 충돌 감지
      충돌 결과: 충돌함
      충돌 정보 객체에 추가
    쌍 23: 'Object10' 와 'Object20'
      narrowPhase 실행...
>> checkGJKCollision 시작: Object10 vs Object20
  볼록 껍질 개수: Object10=128, Object20=128
  모든 볼록 껍질 쌍 검사 완료, 충돌 없음
      충돌 결과: 충돌 없음
    쌍 24: 'Object14' 와 'Object15'
      narrowPhase 실행...
>> checkGJKCollision 시작: Object14 vs Object15
  볼록 껍질 개수: Object14=128, Object15=128
      충돌 감지됨! 충돌 정보 설정 중...
  checkGJKCollision 완료: 충돌 감지
      충돌 결과: 충돌함
      충돌 정보 객체에 추가
    쌍 25: 'Object14' 와 'Object17'
      narrowPhase 실행...
>> checkGJKCollision 시작: Object14 vs Object17
  볼록 껍질 개수: Object14=128, Object17=128
  모든 볼록 껍질 쌍 검사 완료, 충돌 없음
      충돌 결과: 충돌 없음
    쌍 26: 'Object14' 와 'Object20'
      narrowPhase 실행...
>> checkGJKCollision 시작: Object14 vs Object20
  볼록 껍질 개수: Object14=128, Object20=128
  모든 볼록 껍질 쌍 검사 완료, 충돌 없음
      충돌 결과: 충돌 없음
    쌍 27: 'Object15' 와 'Object17'
      narrowPhase 실행...
>> checkGJKCollision 시작: Object15 vs Object17
  볼록 껍질 개수: Object15=128, Object17=128
      충돌 감지됨! 충돌 정보 설정 중...
  checkGJKCollision 완료: 충돌 감지
      충돌 결과: 충돌함
      충돌 정보 객체에 추가
    쌍 28: 'Object15' 와 'Object20'
      narrowPhase 실행...
>> checkGJKCollision 시작: Object15 vs Object20
  볼록 껍질 개수: Object15=128, Object20=128
      충돌 감지됨! 충돌 정보 설정 중...
  checkGJKCollision 완료: 충돌 감지
      충돌 결과: 충돌함
      충돌 정보 객체에 추가
    쌍 29: 'Object17' 와 'Object20'
      narrowPhase 실행...
>> checkGJKCollision 시작: Object17 vs Object20
  볼록 껍질 개수: Object17=128, Object20=128
      충돌 감지됨! 충돌 정보 설정 중...
  checkGJKCollision 완료: 충돌 감지
      충돌 결과: 충돌함
      충돌 정보 객체에 추가
  이전 충돌 상태 정리 중...
  충돌 상태 맵 업데이트
CollisionManager::update() - 완료

--- Frame 71 ---
Object0 position: (-7.823856, 8.345421, -10.431776)
Updating objects...
Object1 position: (-0.004688, 0.020316, 0.001563)
Updating objects...
Object2 position: (-3.358484, 2.878696, 0.719674)
Updating objects...
Object3 position: (-0.327037, 0.763085, -1.526170)
Updating objects...
Object4 position: (-0.719674, -3.358484, -2.878696)
Updating objects...
Object5 position: (-0.061493, 0.184480, 0.030747)
Updating objects...
Object6 position: (-4.517500, -1.860146, 1.594414)
Updating objects...
Object7 position: (0.149378, 0.000000, -0.014938)
Updating objects...
Object8 position: (0.000000, -1.279471, 0.341192)
Updating objects...
Object9 position: (-0.726251, 1.089377, 1.452503)
Updating objects...
Object10 position: (-0.901310, 3.605241, 1.802620)
Updating objects...
Object11 position: (-0.340854, 0.000000, 2.897253)
Updating objects...
Object12 position: (5.465452, 2.250483, 3.214971)
Updating objects...
Object13 position: (-0.087190, -1.307845, -0.348759)
Updating objects...
Object14 position: (0.089854, 0.025673, 0.051345)
Updating objects...
Object15 position: (9.201867, -7.157008, 9.201867)
Updating objects...
Object16 position: (-0.028946, -0.159202, -0.101310)
Updating objects...
Object17 position: (-5.769063, 0.678714, 4.411631)
Updating objects...
Object18 position: (2.467512, -9.376535, 9.870047)
Updating objects...
Object19 position: (-0.533338, -0.266669, 0.533338)
Updating objects...
Running collision detection...
CollisionManager::update() - 시작 (프레임 71)
  객체 목록 크기: 20
  각 객체의 AABB 업데이트 중...
    객체 'Object1' 업데이트
    객체 'Object2' 업데이트
    객체 'Object3' 업데이트
    객체 'Object4' 업데이트
    객체 'Object5' 업데이트
    객체 'Object6' 업데이트
    객체 'Object7' 업데이트
    객체 'Object8' 업데이트
    객체 'Object9' 업데이트
    객체 'Object10' 업데이트
    객체 'Object11' 업데이트
    객체 'Object12' 업데이트
    객체 'Object13' 업데이트
    객체 'Object14' 업데이트
    객체 'Object15' 업데이트
    객체 'Object16' 업데이트
    객체 'Object17' 업데이트
    객체 'Object18' 업데이트
    객체 'Object19' 업데이트
    객체 'Object20' 업데이트
  대략적 충돌 감지(Broad Phase) 중...
    잠재적 충돌 쌍: 29개
  정밀 충돌 감지(Narrow Phase) 시작...
    쌍 1: 'Object2' 와 'Object6'
      narrowPhase 실행...
>> checkGJKCollision 시작: Object2 vs Object6
  볼록 껍질 개수: Object2=128, Object6=128
      충돌 감지됨! 충돌 정보 설정 중...
  checkGJKCollision 완료: 충돌 감지
      충돌 결과: 충돌함
      충돌 정보 객체에 추가
    쌍 2: 'Object2' 와 'Object8'
      narrowPhase 실행...
>> checkGJKCollision 시작: Object2 vs Object8
  볼록 껍질 개수: Object2=128, Object8=128
      충돌 감지됨! 충돌 정보 설정 중...
  checkGJKCollision 완료: 충돌 감지
      충돌 결과: 충돌함
      충돌 정보 객체에 추가
    쌍 3: 'Object2' 와 'Object9'
      narrowPhase 실행...
>> checkGJKCollision 시작: Object2 vs Object9
  볼록 껍질 개수: Object2=128, Object9=128
      충돌 감지됨! 충돌 정보 설정 중...
  checkGJKCollision 완료: 충돌 감지
      충돌 결과: 충돌함
      충돌 정보 객체에 추가
    쌍 4: 'Object2' 와 'Object14'
      narrowPhase 실행...
>> checkGJKCollision 시작: Object2 vs Object14
  볼록 껍질 개수: Object2=128, Object14=128
      충돌 감지됨! 충돌 정보 설정 중...
  checkGJKCollision 완료: 충돌 감지
      충돌 결과: 충돌함
      충돌 정보 객체에 추가
    쌍 5: 'Object2' 와 'Object15'
      narrowPhase 실행...
>> checkGJKCollision 시작: Object2 vs Object15
  볼록 껍질 개수: Object2=128, Object15=128
      충돌 감지됨! 충돌 정보 설정 중...
  checkGJKCollision 완료: 충돌 감지
      충돌 결과: 충돌함
      충돌 정보 객체에 추가
    쌍 6: 'Object2' 와 'Object17'
      narrowPhase 실행...
>> checkGJKCollision 시작: Object2 vs Object17
  볼록 껍질 개수: Object2=128, Object17=128
      충돌 감지됨! 충돌 정보 설정 중...
  checkGJKCollision 완료: 충돌 감지
      충돌 결과: 충돌함
      충돌 정보 객체에 추가
    쌍 7: 'Object2' 와 'Object20'
      narrowPhase 실행...
>> checkGJKCollision 시작: Object2 vs Object20
  볼록 껍질 개수: Object2=128, Object20=128
      충돌 감지됨! 충돌 정보 설정 중...
  checkGJKCollision 완료: 충돌 감지
      충돌 결과: 충돌함
      충돌 정보 객체에 추가
    쌍 8: 'Object6' 와 'Object8'
      narrowPhase 실행...
>> checkGJKCollision 시작: Object6 vs Object8
  볼록 껍질 개수: Object6=128, Object8=128
      충돌 감지됨! 충돌 정보 설정 중...
  checkGJKCollision 완료: 충돌 감지
      충돌 결과: 충돌함
      충돌 정보 객체에 추가
    쌍 9: 'Object6' 와 'Object9'
      narrowPhase 실행...
>> checkGJKCollision 시작: Object6 vs Object9
  볼록 껍질 개수: Object6=128, Object9=128
      충돌 감지됨! 충돌 정보 설정 중...
  checkGJKCollision 완료: 충돌 감지
      충돌 결과: 충돌함
      충돌 정보 객체에 추가
    쌍 10: 'Object6' 와 'Object14'
      narrowPhase 실행...
>> checkGJKCollision 시작: Object6 vs Object14
  볼록 껍질 개수: Object6=128, Object14=128
  모든 볼록 껍질 쌍 검사 완료, 충돌 없음
      충돌 결과: 충돌 없음
    쌍 11: 'Object6' 와 'Object15'
      narrowPhase 실행...
>> checkGJKCollision 시작: Object6 vs Object15
  볼록 껍질 개수: Object6=128, Object15=128
      충돌 감지됨! 충돌 정보 설정 중...
  checkGJKCollision 완료: 충돌 감지
      충돌 결과: 충돌함
      충돌 정보 객체에 추가
    쌍 12: 'Object6' 와 'Object17'
      narrowPhase 실행...
>> checkGJKCollision 시작: Object6 vs Object17
  볼록 껍질 개수: Object6=128, Object17=128
      충돌 감지됨! 충돌 정보 설정 중...
  checkGJKCollision 완료: 충돌 감지
      충돌 결과: 충돌함
      충돌 정보 객체에 추가
    쌍 13: 'Object6' 와 'Object20'
      narrowPhase 실행...
>> checkGJKCollision 시작: Object6 vs Object20
  볼록 껍질 개수: Object6=128, Object20=128
      충돌 감지됨! 충돌 정보 설정 중...
  checkGJKCollision 완료: 충돌 감지
      충돌 결과: 충돌함
      충돌 정보 객체에 추가
    쌍 14: 'Object8' 와 'Object9'
      narrowPhase 실행...
>> checkGJKCollision 시작: Object8 vs Object9
  볼록 껍질 개수: Object8=128, Object9=128
      충돌 감지됨! 충돌 정보 설정 중...
  checkGJKCollision 완료: 충돌 감지
      충돌 결과: 충돌함
      충돌 정보 객체에 추가
    쌍 15: 'Object8' 와 'Object14'
      narrowPhase 실행...
>> checkGJKCollision 시작: Object8 vs Object14
  볼록 껍질 개수: Object8=128, Object14=128
  모든 볼록 껍질 쌍 검사 완료, 충돌 없음
      충돌 결과: 충돌 없음
    쌍 16: 'Object8' 와 'Object15'
      narrowPhase 실행...
>> checkGJKCollision 시작: Object8 vs Object15
  볼록 껍질 개수: Object8=128, Object15=128
      충돌 감지됨! 충돌 정보 설정 중...
  checkGJKCollision 완료: 충돌 감지
      충돌 결과: 충돌함
      충돌 정보 객체에 추가
    쌍 17: 'Object8' 와 'Object17'
      narrowPhase 실행...
>> checkGJKCollision 시작: Object8 vs Object17
  볼록 껍질 개수: Object8=128, Object17=128
      충돌 감지됨! 충돌 정보 설정 중...
  checkGJKCollision 완료: 충돌 감지
      충돌 결과: 충돌함
      충돌 정보 객체에 추가
    쌍 18: 'Object8' 와 'Object20'
      narrowPhase 실행...
>> checkGJKCollision 시작: Object8 vs Object20
  볼록 껍질 개수: Object8=128, Object20=128
      충돌 감지됨! 충돌 정보 설정 중...
  checkGJKCollision 완료: 충돌 감지
      충돌 결과: 충돌함
      충돌 정보 객체에 추가
    쌍 19: 'Object9' 와 'Object14'
      narrowPhase 실행...
>> checkGJKCollision 시작: Object9 vs Object14
  볼록 껍질 개수: Object9=128, Object14=128
      충돌 감지됨! 충돌 정보 설정 중...
  checkGJKCollision 완료: 충돌 감지
      충돌 결과: 충돌함
      충돌 정보 객체에 추가
    쌍 20: 'Object9' 와 'Object15'
      narrowPhase 실행...
>> checkGJKCollision 시작: Object9 vs Object15
  볼록 껍질 개수: Object9=128, Object15=128
      충돌 감지됨! 충돌 정보 설정 중...
  checkGJKCollision 완료: 충돌 감지
      충돌 결과: 충돌함
      충돌 정보 객체에 추가
    쌍 21: 'Object9' 와 'Object17'
      narrowPhase 실행...
>> checkGJKCollision 시작: Object9 vs Object17
  볼록 껍질 개수: Object9=128, Object17=128
      충돌 감지됨! 충돌 정보 설정 중...
  checkGJKCollision 완료: 충돌 감지
      충돌 결과: 충돌함
      충돌 정보 객체에 추가
    쌍 22: 'Object9' 와 'Object20'
      narrowPhase 실행...
>> checkGJKCollision 시작: Object9 vs Object20
  볼록 껍질 개수: Object9=128, Object20=128
      충돌 감지됨! 충돌 정보 설정 중...
  checkGJKCollision 완료: 충돌 감지
      충돌 결과: 충돌함
      충돌 정보 객체에 추가
    쌍 23: 'Object10' 와 'Object20'
      narrowPhase 실행...
>> checkGJKCollision 시작: Object10 vs Object20
  볼록 껍질 개수: Object10=128, Object20=128
  모든 볼록 껍질 쌍 검사 완료, 충돌 없음
      충돌 결과: 충돌 없음
    쌍 24: 'Object14' 와 'Object15'
      narrowPhase 실행...
>> checkGJKCollision 시작: Object14 vs Object15
  볼록 껍질 개수: Object14=128, Object15=128
  모든 볼록 껍질 쌍 검사 완료, 충돌 없음
      충돌 결과: 충돌 없음
      이전 충돌 상태 제거
    쌍 25: 'Object14' 와 'Object17'
      narrowPhase 실행...
>> checkGJKCollision 시작: Object14 vs Object17
  볼록 껍질 개수: Object14=128, Object17=128
      충돌 감지됨! 충돌 정보 설정 중...
  checkGJKCollision 완료: 충돌 감지
      충돌 결과: 충돌함
      충돌 정보 객체에 추가
    쌍 26: 'Object14' 와 'Object20'
      narrowPhase 실행...
>> checkGJKCollision 시작: Object14 vs Object20
  볼록 껍질 개수: Object14=128, Object20=128
      충돌 감지됨! 충돌 정보 설정 중...
  checkGJKCollision 완료: 충돌 감지
      충돌 결과: 충돌함
      충돌 정보 객체에 추가
    쌍 27: 'Object15' 와 'Object17'
      narrowPhase 실행...
>> checkGJKCollision 시작: Object15 vs Object17
  볼록 껍질 개수: Object15=128, Object17=128
      충돌 감지됨! 충돌 정보 설정 중...
  checkGJKCollision 완료: 충돌 감지
      충돌 결과: 충돌함
      충돌 정보 객체에 추가
    쌍 28: 'Object15' 와 'Object20'
      narrowPhase 실행...
>> checkGJKCollision 시작: Object15 vs Object20
  볼록 껍질 개수: Object15=128, Object20=128
      충돌 감지됨! 충돌 정보 설정 중...
  checkGJKCollision 완료: 충돌 감지
      충돌 결과: 충돌함
      충돌 정보 객체에 추가
    쌍 29: 'Object17' 와 'Object20'
      narrowPhase 실행...
>> checkGJKCollision 시작: Object17 vs Object20
  볼록 껍질 개수: Object17=128, Object20=128
      충돌 감지됨! 충돌 정보 설정 중...
  checkGJKCollision 완료: 충돌 감지
      충돌 결과: 충돌함
      충돌 정보 객체에 추가
  이전 충돌 상태 정리 중...
  충돌 상태 맵 업데이트
CollisionManager::update() - 완료

--- Frame 72 ---
Object0 position: (-7.722784, 8.237610, -10.297012)
Updating objects...
Object1 position: (0.040158, -0.174017, -0.013386)
Updating objects...
Object2 position: (-3.208603, 2.750227, 0.687557)
Updating objects...
Object3 position: (-0.289389, 0.675241, -1.350482)
Updating objects...
Object4 position: (-0.687557, -3.208603, -2.750227)
Updating objects...
Object5 position: (0.000976, -0.002929, -0.000488)
Updating objects...
Object6 position: (-4.341690, -1.787754, 1.532363)
Updating objects...
Object7 position: (-0.049630, 0.000000, 0.004963)
Updating objects...
Object8 position: (0.000000, -1.086224, 0.289660)
Updating objects...
Object9 position: (-0.651973, 0.977960, 1.303946)
Updating objects...
Object10 position: (-0.857667, 3.430666, 1.715333)
Updating objects...
Object11 position: (-0.317485, 0.000000, 2.698622)
Updating objects...
Object12 position: (5.302994, 2.183588, 3.119407)
Updating objects...
Object13 position: (-0.074333, -1.114998, -0.297333)
Updating objects...
Object14 position: (-0.078686, -0.022482, -0.044963)
Updating objects...
Object15 position: (9.077950, -7.060628, 9.077950)
Updating objects...
Object16 position: (0.001378, 0.007580, 0.004824)
Updating objects...
Object17 position: (-5.610880, 0.660104, 4.290668)
Updating objects...
Object18 position: (2.431843, -9.240993, 9.727371)
Updating objects...
Object19 position: (-0.400005, -0.200002, 0.400005)
Updating objects...
Running collision detection...
CollisionManager::update() - 시작 (프레임 72)
  객체 목록 크기: 20
  각 객체의 AABB 업데이트 중...
    객체 'Object1' 업데이트
    객체 'Object2' 업데이트
    객체 'Object3' 업데이트
    객체 'Object4' 업데이트
    객체 'Object5' 업데이트
    객체 'Object6' 업데이트
    객체 'Object7' 업데이트
    객체 'Object8' 업데이트
    객체 'Object9' 업데이트
    객체 'Object10' 업데이트
    객체 'Object11' 업데이트
    객체 'Object12' 업데이트
    객체 'Object13' 업데이트
    객체 'Object14' 업데이트
    객체 'Object15' 업데이트
    객체 'Object16' 업데이트
    객체 'Object17' 업데이트
    객체 'Object18' 업데이트
    객체 'Object19' 업데이트
    객체 'Object20' 업데이트
  대략적 충돌 감지(Broad Phase) 중...
    잠재적 충돌 쌍: 34개
  정밀 충돌 감지(Narrow Phase) 시작...
    쌍 1: 'Object2' 와 'Object6'
      narrowPhase 실행...
>> checkGJKCollision 시작: Object2 vs Object6
  볼록 껍질 개수: Object2=128, Object6=128
      충돌 감지됨! 충돌 정보 설정 중...
  checkGJKCollision 완료: 충돌 감지
      충돌 결과: 충돌함
      충돌 정보 객체에 추가
    쌍 2: 'Object2' 와 'Object8'
      narrowPhase 실행...
>> checkGJKCollision 시작: Object2 vs Object8
  볼록 껍질 개수: Object2=128, Object8=128
      충돌 감지됨! 충돌 정보 설정 중...
  checkGJKCollision 완료: 충돌 감지
      충돌 결과: 충돌함
      충돌 정보 객체에 추가
    쌍 3: 'Object2' 와 'Object9'
      narrowPhase 실행...
>> checkGJKCollision 시작: Object2 vs Object9
  볼록 껍질 개수: Object2=128, Object9=128
      충돌 감지됨! 충돌 정보 설정 중...
  checkGJKCollision 완료: 충돌 감지
      충돌 결과: 충돌함
      충돌 정보 객체에 추가
    쌍 4: 'Object2' 와 'Object10'
      narrowPhase 실행...
>> checkGJKCollision 시작: Object2 vs Object10
  볼록 껍질 개수: Object2=128, Object10=128
  모든 볼록 껍질 쌍 검사 완료, 충돌 없음
      충돌 결과: 충돌 없음
    쌍 5: 'Object2' 와 'Object14'
      narrowPhase 실행...
>> checkGJKCollision 시작: Object2 vs Object14
  볼록 껍질 개수: Object2=128, Object14=128
      충돌 감지됨! 충돌 정보 설정 중...
  checkGJKCollision 완료: 충돌 감지
      충돌 결과: 충돌함
      충돌 정보 객체에 추가
    쌍 6: 'Object2' 와 'Object15'
      narrowPhase 실행...
>> checkGJKCollision 시작: Object2 vs Object15
  볼록 껍질 개수: Object2=128, Object15=128
      충돌 감지됨! 충돌 정보 설정 중...
  checkGJKCollision 완료: 충돌 감지
      충돌 결과: 충돌함
      충돌 정보 객체에 추가
    쌍 7: 'Object2' 와 'Object17'
      narrowPhase 실행...
>> checkGJKCollision 시작: Object2 vs Object17
  볼록 껍질 개수: Object2=128, Object17=128
      충돌 감지됨! 충돌 정보 설정 중...
  checkGJKCollision 완료: 충돌 감지
      충돌 결과: 충돌함
      충돌 정보 객체에 추가
    쌍 8: 'Object2' 와 'Object20'
      narrowPhase 실행...
>> checkGJKCollision 시작: Object2 vs Object20
  볼록 껍질 개수: Object2=128, Object20=128
      충돌 감지됨! 충돌 정보 설정 중...
  checkGJKCollision 완료: 충돌 감지
      충돌 결과: 충돌함
      충돌 정보 객체에 추가
    쌍 9: 'Object4' 와 'Object15'
      narrowPhase 실행...
>> checkGJKCollision 시작: Object4 vs Object15
  볼록 껍질 개수: Object4=128, Object15=128
  모든 볼록 껍질 쌍 검사 완료, 충돌 없음
      충돌 결과: 충돌 없음
    쌍 10: 'Object6' 와 'Object8'
      narrowPhase 실행...
>> checkGJKCollision 시작: Object6 vs Object8
  볼록 껍질 개수: Object6=128, Object8=128
      충돌 감지됨! 충돌 정보 설정 중...
  checkGJKCollision 완료: 충돌 감지
      충돌 결과: 충돌함
      충돌 정보 객체에 추가
    쌍 11: 'Object6' 와 'Object9'
      narrowPhase 실행...
>> checkGJKCollision 시작: Object6 vs Object9
  볼록 껍질 개수: Object6=128, Object9=128
      충돌 감지됨! 충돌 정보 설정 중...
  checkGJKCollision 완료: 충돌 감지
      충돌 결과: 충돌함
      충돌 정보 객체에 추가
    쌍 12: 'Object6' 와 'Object10'
      narrowPhase 실행...
>> checkGJKCollision 시작: Object6 vs Object10
  볼록 껍질 개수: Object6=128, Object10=128
  모든 볼록 껍질 쌍 검사 완료, 충돌 없음
      충돌 결과: 충돌 없음
    쌍 13: 'Object6' 와 'Object14'
      narrowPhase 실행...
>> checkGJKCollision 시작: Object6 vs Object14
  볼록 껍질 개수: Object6=128, Object14=128
      충돌 감지됨! 충돌 정보 설정 중...
  checkGJKCollision 완료: 충돌 감지
      충돌 결과: 충돌함
      충돌 정보 객체에 추가
    쌍 14: 'Object6' 와 'Object15'
      narrowPhase 실행...
>> checkGJKCollision 시작: Object6 vs Object15
  볼록 껍질 개수: Object6=128, Object15=128
      충돌 감지됨! 충돌 정보 설정 중...
  checkGJKCollision 완료: 충돌 감지
      충돌 결과: 충돌함
      충돌 정보 객체에 추가
    쌍 15: 'Object6' 와 'Object17'
      narrowPhase 실행...
>> checkGJKCollision 시작: Object6 vs Object17
  볼록 껍질 개수: Object6=128, Object17=128
      충돌 감지됨! 충돌 정보 설정 중...
  checkGJKCollision 완료: 충돌 감지
      충돌 결과: 충돌함
      충돌 정보 객체에 추가
    쌍 16: 'Object6' 와 'Object20'
      narrowPhase 실행...
>> checkGJKCollision 시작: Object6 vs Object20
  볼록 껍질 개수: Object6=128, Object20=128
      충돌 감지됨! 충돌 정보 설정 중...
  checkGJKCollision 완료: 충돌 감지
      충돌 결과: 충돌함
      충돌 정보 객체에 추가
    쌍 17: 'Object8' 와 'Object9'
      narrowPhase 실행...
>> checkGJKCollision 시작: Object8 vs Object9
  볼록 껍질 개수: Object8=128, Object9=128
      충돌 감지됨! 충돌 정보 설정 중...
  checkGJKCollision 완료: 충돌 감지
      충돌 결과: 충돌함
      충돌 정보 객체에 추가
    쌍 18: 'Object8' 와 'Object10'
      narrowPhase 실행...
>> checkGJKCollision 시작: Object8 vs Object10
  볼록 껍질 개수: Object8=128, Object10=128
  모든 볼록 껍질 쌍 검사 완료, 충돌 없음
      충돌 결과: 충돌 없음
    쌍 19: 'Object8' 와 'Object14'
      narrowPhase 실행...
>> checkGJKCollision 시작: Object8 vs Object14
  볼록 껍질 개수: Object8=128, Object14=128
      충돌 감지됨! 충돌 정보 설정 중...
  checkGJKCollision 완료: 충돌 감지
      충돌 결과: 충돌함
      충돌 정보 객체에 추가
    쌍 20: 'Object8' 와 'Object15'
      narrowPhase 실행...
>> checkGJKCollision 시작: Object8 vs Object15
  볼록 껍질 개수: Object8=128, Object15=128
      충돌 감지됨! 충돌 정보 설정 중...
  checkGJKCollision 완료: 충돌 감지
      충돌 결과: 충돌함
      충돌 정보 객체에 추가
    쌍 21: 'Object8' 와 'Object17'
      narrowPhase 실행...
>> checkGJKCollision 시작: Object8 vs Object17
  볼록 껍질 개수: Object8=128, Object17=128
      충돌 감지됨! 충돌 정보 설정 중...
  checkGJKCollision 완료: 충돌 감지
      충돌 결과: 충돌함
      충돌 정보 객체에 추가
    쌍 22: 'Object8' 와 'Object20'
      narrowPhase 실행...
>> checkGJKCollision 시작: Object8 vs Object20
  볼록 껍질 개수: Object8=128, Object20=128
      충돌 감지됨! 충돌 정보 설정 중...
  checkGJKCollision 완료: 충돌 감지
      충돌 결과: 충돌함
      충돌 정보 객체에 추가
    쌍 23: 'Object9' 와 'Object14'
      narrowPhase 실행...
>> checkGJKCollision 시작: Object9 vs Object14
  볼록 껍질 개수: Object9=128, Object14=128
      충돌 감지됨! 충돌 정보 설정 중...
  checkGJKCollision 완료: 충돌 감지
      충돌 결과: 충돌함
      충돌 정보 객체에 추가
    쌍 24: 'Object9' 와 'Object15'
      narrowPhase 실행...
>> checkGJKCollision 시작: Object9 vs Object15
  볼록 껍질 개수: Object9=128, Object15=128
      충돌 감지됨! 충돌 정보 설정 중...
  checkGJKCollision 완료: 충돌 감지
      충돌 결과: 충돌함
      충돌 정보 객체에 추가
    쌍 25: 'Object9' 와 'Object17'
      narrowPhase 실행...
>> checkGJKCollision 시작: Object9 vs Object17
  볼록 껍질 개수: Object9=128, Object17=128
      충돌 감지됨! 충돌 정보 설정 중...
  checkGJKCollision 완료: 충돌 감지
      충돌 결과: 충돌함
      충돌 정보 객체에 추가
    쌍 26: 'Object9' 와 'Object20'
      narrowPhase 실행...
>> checkGJKCollision 시작: Object9 vs Object20
  볼록 껍질 개수: Object9=128, Object20=128
      충돌 감지됨! 충돌 정보 설정 중...
  checkGJKCollision 완료: 충돌 감지
      충돌 결과: 충돌함
      충돌 정보 객체에 추가
    쌍 27: 'Object10' 와 'Object17'
      narrowPhase 실행...
>> checkGJKCollision 시작: Object10 vs Object17
  볼록 껍질 개수: Object10=128, Object17=128
  모든 볼록 껍질 쌍 검사 완료, 충돌 없음
      충돌 결과: 충돌 없음
    쌍 28: 'Object10' 와 'Object20'
      narrowPhase 실행...
>> checkGJKCollision 시작: Object10 vs Object20
  볼록 껍질 개수: Object10=128, Object20=128
  모든 볼록 껍질 쌍 검사 완료, 충돌 없음
      충돌 결과: 충돌 없음
    쌍 29: 'Object14' 와 'Object15'
      narrowPhase 실행...
>> checkGJKCollision 시작: Object14 vs Object15
  볼록 껍질 개수: Object14=128, Object15=128
      충돌 감지됨! 충돌 정보 설정 중...
  checkGJKCollision 완료: 충돌 감지
      충돌 결과: 충돌함
      충돌 정보 객체에 추가
    쌍 30: 'Object14' 와 'Object17'
      narrowPhase 실행...
>> checkGJKCollision 시작: Object14 vs Object17
  볼록 껍질 개수: Object14=128, Object17=128
      충돌 감지됨! 충돌 정보 설정 중...
  checkGJKCollision 완료: 충돌 감지
      충돌 결과: 충돌함
      충돌 정보 객체에 추가
    쌍 31: 'Object14' 와 'Object20'
      narrowPhase 실행...
>> checkGJKCollision 시작: Object14 vs Object20
  볼록 껍질 개수: Object14=128, Object20=128
      충돌 감지됨! 충돌 정보 설정 중...
  checkGJKCollision 완료: 충돌 감지
      충돌 결과: 충돌함
      충돌 정보 객체에 추가
    쌍 32: 'Object15' 와 'Object17'
      narrowPhase 실행...
>> checkGJKCollision 시작: Object15 vs Object17
  볼록 껍질 개수: Object15=128, Object17=128
      충돌 감지됨! 충돌 정보 설정 중...
  checkGJKCollision 완료: 충돌 감지
      충돌 결과: 충돌함
      충돌 정보 객체에 추가
    쌍 33: 'Object15' 와 'Object20'
      narrowPhase 실행...
>> checkGJKCollision 시작: Object15 vs Object20
  볼록 껍질 개수: Object15=128, Object20=128
      충돌 감지됨! 충돌 정보 설정 중...
  checkGJKCollision 완료: 충돌 감지
      충돌 결과: 충돌함
      충돌 정보 객체에 추가
    쌍 34: 'Object17' 와 'Object20'
      narrowPhase 실행...
>> checkGJKCollision 시작: Object17 vs Object20
  볼록 껍질 개수: Object17=128, Object20=128
      충돌 감지됨! 충돌 정보 설정 중...
  checkGJKCollision 완료: 충돌 감지
      충돌 결과: 충돌함
      충돌 정보 객체에 추가
  이전 충돌 상태 정리 중...
  충돌 상태 맵 업데이트
CollisionManager::update() - 완료

--- Frame 73 ---
Object0 position: (-7.621711, 8.129799, -10.162249)
Updating objects...
Object1 position: (-0.004688, 0.020316, 0.001563)
Updating objects...
Object2 position: (-3.058723, 2.621758, 0.655440)
Updating objects...
Object3 position: (-0.251742, 0.587397, -1.174795)
Updating objects...
Object4 position: (-0.655440, -3.058723, -2.621758)
Updating objects...
Object5 position: (-0.061493, 0.184480, 0.030747)
Updating objects...
Object6 position: (-4.165880, -1.715362, 1.470312)
Updating objects...
Object7 position: (0.149378, 0.000000, -0.014938)
Updating objects...
Object8 position: (0.000000, -0.892977, 0.238127)
Updating objects...
Object9 position: (-0.577695, 0.866543, 1.155390)
Updating objects...
Object10 position: (-0.814023, 3.256092, 1.628046)
Updating objects...
Object11 position: (-0.294117, 0.000000, 2.499992)
Updating objects...
Object12 position: (5.140535, 2.116693, 3.023844)
Updating objects...
Object13 position: (-0.061477, -0.922151, -0.245907)
Updating objects...
Object14 position: (0.089854, 0.025673, 0.051345)
Updating objects...
Object15 position: (8.954032, -6.964248, 8.954032)
Updating objects...
Object16 position: (-0.028946, -0.159202, -0.101310)
Updating objects...
Object17 position: (-5.452698, 0.641494, 4.169705)
Updating objects...
Object18 position: (2.396174, -9.105452, 9.584696)
Updating objects...
Object19 position: (-0.266672, -0.133336, 0.266672)
Updating objects...
Running collision detection...
CollisionManager::update() - 시작 (프레임 73)
  객체 목록 크기: 20
  각 객체의 AABB 업데이트 중...
    객체 'Object1' 업데이트
    객체 'Object2' 업데이트
    객체 'Object3' 업데이트
    객체 'Object4' 업데이트
    객체 'Object5' 업데이트
    객체 'Object6' 업데이트
    객체 'Object7' 업데이트
    객체 'Object8' 업데이트
    객체 'Object9' 업데이트
    객체 'Object10' 업데이트
    객체 'Object11' 업데이트
    객체 'Object12' 업데이트
    객체 'Object13' 업데이트
    객체 'Object14' 업데이트
    객체 'Object15' 업데이트
    객체 'Object16' 업데이트
    객체 'Object17' 업데이트
    객체 'Object18' 업데이트
    객체 'Object19' 업데이트
    객체 'Object20' 업데이트
  대략적 충돌 감지(Broad Phase) 중...
    잠재적 충돌 쌍: 40개
  정밀 충돌 감지(Narrow Phase) 시작...
    쌍 1: 'Object2' 와 'Object4'
      narrowPhase 실행...
>> checkGJKCollision 시작: Object2 vs Object4
  볼록 껍질 개수: Object2=128, Object4=128
  모든 볼록 껍질 쌍 검사 완료, 충돌 없음
      충돌 결과: 충돌 없음
    쌍 2: 'Object2' 와 'Object6'
      narrowPhase 실행...
>> checkGJKCollision 시작: Object2 vs Object6
  볼록 껍질 개수: Object2=128, Object6=128
      충돌 감지됨! 충돌 정보 설정 중...
  checkGJKCollision 완료: 충돌 감지
      충돌 결과: 충돌함
      충돌 정보 객체에 추가
    쌍 3: 'Object2' 와 'Object8'
      narrowPhase 실행...
>> checkGJKCollision 시작: Object2 vs Object8
  볼록 껍질 개수: Object2=128, Object8=128
      충돌 감지됨! 충돌 정보 설정 중...
  checkGJKCollision 완료: 충돌 감지
      충돌 결과: 충돌함
      충돌 정보 객체에 추가
    쌍 4: 'Object2' 와 'Object9'
      narrowPhase 실행...
>> checkGJKCollision 시작: Object2 vs Object9
  볼록 껍질 개수: Object2=128, Object9=128
      충돌 감지됨! 충돌 정보 설정 중...
  checkGJKCollision 완료: 충돌 감지
      충돌 결과: 충돌함
      충돌 정보 객체에 추가
    쌍 5: 'Object2' 와 'Object10'
      narrowPhase 실행...
>> checkGJKCollision 시작: Object2 vs Object10
  볼록 껍질 개수: Object2=128, Object10=128
  모든 볼록 껍질 쌍 검사 완료, 충돌 없음
      충돌 결과: 충돌 없음
    쌍 6: 'Object2' 와 'Object14'
      narrowPhase 실행...
>> checkGJKCollision 시작: Object2 vs Object14
  볼록 껍질 개수: Object2=128, Object14=128
      충돌 감지됨! 충돌 정보 설정 중...
  checkGJKCollision 완료: 충돌 감지
      충돌 결과: 충돌함
      충돌 정보 객체에 추가
    쌍 7: 'Object2' 와 'Object15'
      narrowPhase 실행...
>> checkGJKCollision 시작: Object2 vs Object15
  볼록 껍질 개수: Object2=128, Object15=128
      충돌 감지됨! 충돌 정보 설정 중...
  checkGJKCollision 완료: 충돌 감지
      충돌 결과: 충돌함
      충돌 정보 객체에 추가
    쌍 8: 'Object2' 와 'Object17'
      narrowPhase 실행...
>> checkGJKCollision 시작: Object2 vs Object17
  볼록 껍질 개수: Object2=128, Object17=128
      충돌 감지됨! 충돌 정보 설정 중...
  checkGJKCollision 완료: 충돌 감지
      충돌 결과: 충돌함
      충돌 정보 객체에 추가
    쌍 9: 'Object2' 와 'Object20'
      narrowPhase 실행...
>> checkGJKCollision 시작: Object2 vs Object20
  볼록 껍질 개수: Object2=128, Object20=128
      충돌 감지됨! 충돌 정보 설정 중...
  checkGJKCollision 완료: 충돌 감지
      충돌 결과: 충돌함
      충돌 정보 객체에 추가
    쌍 10: 'Object4' 와 'Object6'
      narrowPhase 실행...
>> checkGJKCollision 시작: Object4 vs Object6
  볼록 껍질 개수: Object4=128, Object6=128
  모든 볼록 껍질 쌍 검사 완료, 충돌 없음
      충돌 결과: 충돌 없음
    쌍 11: 'Object4' 와 'Object8'
      narrowPhase 실행...
>> checkGJKCollision 시작: Object4 vs Object8
  볼록 껍질 개수: Object4=128, Object8=128
  모든 볼록 껍질 쌍 검사 완료, 충돌 없음
      충돌 결과: 충돌 없음
    쌍 12: 'Object4' 와 'Object14'
      narrowPhase 실행...
>> checkGJKCollision 시작: Object4 vs Object14
  볼록 껍질 개수: Object4=128, Object14=128
      충돌 감지됨! 충돌 정보 설정 중...
  checkGJKCollision 완료: 충돌 감지
      충돌 결과: 충돌함
      충돌 정보 객체에 추가
Object4 collision enter with Object14
Contact point: (-0.156609, -0.167377, -0.710351)
Contact normal: (0.106733, -0.846810, 0.521077)
Penetration depth: 0.1
    쌍 13: 'Object4' 와 'Object15'
      narrowPhase 실행...
>> checkGJKCollision 시작: Object4 vs Object15
  볼록 껍질 개수: Object4=128, Object15=128
  모든 볼록 껍질 쌍 검사 완료, 충돌 없음
      충돌 결과: 충돌 없음
    쌍 14: 'Object4' 와 'Object17'
      narrowPhase 실행...
>> checkGJKCollision 시작: Object4 vs Object17
  볼록 껍질 개수: Object4=128, Object17=128
      충돌 감지됨! 충돌 정보 설정 중...
  checkGJKCollision 완료: 충돌 감지
      충돌 결과: 충돌함
      충돌 정보 객체에 추가
    쌍 15: 'Object6' 와 'Object8'
      narrowPhase 실행...
>> checkGJKCollision 시작: Object6 vs Object8
  볼록 껍질 개수: Object6=128, Object8=128
      충돌 감지됨! 충돌 정보 설정 중...
  checkGJKCollision 완료: 충돌 감지
      충돌 결과: 충돌함
      충돌 정보 객체에 추가
    쌍 16: 'Object6' 와 'Object9'
      narrowPhase 실행...
>> checkGJKCollision 시작: Object6 vs Object9
  볼록 껍질 개수: Object6=128, Object9=128
      충돌 감지됨! 충돌 정보 설정 중...
  checkGJKCollision 완료: 충돌 감지
      충돌 결과: 충돌함
      충돌 정보 객체에 추가
    쌍 17: 'Object6' 와 'Object10'
      narrowPhase 실행...
>> checkGJKCollision 시작: Object6 vs Object10
  볼록 껍질 개수: Object6=128, Object10=128
  모든 볼록 껍질 쌍 검사 완료, 충돌 없음
      충돌 결과: 충돌 없음
    쌍 18: 'Object6' 와 'Object14'
      narrowPhase 실행...
>> checkGJKCollision 시작: Object6 vs Object14
  볼록 껍질 개수: Object6=128, Object14=128
      충돌 감지됨! 충돌 정보 설정 중...
  checkGJKCollision 완료: 충돌 감지
      충돌 결과: 충돌함
      충돌 정보 객체에 추가
    쌍 19: 'Object6' 와 'Object15'
      narrowPhase 실행...
>> checkGJKCollision 시작: Object6 vs Object15
  볼록 껍질 개수: Object6=128, Object15=128
      충돌 감지됨! 충돌 정보 설정 중...
  checkGJKCollision 완료: 충돌 감지
      충돌 결과: 충돌함
      충돌 정보 객체에 추가
    쌍 20: 'Object6' 와 'Object17'
      narrowPhase 실행...
>> checkGJKCollision 시작: Object6 vs Object17
  볼록 껍질 개수: Object6=128, Object17=128
      충돌 감지됨! 충돌 정보 설정 중...
  checkGJKCollision 완료: 충돌 감지
      충돌 결과: 충돌함
      충돌 정보 객체에 추가
    쌍 21: 'Object6' 와 'Object20'
      narrowPhase 실행...
>> checkGJKCollision 시작: Object6 vs Object20
  볼록 껍질 개수: Object6=128, Object20=128
      충돌 감지됨! 충돌 정보 설정 중...
  checkGJKCollision 완료: 충돌 감지
      충돌 결과: 충돌함
      충돌 정보 객체에 추가
    쌍 22: 'Object8' 와 'Object9'
      narrowPhase 실행...
>> checkGJKCollision 시작: Object8 vs Object9
  볼록 껍질 개수: Object8=128, Object9=128
      충돌 감지됨! 충돌 정보 설정 중...
  checkGJKCollision 완료: 충돌 감지
      충돌 결과: 충돌함
      충돌 정보 객체에 추가
    쌍 23: 'Object8' 와 'Object10'
      narrowPhase 실행...
>> checkGJKCollision 시작: Object8 vs Object10
  볼록 껍질 개수: Object8=128, Object10=128
  모든 볼록 껍질 쌍 검사 완료, 충돌 없음
      충돌 결과: 충돌 없음
    쌍 24: 'Object8' 와 'Object14'
      narrowPhase 실행...
>> checkGJKCollision 시작: Object8 vs Object14
  볼록 껍질 개수: Object8=128, Object14=128
      충돌 감지됨! 충돌 정보 설정 중...
  checkGJKCollision 완료: 충돌 감지
      충돌 결과: 충돌함
      충돌 정보 객체에 추가
    쌍 25: 'Object8' 와 'Object15'
      narrowPhase 실행...
>> checkGJKCollision 시작: Object8 vs Object15
  볼록 껍질 개수: Object8=128, Object15=128
      충돌 감지됨! 충돌 정보 설정 중...
  checkGJKCollision 완료: 충돌 감지
      충돌 결과: 충돌함
      충돌 정보 객체에 추가
    쌍 26: 'Object8' 와 'Object17'
      narrowPhase 실행...
>> checkGJKCollision 시작: Object8 vs Object17
  볼록 껍질 개수: Object8=128, Object17=128
      충돌 감지됨! 충돌 정보 설정 중...
  checkGJKCollision 완료: 충돌 감지
      충돌 결과: 충돌함
      충돌 정보 객체에 추가
    쌍 27: 'Object8' 와 'Object20'
      narrowPhase 실행...
>> checkGJKCollision 시작: Object8 vs Object20
  볼록 껍질 개수: Object8=128, Object20=128
      충돌 감지됨! 충돌 정보 설정 중...
  checkGJKCollision 완료: 충돌 감지
      충돌 결과: 충돌함
      충돌 정보 객체에 추가
    쌍 28: 'Object9' 와 'Object14'
      narrowPhase 실행...
>> checkGJKCollision 시작: Object9 vs Object14
  볼록 껍질 개수: Object9=128, Object14=128
      충돌 감지됨! 충돌 정보 설정 중...
  checkGJKCollision 완료: 충돌 감지
      충돌 결과: 충돌함
      충돌 정보 객체에 추가
    쌍 29: 'Object9' 와 'Object15'
      narrowPhase 실행...
>> checkGJKCollision 시작: Object9 vs Object15
  볼록 껍질 개수: Object9=128, Object15=128
      충돌 감지됨! 충돌 정보 설정 중...
  checkGJKCollision 완료: 충돌 감지
      충돌 결과: 충돌함
      충돌 정보 객체에 추가
    쌍 30: 'Object9' 와 'Object17'
      narrowPhase 실행...
>> checkGJKCollision 시작: Object9 vs Object17
  볼록 껍질 개수: Object9=128, Object17=128
      충돌 감지됨! 충돌 정보 설정 중...
  checkGJKCollision 완료: 충돌 감지
      충돌 결과: 충돌함
      충돌 정보 객체에 추가
    쌍 31: 'Object9' 와 'Object20'
      narrowPhase 실행...
>> checkGJKCollision 시작: Object9 vs Object20
  볼록 껍질 개수: Object9=128, Object20=128
      충돌 감지됨! 충돌 정보 설정 중...
  checkGJKCollision 완료: 충돌 감지
      충돌 결과: 충돌함
      충돌 정보 객체에 추가
    쌍 32: 'Object10' 와 'Object15'
      narrowPhase 실행...
>> checkGJKCollision 시작: Object10 vs Object15
  볼록 껍질 개수: Object10=128, Object15=128
  모든 볼록 껍질 쌍 검사 완료, 충돌 없음
      충돌 결과: 충돌 없음
    쌍 33: 'Object10' 와 'Object17'
      narrowPhase 실행...
>> checkGJKCollision 시작: Object10 vs Object17
  볼록 껍질 개수: Object10=128, Object17=128
  모든 볼록 껍질 쌍 검사 완료, 충돌 없음
      충돌 결과: 충돌 없음
    쌍 34: 'Object10' 와 'Object20'
      narrowPhase 실행...
>> checkGJKCollision 시작: Object10 vs Object20
  볼록 껍질 개수: Object10=128, Object20=128
      충돌 감지됨! 충돌 정보 설정 중...
  checkGJKCollision 완료: 충돌 감지
      충돌 결과: 충돌함
      충돌 정보 객체에 추가
Object10 collision enter with Object20
Contact point: (-0.422183, 0.366603, 0.711031)
Contact normal: (0.226457, -0.728015, -0.647079)
Penetration depth: 0.1
    쌍 35: 'Object14' 와 'Object15'
      narrowPhase 실행...
>> checkGJKCollision 시작: Object14 vs Object15
  볼록 껍질 개수: Object14=128, Object15=128
      충돌 감지됨! 충돌 정보 설정 중...
  checkGJKCollision 완료: 충돌 감지
      충돌 결과: 충돌함
      충돌 정보 객체에 추가
    쌍 36: 'Object14' 와 'Object17'
      narrowPhase 실행...
>> checkGJKCollision 시작: Object14 vs Object17
  볼록 껍질 개수: Object14=128, Object17=128
      충돌 감지됨! 충돌 정보 설정 중...
  checkGJKCollision 완료: 충돌 감지
      충돌 결과: 충돌함
      충돌 정보 객체에 추가
    쌍 37: 'Object14' 와 'Object20'
      narrowPhase 실행...
>> checkGJKCollision 시작: Object14 vs Object20
  볼록 껍질 개수: Object14=128, Object20=128
      충돌 감지됨! 충돌 정보 설정 중...
  checkGJKCollision 완료: 충돌 감지
      충돌 결과: 충돌함
      충돌 정보 객체에 추가
    쌍 38: 'Object15' 와 'Object17'
      narrowPhase 실행...
>> checkGJKCollision 시작: Object15 vs Object17
  볼록 껍질 개수: Object15=128, Object17=128
      충돌 감지됨! 충돌 정보 설정 중...
  checkGJKCollision 완료: 충돌 감지
      충돌 결과: 충돌함
      충돌 정보 객체에 추가
    쌍 39: 'Object15' 와 'Object20'
      narrowPhase 실행...
>> checkGJKCollision 시작: Object15 vs Object20
  볼록 껍질 개수: Object15=128, Object20=128
      충돌 감지됨! 충돌 정보 설정 중...
  checkGJKCollision 완료: 충돌 감지
      충돌 결과: 충돌함
      충돌 정보 객체에 추가
    쌍 40: 'Object17' 와 'Object20'
      narrowPhase 실행...
>> checkGJKCollision 시작: Object17 vs Object20
  볼록 껍질 개수: Object17=128, Object20=128
      충돌 감지됨! 충돌 정보 설정 중...
  checkGJKCollision 완료: 충돌 감지
      충돌 결과: 충돌함
      충돌 정보 객체에 추가
  이전 충돌 상태 정리 중...
  충돌 상태 맵 업데이트
CollisionManager::update() - 완료

--- Frame 74 ---
Object0 position: (-7.520638, 8.021988, -10.027485)
Updating objects...
Object1 position: (0.040158, -0.174017, -0.013386)
Updating objects...
Object2 position: (-2.908842, 2.493289, 0.623322)
Updating objects...
Object3 position: (-0.214095, 0.499554, -0.999107)
Updating objects...
Object4 position: (-0.623322, -2.908842, -2.493289)
Updating objects...
Object5 position: (0.000976, -0.002929, -0.000488)
Updating objects...
Object6 position: (-3.990070, -1.642969, 1.408262)
Updating objects...
Object7 position: (-0.049630, 0.000000, 0.004963)
Updating objects...
Object8 position: (0.000000, -0.699730, 0.186595)
Updating objects...
Object9 position: (-0.503417, 0.755125, 1.006834)
Updating objects...
Object10 position: (-0.770379, 3.081518, 1.540759)
Updating objects...
Object11 position: (-0.270749, 0.000000, 2.301362)
Updating objects...
Object12 position: (4.978077, 2.049798, 2.928280)
Updating objects...
Object13 position: (-0.048620, -0.729303, -0.194481)
Updating objects...
Object14 position: (-0.078686, -0.022482, -0.044963)
Updating objects...
Object15 position: (8.830114, -6.867868, 8.830114)
Updating objects...
Object16 position: (0.001378, 0.007580, 0.004824)
Updating objects...
Object17 position: (-5.294515, 0.622884, 4.048742)
Updating objects...
Object18 position: (2.360505, -8.969910, 9.442020)
Updating objects...
Object19 position: (-0.133338, -0.066669, 0.133338)
Updating objects...
Running collision detection...
CollisionManager::update() - 시작 (프레임 74)
  객체 목록 크기: 20
  각 객체의 AABB 업데이트 중...
    객체 'Object1' 업데이트
    객체 'Object2' 업데이트
    객체 'Object3' 업데이트
    객체 'Object4' 업데이트
    객체 'Object5' 업데이트
    객체 'Object6' 업데이트
    객체 'Object7' 업데이트
    객체 'Object8' 업데이트
    객체 'Object9' 업데이트
    객체 'Object10' 업데이트
    객체 'Object11' 업데이트
    객체 'Object12' 업데이트
    객체 'Object13' 업데이트
    객체 'Object14' 업데이트
    객체 'Object15' 업데이트
    객체 'Object16' 업데이트
    객체 'Object17' 업데이트
    객체 'Object18' 업데이트
    객체 'Object19' 업데이트
    객체 'Object20' 업데이트
  대략적 충돌 감지(Broad Phase) 중...
    잠재적 충돌 쌍: 45개
  정밀 충돌 감지(Narrow Phase) 시작...
    쌍 1: 'Object2' 와 'Object4'
      narrowPhase 실행...
>> checkGJKCollision 시작: Object2 vs Object4
  볼록 껍질 개수: Object2=128, Object4=128
      충돌 감지됨! 충돌 정보 설정 중...
  checkGJKCollision 완료: 충돌 감지
      충돌 결과: 충돌함
      충돌 정보 객체에 추가
    쌍 2: 'Object2' 와 'Object6'
      narrowPhase 실행...
>> checkGJKCollision 시작: Object2 vs Object6
  볼록 껍질 개수: Object2=128, Object6=128
      충돌 감지됨! 충돌 정보 설정 중...
  checkGJKCollision 완료: 충돌 감지
      충돌 결과: 충돌함
      충돌 정보 객체에 추가
    쌍 3: 'Object2' 와 'Object8'
      narrowPhase 실행...
>> checkGJKCollision 시작: Object2 vs Object8
  볼록 껍질 개수: Object2=128, Object8=128
      충돌 감지됨! 충돌 정보 설정 중...
  checkGJKCollision 완료: 충돌 감지
      충돌 결과: 충돌함
      충돌 정보 객체에 추가
    쌍 4: 'Object2' 와 'Object9'
      narrowPhase 실행...
>> checkGJKCollision 시작: Object2 vs Object9
  볼록 껍질 개수: Object2=128, Object9=128
      충돌 감지됨! 충돌 정보 설정 중...
  checkGJKCollision 완료: 충돌 감지
      충돌 결과: 충돌함
      충돌 정보 객체에 추가
    쌍 5: 'Object2' 와 'Object10'
      narrowPhase 실행...
>> checkGJKCollision 시작: Object2 vs Object10
  볼록 껍질 개수: Object2=128, Object10=128
  모든 볼록 껍질 쌍 검사 완료, 충돌 없음
      충돌 결과: 충돌 없음
    쌍 6: 'Object2' 와 'Object14'
      narrowPhase 실행...
>> checkGJKCollision 시작: Object2 vs Object14
  볼록 껍질 개수: Object2=128, Object14=128
      충돌 감지됨! 충돌 정보 설정 중...
  checkGJKCollision 완료: 충돌 감지
      충돌 결과: 충돌함
      충돌 정보 객체에 추가
    쌍 7: 'Object2' 와 'Object15'
      narrowPhase 실행...
>> checkGJKCollision 시작: Object2 vs Object15
  볼록 껍질 개수: Object2=128, Object15=128
      충돌 감지됨! 충돌 정보 설정 중...
  checkGJKCollision 완료: 충돌 감지
      충돌 결과: 충돌함
      충돌 정보 객체에 추가
    쌍 8: 'Object2' 와 'Object17'
      narrowPhase 실행...
>> checkGJKCollision 시작: Object2 vs Object17
  볼록 껍질 개수: Object2=128, Object17=128
      충돌 감지됨! 충돌 정보 설정 중...
  checkGJKCollision 완료: 충돌 감지
      충돌 결과: 충돌함
      충돌 정보 객체에 추가
    쌍 9: 'Object2' 와 'Object20'
      narrowPhase 실행...
>> checkGJKCollision 시작: Object2 vs Object20
  볼록 껍질 개수: Object2=128, Object20=128
      충돌 감지됨! 충돌 정보 설정 중...
  checkGJKCollision 완료: 충돌 감지
      충돌 결과: 충돌함
      충돌 정보 객체에 추가
    쌍 10: 'Object4' 와 'Object6'
      narrowPhase 실행...
>> checkGJKCollision 시작: Object4 vs Object6
  볼록 껍질 개수: Object4=128, Object6=128
      충돌 감지됨! 충돌 정보 설정 중...
  checkGJKCollision 완료: 충돌 감지
      충돌 결과: 충돌함
      충돌 정보 객체에 추가
    쌍 11: 'Object4' 와 'Object8'
      narrowPhase 실행...
>> checkGJKCollision 시작: Object4 vs Object8
  볼록 껍질 개수: Object4=128, Object8=128
      충돌 감지됨! 충돌 정보 설정 중...
  checkGJKCollision 완료: 충돌 감지
      충돌 결과: 충돌함
      충돌 정보 객체에 추가
    쌍 12: 'Object4' 와 'Object9'
      narrowPhase 실행...
>> checkGJKCollision 시작: Object4 vs Object9
  볼록 껍질 개수: Object4=128, Object9=128
  모든 볼록 껍질 쌍 검사 완료, 충돌 없음
      충돌 결과: 충돌 없음
    쌍 13: 'Object4' 와 'Object14'
      narrowPhase 실행...
>> checkGJKCollision 시작: Object4 vs Object14
  볼록 껍질 개수: Object4=128, Object14=128
      충돌 감지됨! 충돌 정보 설정 중...
  checkGJKCollision 완료: 충돌 감지
      충돌 결과: 충돌함
      충돌 정보 객체에 추가
    쌍 14: 'Object4' 와 'Object15'
      narrowPhase 실행...
>> checkGJKCollision 시작: Object4 vs Object15
  볼록 껍질 개수: Object4=128, Object15=128
      충돌 감지됨! 충돌 정보 설정 중...
  checkGJKCollision 완료: 충돌 감지
      충돌 결과: 충돌함
      충돌 정보 객체에 추가
    쌍 15: 'Object4' 와 'Object17'
      narrowPhase 실행...
>> checkGJKCollision 시작: Object4 vs Object17
  볼록 껍질 개수: Object4=128, Object17=128
      충돌 감지됨! 충돌 정보 설정 중...
  checkGJKCollision 완료: 충돌 감지
      충돌 결과: 충돌함
      충돌 정보 객체에 추가
    쌍 16: 'Object4' 와 'Object20'
      narrowPhase 실행...
>> checkGJKCollision 시작: Object4 vs Object20
  볼록 껍질 개수: Object4=128, Object20=128
      충돌 감지됨! 충돌 정보 설정 중...
  checkGJKCollision 완료: 충돌 감지
      충돌 결과: 충돌함
      충돌 정보 객체에 추가
    쌍 17: 'Object6' 와 'Object8'
      narrowPhase 실행...
>> checkGJKCollision 시작: Object6 vs Object8
  볼록 껍질 개수: Object6=128, Object8=128
      충돌 감지됨! 충돌 정보 설정 중...
  checkGJKCollision 완료: 충돌 감지
      충돌 결과: 충돌함
      충돌 정보 객체에 추가
    쌍 18: 'Object6' 와 'Object9'
      narrowPhase 실행...
>> checkGJKCollision 시작: Object6 vs Object9
  볼록 껍질 개수: Object6=128, Object9=128
      충돌 감지됨! 충돌 정보 설정 중...
  checkGJKCollision 완료: 충돌 감지
      충돌 결과: 충돌함
      충돌 정보 객체에 추가
    쌍 19: 'Object6' 와 'Object10'
      narrowPhase 실행...
>> checkGJKCollision 시작: Object6 vs Object10
  볼록 껍질 개수: Object6=128, Object10=128
  모든 볼록 껍질 쌍 검사 완료, 충돌 없음
      충돌 결과: 충돌 없음
    쌍 20: 'Object6' 와 'Object14'
      narrowPhase 실행...
>> checkGJKCollision 시작: Object6 vs Object14
  볼록 껍질 개수: Object6=128, Object14=128
      충돌 감지됨! 충돌 정보 설정 중...
  checkGJKCollision 완료: 충돌 감지
      충돌 결과: 충돌함
      충돌 정보 객체에 추가
    쌍 21: 'Object6' 와 'Object15'
      narrowPhase 실행...
>> checkGJKCollision 시작: Object6 vs Object15
  볼록 껍질 개수: Object6=128, Object15=128
      충돌 감지됨! 충돌 정보 설정 중...
  checkGJKCollision 완료: 충돌 감지
      충돌 결과: 충돌함
      충돌 정보 객체에 추가
    쌍 22: 'Object6' 와 'Object17'
      narrowPhase 실행...
>> checkGJKCollision 시작: Object6 vs Object17
  볼록 껍질 개수: Object6=128, Object17=128
      충돌 감지됨! 충돌 정보 설정 중...
  checkGJKCollision 완료: 충돌 감지
      충돌 결과: 충돌함
      충돌 정보 객체에 추가
    쌍 23: 'Object6' 와 'Object20'
      narrowPhase 실행...
>> checkGJKCollision 시작: Object6 vs Object20
  볼록 껍질 개수: Object6=128, Object20=128
      충돌 감지됨! 충돌 정보 설정 중...
  checkGJKCollision 완료: 충돌 감지
      충돌 결과: 충돌함
      충돌 정보 객체에 추가
    쌍 24: 'Object8' 와 'Object9'
      narrowPhase 실행...
>> checkGJKCollision 시작: Object8 vs Object9
  볼록 껍질 개수: Object8=128, Object9=128
      충돌 감지됨! 충돌 정보 설정 중...
  checkGJKCollision 완료: 충돌 감지
      충돌 결과: 충돌함
      충돌 정보 객체에 추가
    쌍 25: 'Object8' 와 'Object10'
      narrowPhase 실행...
>> checkGJKCollision 시작: Object8 vs Object10
  볼록 껍질 개수: Object8=128, Object10=128
  모든 볼록 껍질 쌍 검사 완료, 충돌 없음
      충돌 결과: 충돌 없음
    쌍 26: 'Object8' 와 'Object14'
      narrowPhase 실행...
>> checkGJKCollision 시작: Object8 vs Object14
  볼록 껍질 개수: Object8=128, Object14=128
      충돌 감지됨! 충돌 정보 설정 중...
  checkGJKCollision 완료: 충돌 감지
      충돌 결과: 충돌함
      충돌 정보 객체에 추가
    쌍 27: 'Object8' 와 'Object15'
      narrowPhase 실행...
>> checkGJKCollision 시작: Object8 vs Object15
  볼록 껍질 개수: Object8=128, Object15=128
      충돌 감지됨! 충돌 정보 설정 중...
  checkGJKCollision 완료: 충돌 감지
      충돌 결과: 충돌함
      충돌 정보 객체에 추가
    쌍 28: 'Object8' 와 'Object17'
      narrowPhase 실행...
>> checkGJKCollision 시작: Object8 vs Object17
  볼록 껍질 개수: Object8=128, Object17=128
      충돌 감지됨! 충돌 정보 설정 중...
  checkGJKCollision 완료: 충돌 감지
      충돌 결과: 충돌함
      충돌 정보 객체에 추가
    쌍 29: 'Object8' 와 'Object20'
      narrowPhase 실행...
>> checkGJKCollision 시작: Object8 vs Object20
  볼록 껍질 개수: Object8=128, Object20=128
      충돌 감지됨! 충돌 정보 설정 중...
  checkGJKCollision 완료: 충돌 감지
      충돌 결과: 충돌함
      충돌 정보 객체에 추가
    쌍 30: 'Object9' 와 'Object10'
      narrowPhase 실행...
>> checkGJKCollision 시작: Object9 vs Object10
  볼록 껍질 개수: Object9=128, Object10=128
  모든 볼록 껍질 쌍 검사 완료, 충돌 없음
      충돌 결과: 충돌 없음
    쌍 31: 'Object9' 와 'Object14'
      narrowPhase 실행...
>> checkGJKCollision 시작: Object9 vs Object14
  볼록 껍질 개수: Object9=128, Object14=128
      충돌 감지됨! 충돌 정보 설정 중...
  checkGJKCollision 완료: 충돌 감지
      충돌 결과: 충돌함
      충돌 정보 객체에 추가
    쌍 32: 'Object9' 와 'Object15'
      narrowPhase 실행...
>> checkGJKCollision 시작: Object9 vs Object15
  볼록 껍질 개수: Object9=128, Object15=128
      충돌 감지됨! 충돌 정보 설정 중...
  checkGJKCollision 완료: 충돌 감지
      충돌 결과: 충돌함
      충돌 정보 객체에 추가
    쌍 33: 'Object9' 와 'Object17'
      narrowPhase 실행...
>> checkGJKCollision 시작: Object9 vs Object17
  볼록 껍질 개수: Object9=128, Object17=128
      충돌 감지됨! 충돌 정보 설정 중...
  checkGJKCollision 완료: 충돌 감지
      충돌 결과: 충돌함
      충돌 정보 객체에 추가
    쌍 34: 'Object9' 와 'Object20'
      narrowPhase 실행...
>> checkGJKCollision 시작: Object9 vs Object20
  볼록 껍질 개수: Object9=128, Object20=128
      충돌 감지됨! 충돌 정보 설정 중...
  checkGJKCollision 완료: 충돌 감지
      충돌 결과: 충돌함
      충돌 정보 객체에 추가
    쌍 35: 'Object10' 와 'Object12'
      narrowPhase 실행...
>> checkGJKCollision 시작: Object10 vs Object12
  볼록 껍질 개수: Object10=128, Object12=128
  모든 볼록 껍질 쌍 검사 완료, 충돌 없음
      충돌 결과: 충돌 없음
    쌍 36: 'Object10' 와 'Object14'
      narrowPhase 실행...
>> checkGJKCollision 시작: Object10 vs Object14
  볼록 껍질 개수: Object10=128, Object14=128
  모든 볼록 껍질 쌍 검사 완료, 충돌 없음
      충돌 결과: 충돌 없음
    쌍 37: 'Object10' 와 'Object15'
      narrowPhase 실행...
>> checkGJKCollision 시작: Object10 vs Object15
  볼록 껍질 개수: Object10=128, Object15=128
  모든 볼록 껍질 쌍 검사 완료, 충돌 없음
      충돌 결과: 충돌 없음
    쌍 38: 'Object10' 와 'Object17'
      narrowPhase 실행...
>> checkGJKCollision 시작: Object10 vs Object17
  볼록 껍질 개수: Object10=128, Object17=128
  모든 볼록 껍질 쌍 검사 완료, 충돌 없음
      충돌 결과: 충돌 없음
    쌍 39: 'Object10' 와 'Object20'
      narrowPhase 실행...
>> checkGJKCollision 시작: Object10 vs Object20
  볼록 껍질 개수: Object10=128, Object20=128
      충돌 감지됨! 충돌 정보 설정 중...
  checkGJKCollision 완료: 충돌 감지
      충돌 결과: 충돌함
      충돌 정보 객체에 추가
    쌍 40: 'Object14' 와 'Object15'
      narrowPhase 실행...
>> checkGJKCollision 시작: Object14 vs Object15
  볼록 껍질 개수: Object14=128, Object15=128
      충돌 감지됨! 충돌 정보 설정 중...
  checkGJKCollision 완료: 충돌 감지
      충돌 결과: 충돌함
      충돌 정보 객체에 추가
    쌍 41: 'Object14' 와 'Object17'
      narrowPhase 실행...
>> checkGJKCollision 시작: Object14 vs Object17
  볼록 껍질 개수: Object14=128, Object17=128
      충돌 감지됨! 충돌 정보 설정 중...
  checkGJKCollision 완료: 충돌 감지
      충돌 결과: 충돌함
      충돌 정보 객체에 추가
    쌍 42: 'Object14' 와 'Object20'
      narrowPhase 실행...
>> checkGJKCollision 시작: Object14 vs Object20
  볼록 껍질 개수: Object14=128, Object20=128
      충돌 감지됨! 충돌 정보 설정 중...
  checkGJKCollision 완료: 충돌 감지
      충돌 결과: 충돌함
      충돌 정보 객체에 추가
    쌍 43: 'Object15' 와 'Object17'
      narrowPhase 실행...
>> checkGJKCollision 시작: Object15 vs Object17
  볼록 껍질 개수: Object15=128, Object17=128
      충돌 감지됨! 충돌 정보 설정 중...
  checkGJKCollision 완료: 충돌 감지
      충돌 결과: 충돌함
      충돌 정보 객체에 추가
    쌍 44: 'Object15' 와 'Object20'
      narrowPhase 실행...
>> checkGJKCollision 시작: Object15 vs Object20
  볼록 껍질 개수: Object15=128, Object20=128
      충돌 감지됨! 충돌 정보 설정 중...
  checkGJKCollision 완료: 충돌 감지
      충돌 결과: 충돌함
      충돌 정보 객체에 추가
    쌍 45: 'Object17' 와 'Object20'
      narrowPhase 실행...
>> checkGJKCollision 시작: Object17 vs Object20
  볼록 껍질 개수: Object17=128, Object20=128
      충돌 감지됨! 충돌 정보 설정 중...
  checkGJKCollision 완료: 충돌 감지
      충돌 결과: 충돌함
      충돌 정보 객체에 추가
  이전 충돌 상태 정리 중...
  충돌 상태 맵 업데이트
CollisionManager::update() - 완료

--- Frame 75 ---
Object0 position: (-7.419565, 7.914177, -9.892721)
Updating objects...
Object1 position: (-0.004688, 0.020316, 0.001563)
Updating objects...
Object2 position: (-2.758961, 2.364820, 0.591205)
Updating objects...
Object3 position: (-0.176447, 0.411710, -0.823420)
Updating objects...
Object4 position: (-0.591205, -2.758961, -2.364820)
Updating objects...
Object5 position: (-0.061493, 0.184480, 0.030747)
Updating objects...
Object6 position: (-3.814260, -1.570577, 1.346211)
Updating objects...
Object7 position: (0.149378, 0.000000, -0.014938)
Updating objects...
Object8 position: (0.000000, -0.506483, 0.135062)
Updating objects...
Object9 position: (-0.429139, 0.643708, 0.858278)
Updating objects...
Object10 position: (-0.726736, 2.906943, 1.453472)
Updating objects...
Object11 position: (-0.247380, 0.000000, 2.102732)
Updating objects...
Object12 position: (4.815619, 1.982904, 2.832716)
Updating objects...
Object13 position: (-0.035764, -0.536456, -0.143055)
Updating objects...
Object14 position: (0.089854, 0.025673, 0.051345)
Updating objects...
Object15 position: (8.706198, -6.771489, 8.706198)
Updating objects...
Object16 position: (-0.028946, -0.159202, -0.101310)
Updating objects...
Object17 position: (-5.136333, 0.604275, 3.927779)
Updating objects...
Object18 position: (2.324836, -8.834369, 9.299345)
Updating objects...
Object19 position: (-0.000005, -0.000002, 0.000005)
Updating objects...
Running collision detection...
CollisionManager::update() - 시작 (프레임 75)
  객체 목록 크기: 20
  각 객체의 AABB 업데이트 중...
    객체 'Object1' 업데이트
    객체 'Object2' 업데이트
    객체 'Object3' 업데이트
    객체 'Object4' 업데이트
    객체 'Object5' 업데이트
    객체 'Object6' 업데이트
    객체 'Object7' 업데이트
    객체 'Object8' 업데이트
    객체 'Object9' 업데이트
    객체 'Object10' 업데이트
    객체 'Object11' 업데이트
    객체 'Object12' 업데이트
    객체 'Object13' 업데이트
    객체 'Object14' 업데이트
    객체 'Object15' 업데이트
    객체 'Object16' 업데이트
    객체 'Object17' 업데이트
    객체 'Object18' 업데이트
    객체 'Object19' 업데이트
    객체 'Object20' 업데이트
  대략적 충돌 감지(Broad Phase) 중...
    잠재적 충돌 쌍: 45개
  정밀 충돌 감지(Narrow Phase) 시작...
    쌍 1: 'Object2' 와 'Object4'
      narrowPhase 실행...
>> checkGJKCollision 시작: Object2 vs Object4
  볼록 껍질 개수: Object2=128, Object4=128
      충돌 감지됨! 충돌 정보 설정 중...
  checkGJKCollision 완료: 충돌 감지
      충돌 결과: 충돌함
      충돌 정보 객체에 추가
    쌍 2: 'Object2' 와 'Object6'
      narrowPhase 실행...
>> checkGJKCollision 시작: Object2 vs Object6
  볼록 껍질 개수: Object2=128, Object6=128
      충돌 감지됨! 충돌 정보 설정 중...
  checkGJKCollision 완료: 충돌 감지
      충돌 결과: 충돌함
      충돌 정보 객체에 추가
    쌍 3: 'Object2' 와 'Object8'
      narrowPhase 실행...
>> checkGJKCollision 시작: Object2 vs Object8
  볼록 껍질 개수: Object2=128, Object8=128
      충돌 감지됨! 충돌 정보 설정 중...
  checkGJKCollision 완료: 충돌 감지
      충돌 결과: 충돌함
      충돌 정보 객체에 추가
    쌍 4: 'Object2' 와 'Object9'
      narrowPhase 실행...
>> checkGJKCollision 시작: Object2 vs Object9
  볼록 껍질 개수: Object2=128, Object9=128
      충돌 감지됨! 충돌 정보 설정 중...
  checkGJKCollision 완료: 충돌 감지
      충돌 결과: 충돌함
      충돌 정보 객체에 추가
    쌍 5: 'Object2' 와 'Object10'
      narrowPhase 실행...
>> checkGJKCollision 시작: Object2 vs Object10
  볼록 껍질 개수: Object2=128, Object10=128
      충돌 감지됨! 충돌 정보 설정 중...
  checkGJKCollision 완료: 충돌 감지
      충돌 결과: 충돌함
      충돌 정보 객체에 추가
    쌍 6: 'Object2' 와 'Object14'
      narrowPhase 실행...
>> checkGJKCollision 시작: Object2 vs Object14
  볼록 껍질 개수: Object2=128, Object14=128
      충돌 감지됨! 충돌 정보 설정 중...
  checkGJKCollision 완료: 충돌 감지
      충돌 결과: 충돌함
      충돌 정보 객체에 추가
    쌍 7: 'Object2' 와 'Object15'
      narrowPhase 실행...
>> checkGJKCollision 시작: Object2 vs Object15
  볼록 껍질 개수: Object2=128, Object15=128
      충돌 감지됨! 충돌 정보 설정 중...
  checkGJKCollision 완료: 충돌 감지
      충돌 결과: 충돌함
      충돌 정보 객체에 추가
    쌍 8: 'Object2' 와 'Object17'
      narrowPhase 실행...
>> checkGJKCollision 시작: Object2 vs Object17
  볼록 껍질 개수: Object2=128, Object17=128
      충돌 감지됨! 충돌 정보 설정 중...
  checkGJKCollision 완료: 충돌 감지
      충돌 결과: 충돌함
      충돌 정보 객체에 추가
    쌍 9: 'Object2' 와 'Object20'
      narrowPhase 실행...
>> checkGJKCollision 시작: Object2 vs Object20
  볼록 껍질 개수: Object2=128, Object20=128
      충돌 감지됨! 충돌 정보 설정 중...
  checkGJKCollision 완료: 충돌 감지
      충돌 결과: 충돌함
      충돌 정보 객체에 추가
    쌍 10: 'Object4' 와 'Object6'
      narrowPhase 실행...
>> checkGJKCollision 시작: Object4 vs Object6
  볼록 껍질 개수: Object4=128, Object6=128
      충돌 감지됨! 충돌 정보 설정 중...
  checkGJKCollision 완료: 충돌 감지
      충돌 결과: 충돌함
      충돌 정보 객체에 추가
    쌍 11: 'Object4' 와 'Object8'
      narrowPhase 실행...
>> checkGJKCollision 시작: Object4 vs Object8
  볼록 껍질 개수: Object4=128, Object8=128
      충돌 감지됨! 충돌 정보 설정 중...
  checkGJKCollision 완료: 충돌 감지
      충돌 결과: 충돌함
      충돌 정보 객체에 추가
    쌍 12: 'Object4' 와 'Object9'
      narrowPhase 실행...
>> checkGJKCollision 시작: Object4 vs Object9
  볼록 껍질 개수: Object4=128, Object9=128
      충돌 감지됨! 충돌 정보 설정 중...
  checkGJKCollision 완료: 충돌 감지
      충돌 결과: 충돌함
      충돌 정보 객체에 추가
    쌍 13: 'Object4' 와 'Object14'
      narrowPhase 실행...
>> checkGJKCollision 시작: Object4 vs Object14
  볼록 껍질 개수: Object4=128, Object14=128
      충돌 감지됨! 충돌 정보 설정 중...
  checkGJKCollision 완료: 충돌 감지
      충돌 결과: 충돌함
      충돌 정보 객체에 추가
    쌍 14: 'Object4' 와 'Object15'
      narrowPhase 실행...
>> checkGJKCollision 시작: Object4 vs Object15
  볼록 껍질 개수: Object4=128, Object15=128
      충돌 감지됨! 충돌 정보 설정 중...
  checkGJKCollision 완료: 충돌 감지
      충돌 결과: 충돌함
      충돌 정보 객체에 추가
    쌍 15: 'Object4' 와 'Object17'
      narrowPhase 실행...
>> checkGJKCollision 시작: Object4 vs Object17
  볼록 껍질 개수: Object4=128, Object17=128
      충돌 감지됨! 충돌 정보 설정 중...
  checkGJKCollision 완료: 충돌 감지
      충돌 결과: 충돌함
      충돌 정보 객체에 추가
    쌍 16: 'Object4' 와 'Object20'
      narrowPhase 실행...
>> checkGJKCollision 시작: Object4 vs Object20
  볼록 껍질 개수: Object4=128, Object20=128
      충돌 감지됨! 충돌 정보 설정 중...
  checkGJKCollision 완료: 충돌 감지
      충돌 결과: 충돌함
      충돌 정보 객체에 추가
    쌍 17: 'Object6' 와 'Object8'
      narrowPhase 실행...
>> checkGJKCollision 시작: Object6 vs Object8
  볼록 껍질 개수: Object6=128, Object8=128
      충돌 감지됨! 충돌 정보 설정 중...
  checkGJKCollision 완료: 충돌 감지
      충돌 결과: 충돌함
      충돌 정보 객체에 추가
    쌍 18: 'Object6' 와 'Object9'
      narrowPhase 실행...
>> checkGJKCollision 시작: Object6 vs Object9
  볼록 껍질 개수: Object6=128, Object9=128
      충돌 감지됨! 충돌 정보 설정 중...
  checkGJKCollision 완료: 충돌 감지
      충돌 결과: 충돌함
      충돌 정보 객체에 추가
    쌍 19: 'Object6' 와 'Object10'
      narrowPhase 실행...
>> checkGJKCollision 시작: Object6 vs Object10
  볼록 껍질 개수: Object6=128, Object10=128
      충돌 감지됨! 충돌 정보 설정 중...
  checkGJKCollision 완료: 충돌 감지
      충돌 결과: 충돌함
      충돌 정보 객체에 추가
    쌍 20: 'Object6' 와 'Object14'
      narrowPhase 실행...
>> checkGJKCollision 시작: Object6 vs Object14
  볼록 껍질 개수: Object6=128, Object14=128
      충돌 감지됨! 충돌 정보 설정 중...
  checkGJKCollision 완료: 충돌 감지
      충돌 결과: 충돌함
      충돌 정보 객체에 추가
    쌍 21: 'Object6' 와 'Object15'
      narrowPhase 실행...
>> checkGJKCollision 시작: Object6 vs Object15
  볼록 껍질 개수: Object6=128, Object15=128
      충돌 감지됨! 충돌 정보 설정 중...
  checkGJKCollision 완료: 충돌 감지
      충돌 결과: 충돌함
      충돌 정보 객체에 추가
    쌍 22: 'Object6' 와 'Object17'
      narrowPhase 실행...
>> checkGJKCollision 시작: Object6 vs Object17
  볼록 껍질 개수: Object6=128, Object17=128
      충돌 감지됨! 충돌 정보 설정 중...
  checkGJKCollision 완료: 충돌 감지
      충돌 결과: 충돌함
      충돌 정보 객체에 추가
    쌍 23: 'Object6' 와 'Object20'
      narrowPhase 실행...
>> checkGJKCollision 시작: Object6 vs Object20
  볼록 껍질 개수: Object6=128, Object20=128
      충돌 감지됨! 충돌 정보 설정 중...
  checkGJKCollision 완료: 충돌 감지
      충돌 결과: 충돌함
      충돌 정보 객체에 추가
    쌍 24: 'Object8' 와 'Object9'
      narrowPhase 실행...
>> checkGJKCollision 시작: Object8 vs Object9
  볼록 껍질 개수: Object8=128, Object9=128
      충돌 감지됨! 충돌 정보 설정 중...
  checkGJKCollision 완료: 충돌 감지
      충돌 결과: 충돌함
      충돌 정보 객체에 추가
    쌍 25: 'Object8' 와 'Object10'
      narrowPhase 실행...
>> checkGJKCollision 시작: Object8 vs Object10
  볼록 껍질 개수: Object8=128, Object10=128
      충돌 감지됨! 충돌 정보 설정 중...
  checkGJKCollision 완료: 충돌 감지
      충돌 결과: 충돌함
      충돌 정보 객체에 추가
    쌍 26: 'Object8' 와 'Object14'
      narrowPhase 실행...
>> checkGJKCollision 시작: Object8 vs Object14
  볼록 껍질 개수: Object8=128, Object14=128
      충돌 감지됨! 충돌 정보 설정 중...
  checkGJKCollision 완료: 충돌 감지
      충돌 결과: 충돌함
      충돌 정보 객체에 추가
    쌍 27: 'Object8' 와 'Object15'
      narrowPhase 실행...
>> checkGJKCollision 시작: Object8 vs Object15
  볼록 껍질 개수: Object8=128, Object15=128
      충돌 감지됨! 충돌 정보 설정 중...
  checkGJKCollision 완료: 충돌 감지
      충돌 결과: 충돌함
      충돌 정보 객체에 추가
    쌍 28: 'Object8' 와 'Object17'
      narrowPhase 실행...
>> checkGJKCollision 시작: Object8 vs Object17
  볼록 껍질 개수: Object8=128, Object17=128
      충돌 감지됨! 충돌 정보 설정 중...
  checkGJKCollision 완료: 충돌 감지
      충돌 결과: 충돌함
      충돌 정보 객체에 추가
    쌍 29: 'Object8' 와 'Object20'
      narrowPhase 실행...
>> checkGJKCollision 시작: Object8 vs Object20
  볼록 껍질 개수: Object8=128, Object20=128
      충돌 감지됨! 충돌 정보 설정 중...
  checkGJKCollision 완료: 충돌 감지
      충돌 결과: 충돌함
      충돌 정보 객체에 추가
    쌍 30: 'Object9' 와 'Object10'
      narrowPhase 실행...
>> checkGJKCollision 시작: Object9 vs Object10
  볼록 껍질 개수: Object9=128, Object10=128
      충돌 감지됨! 충돌 정보 설정 중...
  checkGJKCollision 완료: 충돌 감지
      충돌 결과: 충돌함
      충돌 정보 객체에 추가
    쌍 31: 'Object9' 와 'Object14'
      narrowPhase 실행...
>> checkGJKCollision 시작: Object9 vs Object14
  볼록 껍질 개수: Object9=128, Object14=128
      충돌 감지됨! 충돌 정보 설정 중...
  checkGJKCollision 완료: 충돌 감지
      충돌 결과: 충돌함
      충돌 정보 객체에 추가
    쌍 32: 'Object9' 와 'Object15'
      narrowPhase 실행...
>> checkGJKCollision 시작: Object9 vs Object15
  볼록 껍질 개수: Object9=128, Object15=128
      충돌 감지됨! 충돌 정보 설정 중...
  checkGJKCollision 완료: 충돌 감지
      충돌 결과: 충돌함
      충돌 정보 객체에 추가
    쌍 33: 'Object9' 와 'Object17'
      narrowPhase 실행...
>> checkGJKCollision 시작: Object9 vs Object17
  볼록 껍질 개수: Object9=128, Object17=128
      충돌 감지됨! 충돌 정보 설정 중...
  checkGJKCollision 완료: 충돌 감지
      충돌 결과: 충돌함
      충돌 정보 객체에 추가
    쌍 34: 'Object9' 와 'Object20'
      narrowPhase 실행...
>> checkGJKCollision 시작: Object9 vs Object20
  볼록 껍질 개수: Object9=128, Object20=128
      충돌 감지됨! 충돌 정보 설정 중...
  checkGJKCollision 완료: 충돌 감지
      충돌 결과: 충돌함
      충돌 정보 객체에 추가
    쌍 35: 'Object10' 와 'Object12'
      narrowPhase 실행...
>> checkGJKCollision 시작: Object10 vs Object12
  볼록 껍질 개수: Object10=128, Object12=128
  모든 볼록 껍질 쌍 검사 완료, 충돌 없음
      충돌 결과: 충돌 없음
    쌍 36: 'Object10' 와 'Object14'
      narrowPhase 실행...
>> checkGJKCollision 시작: Object10 vs Object14
  볼록 껍질 개수: Object10=128, Object14=128
  모든 볼록 껍질 쌍 검사 완료, 충돌 없음
      충돌 결과: 충돌 없음
    쌍 37: 'Object10' 와 'Object15'
      narrowPhase 실행...
>> checkGJKCollision 시작: Object10 vs Object15
  볼록 껍질 개수: Object10=128, Object15=128
      충돌 감지됨! 충돌 정보 설정 중...
  checkGJKCollision 완료: 충돌 감지
      충돌 결과: 충돌함
      충돌 정보 객체에 추가
    쌍 38: 'Object10' 와 'Object17'
      narrowPhase 실행...
>> checkGJKCollision 시작: Object10 vs Object17
  볼록 껍질 개수: Object10=128, Object17=128
  모든 볼록 껍질 쌍 검사 완료, 충돌 없음
      충돌 결과: 충돌 없음
    쌍 39: 'Object10' 와 'Object20'
      narrowPhase 실행...
>> checkGJKCollision 시작: Object10 vs Object20
  볼록 껍질 개수: Object10=128, Object20=128
      충돌 감지됨! 충돌 정보 설정 중...
  checkGJKCollision 완료: 충돌 감지
      충돌 결과: 충돌함
      충돌 정보 객체에 추가
    쌍 40: 'Object14' 와 'Object15'
      narrowPhase 실행...
>> checkGJKCollision 시작: Object14 vs Object15
  볼록 껍질 개수: Object14=128, Object15=128
      충돌 감지됨! 충돌 정보 설정 중...
  checkGJKCollision 완료: 충돌 감지
      충돌 결과: 충돌함
      충돌 정보 객체에 추가
    쌍 41: 'Object14' 와 'Object17'
      narrowPhase 실행...
>> checkGJKCollision 시작: Object14 vs Object17
  볼록 껍질 개수: Object14=128, Object17=128
      충돌 감지됨! 충돌 정보 설정 중...
  checkGJKCollision 완료: 충돌 감지
      충돌 결과: 충돌함
      충돌 정보 객체에 추가
    쌍 42: 'Object14' 와 'Object20'
      narrowPhase 실행...
>> checkGJKCollision 시작: Object14 vs Object20
  볼록 껍질 개수: Object14=128, Object20=128
      충돌 감지됨! 충돌 정보 설정 중...
  checkGJKCollision 완료: 충돌 감지
      충돌 결과: 충돌함
      충돌 정보 객체에 추가
    쌍 43: 'Object15' 와 'Object17'
      narrowPhase 실행...
>> checkGJKCollision 시작: Object15 vs Object17
  볼록 껍질 개수: Object15=128, Object17=128
      충돌 감지됨! 충돌 정보 설정 중...
  checkGJKCollision 완료: 충돌 감지
      충돌 결과: 충돌함
      충돌 정보 객체에 추가
    쌍 44: 'Object15' 와 'Object20'
      narrowPhase 실행...
>> checkGJKCollision 시작: Object15 vs Object20
  볼록 껍질 개수: Object15=128, Object20=128
      충돌 감지됨! 충돌 정보 설정 중...
  checkGJKCollision 완료: 충돌 감지
      충돌 결과: 충돌함
      충돌 정보 객체에 추가
    쌍 45: 'Object17' 와 'Object20'
      narrowPhase 실행...
>> checkGJKCollision 시작: Object17 vs Object20
  볼록 껍질 개수: Object17=128, Object20=128
      충돌 감지됨! 충돌 정보 설정 중...
  checkGJKCollision 완료: 충돌 감지
      충돌 결과: 충돌함
      충돌 정보 객체에 추가
  이전 충돌 상태 정리 중...
  충돌 상태 맵 업데이트
CollisionManager::update() - 완료

--- Frame 76 ---
Object0 position: (-7.318492, 7.806367, -9.757957)
Updating objects...
Object1 position: (0.040158, -0.174017, -0.013386)
Updating objects...
Object2 position: (-2.609081, 2.236351, 0.559088)
Updating objects...
Object3 position: (-0.138800, 0.323866, -0.647732)
Updating objects...
Object4 position: (-0.559088, -2.609081, -2.236351)
Updating objects...
Object5 position: (0.000976, -0.002929, -0.000488)
Updating objects...
Object6 position: (-3.638451, -1.498185, 1.284161)
Updating objects...
Object7 position: (-0.049630, 0.000000, 0.004963)
Updating objects...
Object8 position: (0.000000, -0.313236, 0.083530)
Updating objects...
Object9 position: (-0.354861, 0.532291, 0.709721)
Updating objects...
Object10 position: (-0.683092, 2.732369, 1.366184)
Updating objects...
Object11 position: (-0.224012, 0.000000, 1.904102)
Updating objects...
Object12 position: (4.653160, 1.916009, 2.737153)
Updating objects...
Object13 position: (-0.022907, -0.343609, -0.091629)
Updating objects...
Object14 position: (-0.078686, -0.022482, -0.044963)
Updating objects...
Object15 position: (8.582281, -6.675109, 8.582281)
Updating objects...
Object16 position: (0.001378, 0.007580, 0.004824)
Updating objects...
Object17 position: (-4.978150, 0.585665, 3.806817)
Updating objects...
Object18 position: (2.289167, -8.698828, 9.156670)
Updating objects...
Object19 position: (0.133328, 0.066664, -0.133328)
Updating objects...
Running collision detection...
CollisionManager::update() - 시작 (프레임 76)
  객체 목록 크기: 20
  각 객체의 AABB 업데이트 중...
    객체 'Object1' 업데이트
    객체 'Object2' 업데이트
    객체 'Object3' 업데이트
    객체 'Object4' 업데이트
    객체 'Object5' 업데이트
    객체 'Object6' 업데이트
    객체 'Object7' 업데이트
    객체 'Object8' 업데이트
    객체 'Object9' 업데이트
    객체 'Object10' 업데이트
    객체 'Object11' 업데이트
    객체 'Object12' 업데이트
    객체 'Object13' 업데이트
    객체 'Object14' 업데이트
    객체 'Object15' 업데이트
    객체 'Object16' 업데이트
    객체 'Object17' 업데이트
    객체 'Object18' 업데이트
    객체 'Object19' 업데이트
    객체 'Object20' 업데이트
  대략적 충돌 감지(Broad Phase) 중...
    잠재적 충돌 쌍: 45개
  정밀 충돌 감지(Narrow Phase) 시작...
    쌍 1: 'Object2' 와 'Object4'
      narrowPhase 실행...
>> checkGJKCollision 시작: Object2 vs Object4
  볼록 껍질 개수: Object2=128, Object4=128
      충돌 감지됨! 충돌 정보 설정 중...
  checkGJKCollision 완료: 충돌 감지
      충돌 결과: 충돌함
      충돌 정보 객체에 추가
    쌍 2: 'Object2' 와 'Object6'
      narrowPhase 실행...
>> checkGJKCollision 시작: Object2 vs Object6
  볼록 껍질 개수: Object2=128, Object6=128
      충돌 감지됨! 충돌 정보 설정 중...
  checkGJKCollision 완료: 충돌 감지
      충돌 결과: 충돌함
      충돌 정보 객체에 추가
    쌍 3: 'Object2' 와 'Object8'
      narrowPhase 실행...
>> checkGJKCollision 시작: Object2 vs Object8
  볼록 껍질 개수: Object2=128, Object8=128
      충돌 감지됨! 충돌 정보 설정 중...
  checkGJKCollision 완료: 충돌 감지
      충돌 결과: 충돌함
      충돌 정보 객체에 추가
    쌍 4: 'Object2' 와 'Object9'
      narrowPhase 실행...
>> checkGJKCollision 시작: Object2 vs Object9
  볼록 껍질 개수: Object2=128, Object9=128
      충돌 감지됨! 충돌 정보 설정 중...
  checkGJKCollision 완료: 충돌 감지
      충돌 결과: 충돌함
      충돌 정보 객체에 추가
    쌍 5: 'Object2' 와 'Object10'
      narrowPhase 실행...
>> checkGJKCollision 시작: Object2 vs Object10
  볼록 껍질 개수: Object2=128, Object10=128
      충돌 감지됨! 충돌 정보 설정 중...
  checkGJKCollision 완료: 충돌 감지
      충돌 결과: 충돌함
      충돌 정보 객체에 추가
    쌍 6: 'Object2' 와 'Object14'
      narrowPhase 실행...
>> checkGJKCollision 시작: Object2 vs Object14
  볼록 껍질 개수: Object2=128, Object14=128
      충돌 감지됨! 충돌 정보 설정 중...
  checkGJKCollision 완료: 충돌 감지
      충돌 결과: 충돌함
      충돌 정보 객체에 추가
    쌍 7: 'Object2' 와 'Object15'
      narrowPhase 실행...
>> checkGJKCollision 시작: Object2 vs Object15
  볼록 껍질 개수: Object2=128, Object15=128
      충돌 감지됨! 충돌 정보 설정 중...
  checkGJKCollision 완료: 충돌 감지
      충돌 결과: 충돌함
      충돌 정보 객체에 추가
    쌍 8: 'Object2' 와 'Object17'
      narrowPhase 실행...
>> checkGJKCollision 시작: Object2 vs Object17
  볼록 껍질 개수: Object2=128, Object17=128
      충돌 감지됨! 충돌 정보 설정 중...
  checkGJKCollision 완료: 충돌 감지
      충돌 결과: 충돌함
      충돌 정보 객체에 추가
    쌍 9: 'Object2' 와 'Object20'
      narrowPhase 실행...
>> checkGJKCollision 시작: Object2 vs Object20
  볼록 껍질 개수: Object2=128, Object20=128
      충돌 감지됨! 충돌 정보 설정 중...
  checkGJKCollision 완료: 충돌 감지
      충돌 결과: 충돌함
      충돌 정보 객체에 추가
    쌍 10: 'Object4' 와 'Object6'
      narrowPhase 실행...
>> checkGJKCollision 시작: Object4 vs Object6
  볼록 껍질 개수: Object4=128, Object6=128
      충돌 감지됨! 충돌 정보 설정 중...
  checkGJKCollision 완료: 충돌 감지
      충돌 결과: 충돌함
      충돌 정보 객체에 추가
    쌍 11: 'Object4' 와 'Object8'
      narrowPhase 실행...
>> checkGJKCollision 시작: Object4 vs Object8
  볼록 껍질 개수: Object4=128, Object8=128
      충돌 감지됨! 충돌 정보 설정 중...
  checkGJKCollision 완료: 충돌 감지
      충돌 결과: 충돌함
      충돌 정보 객체에 추가
    쌍 12: 'Object4' 와 'Object9'
      narrowPhase 실행...
>> checkGJKCollision 시작: Object4 vs Object9
  볼록 껍질 개수: Object4=128, Object9=128
      충돌 감지됨! 충돌 정보 설정 중...
  checkGJKCollision 완료: 충돌 감지
      충돌 결과: 충돌함
      충돌 정보 객체에 추가
    쌍 13: 'Object4' 와 'Object14'
      narrowPhase 실행...
>> checkGJKCollision 시작: Object4 vs Object14
  볼록 껍질 개수: Object4=128, Object14=128
      충돌 감지됨! 충돌 정보 설정 중...
  checkGJKCollision 완료: 충돌 감지
      충돌 결과: 충돌함
      충돌 정보 객체에 추가
    쌍 14: 'Object4' 와 'Object15'
      narrowPhase 실행...
>> checkGJKCollision 시작: Object4 vs Object15
  볼록 껍질 개수: Object4=128, Object15=128
      충돌 감지됨! 충돌 정보 설정 중...
  checkGJKCollision 완료: 충돌 감지
      충돌 결과: 충돌함
      충돌 정보 객체에 추가
    쌍 15: 'Object4' 와 'Object17'
      narrowPhase 실행...
>> checkGJKCollision 시작: Object4 vs Object17
  볼록 껍질 개수: Object4=128, Object17=128
      충돌 감지됨! 충돌 정보 설정 중...
  checkGJKCollision 완료: 충돌 감지
      충돌 결과: 충돌함
      충돌 정보 객체에 추가
    쌍 16: 'Object4' 와 'Object20'
      narrowPhase 실행...
>> checkGJKCollision 시작: Object4 vs Object20
  볼록 껍질 개수: Object4=128, Object20=128
      충돌 감지됨! 충돌 정보 설정 중...
  checkGJKCollision 완료: 충돌 감지
      충돌 결과: 충돌함
      충돌 정보 객체에 추가
    쌍 17: 'Object6' 와 'Object8'
      narrowPhase 실행...
>> checkGJKCollision 시작: Object6 vs Object8
  볼록 껍질 개수: Object6=128, Object8=128
      충돌 감지됨! 충돌 정보 설정 중...
  checkGJKCollision 완료: 충돌 감지
      충돌 결과: 충돌함
      충돌 정보 객체에 추가
    쌍 18: 'Object6' 와 'Object9'
      narrowPhase 실행...
>> checkGJKCollision 시작: Object6 vs Object9
  볼록 껍질 개수: Object6=128, Object9=128
      충돌 감지됨! 충돌 정보 설정 중...
  checkGJKCollision 완료: 충돌 감지
      충돌 결과: 충돌함
      충돌 정보 객체에 추가
    쌍 19: 'Object6' 와 'Object10'
      narrowPhase 실행...
>> checkGJKCollision 시작: Object6 vs Object10
  볼록 껍질 개수: Object6=128, Object10=128
      충돌 감지됨! 충돌 정보 설정 중...
  checkGJKCollision 완료: 충돌 감지
      충돌 결과: 충돌함
      충돌 정보 객체에 추가
    쌍 20: 'Object6' 와 'Object14'
      narrowPhase 실행...
>> checkGJKCollision 시작: Object6 vs Object14
  볼록 껍질 개수: Object6=128, Object14=128
      충돌 감지됨! 충돌 정보 설정 중...
  checkGJKCollision 완료: 충돌 감지
      충돌 결과: 충돌함
      충돌 정보 객체에 추가
    쌍 21: 'Object6' 와 'Object15'
      narrowPhase 실행...
>> checkGJKCollision 시작: Object6 vs Object15
  볼록 껍질 개수: Object6=128, Object15=128
      충돌 감지됨! 충돌 정보 설정 중...
  checkGJKCollision 완료: 충돌 감지
      충돌 결과: 충돌함
      충돌 정보 객체에 추가
    쌍 22: 'Object6' 와 'Object17'
      narrowPhase 실행...
>> checkGJKCollision 시작: Object6 vs Object17
  볼록 껍질 개수: Object6=128, Object17=128
      충돌 감지됨! 충돌 정보 설정 중...
  checkGJKCollision 완료: 충돌 감지
      충돌 결과: 충돌함
      충돌 정보 객체에 추가
    쌍 23: 'Object6' 와 'Object20'
      narrowPhase 실행...
>> checkGJKCollision 시작: Object6 vs Object20
  볼록 껍질 개수: Object6=128, Object20=128
      충돌 감지됨! 충돌 정보 설정 중...
  checkGJKCollision 완료: 충돌 감지
      충돌 결과: 충돌함
      충돌 정보 객체에 추가
    쌍 24: 'Object8' 와 'Object9'
      narrowPhase 실행...
>> checkGJKCollision 시작: Object8 vs Object9
  볼록 껍질 개수: Object8=128, Object9=128
      충돌 감지됨! 충돌 정보 설정 중...
  checkGJKCollision 완료: 충돌 감지
      충돌 결과: 충돌함
      충돌 정보 객체에 추가
    쌍 25: 'Object8' 와 'Object10'
      narrowPhase 실행...
>> checkGJKCollision 시작: Object8 vs Object10
  볼록 껍질 개수: Object8=128, Object10=128
      충돌 감지됨! 충돌 정보 설정 중...
  checkGJKCollision 완료: 충돌 감지
      충돌 결과: 충돌함
      충돌 정보 객체에 추가
    쌍 26: 'Object8' 와 'Object14'
      narrowPhase 실행...
>> checkGJKCollision 시작: Object8 vs Object14
  볼록 껍질 개수: Object8=128, Object14=128
      충돌 감지됨! 충돌 정보 설정 중...
  checkGJKCollision 완료: 충돌 감지
      충돌 결과: 충돌함
      충돌 정보 객체에 추가
    쌍 27: 'Object8' 와 'Object15'
      narrowPhase 실행...
>> checkGJKCollision 시작: Object8 vs Object15
  볼록 껍질 개수: Object8=128, Object15=128
      충돌 감지됨! 충돌 정보 설정 중...
  checkGJKCollision 완료: 충돌 감지
      충돌 결과: 충돌함
      충돌 정보 객체에 추가
    쌍 28: 'Object8' 와 'Object17'
      narrowPhase 실행...
>> checkGJKCollision 시작: Object8 vs Object17
  볼록 껍질 개수: Object8=128, Object17=128
      충돌 감지됨! 충돌 정보 설정 중...
  checkGJKCollision 완료: 충돌 감지
      충돌 결과: 충돌함
      충돌 정보 객체에 추가
    쌍 29: 'Object8' 와 'Object20'
      narrowPhase 실행...
>> checkGJKCollision 시작: Object8 vs Object20
  볼록 껍질 개수: Object8=128, Object20=128
      충돌 감지됨! 충돌 정보 설정 중...
  checkGJKCollision 완료: 충돌 감지
      충돌 결과: 충돌함
      충돌 정보 객체에 추가
    쌍 30: 'Object9' 와 'Object10'
      narrowPhase 실행...
>> checkGJKCollision 시작: Object9 vs Object10
  볼록 껍질 개수: Object9=128, Object10=128
      충돌 감지됨! 충돌 정보 설정 중...
  checkGJKCollision 완료: 충돌 감지
      충돌 결과: 충돌함
      충돌 정보 객체에 추가
    쌍 31: 'Object9' 와 'Object14'
      narrowPhase 실행...
>> checkGJKCollision 시작: Object9 vs Object14
  볼록 껍질 개수: Object9=128, Object14=128
      충돌 감지됨! 충돌 정보 설정 중...
  checkGJKCollision 완료: 충돌 감지
      충돌 결과: 충돌함
      충돌 정보 객체에 추가
    쌍 32: 'Object9' 와 'Object15'
      narrowPhase 실행...
>> checkGJKCollision 시작: Object9 vs Object15
  볼록 껍질 개수: Object9=128, Object15=128
      충돌 감지됨! 충돌 정보 설정 중...
  checkGJKCollision 완료: 충돌 감지
      충돌 결과: 충돌함
      충돌 정보 객체에 추가
    쌍 33: 'Object9' 와 'Object17'
      narrowPhase 실행...
>> checkGJKCollision 시작: Object9 vs Object17
  볼록 껍질 개수: Object9=128, Object17=128
      충돌 감지됨! 충돌 정보 설정 중...
  checkGJKCollision 완료: 충돌 감지
      충돌 결과: 충돌함
      충돌 정보 객체에 추가
    쌍 34: 'Object9' 와 'Object20'
      narrowPhase 실행...
>> checkGJKCollision 시작: Object9 vs Object20
  볼록 껍질 개수: Object9=128, Object20=128
      충돌 감지됨! 충돌 정보 설정 중...
  checkGJKCollision 완료: 충돌 감지
      충돌 결과: 충돌함
      충돌 정보 객체에 추가
    쌍 35: 'Object10' 와 'Object12'
      narrowPhase 실행...
>> checkGJKCollision 시작: Object10 vs Object12
  볼록 껍질 개수: Object10=128, Object12=128
  모든 볼록 껍질 쌍 검사 완료, 충돌 없음
      충돌 결과: 충돌 없음
    쌍 36: 'Object10' 와 'Object14'
      narrowPhase 실행...
>> checkGJKCollision 시작: Object10 vs Object14
  볼록 껍질 개수: Object10=128, Object14=128
      충돌 감지됨! 충돌 정보 설정 중...
  checkGJKCollision 완료: 충돌 감지
      충돌 결과: 충돌함
      충돌 정보 객체에 추가
    쌍 37: 'Object10' 와 'Object15'
      narrowPhase 실행...
>> checkGJKCollision 시작: Object10 vs Object15
  볼록 껍질 개수: Object10=128, Object15=128
      충돌 감지됨! 충돌 정보 설정 중...
  checkGJKCollision 완료: 충돌 감지
      충돌 결과: 충돌함
      충돌 정보 객체에 추가
    쌍 38: 'Object10' 와 'Object17'
      narrowPhase 실행...
>> checkGJKCollision 시작: Object10 vs Object17
  볼록 껍질 개수: Object10=128, Object17=128
      충돌 감지됨! 충돌 정보 설정 중...
  checkGJKCollision 완료: 충돌 감지
      충돌 결과: 충돌함
      충돌 정보 객체에 추가
    쌍 39: 'Object10' 와 'Object20'
      narrowPhase 실행...
>> checkGJKCollision 시작: Object10 vs Object20
  볼록 껍질 개수: Object10=128, Object20=128
      충돌 감지됨! 충돌 정보 설정 중...
  checkGJKCollision 완료: 충돌 감지
      충돌 결과: 충돌함
      충돌 정보 객체에 추가
    쌍 40: 'Object14' 와 'Object15'
      narrowPhase 실행...
>> checkGJKCollision 시작: Object14 vs Object15
  볼록 껍질 개수: Object14=128, Object15=128
      충돌 감지됨! 충돌 정보 설정 중...
  checkGJKCollision 완료: 충돌 감지
      충돌 결과: 충돌함
      충돌 정보 객체에 추가
    쌍 41: 'Object14' 와 'Object17'
      narrowPhase 실행...
>> checkGJKCollision 시작: Object14 vs Object17
  볼록 껍질 개수: Object14=128, Object17=128
      충돌 감지됨! 충돌 정보 설정 중...
  checkGJKCollision 완료: 충돌 감지
      충돌 결과: 충돌함
      충돌 정보 객체에 추가
    쌍 42: 'Object14' 와 'Object20'
      narrowPhase 실행...
>> checkGJKCollision 시작: Object14 vs Object20
  볼록 껍질 개수: Object14=128, Object20=128
      충돌 감지됨! 충돌 정보 설정 중...
  checkGJKCollision 완료: 충돌 감지
      충돌 결과: 충돌함
      충돌 정보 객체에 추가
    쌍 43: 'Object15' 와 'Object17'
      narrowPhase 실행...
>> checkGJKCollision 시작: Object15 vs Object17
  볼록 껍질 개수: Object15=128, Object17=128
      충돌 감지됨! 충돌 정보 설정 중...
  checkGJKCollision 완료: 충돌 감지
      충돌 결과: 충돌함
      충돌 정보 객체에 추가
    쌍 44: 'Object15' 와 'Object20'
      narrowPhase 실행...
>> checkGJKCollision 시작: Object15 vs Object20
  볼록 껍질 개수: Object15=128, Object20=128
      충돌 감지됨! 충돌 정보 설정 중...
  checkGJKCollision 완료: 충돌 감지
      충돌 결과: 충돌함
      충돌 정보 객체에 추가
    쌍 45: 'Object17' 와 'Object20'
      narrowPhase 실행...
>> checkGJKCollision 시작: Object17 vs Object20
  볼록 껍질 개수: Object17=128, Object20=128
      충돌 감지됨! 충돌 정보 설정 중...
  checkGJKCollision 완료: 충돌 감지
      충돌 결과: 충돌함
      충돌 정보 객체에 추가
  이전 충돌 상태 정리 중...
  충돌 상태 맵 업데이트
CollisionManager::update() - 완료

--- Frame 77 ---
Object0 position: (-7.217420, 7.698556, -9.623194)
Updating objects...
Object1 position: (-0.004688, 0.020316, 0.001563)
Updating objects...
Object2 position: (-2.459200, 2.107882, 0.526971)
Updating objects...
Object3 position: (-0.101153, 0.236022, -0.472044)
Updating objects...
Object4 position: (-0.526971, -2.459200, -2.107882)
Updating objects...
Object5 position: (-0.061493, 0.184480, 0.030747)
Updating objects...
Object6 position: (-3.462641, -1.425793, 1.222110)
Updating objects...
Object7 position: (0.149378, 0.000000, -0.014938)
Updating objects...
Object8 position: (0.000000, -0.119989, 0.031997)
Updating objects...
Object9 position: (-0.280583, 0.420874, 0.561165)
Updating objects...
Object10 position: (-0.639449, 2.557795, 1.278897)
Updating objects...
Object11 position: (-0.200644, 0.000000, 1.705472)
Updating objects...
Object12 position: (4.490702, 1.849115, 2.641589)
Updating objects...
Object13 position: (-0.010051, -0.150761, -0.040203)
Updating objects...
Object14 position: (0.089854, 0.025673, 0.051345)
Updating objects...
Object15 position: (8.458364, -6.578729, 8.458364)
Updating objects...
Object16 position: (-0.028946, -0.159202, -0.101310)
Updating objects...
Object17 position: (-4.819968, 0.567055, 3.685854)
Updating objects...
Object18 position: (2.253499, -8.563286, 9.013994)
Updating objects...
Object19 position: (-0.000005, -0.000002, 0.000005)
Updating objects...
Running collision detection...
CollisionManager::update() - 시작 (프레임 77)
  객체 목록 크기: 20
  각 객체의 AABB 업데이트 중...
    객체 'Object1' 업데이트
    객체 'Object2' 업데이트
    객체 'Object3' 업데이트
    객체 'Object4' 업데이트
    객체 'Object5' 업데이트
    객체 'Object6' 업데이트
    객체 'Object7' 업데이트
    객체 'Object8' 업데이트
    객체 'Object9' 업데이트
    객체 'Object10' 업데이트
    객체 'Object11' 업데이트
    객체 'Object12' 업데이트
    객체 'Object13' 업데이트
    객체 'Object14' 업데이트
    객체 'Object15' 업데이트
    객체 'Object16' 업데이트
    객체 'Object17' 업데이트
    객체 'Object18' 업데이트
    객체 'Object19' 업데이트
    객체 'Object20' 업데이트
  대략적 충돌 감지(Broad Phase) 중...
    잠재적 충돌 쌍: 46개
  정밀 충돌 감지(Narrow Phase) 시작...
    쌍 1: 'Object2' 와 'Object4'
      narrowPhase 실행...
>> checkGJKCollision 시작: Object2 vs Object4
  볼록 껍질 개수: Object2=128, Object4=128
      충돌 감지됨! 충돌 정보 설정 중...
  checkGJKCollision 완료: 충돌 감지
      충돌 결과: 충돌함
      충돌 정보 객체에 추가
    쌍 2: 'Object2' 와 'Object6'
      narrowPhase 실행...
>> checkGJKCollision 시작: Object2 vs Object6
  볼록 껍질 개수: Object2=128, Object6=128
      충돌 감지됨! 충돌 정보 설정 중...
  checkGJKCollision 완료: 충돌 감지
      충돌 결과: 충돌함
      충돌 정보 객체에 추가
    쌍 3: 'Object2' 와 'Object8'
      narrowPhase 실행...
>> checkGJKCollision 시작: Object2 vs Object8
  볼록 껍질 개수: Object2=128, Object8=128
      충돌 감지됨! 충돌 정보 설정 중...
  checkGJKCollision 완료: 충돌 감지
      충돌 결과: 충돌함
      충돌 정보 객체에 추가
    쌍 4: 'Object2' 와 'Object9'
      narrowPhase 실행...
>> checkGJKCollision 시작: Object2 vs Object9
  볼록 껍질 개수: Object2=128, Object9=128
      충돌 감지됨! 충돌 정보 설정 중...
  checkGJKCollision 완료: 충돌 감지
      충돌 결과: 충돌함
      충돌 정보 객체에 추가
    쌍 5: 'Object2' 와 'Object10'
      narrowPhase 실행...
>> checkGJKCollision 시작: Object2 vs Object10
  볼록 껍질 개수: Object2=128, Object10=128
      충돌 감지됨! 충돌 정보 설정 중...
  checkGJKCollision 완료: 충돌 감지
      충돌 결과: 충돌함
      충돌 정보 객체에 추가
    쌍 6: 'Object2' 와 'Object14'
      narrowPhase 실행...
>> checkGJKCollision 시작: Object2 vs Object14
  볼록 껍질 개수: Object2=128, Object14=128
      충돌 감지됨! 충돌 정보 설정 중...
  checkGJKCollision 완료: 충돌 감지
      충돌 결과: 충돌함
      충돌 정보 객체에 추가
    쌍 7: 'Object2' 와 'Object15'
      narrowPhase 실행...
>> checkGJKCollision 시작: Object2 vs Object15
  볼록 껍질 개수: Object2=128, Object15=128
      충돌 감지됨! 충돌 정보 설정 중...
  checkGJKCollision 완료: 충돌 감지
      충돌 결과: 충돌함
      충돌 정보 객체에 추가
    쌍 8: 'Object2' 와 'Object17'
      narrowPhase 실행...
>> checkGJKCollision 시작: Object2 vs Object17
  볼록 껍질 개수: Object2=128, Object17=128
      충돌 감지됨! 충돌 정보 설정 중...
  checkGJKCollision 완료: 충돌 감지
      충돌 결과: 충돌함
      충돌 정보 객체에 추가
    쌍 9: 'Object2' 와 'Object20'
      narrowPhase 실행...
>> checkGJKCollision 시작: Object2 vs Object20
  볼록 껍질 개수: Object2=128, Object20=128
      충돌 감지됨! 충돌 정보 설정 중...
  checkGJKCollision 완료: 충돌 감지
      충돌 결과: 충돌함
      충돌 정보 객체에 추가
    쌍 10: 'Object4' 와 'Object6'
      narrowPhase 실행...
>> checkGJKCollision 시작: Object4 vs Object6
  볼록 껍질 개수: Object4=128, Object6=128
      충돌 감지됨! 충돌 정보 설정 중...
  checkGJKCollision 완료: 충돌 감지
      충돌 결과: 충돌함
      충돌 정보 객체에 추가
    쌍 11: 'Object4' 와 'Object8'
      narrowPhase 실행...
>> checkGJKCollision 시작: Object4 vs Object8
  볼록 껍질 개수: Object4=128, Object8=128
      충돌 감지됨! 충돌 정보 설정 중...
  checkGJKCollision 완료: 충돌 감지
      충돌 결과: 충돌함
      충돌 정보 객체에 추가
    쌍 12: 'Object4' 와 'Object9'
      narrowPhase 실행...
>> checkGJKCollision 시작: Object4 vs Object9
  볼록 껍질 개수: Object4=128, Object9=128
      충돌 감지됨! 충돌 정보 설정 중...
  checkGJKCollision 완료: 충돌 감지
      충돌 결과: 충돌함
      충돌 정보 객체에 추가
    쌍 13: 'Object4' 와 'Object10'
      narrowPhase 실행...
>> checkGJKCollision 시작: Object4 vs Object10
  볼록 껍질 개수: Object4=128, Object10=128
      충돌 감지됨! 충돌 정보 설정 중...
  checkGJKCollision 완료: 충돌 감지
      충돌 결과: 충돌함
      충돌 정보 객체에 추가
    쌍 14: 'Object4' 와 'Object14'
      narrowPhase 실행...
>> checkGJKCollision 시작: Object4 vs Object14
  볼록 껍질 개수: Object4=128, Object14=128
      충돌 감지됨! 충돌 정보 설정 중...
  checkGJKCollision 완료: 충돌 감지
      충돌 결과: 충돌함
      충돌 정보 객체에 추가
    쌍 15: 'Object4' 와 'Object15'
      narrowPhase 실행...
>> checkGJKCollision 시작: Object4 vs Object15
  볼록 껍질 개수: Object4=128, Object15=128
      충돌 감지됨! 충돌 정보 설정 중...
  checkGJKCollision 완료: 충돌 감지
      충돌 결과: 충돌함
      충돌 정보 객체에 추가
    쌍 16: 'Object4' 와 'Object17'
      narrowPhase 실행...
>> checkGJKCollision 시작: Object4 vs Object17
  볼록 껍질 개수: Object4=128, Object17=128
      충돌 감지됨! 충돌 정보 설정 중...
  checkGJKCollision 완료: 충돌 감지
      충돌 결과: 충돌함
      충돌 정보 객체에 추가
    쌍 17: 'Object4' 와 'Object20'
      narrowPhase 실행...
>> checkGJKCollision 시작: Object4 vs Object20
  볼록 껍질 개수: Object4=128, Object20=128
      충돌 감지됨! 충돌 정보 설정 중...
  checkGJKCollision 완료: 충돌 감지
      충돌 결과: 충돌함
      충돌 정보 객체에 추가
    쌍 18: 'Object6' 와 'Object8'
      narrowPhase 실행...
>> checkGJKCollision 시작: Object6 vs Object8
  볼록 껍질 개수: Object6=128, Object8=128
      충돌 감지됨! 충돌 정보 설정 중...
  checkGJKCollision 완료: 충돌 감지
      충돌 결과: 충돌함
      충돌 정보 객체에 추가
    쌍 19: 'Object6' 와 'Object9'
      narrowPhase 실행...
>> checkGJKCollision 시작: Object6 vs Object9
  볼록 껍질 개수: Object6=128, Object9=128
      충돌 감지됨! 충돌 정보 설정 중...
  checkGJKCollision 완료: 충돌 감지
      충돌 결과: 충돌함
      충돌 정보 객체에 추가
    쌍 20: 'Object6' 와 'Object10'
      narrowPhase 실행...
>> checkGJKCollision 시작: Object6 vs Object10
  볼록 껍질 개수: Object6=128, Object10=128
      충돌 감지됨! 충돌 정보 설정 중...
  checkGJKCollision 완료: 충돌 감지
      충돌 결과: 충돌함
      충돌 정보 객체에 추가
    쌍 21: 'Object6' 와 'Object14'
      narrowPhase 실행...
>> checkGJKCollision 시작: Object6 vs Object14
  볼록 껍질 개수: Object6=128, Object14=128
      충돌 감지됨! 충돌 정보 설정 중...
  checkGJKCollision 완료: 충돌 감지
      충돌 결과: 충돌함
      충돌 정보 객체에 추가
    쌍 22: 'Object6' 와 'Object15'
      narrowPhase 실행...
>> checkGJKCollision 시작: Object6 vs Object15
  볼록 껍질 개수: Object6=128, Object15=128
      충돌 감지됨! 충돌 정보 설정 중...
  checkGJKCollision 완료: 충돌 감지
      충돌 결과: 충돌함
      충돌 정보 객체에 추가
    쌍 23: 'Object6' 와 'Object17'
      narrowPhase 실행...
>> checkGJKCollision 시작: Object6 vs Object17
  볼록 껍질 개수: Object6=128, Object17=128
      충돌 감지됨! 충돌 정보 설정 중...
  checkGJKCollision 완료: 충돌 감지
      충돌 결과: 충돌함
      충돌 정보 객체에 추가
    쌍 24: 'Object6' 와 'Object20'
      narrowPhase 실행...
>> checkGJKCollision 시작: Object6 vs Object20
  볼록 껍질 개수: Object6=128, Object20=128
      충돌 감지됨! 충돌 정보 설정 중...
  checkGJKCollision 완료: 충돌 감지
      충돌 결과: 충돌함
      충돌 정보 객체에 추가
    쌍 25: 'Object8' 와 'Object9'
      narrowPhase 실행...
>> checkGJKCollision 시작: Object8 vs Object9
  볼록 껍질 개수: Object8=128, Object9=128
      충돌 감지됨! 충돌 정보 설정 중...
  checkGJKCollision 완료: 충돌 감지
      충돌 결과: 충돌함
      충돌 정보 객체에 추가
    쌍 26: 'Object8' 와 'Object10'
      narrowPhase 실행...
>> checkGJKCollision 시작: Object8 vs Object10
  볼록 껍질 개수: Object8=128, Object10=128
      충돌 감지됨! 충돌 정보 설정 중...
  checkGJKCollision 완료: 충돌 감지
      충돌 결과: 충돌함
      충돌 정보 객체에 추가
    쌍 27: 'Object8' 와 'Object14'
      narrowPhase 실행...
>> checkGJKCollision 시작: Object8 vs Object14
  볼록 껍질 개수: Object8=128, Object14=128
      충돌 감지됨! 충돌 정보 설정 중...
  checkGJKCollision 완료: 충돌 감지
      충돌 결과: 충돌함
      충돌 정보 객체에 추가
    쌍 28: 'Object8' 와 'Object15'
      narrowPhase 실행...
>> checkGJKCollision 시작: Object8 vs Object15
  볼록 껍질 개수: Object8=128, Object15=128
      충돌 감지됨! 충돌 정보 설정 중...
  checkGJKCollision 완료: 충돌 감지
      충돌 결과: 충돌함
      충돌 정보 객체에 추가
    쌍 29: 'Object8' 와 'Object17'
      narrowPhase 실행...
>> checkGJKCollision 시작: Object8 vs Object17
  볼록 껍질 개수: Object8=128, Object17=128
      충돌 감지됨! 충돌 정보 설정 중...
  checkGJKCollision 완료: 충돌 감지
      충돌 결과: 충돌함
      충돌 정보 객체에 추가
    쌍 30: 'Object8' 와 'Object20'
      narrowPhase 실행...
>> checkGJKCollision 시작: Object8 vs Object20
  볼록 껍질 개수: Object8=128, Object20=128
      충돌 감지됨! 충돌 정보 설정 중...
  checkGJKCollision 완료: 충돌 감지
      충돌 결과: 충돌함
      충돌 정보 객체에 추가
    쌍 31: 'Object9' 와 'Object10'
      narrowPhase 실행...
>> checkGJKCollision 시작: Object9 vs Object10
  볼록 껍질 개수: Object9=128, Object10=128
      충돌 감지됨! 충돌 정보 설정 중...
  checkGJKCollision 완료: 충돌 감지
      충돌 결과: 충돌함
      충돌 정보 객체에 추가
    쌍 32: 'Object9' 와 'Object14'
      narrowPhase 실행...
>> checkGJKCollision 시작: Object9 vs Object14
  볼록 껍질 개수: Object9=128, Object14=128
      충돌 감지됨! 충돌 정보 설정 중...
  checkGJKCollision 완료: 충돌 감지
      충돌 결과: 충돌함
      충돌 정보 객체에 추가
    쌍 33: 'Object9' 와 'Object15'
      narrowPhase 실행...
>> checkGJKCollision 시작: Object9 vs Object15
  볼록 껍질 개수: Object9=128, Object15=128
      충돌 감지됨! 충돌 정보 설정 중...
  checkGJKCollision 완료: 충돌 감지
      충돌 결과: 충돌함
      충돌 정보 객체에 추가
    쌍 34: 'Object9' 와 'Object17'
      narrowPhase 실행...
>> checkGJKCollision 시작: Object9 vs Object17
  볼록 껍질 개수: Object9=128, Object17=128
      충돌 감지됨! 충돌 정보 설정 중...
  checkGJKCollision 완료: 충돌 감지
      충돌 결과: 충돌함
      충돌 정보 객체에 추가
    쌍 35: 'Object9' 와 'Object20'
      narrowPhase 실행...
>> checkGJKCollision 시작: Object9 vs Object20
  볼록 껍질 개수: Object9=128, Object20=128
      충돌 감지됨! 충돌 정보 설정 중...
  checkGJKCollision 완료: 충돌 감지
      충돌 결과: 충돌함
      충돌 정보 객체에 추가
    쌍 36: 'Object10' 와 'Object12'
      narrowPhase 실행...
>> checkGJKCollision 시작: Object10 vs Object12
  볼록 껍질 개수: Object10=128, Object12=128
  모든 볼록 껍질 쌍 검사 완료, 충돌 없음
      충돌 결과: 충돌 없음
    쌍 37: 'Object10' 와 'Object14'
      narrowPhase 실행...
>> checkGJKCollision 시작: Object10 vs Object14
  볼록 껍질 개수: Object10=128, Object14=128
      충돌 감지됨! 충돌 정보 설정 중...
  checkGJKCollision 완료: 충돌 감지
      충돌 결과: 충돌함
      충돌 정보 객체에 추가
    쌍 38: 'Object10' 와 'Object15'
      narrowPhase 실행...
>> checkGJKCollision 시작: Object10 vs Object15
  볼록 껍질 개수: Object10=128, Object15=128
      충돌 감지됨! 충돌 정보 설정 중...
  checkGJKCollision 완료: 충돌 감지
      충돌 결과: 충돌함
      충돌 정보 객체에 추가
    쌍 39: 'Object10' 와 'Object17'
      narrowPhase 실행...
>> checkGJKCollision 시작: Object10 vs Object17
  볼록 껍질 개수: Object10=128, Object17=128
      충돌 감지됨! 충돌 정보 설정 중...
  checkGJKCollision 완료: 충돌 감지
      충돌 결과: 충돌함
      충돌 정보 객체에 추가
    쌍 40: 'Object10' 와 'Object20'
      narrowPhase 실행...
>> checkGJKCollision 시작: Object10 vs Object20
  볼록 껍질 개수: Object10=128, Object20=128
      충돌 감지됨! 충돌 정보 설정 중...
  checkGJKCollision 완료: 충돌 감지
      충돌 결과: 충돌함
      충돌 정보 객체에 추가
    쌍 41: 'Object14' 와 'Object15'
      narrowPhase 실행...
>> checkGJKCollision 시작: Object14 vs Object15
  볼록 껍질 개수: Object14=128, Object15=128
      충돌 감지됨! 충돌 정보 설정 중...
  checkGJKCollision 완료: 충돌 감지
      충돌 결과: 충돌함
      충돌 정보 객체에 추가
    쌍 42: 'Object14' 와 'Object17'
      narrowPhase 실행...
>> checkGJKCollision 시작: Object14 vs Object17
  볼록 껍질 개수: Object14=128, Object17=128
      충돌 감지됨! 충돌 정보 설정 중...
  checkGJKCollision 완료: 충돌 감지
      충돌 결과: 충돌함
      충돌 정보 객체에 추가
    쌍 43: 'Object14' 와 'Object20'
      narrowPhase 실행...
>> checkGJKCollision 시작: Object14 vs Object20
  볼록 껍질 개수: Object14=128, Object20=128
      충돌 감지됨! 충돌 정보 설정 중...
  checkGJKCollision 완료: 충돌 감지
      충돌 결과: 충돌함
      충돌 정보 객체에 추가
    쌍 44: 'Object15' 와 'Object17'
      narrowPhase 실행...
>> checkGJKCollision 시작: Object15 vs Object17
  볼록 껍질 개수: Object15=128, Object17=128
      충돌 감지됨! 충돌 정보 설정 중...
  checkGJKCollision 완료: 충돌 감지
      충돌 결과: 충돌함
      충돌 정보 객체에 추가
    쌍 45: 'Object15' 와 'Object20'
      narrowPhase 실행...
>> checkGJKCollision 시작: Object15 vs Object20
  볼록 껍질 개수: Object15=128, Object20=128
      충돌 감지됨! 충돌 정보 설정 중...
  checkGJKCollision 완료: 충돌 감지
      충돌 결과: 충돌함
      충돌 정보 객체에 추가
    쌍 46: 'Object17' 와 'Object20'
      narrowPhase 실행...
>> checkGJKCollision 시작: Object17 vs Object20
  볼록 껍질 개수: Object17=128, Object20=128
      충돌 감지됨! 충돌 정보 설정 중...
  checkGJKCollision 완료: 충돌 감지
      충돌 결과: 충돌함
      충돌 정보 객체에 추가
  이전 충돌 상태 정리 중...
  충돌 상태 맵 업데이트
CollisionManager::update() - 완료

--- Frame 78 ---
Object0 position: (-7.116347, 7.590746, -9.488430)
Updating objects...
Object1 position: (0.040158, -0.174017, -0.013386)
Updating objects...
Object2 position: (-2.309319, 1.979414, 0.494853)
Updating objects...
Object3 position: (-0.063505, 0.148178, -0.296357)
Updating objects...
Object4 position: (-0.494853, -2.309319, -1.979414)
Updating objects...
Object5 position: (0.000976, -0.002929, -0.000488)
Updating objects...
Object6 position: (-3.286831, -1.353400, 1.160059)
Updating objects...
Object7 position: (-0.049630, 0.000000, 0.004963)
Updating objects...
Object8 position: (0.000000, 0.073258, -0.019535)
Updating objects...
Object9 position: (-0.206304, 0.309457, 0.412609)
Updating objects...
Object10 position: (-0.595805, 2.383220, 1.191610)
Updating objects...
Object11 position: (-0.177276, 0.000000, 1.506842)
Updating objects...
Object12 position: (4.328243, 1.782220, 2.546025)
Updating objects...
Object13 position: (0.002806, 0.042086, 0.011223)
Updating objects...
Object14 position: (-0.078686, -0.022482, -0.044963)
Updating objects...
Object15 position: (8.334447, -6.482349, 8.334447)
Updating objects...
Object16 position: (0.001378, 0.007580, 0.004824)
Updating objects...
Object17 position: (-4.661786, 0.548446, 3.564891)
Updating objects...
Object18 position: (2.217830, -8.427744, 8.871319)
Updating objects...
Object19 position: (0.133328, 0.066664, -0.133328)
Updating objects...
Running collision detection...
CollisionManager::update() - 시작 (프레임 78)
  객체 목록 크기: 20
  각 객체의 AABB 업데이트 중...
    객체 'Object1' 업데이트
    객체 'Object2' 업데이트
    객체 'Object3' 업데이트
    객체 'Object4' 업데이트
    객체 'Object5' 업데이트
    객체 'Object6' 업데이트
    객체 'Object7' 업데이트
    객체 'Object8' 업데이트
    객체 'Object9' 업데이트
    객체 'Object10' 업데이트
    객체 'Object11' 업데이트
    객체 'Object12' 업데이트
    객체 'Object13' 업데이트
    객체 'Object14' 업데이트
    객체 'Object15' 업데이트
    객체 'Object16' 업데이트
    객체 'Object17' 업데이트
    객체 'Object18' 업데이트
    객체 'Object19' 업데이트
    객체 'Object20' 업데이트
  대략적 충돌 감지(Broad Phase) 중...
    잠재적 충돌 쌍: 46개
  정밀 충돌 감지(Narrow Phase) 시작...
    쌍 1: 'Object2' 와 'Object4'
      narrowPhase 실행...
>> checkGJKCollision 시작: Object2 vs Object4
  볼록 껍질 개수: Object2=128, Object4=128
      충돌 감지됨! 충돌 정보 설정 중...
  checkGJKCollision 완료: 충돌 감지
      충돌 결과: 충돌함
      충돌 정보 객체에 추가
    쌍 2: 'Object2' 와 'Object6'
      narrowPhase 실행...
>> checkGJKCollision 시작: Object2 vs Object6
  볼록 껍질 개수: Object2=128, Object6=128
      충돌 감지됨! 충돌 정보 설정 중...
  checkGJKCollision 완료: 충돌 감지
      충돌 결과: 충돌함
      충돌 정보 객체에 추가
    쌍 3: 'Object2' 와 'Object8'
      narrowPhase 실행...
>> checkGJKCollision 시작: Object2 vs Object8
  볼록 껍질 개수: Object2=128, Object8=128
      충돌 감지됨! 충돌 정보 설정 중...
  checkGJKCollision 완료: 충돌 감지
      충돌 결과: 충돌함
      충돌 정보 객체에 추가
    쌍 4: 'Object2' 와 'Object9'
      narrowPhase 실행...
>> checkGJKCollision 시작: Object2 vs Object9
  볼록 껍질 개수: Object2=128, Object9=128
      충돌 감지됨! 충돌 정보 설정 중...
  checkGJKCollision 완료: 충돌 감지
      충돌 결과: 충돌함
      충돌 정보 객체에 추가
    쌍 5: 'Object2' 와 'Object10'
      narrowPhase 실행...
>> checkGJKCollision 시작: Object2 vs Object10
  볼록 껍질 개수: Object2=128, Object10=128
      충돌 감지됨! 충돌 정보 설정 중...
  checkGJKCollision 완료: 충돌 감지
      충돌 결과: 충돌함
      충돌 정보 객체에 추가
    쌍 6: 'Object2' 와 'Object14'
      narrowPhase 실행...
>> checkGJKCollision 시작: Object2 vs Object14
  볼록 껍질 개수: Object2=128, Object14=128
      충돌 감지됨! 충돌 정보 설정 중...
  checkGJKCollision 완료: 충돌 감지
      충돌 결과: 충돌함
      충돌 정보 객체에 추가
    쌍 7: 'Object2' 와 'Object15'
      narrowPhase 실행...
>> checkGJKCollision 시작: Object2 vs Object15
  볼록 껍질 개수: Object2=128, Object15=128
      충돌 감지됨! 충돌 정보 설정 중...
  checkGJKCollision 완료: 충돌 감지
      충돌 결과: 충돌함
      충돌 정보 객체에 추가
    쌍 8: 'Object2' 와 'Object17'
      narrowPhase 실행...
>> checkGJKCollision 시작: Object2 vs Object17
  볼록 껍질 개수: Object2=128, Object17=128
      충돌 감지됨! 충돌 정보 설정 중...
  checkGJKCollision 완료: 충돌 감지
      충돌 결과: 충돌함
      충돌 정보 객체에 추가
    쌍 9: 'Object2' 와 'Object20'
      narrowPhase 실행...
>> checkGJKCollision 시작: Object2 vs Object20
  볼록 껍질 개수: Object2=128, Object20=128
      충돌 감지됨! 충돌 정보 설정 중...
  checkGJKCollision 완료: 충돌 감지
      충돌 결과: 충돌함
      충돌 정보 객체에 추가
    쌍 10: 'Object4' 와 'Object6'
      narrowPhase 실행...
>> checkGJKCollision 시작: Object4 vs Object6
  볼록 껍질 개수: Object4=128, Object6=128
      충돌 감지됨! 충돌 정보 설정 중...
  checkGJKCollision 완료: 충돌 감지
      충돌 결과: 충돌함
      충돌 정보 객체에 추가
    쌍 11: 'Object4' 와 'Object8'
      narrowPhase 실행...
>> checkGJKCollision 시작: Object4 vs Object8
  볼록 껍질 개수: Object4=128, Object8=128
      충돌 감지됨! 충돌 정보 설정 중...
  checkGJKCollision 완료: 충돌 감지
      충돌 결과: 충돌함
      충돌 정보 객체에 추가
    쌍 12: 'Object4' 와 'Object9'
      narrowPhase 실행...
>> checkGJKCollision 시작: Object4 vs Object9
  볼록 껍질 개수: Object4=128, Object9=128
      충돌 감지됨! 충돌 정보 설정 중...
  checkGJKCollision 완료: 충돌 감지
      충돌 결과: 충돌함
      충돌 정보 객체에 추가
    쌍 13: 'Object4' 와 'Object10'
      narrowPhase 실행...
>> checkGJKCollision 시작: Object4 vs Object10
  볼록 껍질 개수: Object4=128, Object10=128
      충돌 감지됨! 충돌 정보 설정 중...
  checkGJKCollision 완료: 충돌 감지
      충돌 결과: 충돌함
      충돌 정보 객체에 추가
    쌍 14: 'Object4' 와 'Object14'
      narrowPhase 실행...
>> checkGJKCollision 시작: Object4 vs Object14
  볼록 껍질 개수: Object4=128, Object14=128
      충돌 감지됨! 충돌 정보 설정 중...
  checkGJKCollision 완료: 충돌 감지
      충돌 결과: 충돌함
      충돌 정보 객체에 추가
    쌍 15: 'Object4' 와 'Object15'
      narrowPhase 실행...
>> checkGJKCollision 시작: Object4 vs Object15
  볼록 껍질 개수: Object4=128, Object15=128
      충돌 감지됨! 충돌 정보 설정 중...
  checkGJKCollision 완료: 충돌 감지
      충돌 결과: 충돌함
      충돌 정보 객체에 추가
    쌍 16: 'Object4' 와 'Object17'
      narrowPhase 실행...
>> checkGJKCollision 시작: Object4 vs Object17
  볼록 껍질 개수: Object4=128, Object17=128
      충돌 감지됨! 충돌 정보 설정 중...
  checkGJKCollision 완료: 충돌 감지
      충돌 결과: 충돌함
      충돌 정보 객체에 추가
    쌍 17: 'Object4' 와 'Object20'
      narrowPhase 실행...
>> checkGJKCollision 시작: Object4 vs Object20
  볼록 껍질 개수: Object4=128, Object20=128
      충돌 감지됨! 충돌 정보 설정 중...
  checkGJKCollision 완료: 충돌 감지
      충돌 결과: 충돌함
      충돌 정보 객체에 추가
    쌍 18: 'Object6' 와 'Object8'
      narrowPhase 실행...
>> checkGJKCollision 시작: Object6 vs Object8
  볼록 껍질 개수: Object6=128, Object8=128
      충돌 감지됨! 충돌 정보 설정 중...
  checkGJKCollision 완료: 충돌 감지
      충돌 결과: 충돌함
      충돌 정보 객체에 추가
    쌍 19: 'Object6' 와 'Object9'
      narrowPhase 실행...
>> checkGJKCollision 시작: Object6 vs Object9
  볼록 껍질 개수: Object6=128, Object9=128
      충돌 감지됨! 충돌 정보 설정 중...
  checkGJKCollision 완료: 충돌 감지
      충돌 결과: 충돌함
      충돌 정보 객체에 추가
    쌍 20: 'Object6' 와 'Object10'
      narrowPhase 실행...
>> checkGJKCollision 시작: Object6 vs Object10
  볼록 껍질 개수: Object6=128, Object10=128
      충돌 감지됨! 충돌 정보 설정 중...
  checkGJKCollision 완료: 충돌 감지
      충돌 결과: 충돌함
      충돌 정보 객체에 추가
    쌍 21: 'Object6' 와 'Object14'
      narrowPhase 실행...
>> checkGJKCollision 시작: Object6 vs Object14
  볼록 껍질 개수: Object6=128, Object14=128
      충돌 감지됨! 충돌 정보 설정 중...
  checkGJKCollision 완료: 충돌 감지
      충돌 결과: 충돌함
      충돌 정보 객체에 추가
    쌍 22: 'Object6' 와 'Object15'
      narrowPhase 실행...
>> checkGJKCollision 시작: Object6 vs Object15
  볼록 껍질 개수: Object6=128, Object15=128
      충돌 감지됨! 충돌 정보 설정 중...
  checkGJKCollision 완료: 충돌 감지
      충돌 결과: 충돌함
      충돌 정보 객체에 추가
    쌍 23: 'Object6' 와 'Object17'
      narrowPhase 실행...
>> checkGJKCollision 시작: Object6 vs Object17
  볼록 껍질 개수: Object6=128, Object17=128
      충돌 감지됨! 충돌 정보 설정 중...
  checkGJKCollision 완료: 충돌 감지
      충돌 결과: 충돌함
      충돌 정보 객체에 추가
    쌍 24: 'Object6' 와 'Object20'
      narrowPhase 실행...
>> checkGJKCollision 시작: Object6 vs Object20
  볼록 껍질 개수: Object6=128, Object20=128
      충돌 감지됨! 충돌 정보 설정 중...
  checkGJKCollision 완료: 충돌 감지
      충돌 결과: 충돌함
      충돌 정보 객체에 추가
    쌍 25: 'Object8' 와 'Object9'
      narrowPhase 실행...
>> checkGJKCollision 시작: Object8 vs Object9
  볼록 껍질 개수: Object8=128, Object9=128
      충돌 감지됨! 충돌 정보 설정 중...
  checkGJKCollision 완료: 충돌 감지
      충돌 결과: 충돌함
      충돌 정보 객체에 추가
    쌍 26: 'Object8' 와 'Object10'
      narrowPhase 실행...
>> checkGJKCollision 시작: Object8 vs Object10
  볼록 껍질 개수: Object8=128, Object10=128
      충돌 감지됨! 충돌 정보 설정 중...
  checkGJKCollision 완료: 충돌 감지
      충돌 결과: 충돌함
      충돌 정보 객체에 추가
    쌍 27: 'Object8' 와 'Object14'
      narrowPhase 실행...
>> checkGJKCollision 시작: Object8 vs Object14
  볼록 껍질 개수: Object8=128, Object14=128
      충돌 감지됨! 충돌 정보 설정 중...
  checkGJKCollision 완료: 충돌 감지
      충돌 결과: 충돌함
      충돌 정보 객체에 추가
    쌍 28: 'Object8' 와 'Object15'
      narrowPhase 실행...
>> checkGJKCollision 시작: Object8 vs Object15
  볼록 껍질 개수: Object8=128, Object15=128
      충돌 감지됨! 충돌 정보 설정 중...
  checkGJKCollision 완료: 충돌 감지
      충돌 결과: 충돌함
      충돌 정보 객체에 추가
    쌍 29: 'Object8' 와 'Object17'
      narrowPhase 실행...
>> checkGJKCollision 시작: Object8 vs Object17
  볼록 껍질 개수: Object8=128, Object17=128
      충돌 감지됨! 충돌 정보 설정 중...
  checkGJKCollision 완료: 충돌 감지
      충돌 결과: 충돌함
      충돌 정보 객체에 추가
    쌍 30: 'Object8' 와 'Object20'
      narrowPhase 실행...
>> checkGJKCollision 시작: Object8 vs Object20
  볼록 껍질 개수: Object8=128, Object20=128
      충돌 감지됨! 충돌 정보 설정 중...
  checkGJKCollision 완료: 충돌 감지
      충돌 결과: 충돌함
      충돌 정보 객체에 추가
    쌍 31: 'Object9' 와 'Object10'
      narrowPhase 실행...
>> checkGJKCollision 시작: Object9 vs Object10
  볼록 껍질 개수: Object9=128, Object10=128
      충돌 감지됨! 충돌 정보 설정 중...
  checkGJKCollision 완료: 충돌 감지
      충돌 결과: 충돌함
      충돌 정보 객체에 추가
    쌍 32: 'Object9' 와 'Object14'
      narrowPhase 실행...
>> checkGJKCollision 시작: Object9 vs Object14
  볼록 껍질 개수: Object9=128, Object14=128
      충돌 감지됨! 충돌 정보 설정 중...
  checkGJKCollision 완료: 충돌 감지
      충돌 결과: 충돌함
      충돌 정보 객체에 추가
    쌍 33: 'Object9' 와 'Object15'
      narrowPhase 실행...
>> checkGJKCollision 시작: Object9 vs Object15
  볼록 껍질 개수: Object9=128, Object15=128
      충돌 감지됨! 충돌 정보 설정 중...
  checkGJKCollision 완료: 충돌 감지
      충돌 결과: 충돌함
      충돌 정보 객체에 추가
    쌍 34: 'Object9' 와 'Object17'
      narrowPhase 실행...
>> checkGJKCollision 시작: Object9 vs Object17
  볼록 껍질 개수: Object9=128, Object17=128
      충돌 감지됨! 충돌 정보 설정 중...
  checkGJKCollision 완료: 충돌 감지
      충돌 결과: 충돌함
      충돌 정보 객체에 추가
    쌍 35: 'Object9' 와 'Object20'
      narrowPhase 실행...
>> checkGJKCollision 시작: Object9 vs Object20
  볼록 껍질 개수: Object9=128, Object20=128
      충돌 감지됨! 충돌 정보 설정 중...
  checkGJKCollision 완료: 충돌 감지
      충돌 결과: 충돌함
      충돌 정보 객체에 추가
    쌍 36: 'Object10' 와 'Object12'
      narrowPhase 실행...
>> checkGJKCollision 시작: Object10 vs Object12
  볼록 껍질 개수: Object10=128, Object12=128
      충돌 감지됨! 충돌 정보 설정 중...
  checkGJKCollision 완료: 충돌 감지
      충돌 결과: 충돌함
      충돌 정보 객체에 추가
Object12 collision enter with Object10
Contact point: (-0.191790, 0.154728, 0.959725)
Contact normal: (-0.025519, 0.272045, -0.961946)
Penetration depth: 0.1
    쌍 37: 'Object10' 와 'Object14'
      narrowPhase 실행...
>> checkGJKCollision 시작: Object10 vs Object14
  볼록 껍질 개수: Object10=128, Object14=128
      충돌 감지됨! 충돌 정보 설정 중...
  checkGJKCollision 완료: 충돌 감지
      충돌 결과: 충돌함
      충돌 정보 객체에 추가
    쌍 38: 'Object10' 와 'Object15'
      narrowPhase 실행...
>> checkGJKCollision 시작: Object10 vs Object15
  볼록 껍질 개수: Object10=128, Object15=128
      충돌 감지됨! 충돌 정보 설정 중...
  checkGJKCollision 완료: 충돌 감지
      충돌 결과: 충돌함
      충돌 정보 객체에 추가
    쌍 39: 'Object10' 와 'Object17'
      narrowPhase 실행...
>> checkGJKCollision 시작: Object10 vs Object17
  볼록 껍질 개수: Object10=128, Object17=128
      충돌 감지됨! 충돌 정보 설정 중...
  checkGJKCollision 완료: 충돌 감지
      충돌 결과: 충돌함
      충돌 정보 객체에 추가
    쌍 40: 'Object10' 와 'Object20'
      narrowPhase 실행...
>> checkGJKCollision 시작: Object10 vs Object20
  볼록 껍질 개수: Object10=128, Object20=128
      충돌 감지됨! 충돌 정보 설정 중...
  checkGJKCollision 완료: 충돌 감지
      충돌 결과: 충돌함
      충돌 정보 객체에 추가
    쌍 41: 'Object14' 와 'Object15'
      narrowPhase 실행...
>> checkGJKCollision 시작: Object14 vs Object15
  볼록 껍질 개수: Object14=128, Object15=128
      충돌 감지됨! 충돌 정보 설정 중...
  checkGJKCollision 완료: 충돌 감지
      충돌 결과: 충돌함
      충돌 정보 객체에 추가
    쌍 42: 'Object14' 와 'Object17'
      narrowPhase 실행...
>> checkGJKCollision 시작: Object14 vs Object17
  볼록 껍질 개수: Object14=128, Object17=128
      충돌 감지됨! 충돌 정보 설정 중...
  checkGJKCollision 완료: 충돌 감지
      충돌 결과: 충돌함
      충돌 정보 객체에 추가
    쌍 43: 'Object14' 와 'Object20'
      narrowPhase 실행...
>> checkGJKCollision 시작: Object14 vs Object20
  볼록 껍질 개수: Object14=128, Object20=128
      충돌 감지됨! 충돌 정보 설정 중...
  checkGJKCollision 완료: 충돌 감지
      충돌 결과: 충돌함
      충돌 정보 객체에 추가
    쌍 44: 'Object15' 와 'Object17'
      narrowPhase 실행...
>> checkGJKCollision 시작: Object15 vs Object17
  볼록 껍질 개수: Object15=128, Object17=128
      충돌 감지됨! 충돌 정보 설정 중...
  checkGJKCollision 완료: 충돌 감지
      충돌 결과: 충돌함
      충돌 정보 객체에 추가
    쌍 45: 'Object15' 와 'Object20'
      narrowPhase 실행...
>> checkGJKCollision 시작: Object15 vs Object20
  볼록 껍질 개수: Object15=128, Object20=128
      충돌 감지됨! 충돌 정보 설정 중...
  checkGJKCollision 완료: 충돌 감지
      충돌 결과: 충돌함
      충돌 정보 객체에 추가
    쌍 46: 'Object17' 와 'Object20'
      narrowPhase 실행...
>> checkGJKCollision 시작: Object17 vs Object20
  볼록 껍질 개수: Object17=128, Object20=128
      충돌 감지됨! 충돌 정보 설정 중...
  checkGJKCollision 완료: 충돌 감지
      충돌 결과: 충돌함
      충돌 정보 객체에 추가
  이전 충돌 상태 정리 중...
  충돌 상태 맵 업데이트
CollisionManager::update() - 완료

--- Frame 79 ---
Object0 position: (-7.015274, 7.482935, -9.353666)
Updating objects...
Object1 position: (-0.004688, 0.020316, 0.001563)
Updating objects...
Object2 position: (-2.159439, 1.850945, 0.462736)
Updating objects...
Object3 position: (-0.025858, 0.060335, -0.120669)
Updating objects...
Object4 position: (-0.462736, -2.159439, -1.850945)
Updating objects...
Object5 position: (-0.061493, 0.184480, 0.030747)
Updating objects...
Object6 position: (-3.111021, -1.281008, 1.098009)
Updating objects...
Object7 position: (0.149378, 0.000000, -0.014938)
Updating objects...
Object8 position: (0.000000, -0.119989, 0.031997)
Updating objects...
Object9 position: (-0.132026, 0.198039, 0.264053)
Updating objects...
Object10 position: (-0.552161, 2.208646, 1.104323)
Updating objects...
Object11 position: (-0.153907, 0.000000, 1.308212)
Updating objects...
Object12 position: (4.165785, 1.715325, 2.450462)
Updating objects...
Object13 position: (-0.010051, -0.150761, -0.040203)
Updating objects...
Object14 position: (0.089854, 0.025673, 0.051345)
Updating objects...
Object15 position: (8.210530, -6.385970, 8.210530)
Updating objects...
Object16 position: (-0.028946, -0.159202, -0.101310)
Updating objects...
Object17 position: (-4.503604, 0.529836, 3.443928)
Updating objects...
Object18 position: (2.182161, -8.292202, 8.728643)
Updating objects...
Object19 position: (-0.000005, -0.000002, 0.000005)
Updating objects...
Running collision detection...
CollisionManager::update() - 시작 (프레임 79)
  객체 목록 크기: 20
  각 객체의 AABB 업데이트 중...
    객체 'Object1' 업데이트
    객체 'Object2' 업데이트
    객체 'Object3' 업데이트
    객체 'Object4' 업데이트
    객체 'Object5' 업데이트
    객체 'Object6' 업데이트
    객체 'Object7' 업데이트
    객체 'Object8' 업데이트
    객체 'Object9' 업데이트
    객체 'Object10' 업데이트
    객체 'Object11' 업데이트
    객체 'Object12' 업데이트
    객체 'Object13' 업데이트
    객체 'Object14' 업데이트
    객체 'Object15' 업데이트
    객체 'Object16' 업데이트
    객체 'Object17' 업데이트
    객체 'Object18' 업데이트
    객체 'Object19' 업데이트
    객체 'Object20' 업데이트
  대략적 충돌 감지(Broad Phase) 중...
    잠재적 충돌 쌍: 52개
  정밀 충돌 감지(Narrow Phase) 시작...
    쌍 1: 'Object2' 와 'Object4'
      narrowPhase 실행...
>> checkGJKCollision 시작: Object2 vs Object4
  볼록 껍질 개수: Object2=128, Object4=128
      충돌 감지됨! 충돌 정보 설정 중...
  checkGJKCollision 완료: 충돌 감지
      충돌 결과: 충돌함
      충돌 정보 객체에 추가
    쌍 2: 'Object2' 와 'Object6'
      narrowPhase 실행...
>> checkGJKCollision 시작: Object2 vs Object6
  볼록 껍질 개수: Object2=128, Object6=128
      충돌 감지됨! 충돌 정보 설정 중...
  checkGJKCollision 완료: 충돌 감지
      충돌 결과: 충돌함
      충돌 정보 객체에 추가
    쌍 3: 'Object2' 와 'Object8'
      narrowPhase 실행...
>> checkGJKCollision 시작: Object2 vs Object8
  볼록 껍질 개수: Object2=128, Object8=128
      충돌 감지됨! 충돌 정보 설정 중...
  checkGJKCollision 완료: 충돌 감지
      충돌 결과: 충돌함
      충돌 정보 객체에 추가
    쌍 4: 'Object2' 와 'Object9'
      narrowPhase 실행...
>> checkGJKCollision 시작: Object2 vs Object9
  볼록 껍질 개수: Object2=128, Object9=128
      충돌 감지됨! 충돌 정보 설정 중...
  checkGJKCollision 완료: 충돌 감지
      충돌 결과: 충돌함
      충돌 정보 객체에 추가
    쌍 5: 'Object2' 와 'Object10'
      narrowPhase 실행...
>> checkGJKCollision 시작: Object2 vs Object10
  볼록 껍질 개수: Object2=128, Object10=128
      충돌 감지됨! 충돌 정보 설정 중...
  checkGJKCollision 완료: 충돌 감지
      충돌 결과: 충돌함
      충돌 정보 객체에 추가
    쌍 6: 'Object2' 와 'Object12'
      narrowPhase 실행...
>> checkGJKCollision 시작: Object2 vs Object12
  볼록 껍질 개수: Object2=128, Object12=128
  모든 볼록 껍질 쌍 검사 완료, 충돌 없음
      충돌 결과: 충돌 없음
    쌍 7: 'Object2' 와 'Object14'
      narrowPhase 실행...
>> checkGJKCollision 시작: Object2 vs Object14
  볼록 껍질 개수: Object2=128, Object14=128
      충돌 감지됨! 충돌 정보 설정 중...
  checkGJKCollision 완료: 충돌 감지
      충돌 결과: 충돌함
      충돌 정보 객체에 추가
    쌍 8: 'Object2' 와 'Object15'
      narrowPhase 실행...
>> checkGJKCollision 시작: Object2 vs Object15
  볼록 껍질 개수: Object2=128, Object15=128
      충돌 감지됨! 충돌 정보 설정 중...
  checkGJKCollision 완료: 충돌 감지
      충돌 결과: 충돌함
      충돌 정보 객체에 추가
    쌍 9: 'Object2' 와 'Object17'
      narrowPhase 실행...
>> checkGJKCollision 시작: Object2 vs Object17
  볼록 껍질 개수: Object2=128, Object17=128
      충돌 감지됨! 충돌 정보 설정 중...
  checkGJKCollision 완료: 충돌 감지
      충돌 결과: 충돌함
      충돌 정보 객체에 추가
    쌍 10: 'Object2' 와 'Object20'
      narrowPhase 실행...
>> checkGJKCollision 시작: Object2 vs Object20
  볼록 껍질 개수: Object2=128, Object20=128
      충돌 감지됨! 충돌 정보 설정 중...
  checkGJKCollision 완료: 충돌 감지
      충돌 결과: 충돌함
      충돌 정보 객체에 추가
    쌍 11: 'Object3' 와 'Object11'
      narrowPhase 실행...
>> checkGJKCollision 시작: Object3 vs Object11
  볼록 껍질 개수: Object3=128, Object11=128
  모든 볼록 껍질 쌍 검사 완료, 충돌 없음
      충돌 결과: 충돌 없음
    쌍 12: 'Object4' 와 'Object6'
      narrowPhase 실행...
>> checkGJKCollision 시작: Object4 vs Object6
  볼록 껍질 개수: Object4=128, Object6=128
      충돌 감지됨! 충돌 정보 설정 중...
  checkGJKCollision 완료: 충돌 감지
      충돌 결과: 충돌함
      충돌 정보 객체에 추가
    쌍 13: 'Object4' 와 'Object8'
      narrowPhase 실행...
>> checkGJKCollision 시작: Object4 vs Object8
  볼록 껍질 개수: Object4=128, Object8=128
      충돌 감지됨! 충돌 정보 설정 중...
  checkGJKCollision 완료: 충돌 감지
      충돌 결과: 충돌함
      충돌 정보 객체에 추가
    쌍 14: 'Object4' 와 'Object9'
      narrowPhase 실행...
>> checkGJKCollision 시작: Object4 vs Object9
  볼록 껍질 개수: Object4=128, Object9=128
      충돌 감지됨! 충돌 정보 설정 중...
  checkGJKCollision 완료: 충돌 감지
      충돌 결과: 충돌함
      충돌 정보 객체에 추가
    쌍 15: 'Object4' 와 'Object10'
      narrowPhase 실행...
>> checkGJKCollision 시작: Object4 vs Object10
  볼록 껍질 개수: Object4=128, Object10=128
      충돌 감지됨! 충돌 정보 설정 중...
  checkGJKCollision 완료: 충돌 감지
      충돌 결과: 충돌함
      충돌 정보 객체에 추가
    쌍 16: 'Object4' 와 'Object14'
      narrowPhase 실행...
>> checkGJKCollision 시작: Object4 vs Object14
  볼록 껍질 개수: Object4=128, Object14=128
      충돌 감지됨! 충돌 정보 설정 중...
  checkGJKCollision 완료: 충돌 감지
      충돌 결과: 충돌함
      충돌 정보 객체에 추가
    쌍 17: 'Object4' 와 'Object15'
      narrowPhase 실행...
>> checkGJKCollision 시작: Object4 vs Object15
  볼록 껍질 개수: Object4=128, Object15=128
      충돌 감지됨! 충돌 정보 설정 중...
  checkGJKCollision 완료: 충돌 감지
      충돌 결과: 충돌함
      충돌 정보 객체에 추가
    쌍 18: 'Object4' 와 'Object17'
      narrowPhase 실행...
>> checkGJKCollision 시작: Object4 vs Object17
  볼록 껍질 개수: Object4=128, Object17=128
      충돌 감지됨! 충돌 정보 설정 중...
  checkGJKCollision 완료: 충돌 감지
      충돌 결과: 충돌함
      충돌 정보 객체에 추가
    쌍 19: 'Object4' 와 'Object20'
      narrowPhase 실행...
>> checkGJKCollision 시작: Object4 vs Object20
  볼록 껍질 개수: Object4=128, Object20=128
      충돌 감지됨! 충돌 정보 설정 중...
  checkGJKCollision 완료: 충돌 감지
      충돌 결과: 충돌함
      충돌 정보 객체에 추가
    쌍 20: 'Object6' 와 'Object8'
      narrowPhase 실행...
>> checkGJKCollision 시작: Object6 vs Object8
  볼록 껍질 개수: Object6=128, Object8=128
      충돌 감지됨! 충돌 정보 설정 중...
  checkGJKCollision 완료: 충돌 감지
      충돌 결과: 충돌함
      충돌 정보 객체에 추가
    쌍 21: 'Object6' 와 'Object9'
      narrowPhase 실행...
>> checkGJKCollision 시작: Object6 vs Object9
  볼록 껍질 개수: Object6=128, Object9=128
      충돌 감지됨! 충돌 정보 설정 중...
  checkGJKCollision 완료: 충돌 감지
      충돌 결과: 충돌함
      충돌 정보 객체에 추가
    쌍 22: 'Object6' 와 'Object10'
      narrowPhase 실행...
>> checkGJKCollision 시작: Object6 vs Object10
  볼록 껍질 개수: Object6=128, Object10=128
      충돌 감지됨! 충돌 정보 설정 중...
  checkGJKCollision 완료: 충돌 감지
      충돌 결과: 충돌함
      충돌 정보 객체에 추가
    쌍 23: 'Object6' 와 'Object12'
      narrowPhase 실행...
>> checkGJKCollision 시작: Object6 vs Object12
  볼록 껍질 개수: Object6=128, Object12=128
  모든 볼록 껍질 쌍 검사 완료, 충돌 없음
      충돌 결과: 충돌 없음
    쌍 24: 'Object6' 와 'Object14'
      narrowPhase 실행...
>> checkGJKCollision 시작: Object6 vs Object14
  볼록 껍질 개수: Object6=128, Object14=128
      충돌 감지됨! 충돌 정보 설정 중...
  checkGJKCollision 완료: 충돌 감지
      충돌 결과: 충돌함
      충돌 정보 객체에 추가
    쌍 25: 'Object6' 와 'Object15'
      narrowPhase 실행...
>> checkGJKCollision 시작: Object6 vs Object15
  볼록 껍질 개수: Object6=128, Object15=128
      충돌 감지됨! 충돌 정보 설정 중...
  checkGJKCollision 완료: 충돌 감지
      충돌 결과: 충돌함
      충돌 정보 객체에 추가
    쌍 26: 'Object6' 와 'Object17'
      narrowPhase 실행...
>> checkGJKCollision 시작: Object6 vs Object17
  볼록 껍질 개수: Object6=128, Object17=128
      충돌 감지됨! 충돌 정보 설정 중...
  checkGJKCollision 완료: 충돌 감지
      충돌 결과: 충돌함
      충돌 정보 객체에 추가
    쌍 27: 'Object6' 와 'Object20'
      narrowPhase 실행...
>> checkGJKCollision 시작: Object6 vs Object20
  볼록 껍질 개수: Object6=128, Object20=128
      충돌 감지됨! 충돌 정보 설정 중...
  checkGJKCollision 완료: 충돌 감지
      충돌 결과: 충돌함
      충돌 정보 객체에 추가
    쌍 28: 'Object8' 와 'Object9'
      narrowPhase 실행...
>> checkGJKCollision 시작: Object8 vs Object9
  볼록 껍질 개수: Object8=128, Object9=128
      충돌 감지됨! 충돌 정보 설정 중...
  checkGJKCollision 완료: 충돌 감지
      충돌 결과: 충돌함
      충돌 정보 객체에 추가
    쌍 29: 'Object8' 와 'Object10'
      narrowPhase 실행...
>> checkGJKCollision 시작: Object8 vs Object10
  볼록 껍질 개수: Object8=128, Object10=128
      충돌 감지됨! 충돌 정보 설정 중...
  checkGJKCollision 완료: 충돌 감지
      충돌 결과: 충돌함
      충돌 정보 객체에 추가
    쌍 30: 'Object8' 와 'Object14'
      narrowPhase 실행...
>> checkGJKCollision 시작: Object8 vs Object14
  볼록 껍질 개수: Object8=128, Object14=128
      충돌 감지됨! 충돌 정보 설정 중...
  checkGJKCollision 완료: 충돌 감지
      충돌 결과: 충돌함
      충돌 정보 객체에 추가
    쌍 31: 'Object8' 와 'Object15'
      narrowPhase 실행...
>> checkGJKCollision 시작: Object8 vs Object15
  볼록 껍질 개수: Object8=128, Object15=128
      충돌 감지됨! 충돌 정보 설정 중...
  checkGJKCollision 완료: 충돌 감지
      충돌 결과: 충돌함
      충돌 정보 객체에 추가
    쌍 32: 'Object8' 와 'Object17'
      narrowPhase 실행...
>> checkGJKCollision 시작: Object8 vs Object17
  볼록 껍질 개수: Object8=128, Object17=128
      충돌 감지됨! 충돌 정보 설정 중...
  checkGJKCollision 완료: 충돌 감지
      충돌 결과: 충돌함
      충돌 정보 객체에 추가
    쌍 33: 'Object8' 와 'Object20'
      narrowPhase 실행...
>> checkGJKCollision 시작: Object8 vs Object20
  볼록 껍질 개수: Object8=128, Object20=128
      충돌 감지됨! 충돌 정보 설정 중...
  checkGJKCollision 완료: 충돌 감지
      충돌 결과: 충돌함
      충돌 정보 객체에 추가
    쌍 34: 'Object9' 와 'Object10'
      narrowPhase 실행...
>> checkGJKCollision 시작: Object9 vs Object10
  볼록 껍질 개수: Object9=128, Object10=128
      충돌 감지됨! 충돌 정보 설정 중...
  checkGJKCollision 완료: 충돌 감지
      충돌 결과: 충돌함
      충돌 정보 객체에 추가
    쌍 35: 'Object9' 와 'Object12'
      narrowPhase 실행...
>> checkGJKCollision 시작: Object9 vs Object12
  볼록 껍질 개수: Object9=128, Object12=128
  모든 볼록 껍질 쌍 검사 완료, 충돌 없음
      충돌 결과: 충돌 없음
    쌍 36: 'Object9' 와 'Object14'
      narrowPhase 실행...
>> checkGJKCollision 시작: Object9 vs Object14
  볼록 껍질 개수: Object9=128, Object14=128
      충돌 감지됨! 충돌 정보 설정 중...
  checkGJKCollision 완료: 충돌 감지
      충돌 결과: 충돌함
      충돌 정보 객체에 추가
    쌍 37: 'Object9' 와 'Object15'
      narrowPhase 실행...
>> checkGJKCollision 시작: Object9 vs Object15
  볼록 껍질 개수: Object9=128, Object15=128
      충돌 감지됨! 충돌 정보 설정 중...
  checkGJKCollision 완료: 충돌 감지
      충돌 결과: 충돌함
      충돌 정보 객체에 추가
    쌍 38: 'Object9' 와 'Object17'
      narrowPhase 실행...
>> checkGJKCollision 시작: Object9 vs Object17
  볼록 껍질 개수: Object9=128, Object17=128
      충돌 감지됨! 충돌 정보 설정 중...
  checkGJKCollision 완료: 충돌 감지
      충돌 결과: 충돌함
      충돌 정보 객체에 추가
    쌍 39: 'Object9' 와 'Object20'
      narrowPhase 실행...
>> checkGJKCollision 시작: Object9 vs Object20
  볼록 껍질 개수: Object9=128, Object20=128
      충돌 감지됨! 충돌 정보 설정 중...
  checkGJKCollision 완료: 충돌 감지
      충돌 결과: 충돌함
      충돌 정보 객체에 추가
    쌍 40: 'Object10' 와 'Object12'
      narrowPhase 실행...
>> checkGJKCollision 시작: Object10 vs Object12
  볼록 껍질 개수: Object10=128, Object12=128
      충돌 감지됨! 충돌 정보 설정 중...
  checkGJKCollision 완료: 충돌 감지
      충돌 결과: 충돌함
      충돌 정보 객체에 추가
    쌍 41: 'Object10' 와 'Object14'
      narrowPhase 실행...
>> checkGJKCollision 시작: Object10 vs Object14
  볼록 껍질 개수: Object10=128, Object14=128
      충돌 감지됨! 충돌 정보 설정 중...
  checkGJKCollision 완료: 충돌 감지
      충돌 결과: 충돌함
      충돌 정보 객체에 추가
    쌍 42: 'Object10' 와 'Object15'
      narrowPhase 실행...
>> checkGJKCollision 시작: Object10 vs Object15
  볼록 껍질 개수: Object10=128, Object15=128
      충돌 감지됨! 충돌 정보 설정 중...
  checkGJKCollision 완료: 충돌 감지
      충돌 결과: 충돌함
      충돌 정보 객체에 추가
    쌍 43: 'Object10' 와 'Object17'
      narrowPhase 실행...
>> checkGJKCollision 시작: Object10 vs Object17
  볼록 껍질 개수: Object10=128, Object17=128
      충돌 감지됨! 충돌 정보 설정 중...
  checkGJKCollision 완료: 충돌 감지
      충돌 결과: 충돌함
      충돌 정보 객체에 추가
    쌍 44: 'Object10' 와 'Object20'
      narrowPhase 실행...
>> checkGJKCollision 시작: Object10 vs Object20
  볼록 껍질 개수: Object10=128, Object20=128
      충돌 감지됨! 충돌 정보 설정 중...
  checkGJKCollision 완료: 충돌 감지
      충돌 결과: 충돌함
      충돌 정보 객체에 추가
    쌍 45: 'Object12' 와 'Object15'
      narrowPhase 실행...
>> checkGJKCollision 시작: Object12 vs Object15
  볼록 껍질 개수: Object12=128, Object15=128
  모든 볼록 껍질 쌍 검사 완료, 충돌 없음
      충돌 결과: 충돌 없음
    쌍 46: 'Object12' 와 'Object20'
      narrowPhase 실행...
>> checkGJKCollision 시작: Object12 vs Object20
  볼록 껍질 개수: Object12=128, Object20=128
  모든 볼록 껍질 쌍 검사 완료, 충돌 없음
      충돌 결과: 충돌 없음
    쌍 47: 'Object14' 와 'Object15'
      narrowPhase 실행...
>> checkGJKCollision 시작: Object14 vs Object15
  볼록 껍질 개수: Object14=128, Object15=128
      충돌 감지됨! 충돌 정보 설정 중...
  checkGJKCollision 완료: 충돌 감지
      충돌 결과: 충돌함
      충돌 정보 객체에 추가
    쌍 48: 'Object14' 와 'Object17'
      narrowPhase 실행...
>> checkGJKCollision 시작: Object14 vs Object17
  볼록 껍질 개수: Object14=128, Object17=128
      충돌 감지됨! 충돌 정보 설정 중...
  checkGJKCollision 완료: 충돌 감지
      충돌 결과: 충돌함
      충돌 정보 객체에 추가
    쌍 49: 'Object14' 와 'Object20'
      narrowPhase 실행...
>> checkGJKCollision 시작: Object14 vs Object20
  볼록 껍질 개수: Object14=128, Object20=128
      충돌 감지됨! 충돌 정보 설정 중...
  checkGJKCollision 완료: 충돌 감지
      충돌 결과: 충돌함
      충돌 정보 객체에 추가
    쌍 50: 'Object15' 와 'Object17'
      narrowPhase 실행...
>> checkGJKCollision 시작: Object15 vs Object17
  볼록 껍질 개수: Object15=128, Object17=128
      충돌 감지됨! 충돌 정보 설정 중...
  checkGJKCollision 완료: 충돌 감지
      충돌 결과: 충돌함
      충돌 정보 객체에 추가
    쌍 51: 'Object15' 와 'Object20'
      narrowPhase 실행...
>> checkGJKCollision 시작: Object15 vs Object20
  볼록 껍질 개수: Object15=128, Object20=128
      충돌 감지됨! 충돌 정보 설정 중...
  checkGJKCollision 완료: 충돌 감지
      충돌 결과: 충돌함
      충돌 정보 객체에 추가
    쌍 52: 'Object17' 와 'Object20'
      narrowPhase 실행...
>> checkGJKCollision 시작: Object17 vs Object20
  볼록 껍질 개수: Object17=128, Object20=128
      충돌 감지됨! 충돌 정보 설정 중...
  checkGJKCollision 완료: 충돌 감지
      충돌 결과: 충돌함
      충돌 정보 객체에 추가
  이전 충돌 상태 정리 중...
  충돌 상태 맵 업데이트
CollisionManager::update() - 완료

--- Frame 80 ---
Object0 position: (-6.914201, 7.375125, -9.218903)
Updating objects...
Object1 position: (0.040158, -0.174017, -0.013386)
Updating objects...
Object2 position: (-2.009558, 1.722476, 0.430619)
Updating objects...
Object3 position: (0.011790, -0.027509, 0.055019)
Updating objects...
Object4 position: (-0.430619, -2.009558, -1.722476)
Updating objects...
Object5 position: (0.000976, -0.002929, -0.000488)
Updating objects...
Object6 position: (-2.935211, -1.208616, 1.035958)
Updating objects...
Object7 position: (-0.049630, 0.000000, 0.004963)
Updating objects...
Object8 position: (0.000000, 0.073258, -0.019535)
Updating objects...
Object9 position: (-0.057748, 0.086622, 0.115496)
Updating objects...
Object10 position: (-0.508518, 2.034071, 1.017036)
Updating objects...
Object11 position: (-0.130539, 0.000000, 1.109582)
Updating objects...
Object12 position: (4.003326, 1.648431, 2.354898)
Updating objects...
Object13 position: (0.002806, 0.042086, 0.011223)
Updating objects...
Object14 position: (-0.078686, -0.022482, -0.044963)
Updating objects...
Object15 position: (8.086613, -6.289590, 8.086613)
Updating objects...
Object16 position: (0.001378, 0.007580, 0.004824)
Updating objects...
Object17 position: (-4.345421, 0.511226, 3.322965)
Updating objects...
Object18 position: (2.146492, -8.156661, 8.585968)
Updating objects...
Object19 position: (0.133328, 0.066664, -0.133328)
Updating objects...
Running collision detection...
CollisionManager::update() - 시작 (프레임 80)
  객체 목록 크기: 20
  각 객체의 AABB 업데이트 중...
    객체 'Object1' 업데이트
    객체 'Object2' 업데이트
    객체 'Object3' 업데이트
    객체 'Object4' 업데이트
    객체 'Object5' 업데이트
    객체 'Object6' 업데이트
    객체 'Object7' 업데이트
    객체 'Object8' 업데이트
    객체 'Object9' 업데이트
    객체 'Object10' 업데이트
    객체 'Object11' 업데이트
    객체 'Object12' 업데이트
    객체 'Object13' 업데이트
    객체 'Object14' 업데이트
    객체 'Object15' 업데이트
    객체 'Object16' 업데이트
    객체 'Object17' 업데이트
    객체 'Object18' 업데이트
    객체 'Object19' 업데이트
    객체 'Object20' 업데이트
  대략적 충돌 감지(Broad Phase) 중...
    잠재적 충돌 쌍: 56개
  정밀 충돌 감지(Narrow Phase) 시작...
    쌍 1: 'Object2' 와 'Object4'
      narrowPhase 실행...
>> checkGJKCollision 시작: Object2 vs Object4
  볼록 껍질 개수: Object2=128, Object4=128
      충돌 감지됨! 충돌 정보 설정 중...
  checkGJKCollision 완료: 충돌 감지
      충돌 결과: 충돌함
      충돌 정보 객체에 추가
    쌍 2: 'Object2' 와 'Object6'
      narrowPhase 실행...
>> checkGJKCollision 시작: Object2 vs Object6
  볼록 껍질 개수: Object2=128, Object6=128
      충돌 감지됨! 충돌 정보 설정 중...
  checkGJKCollision 완료: 충돌 감지
      충돌 결과: 충돌함
      충돌 정보 객체에 추가
    쌍 3: 'Object2' 와 'Object8'
      narrowPhase 실행...
>> checkGJKCollision 시작: Object2 vs Object8
  볼록 껍질 개수: Object2=128, Object8=128
      충돌 감지됨! 충돌 정보 설정 중...
  checkGJKCollision 완료: 충돌 감지
      충돌 결과: 충돌함
      충돌 정보 객체에 추가
    쌍 4: 'Object2' 와 'Object9'
      narrowPhase 실행...
>> checkGJKCollision 시작: Object2 vs Object9
  볼록 껍질 개수: Object2=128, Object9=128
      충돌 감지됨! 충돌 정보 설정 중...
  checkGJKCollision 완료: 충돌 감지
      충돌 결과: 충돌함
      충돌 정보 객체에 추가
    쌍 5: 'Object2' 와 'Object10'
      narrowPhase 실행...
>> checkGJKCollision 시작: Object2 vs Object10
  볼록 껍질 개수: Object2=128, Object10=128
      충돌 감지됨! 충돌 정보 설정 중...
  checkGJKCollision 완료: 충돌 감지
      충돌 결과: 충돌함
      충돌 정보 객체에 추가
    쌍 6: 'Object2' 와 'Object12'
      narrowPhase 실행...
>> checkGJKCollision 시작: Object2 vs Object12
  볼록 껍질 개수: Object2=128, Object12=128
  모든 볼록 껍질 쌍 검사 완료, 충돌 없음
      충돌 결과: 충돌 없음
    쌍 7: 'Object2' 와 'Object14'
      narrowPhase 실행...
>> checkGJKCollision 시작: Object2 vs Object14
  볼록 껍질 개수: Object2=128, Object14=128
      충돌 감지됨! 충돌 정보 설정 중...
  checkGJKCollision 완료: 충돌 감지
      충돌 결과: 충돌함
      충돌 정보 객체에 추가
    쌍 8: 'Object2' 와 'Object15'
      narrowPhase 실행...
>> checkGJKCollision 시작: Object2 vs Object15
  볼록 껍질 개수: Object2=128, Object15=128
      충돌 감지됨! 충돌 정보 설정 중...
  checkGJKCollision 완료: 충돌 감지
      충돌 결과: 충돌함
      충돌 정보 객체에 추가
    쌍 9: 'Object2' 와 'Object17'
      narrowPhase 실행...
>> checkGJKCollision 시작: Object2 vs Object17
  볼록 껍질 개수: Object2=128, Object17=128
      충돌 감지됨! 충돌 정보 설정 중...
  checkGJKCollision 완료: 충돌 감지
      충돌 결과: 충돌함
      충돌 정보 객체에 추가
    쌍 10: 'Object2' 와 'Object20'
      narrowPhase 실행...
>> checkGJKCollision 시작: Object2 vs Object20
  볼록 껍질 개수: Object2=128, Object20=128
      충돌 감지됨! 충돌 정보 설정 중...
  checkGJKCollision 완료: 충돌 감지
      충돌 결과: 충돌함
      충돌 정보 객체에 추가
    쌍 11: 'Object3' 와 'Object11'
      narrowPhase 실행...
>> checkGJKCollision 시작: Object3 vs Object11
  볼록 껍질 개수: Object3=128, Object11=128
  모든 볼록 껍질 쌍 검사 완료, 충돌 없음
      충돌 결과: 충돌 없음
    쌍 12: 'Object4' 와 'Object6'
      narrowPhase 실행...
>> checkGJKCollision 시작: Object4 vs Object6
  볼록 껍질 개수: Object4=128, Object6=128
      충돌 감지됨! 충돌 정보 설정 중...
  checkGJKCollision 완료: 충돌 감지
      충돌 결과: 충돌함
      충돌 정보 객체에 추가
    쌍 13: 'Object4' 와 'Object8'
      narrowPhase 실행...
>> checkGJKCollision 시작: Object4 vs Object8
  볼록 껍질 개수: Object4=128, Object8=128
      충돌 감지됨! 충돌 정보 설정 중...
  checkGJKCollision 완료: 충돌 감지
      충돌 결과: 충돌함
      충돌 정보 객체에 추가
    쌍 14: 'Object4' 와 'Object9'
      narrowPhase 실행...
>> checkGJKCollision 시작: Object4 vs Object9
  볼록 껍질 개수: Object4=128, Object9=128
      충돌 감지됨! 충돌 정보 설정 중...
  checkGJKCollision 완료: 충돌 감지
      충돌 결과: 충돌함
      충돌 정보 객체에 추가
    쌍 15: 'Object4' 와 'Object10'
      narrowPhase 실행...
>> checkGJKCollision 시작: Object4 vs Object10
  볼록 껍질 개수: Object4=128, Object10=128
      충돌 감지됨! 충돌 정보 설정 중...
  checkGJKCollision 완료: 충돌 감지
      충돌 결과: 충돌함
      충돌 정보 객체에 추가
    쌍 16: 'Object4' 와 'Object12'
      narrowPhase 실행...
>> checkGJKCollision 시작: Object4 vs Object12
  볼록 껍질 개수: Object4=128, Object12=128
      충돌 감지됨! 충돌 정보 설정 중...
  checkGJKCollision 완료: 충돌 감지
      충돌 결과: 충돌함
      충돌 정보 객체에 추가
    쌍 17: 'Object4' 와 'Object14'
      narrowPhase 실행...
>> checkGJKCollision 시작: Object4 vs Object14
  볼록 껍질 개수: Object4=128, Object14=128
      충돌 감지됨! 충돌 정보 설정 중...
  checkGJKCollision 완료: 충돌 감지
      충돌 결과: 충돌함
      충돌 정보 객체에 추가
    쌍 18: 'Object4' 와 'Object15'
      narrowPhase 실행...
>> checkGJKCollision 시작: Object4 vs Object15
  볼록 껍질 개수: Object4=128, Object15=128
      충돌 감지됨! 충돌 정보 설정 중...
  checkGJKCollision 완료: 충돌 감지
      충돌 결과: 충돌함
      충돌 정보 객체에 추가
    쌍 19: 'Object4' 와 'Object17'
      narrowPhase 실행...
>> checkGJKCollision 시작: Object4 vs Object17
  볼록 껍질 개수: Object4=128, Object17=128
      충돌 감지됨! 충돌 정보 설정 중...
  checkGJKCollision 완료: 충돌 감지
      충돌 결과: 충돌함
      충돌 정보 객체에 추가
    쌍 20: 'Object4' 와 'Object20'
      narrowPhase 실행...
>> checkGJKCollision 시작: Object4 vs Object20
  볼록 껍질 개수: Object4=128, Object20=128
      충돌 감지됨! 충돌 정보 설정 중...
  checkGJKCollision 완료: 충돌 감지
      충돌 결과: 충돌함
      충돌 정보 객체에 추가
    쌍 21: 'Object6' 와 'Object8'
      narrowPhase 실행...
>> checkGJKCollision 시작: Object6 vs Object8
  볼록 껍질 개수: Object6=128, Object8=128
      충돌 감지됨! 충돌 정보 설정 중...
  checkGJKCollision 완료: 충돌 감지
      충돌 결과: 충돌함
      충돌 정보 객체에 추가
    쌍 22: 'Object6' 와 'Object9'
      narrowPhase 실행...
>> checkGJKCollision 시작: Object6 vs Object9
  볼록 껍질 개수: Object6=128, Object9=128
      충돌 감지됨! 충돌 정보 설정 중...
  checkGJKCollision 완료: 충돌 감지
      충돌 결과: 충돌함
      충돌 정보 객체에 추가
    쌍 23: 'Object6' 와 'Object10'
      narrowPhase 실행...
>> checkGJKCollision 시작: Object6 vs Object10
  볼록 껍질 개수: Object6=128, Object10=128
      충돌 감지됨! 충돌 정보 설정 중...
  checkGJKCollision 완료: 충돌 감지
      충돌 결과: 충돌함
      충돌 정보 객체에 추가
    쌍 24: 'Object6' 와 'Object12'
      narrowPhase 실행...
>> checkGJKCollision 시작: Object6 vs Object12
  볼록 껍질 개수: Object6=128, Object12=128
  모든 볼록 껍질 쌍 검사 완료, 충돌 없음
      충돌 결과: 충돌 없음
    쌍 25: 'Object6' 와 'Object14'
      narrowPhase 실행...
>> checkGJKCollision 시작: Object6 vs Object14
  볼록 껍질 개수: Object6=128, Object14=128
      충돌 감지됨! 충돌 정보 설정 중...
  checkGJKCollision 완료: 충돌 감지
      충돌 결과: 충돌함
      충돌 정보 객체에 추가
    쌍 26: 'Object6' 와 'Object15'
      narrowPhase 실행...
>> checkGJKCollision 시작: Object6 vs Object15
  볼록 껍질 개수: Object6=128, Object15=128
      충돌 감지됨! 충돌 정보 설정 중...
  checkGJKCollision 완료: 충돌 감지
      충돌 결과: 충돌함
      충돌 정보 객체에 추가
    쌍 27: 'Object6' 와 'Object17'
      narrowPhase 실행...
>> checkGJKCollision 시작: Object6 vs Object17
  볼록 껍질 개수: Object6=128, Object17=128
      충돌 감지됨! 충돌 정보 설정 중...
  checkGJKCollision 완료: 충돌 감지
      충돌 결과: 충돌함
      충돌 정보 객체에 추가
    쌍 28: 'Object6' 와 'Object20'
      narrowPhase 실행...
>> checkGJKCollision 시작: Object6 vs Object20
  볼록 껍질 개수: Object6=128, Object20=128
      충돌 감지됨! 충돌 정보 설정 중...
  checkGJKCollision 완료: 충돌 감지
      충돌 결과: 충돌함
      충돌 정보 객체에 추가
    쌍 29: 'Object8' 와 'Object9'
      narrowPhase 실행...
>> checkGJKCollision 시작: Object8 vs Object9
  볼록 껍질 개수: Object8=128, Object9=128
      충돌 감지됨! 충돌 정보 설정 중...
  checkGJKCollision 완료: 충돌 감지
      충돌 결과: 충돌함
      충돌 정보 객체에 추가
    쌍 30: 'Object8' 와 'Object10'
      narrowPhase 실행...
>> checkGJKCollision 시작: Object8 vs Object10
  볼록 껍질 개수: Object8=128, Object10=128
      충돌 감지됨! 충돌 정보 설정 중...
  checkGJKCollision 완료: 충돌 감지
      충돌 결과: 충돌함
      충돌 정보 객체에 추가
    쌍 31: 'Object8' 와 'Object12'
      narrowPhase 실행...
>> checkGJKCollision 시작: Object8 vs Object12
  볼록 껍질 개수: Object8=128, Object12=128
  모든 볼록 껍질 쌍 검사 완료, 충돌 없음
      충돌 결과: 충돌 없음
    쌍 32: 'Object8' 와 'Object14'
      narrowPhase 실행...
>> checkGJKCollision 시작: Object8 vs Object14
  볼록 껍질 개수: Object8=128, Object14=128
      충돌 감지됨! 충돌 정보 설정 중...
  checkGJKCollision 완료: 충돌 감지
      충돌 결과: 충돌함
      충돌 정보 객체에 추가
    쌍 33: 'Object8' 와 'Object15'
      narrowPhase 실행...
>> checkGJKCollision 시작: Object8 vs Object15
  볼록 껍질 개수: Object8=128, Object15=128
      충돌 감지됨! 충돌 정보 설정 중...
  checkGJKCollision 완료: 충돌 감지
      충돌 결과: 충돌함
      충돌 정보 객체에 추가
    쌍 34: 'Object8' 와 'Object17'
      narrowPhase 실행...
>> checkGJKCollision 시작: Object8 vs Object17
  볼록 껍질 개수: Object8=128, Object17=128
      충돌 감지됨! 충돌 정보 설정 중...
  checkGJKCollision 완료: 충돌 감지
      충돌 결과: 충돌함
      충돌 정보 객체에 추가
    쌍 35: 'Object8' 와 'Object20'
      narrowPhase 실행...
>> checkGJKCollision 시작: Object8 vs Object20
  볼록 껍질 개수: Object8=128, Object20=128
      충돌 감지됨! 충돌 정보 설정 중...
  checkGJKCollision 완료: 충돌 감지
      충돌 결과: 충돌함
      충돌 정보 객체에 추가
    쌍 36: 'Object9' 와 'Object10'
      narrowPhase 실행...
>> checkGJKCollision 시작: Object9 vs Object10
  볼록 껍질 개수: Object9=128, Object10=128
      충돌 감지됨! 충돌 정보 설정 중...
  checkGJKCollision 완료: 충돌 감지
      충돌 결과: 충돌함
      충돌 정보 객체에 추가
    쌍 37: 'Object9' 와 'Object12'
      narrowPhase 실행...
>> checkGJKCollision 시작: Object9 vs Object12
  볼록 껍질 개수: Object9=128, Object12=128
  모든 볼록 껍질 쌍 검사 완료, 충돌 없음
      충돌 결과: 충돌 없음
    쌍 38: 'Object9' 와 'Object14'
      narrowPhase 실행...
>> checkGJKCollision 시작: Object9 vs Object14
  볼록 껍질 개수: Object9=128, Object14=128
      충돌 감지됨! 충돌 정보 설정 중...
  checkGJKCollision 완료: 충돌 감지
      충돌 결과: 충돌함
      충돌 정보 객체에 추가
    쌍 39: 'Object9' 와 'Object15'
      narrowPhase 실행...
>> checkGJKCollision 시작: Object9 vs Object15
  볼록 껍질 개수: Object9=128, Object15=128
      충돌 감지됨! 충돌 정보 설정 중...
  checkGJKCollision 완료: 충돌 감지
      충돌 결과: 충돌함
      충돌 정보 객체에 추가
    쌍 40: 'Object9' 와 'Object17'
      narrowPhase 실행...
>> checkGJKCollision 시작: Object9 vs Object17
  볼록 껍질 개수: Object9=128, Object17=128
      충돌 감지됨! 충돌 정보 설정 중...
  checkGJKCollision 완료: 충돌 감지
      충돌 결과: 충돌함
      충돌 정보 객체에 추가
    쌍 41: 'Object9' 와 'Object20'
      narrowPhase 실행...
>> checkGJKCollision 시작: Object9 vs Object20
  볼록 껍질 개수: Object9=128, Object20=128
      충돌 감지됨! 충돌 정보 설정 중...
  checkGJKCollision 완료: 충돌 감지
      충돌 결과: 충돌함
      충돌 정보 객체에 추가
    쌍 42: 'Object10' 와 'Object12'
      narrowPhase 실행...
>> checkGJKCollision 시작: Object10 vs Object12
  볼록 껍질 개수: Object10=128, Object12=128
      충돌 감지됨! 충돌 정보 설정 중...
  checkGJKCollision 완료: 충돌 감지
      충돌 결과: 충돌함
      충돌 정보 객체에 추가
    쌍 43: 'Object10' 와 'Object14'
      narrowPhase 실행...
>> checkGJKCollision 시작: Object10 vs Object14
  볼록 껍질 개수: Object10=128, Object14=128
      충돌 감지됨! 충돌 정보 설정 중...
  checkGJKCollision 완료: 충돌 감지
      충돌 결과: 충돌함
      충돌 정보 객체에 추가
    쌍 44: 'Object10' 와 'Object15'
      narrowPhase 실행...
>> checkGJKCollision 시작: Object10 vs Object15
  볼록 껍질 개수: Object10=128, Object15=128
      충돌 감지됨! 충돌 정보 설정 중...
  checkGJKCollision 완료: 충돌 감지
      충돌 결과: 충돌함
      충돌 정보 객체에 추가
    쌍 45: 'Object10' 와 'Object17'
      narrowPhase 실행...
>> checkGJKCollision 시작: Object10 vs Object17
  볼록 껍질 개수: Object10=128, Object17=128
      충돌 감지됨! 충돌 정보 설정 중...
  checkGJKCollision 완료: 충돌 감지
      충돌 결과: 충돌함
      충돌 정보 객체에 추가
    쌍 46: 'Object10' 와 'Object20'
      narrowPhase 실행...
>> checkGJKCollision 시작: Object10 vs Object20
  볼록 껍질 개수: Object10=128, Object20=128
      충돌 감지됨! 충돌 정보 설정 중...
  checkGJKCollision 완료: 충돌 감지
      충돌 결과: 충돌함
      충돌 정보 객체에 추가
    쌍 47: 'Object12' 와 'Object14'
      narrowPhase 실행...
>> checkGJKCollision 시작: Object12 vs Object14
  볼록 껍질 개수: Object12=128, Object14=128
  모든 볼록 껍질 쌍 검사 완료, 충돌 없음
      충돌 결과: 충돌 없음
    쌍 48: 'Object12' 와 'Object15'
      narrowPhase 실행...
>> checkGJKCollision 시작: Object12 vs Object15
  볼록 껍질 개수: Object12=128, Object15=128
  모든 볼록 껍질 쌍 검사 완료, 충돌 없음
      충돌 결과: 충돌 없음
    쌍 49: 'Object12' 와 'Object17'
      narrowPhase 실행...
>> checkGJKCollision 시작: Object12 vs Object17
  볼록 껍질 개수: Object12=128, Object17=128
  모든 볼록 껍질 쌍 검사 완료, 충돌 없음
      충돌 결과: 충돌 없음
    쌍 50: 'Object12' 와 'Object20'
      narrowPhase 실행...
>> checkGJKCollision 시작: Object12 vs Object20
  볼록 껍질 개수: Object12=128, Object20=128
  모든 볼록 껍질 쌍 검사 완료, 충돌 없음
      충돌 결과: 충돌 없음
    쌍 51: 'Object14' 와 'Object15'
      narrowPhase 실행...
>> checkGJKCollision 시작: Object14 vs Object15
  볼록 껍질 개수: Object14=128, Object15=128
      충돌 감지됨! 충돌 정보 설정 중...
  checkGJKCollision 완료: 충돌 감지
      충돌 결과: 충돌함
      충돌 정보 객체에 추가
    쌍 52: 'Object14' 와 'Object17'
      narrowPhase 실행...
>> checkGJKCollision 시작: Object14 vs Object17
  볼록 껍질 개수: Object14=128, Object17=128
      충돌 감지됨! 충돌 정보 설정 중...
  checkGJKCollision 완료: 충돌 감지
      충돌 결과: 충돌함
      충돌 정보 객체에 추가
    쌍 53: 'Object14' 와 'Object20'
      narrowPhase 실행...
>> checkGJKCollision 시작: Object14 vs Object20
  볼록 껍질 개수: Object14=128, Object20=128
      충돌 감지됨! 충돌 정보 설정 중...
  checkGJKCollision 완료: 충돌 감지
      충돌 결과: 충돌함
      충돌 정보 객체에 추가
    쌍 54: 'Object15' 와 'Object17'
      narrowPhase 실행...
>> checkGJKCollision 시작: Object15 vs Object17
  볼록 껍질 개수: Object15=128, Object17=128
      충돌 감지됨! 충돌 정보 설정 중...
  checkGJKCollision 완료: 충돌 감지
      충돌 결과: 충돌함
      충돌 정보 객체에 추가
    쌍 55: 'Object15' 와 'Object20'
      narrowPhase 실행...
>> checkGJKCollision 시작: Object15 vs Object20
  볼록 껍질 개수: Object15=128, Object20=128
      충돌 감지됨! 충돌 정보 설정 중...
  checkGJKCollision 완료: 충돌 감지
      충돌 결과: 충돌함
      충돌 정보 객체에 추가
    쌍 56: 'Object17' 와 'Object20'
      narrowPhase 실행...
>> checkGJKCollision 시작: Object17 vs Object20
  볼록 껍질 개수: Object17=128, Object20=128
      충돌 감지됨! 충돌 정보 설정 중...
  checkGJKCollision 완료: 충돌 감지
      충돌 결과: 충돌함
      충돌 정보 객체에 추가
  이전 충돌 상태 정리 중...
  충돌 상태 맵 업데이트
CollisionManager::update() - 완료

--- Frame 81 ---
Object0 position: (-6.813128, 7.267314, -9.084139)
Updating objects...
Object1 position: (-0.004688, 0.020316, 0.001563)
Updating objects...
Object2 position: (-1.859678, 1.594007, 0.398502)
Updating objects...
Object3 position: (-0.025858, 0.060335, -0.120669)
Updating objects...
Object4 position: (-0.398502, -1.859678, -1.594007)
Updating objects...
Object5 position: (-0.061493, 0.184480, 0.030747)
Updating objects...
Object6 position: (-2.759401, -1.136224, 0.973908)
Updating objects...
Object7 position: (0.149378, 0.000000, -0.014938)
Updating objects...
Object8 position: (0.000000, -0.119989, 0.031997)
Updating objects...
Object9 position: (0.016530, -0.024795, -0.033060)
Updating objects...
Object10 position: (-0.464874, 1.859497, 0.929749)
Updating objects...
Object11 position: (-0.107171, 0.000000, 0.910952)
Updating objects...
Object12 position: (3.840868, 1.581536, 2.259334)
Updating objects...
Object13 position: (-0.010051, -0.150761, -0.040203)
Updating objects...
Object14 position: (0.089854, 0.025673, 0.051345)
Updating objects...
Object15 position: (7.962696, -6.193210, 7.962696)
Updating objects...
Object16 position: (-0.028946, -0.159202, -0.101310)
Updating objects...
Object17 position: (-4.187239, 0.492617, 3.202002)
Updating objects...
Object18 position: (2.110823, -8.021120, 8.443293)
Updating objects...
Object19 position: (-0.000005, -0.000002, 0.000005)
Updating objects...
Running collision detection...
CollisionManager::update() - 시작 (프레임 81)
  객체 목록 크기: 20
  각 객체의 AABB 업데이트 중...
    객체 'Object1' 업데이트
    객체 'Object2' 업데이트
    객체 'Object3' 업데이트
    객체 'Object4' 업데이트
    객체 'Object5' 업데이트
    객체 'Object6' 업데이트
    객체 'Object7' 업데이트
    객체 'Object8' 업데이트
    객체 'Object9' 업데이트
    객체 'Object10' 업데이트
    객체 'Object11' 업데이트
    객체 'Object12' 업데이트
    객체 'Object13' 업데이트
    객체 'Object14' 업데이트
    객체 'Object15' 업데이트
    객체 'Object16' 업데이트
    객체 'Object17' 업데이트
    객체 'Object18' 업데이트
    객체 'Object19' 업데이트
    객체 'Object20' 업데이트
  대략적 충돌 감지(Broad Phase) 중...
    잠재적 충돌 쌍: 57개
  정밀 충돌 감지(Narrow Phase) 시작...
    쌍 1: 'Object2' 와 'Object4'
      narrowPhase 실행...
>> checkGJKCollision 시작: Object2 vs Object4
  볼록 껍질 개수: Object2=128, Object4=128
      충돌 감지됨! 충돌 정보 설정 중...
  checkGJKCollision 완료: 충돌 감지
      충돌 결과: 충돌함
      충돌 정보 객체에 추가
    쌍 2: 'Object2' 와 'Object6'
      narrowPhase 실행...
>> checkGJKCollision 시작: Object2 vs Object6
  볼록 껍질 개수: Object2=128, Object6=128
      충돌 감지됨! 충돌 정보 설정 중...
  checkGJKCollision 완료: 충돌 감지
      충돌 결과: 충돌함
      충돌 정보 객체에 추가
    쌍 3: 'Object2' 와 'Object8'
      narrowPhase 실행...
>> checkGJKCollision 시작: Object2 vs Object8
  볼록 껍질 개수: Object2=128, Object8=128
      충돌 감지됨! 충돌 정보 설정 중...
  checkGJKCollision 완료: 충돌 감지
      충돌 결과: 충돌함
      충돌 정보 객체에 추가
    쌍 4: 'Object2' 와 'Object9'
      narrowPhase 실행...
>> checkGJKCollision 시작: Object2 vs Object9
  볼록 껍질 개수: Object2=128, Object9=128
      충돌 감지됨! 충돌 정보 설정 중...
  checkGJKCollision 완료: 충돌 감지
      충돌 결과: 충돌함
      충돌 정보 객체에 추가
    쌍 5: 'Object2' 와 'Object10'
      narrowPhase 실행...
>> checkGJKCollision 시작: Object2 vs Object10
  볼록 껍질 개수: Object2=128, Object10=128
      충돌 감지됨! 충돌 정보 설정 중...
  checkGJKCollision 완료: 충돌 감지
      충돌 결과: 충돌함
      충돌 정보 객체에 추가
    쌍 6: 'Object2' 와 'Object12'
      narrowPhase 실행...
>> checkGJKCollision 시작: Object2 vs Object12
  볼록 껍질 개수: Object2=128, Object12=128
      충돌 감지됨! 충돌 정보 설정 중...
  checkGJKCollision 완료: 충돌 감지
      충돌 결과: 충돌함
      충돌 정보 객체에 추가
    쌍 7: 'Object2' 와 'Object14'
      narrowPhase 실행...
>> checkGJKCollision 시작: Object2 vs Object14
  볼록 껍질 개수: Object2=128, Object14=128
      충돌 감지됨! 충돌 정보 설정 중...
  checkGJKCollision 완료: 충돌 감지
      충돌 결과: 충돌함
      충돌 정보 객체에 추가
    쌍 8: 'Object2' 와 'Object15'
      narrowPhase 실행...
>> checkGJKCollision 시작: Object2 vs Object15
  볼록 껍질 개수: Object2=128, Object15=128
      충돌 감지됨! 충돌 정보 설정 중...
  checkGJKCollision 완료: 충돌 감지
      충돌 결과: 충돌함
      충돌 정보 객체에 추가
    쌍 9: 'Object2' 와 'Object17'
      narrowPhase 실행...
>> checkGJKCollision 시작: Object2 vs Object17
  볼록 껍질 개수: Object2=128, Object17=128
      충돌 감지됨! 충돌 정보 설정 중...
  checkGJKCollision 완료: 충돌 감지
      충돌 결과: 충돌함
      충돌 정보 객체에 추가
    쌍 10: 'Object2' 와 'Object20'
      narrowPhase 실행...
>> checkGJKCollision 시작: Object2 vs Object20
  볼록 껍질 개수: Object2=128, Object20=128
      충돌 감지됨! 충돌 정보 설정 중...
  checkGJKCollision 완료: 충돌 감지
      충돌 결과: 충돌함
      충돌 정보 객체에 추가
    쌍 11: 'Object3' 와 'Object11'
      narrowPhase 실행...
>> checkGJKCollision 시작: Object3 vs Object11
  볼록 껍질 개수: Object3=128, Object11=128
  모든 볼록 껍질 쌍 검사 완료, 충돌 없음
      충돌 결과: 충돌 없음
    쌍 12: 'Object4' 와 'Object6'
      narrowPhase 실행...
>> checkGJKCollision 시작: Object4 vs Object6
  볼록 껍질 개수: Object4=128, Object6=128
      충돌 감지됨! 충돌 정보 설정 중...
  checkGJKCollision 완료: 충돌 감지
      충돌 결과: 충돌함
      충돌 정보 객체에 추가
    쌍 13: 'Object4' 와 'Object8'
      narrowPhase 실행...
>> checkGJKCollision 시작: Object4 vs Object8
  볼록 껍질 개수: Object4=128, Object8=128
      충돌 감지됨! 충돌 정보 설정 중...
  checkGJKCollision 완료: 충돌 감지
      충돌 결과: 충돌함
      충돌 정보 객체에 추가
    쌍 14: 'Object4' 와 'Object9'
      narrowPhase 실행...
>> checkGJKCollision 시작: Object4 vs Object9
  볼록 껍질 개수: Object4=128, Object9=128
      충돌 감지됨! 충돌 정보 설정 중...
  checkGJKCollision 완료: 충돌 감지
      충돌 결과: 충돌함
      충돌 정보 객체에 추가
    쌍 15: 'Object4' 와 'Object10'
      narrowPhase 실행...
>> checkGJKCollision 시작: Object4 vs Object10
  볼록 껍질 개수: Object4=128, Object10=128
      충돌 감지됨! 충돌 정보 설정 중...
  checkGJKCollision 완료: 충돌 감지
      충돌 결과: 충돌함
      충돌 정보 객체에 추가
    쌍 16: 'Object4' 와 'Object12'
      narrowPhase 실행...
>> checkGJKCollision 시작: Object4 vs Object12
  볼록 껍질 개수: Object4=128, Object12=128
      충돌 감지됨! 충돌 정보 설정 중...
  checkGJKCollision 완료: 충돌 감지
      충돌 결과: 충돌함
      충돌 정보 객체에 추가
    쌍 17: 'Object4' 와 'Object14'
      narrowPhase 실행...
>> checkGJKCollision 시작: Object4 vs Object14
  볼록 껍질 개수: Object4=128, Object14=128
      충돌 감지됨! 충돌 정보 설정 중...
  checkGJKCollision 완료: 충돌 감지
      충돌 결과: 충돌함
      충돌 정보 객체에 추가
    쌍 18: 'Object4' 와 'Object15'
      narrowPhase 실행...
>> checkGJKCollision 시작: Object4 vs Object15
  볼록 껍질 개수: Object4=128, Object15=128
      충돌 감지됨! 충돌 정보 설정 중...
  checkGJKCollision 완료: 충돌 감지
      충돌 결과: 충돌함
      충돌 정보 객체에 추가
    쌍 19: 'Object4' 와 'Object17'
      narrowPhase 실행...
>> checkGJKCollision 시작: Object4 vs Object17
  볼록 껍질 개수: Object4=128, Object17=128
      충돌 감지됨! 충돌 정보 설정 중...
  checkGJKCollision 완료: 충돌 감지
      충돌 결과: 충돌함
      충돌 정보 객체에 추가
    쌍 20: 'Object4' 와 'Object20'
      narrowPhase 실행...
>> checkGJKCollision 시작: Object4 vs Object20
  볼록 껍질 개수: Object4=128, Object20=128
      충돌 감지됨! 충돌 정보 설정 중...
  checkGJKCollision 완료: 충돌 감지
      충돌 결과: 충돌함
      충돌 정보 객체에 추가
    쌍 21: 'Object6' 와 'Object8'
      narrowPhase 실행...
>> checkGJKCollision 시작: Object6 vs Object8
  볼록 껍질 개수: Object6=128, Object8=128
      충돌 감지됨! 충돌 정보 설정 중...
  checkGJKCollision 완료: 충돌 감지
      충돌 결과: 충돌함
      충돌 정보 객체에 추가
    쌍 22: 'Object6' 와 'Object9'
      narrowPhase 실행...
>> checkGJKCollision 시작: Object6 vs Object9
  볼록 껍질 개수: Object6=128, Object9=128
      충돌 감지됨! 충돌 정보 설정 중...
  checkGJKCollision 완료: 충돌 감지
      충돌 결과: 충돌함
      충돌 정보 객체에 추가
    쌍 23: 'Object6' 와 'Object10'
      narrowPhase 실행...
>> checkGJKCollision 시작: Object6 vs Object10
  볼록 껍질 개수: Object6=128, Object10=128
      충돌 감지됨! 충돌 정보 설정 중...
  checkGJKCollision 완료: 충돌 감지
      충돌 결과: 충돌함
      충돌 정보 객체에 추가
    쌍 24: 'Object6' 와 'Object11'
      narrowPhase 실행...
>> checkGJKCollision 시작: Object6 vs Object11
  볼록 껍질 개수: Object6=128, Object11=128
  모든 볼록 껍질 쌍 검사 완료, 충돌 없음
      충돌 결과: 충돌 없음
    쌍 25: 'Object6' 와 'Object12'
      narrowPhase 실행...
>> checkGJKCollision 시작: Object6 vs Object12
  볼록 껍질 개수: Object6=128, Object12=128
      충돌 감지됨! 충돌 정보 설정 중...
  checkGJKCollision 완료: 충돌 감지
      충돌 결과: 충돌함
      충돌 정보 객체에 추가
    쌍 26: 'Object6' 와 'Object14'
      narrowPhase 실행...
>> checkGJKCollision 시작: Object6 vs Object14
  볼록 껍질 개수: Object6=128, Object14=128
      충돌 감지됨! 충돌 정보 설정 중...
  checkGJKCollision 완료: 충돌 감지
      충돌 결과: 충돌함
      충돌 정보 객체에 추가
    쌍 27: 'Object6' 와 'Object15'
      narrowPhase 실행...
>> checkGJKCollision 시작: Object6 vs Object15
  볼록 껍질 개수: Object6=128, Object15=128
      충돌 감지됨! 충돌 정보 설정 중...
  checkGJKCollision 완료: 충돌 감지
      충돌 결과: 충돌함
      충돌 정보 객체에 추가
    쌍 28: 'Object6' 와 'Object17'
      narrowPhase 실행...
>> checkGJKCollision 시작: Object6 vs Object17
  볼록 껍질 개수: Object6=128, Object17=128
      충돌 감지됨! 충돌 정보 설정 중...
  checkGJKCollision 완료: 충돌 감지
      충돌 결과: 충돌함
      충돌 정보 객체에 추가
    쌍 29: 'Object6' 와 'Object20'
      narrowPhase 실행...
>> checkGJKCollision 시작: Object6 vs Object20
  볼록 껍질 개수: Object6=128, Object20=128
      충돌 감지됨! 충돌 정보 설정 중...
  checkGJKCollision 완료: 충돌 감지
      충돌 결과: 충돌함
      충돌 정보 객체에 추가
    쌍 30: 'Object8' 와 'Object9'
      narrowPhase 실행...
>> checkGJKCollision 시작: Object8 vs Object9
  볼록 껍질 개수: Object8=128, Object9=128
      충돌 감지됨! 충돌 정보 설정 중...
  checkGJKCollision 완료: 충돌 감지
      충돌 결과: 충돌함
      충돌 정보 객체에 추가
    쌍 31: 'Object8' 와 'Object10'
      narrowPhase 실행...
>> checkGJKCollision 시작: Object8 vs Object10
  볼록 껍질 개수: Object8=128, Object10=128
      충돌 감지됨! 충돌 정보 설정 중...
  checkGJKCollision 완료: 충돌 감지
      충돌 결과: 충돌함
      충돌 정보 객체에 추가
    쌍 32: 'Object8' 와 'Object12'
      narrowPhase 실행...
>> checkGJKCollision 시작: Object8 vs Object12
  볼록 껍질 개수: Object8=128, Object12=128
      충돌 감지됨! 충돌 정보 설정 중...
  checkGJKCollision 완료: 충돌 감지
      충돌 결과: 충돌함
      충돌 정보 객체에 추가
    쌍 33: 'Object8' 와 'Object14'
      narrowPhase 실행...
>> checkGJKCollision 시작: Object8 vs Object14
  볼록 껍질 개수: Object8=128, Object14=128
      충돌 감지됨! 충돌 정보 설정 중...
  checkGJKCollision 완료: 충돌 감지
      충돌 결과: 충돌함
      충돌 정보 객체에 추가
    쌍 34: 'Object8' 와 'Object15'
      narrowPhase 실행...
>> checkGJKCollision 시작: Object8 vs Object15
  볼록 껍질 개수: Object8=128, Object15=128
      충돌 감지됨! 충돌 정보 설정 중...
  checkGJKCollision 완료: 충돌 감지
      충돌 결과: 충돌함
      충돌 정보 객체에 추가
    쌍 35: 'Object8' 와 'Object17'
      narrowPhase 실행...
>> checkGJKCollision 시작: Object8 vs Object17
  볼록 껍질 개수: Object8=128, Object17=128
      충돌 감지됨! 충돌 정보 설정 중...
  checkGJKCollision 완료: 충돌 감지
      충돌 결과: 충돌함
      충돌 정보 객체에 추가
    쌍 36: 'Object8' 와 'Object20'
      narrowPhase 실행...
>> checkGJKCollision 시작: Object8 vs Object20
  볼록 껍질 개수: Object8=128, Object20=128
      충돌 감지됨! 충돌 정보 설정 중...
  checkGJKCollision 완료: 충돌 감지
      충돌 결과: 충돌함
      충돌 정보 객체에 추가
    쌍 37: 'Object9' 와 'Object10'
      narrowPhase 실행...
>> checkGJKCollision 시작: Object9 vs Object10
  볼록 껍질 개수: Object9=128, Object10=128
      충돌 감지됨! 충돌 정보 설정 중...
  checkGJKCollision 완료: 충돌 감지
      충돌 결과: 충돌함
      충돌 정보 객체에 추가
    쌍 38: 'Object9' 와 'Object12'
      narrowPhase 실행...
>> checkGJKCollision 시작: Object9 vs Object12
  볼록 껍질 개수: Object9=128, Object12=128
      충돌 감지됨! 충돌 정보 설정 중...
  checkGJKCollision 완료: 충돌 감지
      충돌 결과: 충돌함
      충돌 정보 객체에 추가
    쌍 39: 'Object9' 와 'Object14'
      narrowPhase 실행...
>> checkGJKCollision 시작: Object9 vs Object14
  볼록 껍질 개수: Object9=128, Object14=128
      충돌 감지됨! 충돌 정보 설정 중...
  checkGJKCollision 완료: 충돌 감지
      충돌 결과: 충돌함
      충돌 정보 객체에 추가
    쌍 40: 'Object9' 와 'Object15'
      narrowPhase 실행...
>> checkGJKCollision 시작: Object9 vs Object15
  볼록 껍질 개수: Object9=128, Object15=128
      충돌 감지됨! 충돌 정보 설정 중...
  checkGJKCollision 완료: 충돌 감지
      충돌 결과: 충돌함
      충돌 정보 객체에 추가
    쌍 41: 'Object9' 와 'Object17'
      narrowPhase 실행...
>> checkGJKCollision 시작: Object9 vs Object17
  볼록 껍질 개수: Object9=128, Object17=128
      충돌 감지됨! 충돌 정보 설정 중...
  checkGJKCollision 완료: 충돌 감지
      충돌 결과: 충돌함
      충돌 정보 객체에 추가
    쌍 42: 'Object9' 와 'Object20'
      narrowPhase 실행...
>> checkGJKCollision 시작: Object9 vs Object20
  볼록 껍질 개수: Object9=128, Object20=128
      충돌 감지됨! 충돌 정보 설정 중...
  checkGJKCollision 완료: 충돌 감지
      충돌 결과: 충돌함
      충돌 정보 객체에 추가
    쌍 43: 'Object10' 와 'Object12'
      narrowPhase 실행...
>> checkGJKCollision 시작: Object10 vs Object12
  볼록 껍질 개수: Object10=128, Object12=128
      충돌 감지됨! 충돌 정보 설정 중...
  checkGJKCollision 완료: 충돌 감지
      충돌 결과: 충돌함
      충돌 정보 객체에 추가
    쌍 44: 'Object10' 와 'Object14'
      narrowPhase 실행...
>> checkGJKCollision 시작: Object10 vs Object14
  볼록 껍질 개수: Object10=128, Object14=128
      충돌 감지됨! 충돌 정보 설정 중...
  checkGJKCollision 완료: 충돌 감지
      충돌 결과: 충돌함
      충돌 정보 객체에 추가
    쌍 45: 'Object10' 와 'Object15'
      narrowPhase 실행...
>> checkGJKCollision 시작: Object10 vs Object15
  볼록 껍질 개수: Object10=128, Object15=128
      충돌 감지됨! 충돌 정보 설정 중...
  checkGJKCollision 완료: 충돌 감지
      충돌 결과: 충돌함
      충돌 정보 객체에 추가
    쌍 46: 'Object10' 와 'Object17'
      narrowPhase 실행...
>> checkGJKCollision 시작: Object10 vs Object17
  볼록 껍질 개수: Object10=128, Object17=128
      충돌 감지됨! 충돌 정보 설정 중...
  checkGJKCollision 완료: 충돌 감지
      충돌 결과: 충돌함
      충돌 정보 객체에 추가
    쌍 47: 'Object10' 와 'Object20'
      narrowPhase 실행...
>> checkGJKCollision 시작: Object10 vs Object20
  볼록 껍질 개수: Object10=128, Object20=128
      충돌 감지됨! 충돌 정보 설정 중...
  checkGJKCollision 완료: 충돌 감지
      충돌 결과: 충돌함
      충돌 정보 객체에 추가
    쌍 48: 'Object12' 와 'Object14'
      narrowPhase 실행...
>> checkGJKCollision 시작: Object12 vs Object14
  볼록 껍질 개수: Object12=128, Object14=128
      충돌 감지됨! 충돌 정보 설정 중...
  checkGJKCollision 완료: 충돌 감지
      충돌 결과: 충돌함
      충돌 정보 객체에 추가
    쌍 49: 'Object12' 와 'Object15'
      narrowPhase 실행...
>> checkGJKCollision 시작: Object12 vs Object15
  볼록 껍질 개수: Object12=128, Object15=128
      충돌 감지됨! 충돌 정보 설정 중...
  checkGJKCollision 완료: 충돌 감지
      충돌 결과: 충돌함
      충돌 정보 객체에 추가
    쌍 50: 'Object12' 와 'Object17'
      narrowPhase 실행...
>> checkGJKCollision 시작: Object12 vs Object17
  볼록 껍질 개수: Object12=128, Object17=128
      충돌 감지됨! 충돌 정보 설정 중...
  checkGJKCollision 완료: 충돌 감지
      충돌 결과: 충돌함
      충돌 정보 객체에 추가
    쌍 51: 'Object12' 와 'Object20'
      narrowPhase 실행...
>> checkGJKCollision 시작: Object12 vs Object20
  볼록 껍질 개수: Object12=128, Object20=128
      충돌 감지됨! 충돌 정보 설정 중...
  checkGJKCollision 완료: 충돌 감지
      충돌 결과: 충돌함
      충돌 정보 객체에 추가
    쌍 52: 'Object14' 와 'Object15'
      narrowPhase 실행...
>> checkGJKCollision 시작: Object14 vs Object15
  볼록 껍질 개수: Object14=128, Object15=128
      충돌 감지됨! 충돌 정보 설정 중...
  checkGJKCollision 완료: 충돌 감지
      충돌 결과: 충돌함
      충돌 정보 객체에 추가
    쌍 53: 'Object14' 와 'Object17'
      narrowPhase 실행...
>> checkGJKCollision 시작: Object14 vs Object17
  볼록 껍질 개수: Object14=128, Object17=128
      충돌 감지됨! 충돌 정보 설정 중...
  checkGJKCollision 완료: 충돌 감지
      충돌 결과: 충돌함
      충돌 정보 객체에 추가
    쌍 54: 'Object14' 와 'Object20'
      narrowPhase 실행...
>> checkGJKCollision 시작: Object14 vs Object20
  볼록 껍질 개수: Object14=128, Object20=128
      충돌 감지됨! 충돌 정보 설정 중...
  checkGJKCollision 완료: 충돌 감지
      충돌 결과: 충돌함
      충돌 정보 객체에 추가
    쌍 55: 'Object15' 와 'Object17'
      narrowPhase 실행...
>> checkGJKCollision 시작: Object15 vs Object17
  볼록 껍질 개수: Object15=128, Object17=128
      충돌 감지됨! 충돌 정보 설정 중...
  checkGJKCollision 완료: 충돌 감지
      충돌 결과: 충돌함
      충돌 정보 객체에 추가
    쌍 56: 'Object15' 와 'Object20'
      narrowPhase 실행...
>> checkGJKCollision 시작: Object15 vs Object20
  볼록 껍질 개수: Object15=128, Object20=128
      충돌 감지됨! 충돌 정보 설정 중...
  checkGJKCollision 완료: 충돌 감지
      충돌 결과: 충돌함
      충돌 정보 객체에 추가
    쌍 57: 'Object17' 와 'Object20'
      narrowPhase 실행...
>> checkGJKCollision 시작: Object17 vs Object20
  볼록 껍질 개수: Object17=128, Object20=128
      충돌 감지됨! 충돌 정보 설정 중...
  checkGJKCollision 완료: 충돌 감지
      충돌 결과: 충돌함
      충돌 정보 객체에 추가
  이전 충돌 상태 정리 중...
  충돌 상태 맵 업데이트
CollisionManager::update() - 완료

--- Frame 82 ---
Object0 position: (-6.712056, 7.159504, -8.949375)
Updating objects...
Object1 position: (0.040158, -0.174017, -0.013386)
Updating objects...
Object2 position: (-1.709797, 1.465538, 0.366384)
Updating objects...
Object3 position: (0.011790, -0.027509, 0.055019)
Updating objects...
Object4 position: (-0.366384, -1.709797, -1.465538)
Updating objects...
Object5 position: (0.000976, -0.002929, -0.000488)
Updating objects...
Object6 position: (-2.583591, -1.063832, 0.911857)
Updating objects...
Object7 position: (-0.049630, 0.000000, 0.004963)
Updating objects...
Object8 position: (0.000000, 0.073258, -0.019535)
Updating objects...
Object9 position: (-0.057748, 0.086622, 0.115496)
Updating objects...
Object10 position: (-0.421231, 1.684923, 0.842461)
Updating objects...
Object11 position: (-0.083803, 0.000000, 0.712322)
Updating objects...
Object12 position: (3.678410, 1.514641, 2.163771)
Updating objects...
Object13 position: (0.002806, 0.042086, 0.011223)
Updating objects...
Object14 position: (-0.078686, -0.022482, -0.044963)
Updating objects...
Object15 position: (7.838778, -6.096829, 7.838778)
Updating objects...
Object16 position: (0.001378, 0.007580, 0.004824)
Updating objects...
Object17 position: (-4.029057, 0.474007, 3.081039)
Updating objects...
Object18 position: (2.075154, -7.885579, 8.300617)
Updating objects...
Object19 position: (0.133328, 0.066664, -0.133328)
Updating objects...
Running collision detection...
CollisionManager::update() - 시작 (프레임 82)
  객체 목록 크기: 20
  각 객체의 AABB 업데이트 중...
    객체 'Object1' 업데이트
    객체 'Object2' 업데이트
    객체 'Object3' 업데이트
    객체 'Object4' 업데이트
    객체 'Object5' 업데이트
    객체 'Object6' 업데이트
    객체 'Object7' 업데이트
    객체 'Object8' 업데이트
    객체 'Object9' 업데이트
    객체 'Object10' 업데이트
    객체 'Object11' 업데이트
    객체 'Object12' 업데이트
    객체 'Object13' 업데이트
    객체 'Object14' 업데이트
    객체 'Object15' 업데이트
    객체 'Object16' 업데이트
    객체 'Object17' 업데이트
    객체 'Object18' 업데이트
    객체 'Object19' 업데이트
    객체 'Object20' 업데이트
  대략적 충돌 감지(Broad Phase) 중...
    잠재적 충돌 쌍: 68개
  정밀 충돌 감지(Narrow Phase) 시작...
    쌍 1: 'Object2' 와 'Object4'
      narrowPhase 실행...
>> checkGJKCollision 시작: Object2 vs Object4
  볼록 껍질 개수: Object2=128, Object4=128
      충돌 감지됨! 충돌 정보 설정 중...
  checkGJKCollision 완료: 충돌 감지
      충돌 결과: 충돌함
      충돌 정보 객체에 추가
    쌍 2: 'Object2' 와 'Object6'
      narrowPhase 실행...
>> checkGJKCollision 시작: Object2 vs Object6
  볼록 껍질 개수: Object2=128, Object6=128
      충돌 감지됨! 충돌 정보 설정 중...
  checkGJKCollision 완료: 충돌 감지
      충돌 결과: 충돌함
      충돌 정보 객체에 추가
    쌍 3: 'Object2' 와 'Object8'
      narrowPhase 실행...
>> checkGJKCollision 시작: Object2 vs Object8
  볼록 껍질 개수: Object2=128, Object8=128
      충돌 감지됨! 충돌 정보 설정 중...
  checkGJKCollision 완료: 충돌 감지
      충돌 결과: 충돌함
      충돌 정보 객체에 추가
    쌍 4: 'Object2' 와 'Object9'
      narrowPhase 실행...
>> checkGJKCollision 시작: Object2 vs Object9
  볼록 껍질 개수: Object2=128, Object9=128
      충돌 감지됨! 충돌 정보 설정 중...
  checkGJKCollision 완료: 충돌 감지
      충돌 결과: 충돌함
      충돌 정보 객체에 추가
    쌍 5: 'Object2' 와 'Object10'
      narrowPhase 실행...
>> checkGJKCollision 시작: Object2 vs Object10
  볼록 껍질 개수: Object2=128, Object10=128
      충돌 감지됨! 충돌 정보 설정 중...
  checkGJKCollision 완료: 충돌 감지
      충돌 결과: 충돌함
      충돌 정보 객체에 추가
    쌍 6: 'Object2' 와 'Object12'
      narrowPhase 실행...
>> checkGJKCollision 시작: Object2 vs Object12
  볼록 껍질 개수: Object2=128, Object12=128
      충돌 감지됨! 충돌 정보 설정 중...
  checkGJKCollision 완료: 충돌 감지
      충돌 결과: 충돌함
      충돌 정보 객체에 추가
    쌍 7: 'Object2' 와 'Object14'
      narrowPhase 실행...
>> checkGJKCollision 시작: Object2 vs Object14
  볼록 껍질 개수: Object2=128, Object14=128
      충돌 감지됨! 충돌 정보 설정 중...
  checkGJKCollision 완료: 충돌 감지
      충돌 결과: 충돌함
      충돌 정보 객체에 추가
    쌍 8: 'Object2' 와 'Object15'
      narrowPhase 실행...
>> checkGJKCollision 시작: Object2 vs Object15
  볼록 껍질 개수: Object2=128, Object15=128
      충돌 감지됨! 충돌 정보 설정 중...
  checkGJKCollision 완료: 충돌 감지
      충돌 결과: 충돌함
      충돌 정보 객체에 추가
    쌍 9: 'Object2' 와 'Object17'
      narrowPhase 실행...
>> checkGJKCollision 시작: Object2 vs Object17
  볼록 껍질 개수: Object2=128, Object17=128
      충돌 감지됨! 충돌 정보 설정 중...
  checkGJKCollision 완료: 충돌 감지
      충돌 결과: 충돌함
      충돌 정보 객체에 추가
    쌍 10: 'Object2' 와 'Object20'
      narrowPhase 실행...
>> checkGJKCollision 시작: Object2 vs Object20
  볼록 껍질 개수: Object2=128, Object20=128
      충돌 감지됨! 충돌 정보 설정 중...
  checkGJKCollision 완료: 충돌 감지
      충돌 결과: 충돌함
      충돌 정보 객체에 추가
    쌍 11: 'Object3' 와 'Object8'
      narrowPhase 실행...
>> checkGJKCollision 시작: Object3 vs Object8
  볼록 껍질 개수: Object3=128, Object8=128
  모든 볼록 껍질 쌍 검사 완료, 충돌 없음
      충돌 결과: 충돌 없음
    쌍 12: 'Object3' 와 'Object10'
      narrowPhase 실행...
>> checkGJKCollision 시작: Object3 vs Object10
  볼록 껍질 개수: Object3=128, Object10=128
  모든 볼록 껍질 쌍 검사 완료, 충돌 없음
      충돌 결과: 충돌 없음
    쌍 13: 'Object3' 와 'Object11'
      narrowPhase 실행...
>> checkGJKCollision 시작: Object3 vs Object11
  볼록 껍질 개수: Object3=128, Object11=128
  모든 볼록 껍질 쌍 검사 완료, 충돌 없음
      충돌 결과: 충돌 없음
    쌍 14: 'Object3' 와 'Object12'
      narrowPhase 실행...
>> checkGJKCollision 시작: Object3 vs Object12
  볼록 껍질 개수: Object3=128, Object12=128
  모든 볼록 껍질 쌍 검사 완료, 충돌 없음
      충돌 결과: 충돌 없음
    쌍 15: 'Object3' 와 'Object15'
      narrowPhase 실행...
>> checkGJKCollision 시작: Object3 vs Object15
  볼록 껍질 개수: Object3=128, Object15=128
  모든 볼록 껍질 쌍 검사 완료, 충돌 없음
      충돌 결과: 충돌 없음
    쌍 16: 'Object4' 와 'Object6'
      narrowPhase 실행...
>> checkGJKCollision 시작: Object4 vs Object6
  볼록 껍질 개수: Object4=128, Object6=128
      충돌 감지됨! 충돌 정보 설정 중...
  checkGJKCollision 완료: 충돌 감지
      충돌 결과: 충돌함
      충돌 정보 객체에 추가
    쌍 17: 'Object4' 와 'Object8'
      narrowPhase 실행...
>> checkGJKCollision 시작: Object4 vs Object8
  볼록 껍질 개수: Object4=128, Object8=128
      충돌 감지됨! 충돌 정보 설정 중...
  checkGJKCollision 완료: 충돌 감지
      충돌 결과: 충돌함
      충돌 정보 객체에 추가
    쌍 18: 'Object4' 와 'Object9'
      narrowPhase 실행...
>> checkGJKCollision 시작: Object4 vs Object9
  볼록 껍질 개수: Object4=128, Object9=128
      충돌 감지됨! 충돌 정보 설정 중...
  checkGJKCollision 완료: 충돌 감지
      충돌 결과: 충돌함
      충돌 정보 객체에 추가
    쌍 19: 'Object4' 와 'Object10'
      narrowPhase 실행...
>> checkGJKCollision 시작: Object4 vs Object10
  볼록 껍질 개수: Object4=128, Object10=128
      충돌 감지됨! 충돌 정보 설정 중...
  checkGJKCollision 완료: 충돌 감지
      충돌 결과: 충돌함
      충돌 정보 객체에 추가
    쌍 20: 'Object4' 와 'Object12'
      narrowPhase 실행...
>> checkGJKCollision 시작: Object4 vs Object12
  볼록 껍질 개수: Object4=128, Object12=128
      충돌 감지됨! 충돌 정보 설정 중...
  checkGJKCollision 완료: 충돌 감지
      충돌 결과: 충돌함
      충돌 정보 객체에 추가
    쌍 21: 'Object4' 와 'Object14'
      narrowPhase 실행...
>> checkGJKCollision 시작: Object4 vs Object14
  볼록 껍질 개수: Object4=128, Object14=128
      충돌 감지됨! 충돌 정보 설정 중...
  checkGJKCollision 완료: 충돌 감지
      충돌 결과: 충돌함
      충돌 정보 객체에 추가
    쌍 22: 'Object4' 와 'Object15'
      narrowPhase 실행...
>> checkGJKCollision 시작: Object4 vs Object15
  볼록 껍질 개수: Object4=128, Object15=128
      충돌 감지됨! 충돌 정보 설정 중...
  checkGJKCollision 완료: 충돌 감지
      충돌 결과: 충돌함
      충돌 정보 객체에 추가
    쌍 23: 'Object4' 와 'Object17'
      narrowPhase 실행...
>> checkGJKCollision 시작: Object4 vs Object17
  볼록 껍질 개수: Object4=128, Object17=128
      충돌 감지됨! 충돌 정보 설정 중...
  checkGJKCollision 완료: 충돌 감지
      충돌 결과: 충돌함
      충돌 정보 객체에 추가
    쌍 24: 'Object4' 와 'Object20'
      narrowPhase 실행...
>> checkGJKCollision 시작: Object4 vs Object20
  볼록 껍질 개수: Object4=128, Object20=128
      충돌 감지됨! 충돌 정보 설정 중...
  checkGJKCollision 완료: 충돌 감지
      충돌 결과: 충돌함
      충돌 정보 객체에 추가
    쌍 25: 'Object6' 와 'Object8'
      narrowPhase 실행...
>> checkGJKCollision 시작: Object6 vs Object8
  볼록 껍질 개수: Object6=128, Object8=128
      충돌 감지됨! 충돌 정보 설정 중...
  checkGJKCollision 완료: 충돌 감지
      충돌 결과: 충돌함
      충돌 정보 객체에 추가
    쌍 26: 'Object6' 와 'Object9'
      narrowPhase 실행...
>> checkGJKCollision 시작: Object6 vs Object9
  볼록 껍질 개수: Object6=128, Object9=128
      충돌 감지됨! 충돌 정보 설정 중...
  checkGJKCollision 완료: 충돌 감지
      충돌 결과: 충돌함
      충돌 정보 객체에 추가
    쌍 27: 'Object6' 와 'Object10'
      narrowPhase 실행...
>> checkGJKCollision 시작: Object6 vs Object10
  볼록 껍질 개수: Object6=128, Object10=128
      충돌 감지됨! 충돌 정보 설정 중...
  checkGJKCollision 완료: 충돌 감지
      충돌 결과: 충돌함
      충돌 정보 객체에 추가
    쌍 28: 'Object6' 와 'Object11'
      narrowPhase 실행...
>> checkGJKCollision 시작: Object6 vs Object11
  볼록 껍질 개수: Object6=128, Object11=128
  모든 볼록 껍질 쌍 검사 완료, 충돌 없음
      충돌 결과: 충돌 없음
    쌍 29: 'Object6' 와 'Object12'
      narrowPhase 실행...
>> checkGJKCollision 시작: Object6 vs Object12
  볼록 껍질 개수: Object6=128, Object12=128
      충돌 감지됨! 충돌 정보 설정 중...
  checkGJKCollision 완료: 충돌 감지
      충돌 결과: 충돌함
      충돌 정보 객체에 추가
    쌍 30: 'Object6' 와 'Object14'
      narrowPhase 실행...
>> checkGJKCollision 시작: Object6 vs Object14
  볼록 껍질 개수: Object6=128, Object14=128
      충돌 감지됨! 충돌 정보 설정 중...
  checkGJKCollision 완료: 충돌 감지
      충돌 결과: 충돌함
      충돌 정보 객체에 추가
    쌍 31: 'Object6' 와 'Object15'
      narrowPhase 실행...
>> checkGJKCollision 시작: Object6 vs Object15
  볼록 껍질 개수: Object6=128, Object15=128
      충돌 감지됨! 충돌 정보 설정 중...
  checkGJKCollision 완료: 충돌 감지
      충돌 결과: 충돌함
      충돌 정보 객체에 추가
    쌍 32: 'Object6' 와 'Object17'
      narrowPhase 실행...
>> checkGJKCollision 시작: Object6 vs Object17
  볼록 껍질 개수: Object6=128, Object17=128
      충돌 감지됨! 충돌 정보 설정 중...
  checkGJKCollision 완료: 충돌 감지
      충돌 결과: 충돌함
      충돌 정보 객체에 추가
    쌍 33: 'Object6' 와 'Object20'
      narrowPhase 실행...
>> checkGJKCollision 시작: Object6 vs Object20
  볼록 껍질 개수: Object6=128, Object20=128
      충돌 감지됨! 충돌 정보 설정 중...
  checkGJKCollision 완료: 충돌 감지
      충돌 결과: 충돌함
      충돌 정보 객체에 추가
    쌍 34: 'Object8' 와 'Object9'
      narrowPhase 실행...
>> checkGJKCollision 시작: Object8 vs Object9
  볼록 껍질 개수: Object8=128, Object9=128
      충돌 감지됨! 충돌 정보 설정 중...
  checkGJKCollision 완료: 충돌 감지
      충돌 결과: 충돌함
      충돌 정보 객체에 추가
    쌍 35: 'Object8' 와 'Object10'
      narrowPhase 실행...
>> checkGJKCollision 시작: Object8 vs Object10
  볼록 껍질 개수: Object8=128, Object10=128
      충돌 감지됨! 충돌 정보 설정 중...
  checkGJKCollision 완료: 충돌 감지
      충돌 결과: 충돌함
      충돌 정보 객체에 추가
    쌍 36: 'Object8' 와 'Object11'
      narrowPhase 실행...
>> checkGJKCollision 시작: Object8 vs Object11
  볼록 껍질 개수: Object8=128, Object11=128
  모든 볼록 껍질 쌍 검사 완료, 충돌 없음
      충돌 결과: 충돌 없음
    쌍 37: 'Object8' 와 'Object12'
      narrowPhase 실행...
>> checkGJKCollision 시작: Object8 vs Object12
  볼록 껍질 개수: Object8=128, Object12=128
      충돌 감지됨! 충돌 정보 설정 중...
  checkGJKCollision 완료: 충돌 감지
      충돌 결과: 충돌함
      충돌 정보 객체에 추가
    쌍 38: 'Object8' 와 'Object14'
      narrowPhase 실행...
>> checkGJKCollision 시작: Object8 vs Object14
  볼록 껍질 개수: Object8=128, Object14=128
      충돌 감지됨! 충돌 정보 설정 중...
  checkGJKCollision 완료: 충돌 감지
      충돌 결과: 충돌함
      충돌 정보 객체에 추가
    쌍 39: 'Object8' 와 'Object15'
      narrowPhase 실행...
>> checkGJKCollision 시작: Object8 vs Object15
  볼록 껍질 개수: Object8=128, Object15=128
      충돌 감지됨! 충돌 정보 설정 중...
  checkGJKCollision 완료: 충돌 감지
      충돌 결과: 충돌함
      충돌 정보 객체에 추가
    쌍 40: 'Object8' 와 'Object17'
      narrowPhase 실행...
>> checkGJKCollision 시작: Object8 vs Object17
  볼록 껍질 개수: Object8=128, Object17=128
      충돌 감지됨! 충돌 정보 설정 중...
  checkGJKCollision 완료: 충돌 감지
      충돌 결과: 충돌함
      충돌 정보 객체에 추가
    쌍 41: 'Object8' 와 'Object20'
      narrowPhase 실행...
>> checkGJKCollision 시작: Object8 vs Object20
  볼록 껍질 개수: Object8=128, Object20=128
      충돌 감지됨! 충돌 정보 설정 중...
  checkGJKCollision 완료: 충돌 감지
      충돌 결과: 충돌함
      충돌 정보 객체에 추가
    쌍 42: 'Object9' 와 'Object10'
      narrowPhase 실행...
>> checkGJKCollision 시작: Object9 vs Object10
  볼록 껍질 개수: Object9=128, Object10=128
      충돌 감지됨! 충돌 정보 설정 중...
  checkGJKCollision 완료: 충돌 감지
      충돌 결과: 충돌함
      충돌 정보 객체에 추가
    쌍 43: 'Object9' 와 'Object11'
      narrowPhase 실행...
>> checkGJKCollision 시작: Object9 vs Object11
  볼록 껍질 개수: Object9=128, Object11=128
  모든 볼록 껍질 쌍 검사 완료, 충돌 없음
      충돌 결과: 충돌 없음
    쌍 44: 'Object9' 와 'Object12'
      narrowPhase 실행...
>> checkGJKCollision 시작: Object9 vs Object12
  볼록 껍질 개수: Object9=128, Object12=128
      충돌 감지됨! 충돌 정보 설정 중...
  checkGJKCollision 완료: 충돌 감지
      충돌 결과: 충돌함
      충돌 정보 객체에 추가
    쌍 45: 'Object9' 와 'Object14'
      narrowPhase 실행...
>> checkGJKCollision 시작: Object9 vs Object14
  볼록 껍질 개수: Object9=128, Object14=128
      충돌 감지됨! 충돌 정보 설정 중...
  checkGJKCollision 완료: 충돌 감지
      충돌 결과: 충돌함
      충돌 정보 객체에 추가
    쌍 46: 'Object9' 와 'Object15'
      narrowPhase 실행...
>> checkGJKCollision 시작: Object9 vs Object15
  볼록 껍질 개수: Object9=128, Object15=128
      충돌 감지됨! 충돌 정보 설정 중...
  checkGJKCollision 완료: 충돌 감지
      충돌 결과: 충돌함
      충돌 정보 객체에 추가
    쌍 47: 'Object9' 와 'Object17'
      narrowPhase 실행...
>> checkGJKCollision 시작: Object9 vs Object17
  볼록 껍질 개수: Object9=128, Object17=128
      충돌 감지됨! 충돌 정보 설정 중...
  checkGJKCollision 완료: 충돌 감지
      충돌 결과: 충돌함
      충돌 정보 객체에 추가
    쌍 48: 'Object9' 와 'Object20'
      narrowPhase 실행...
>> checkGJKCollision 시작: Object9 vs Object20
  볼록 껍질 개수: Object9=128, Object20=128
      충돌 감지됨! 충돌 정보 설정 중...
  checkGJKCollision 완료: 충돌 감지
      충돌 결과: 충돌함
      충돌 정보 객체에 추가
    쌍 49: 'Object10' 와 'Object11'
      narrowPhase 실행...
>> checkGJKCollision 시작: Object10 vs Object11
  볼록 껍질 개수: Object10=128, Object11=128
  모든 볼록 껍질 쌍 검사 완료, 충돌 없음
      충돌 결과: 충돌 없음
    쌍 50: 'Object10' 와 'Object12'
      narrowPhase 실행...
>> checkGJKCollision 시작: Object10 vs Object12
  볼록 껍질 개수: Object10=128, Object12=128
      충돌 감지됨! 충돌 정보 설정 중...
  checkGJKCollision 완료: 충돌 감지
      충돌 결과: 충돌함
      충돌 정보 객체에 추가
    쌍 51: 'Object10' 와 'Object14'
      narrowPhase 실행...
>> checkGJKCollision 시작: Object10 vs Object14
  볼록 껍질 개수: Object10=128, Object14=128
      충돌 감지됨! 충돌 정보 설정 중...
  checkGJKCollision 완료: 충돌 감지
      충돌 결과: 충돌함
      충돌 정보 객체에 추가
    쌍 52: 'Object10' 와 'Object15'
      narrowPhase 실행...
>> checkGJKCollision 시작: Object10 vs Object15
  볼록 껍질 개수: Object10=128, Object15=128
      충돌 감지됨! 충돌 정보 설정 중...
  checkGJKCollision 완료: 충돌 감지
      충돌 결과: 충돌함
      충돌 정보 객체에 추가
    쌍 53: 'Object10' 와 'Object17'
      narrowPhase 실행...
>> checkGJKCollision 시작: Object10 vs Object17
  볼록 껍질 개수: Object10=128, Object17=128
      충돌 감지됨! 충돌 정보 설정 중...
  checkGJKCollision 완료: 충돌 감지
      충돌 결과: 충돌함
      충돌 정보 객체에 추가
    쌍 54: 'Object10' 와 'Object20'
      narrowPhase 실행...
>> checkGJKCollision 시작: Object10 vs Object20
  볼록 껍질 개수: Object10=128, Object20=128
      충돌 감지됨! 충돌 정보 설정 중...
  checkGJKCollision 완료: 충돌 감지
      충돌 결과: 충돌함
      충돌 정보 객체에 추가
    쌍 55: 'Object11' 와 'Object12'
      narrowPhase 실행...
>> checkGJKCollision 시작: Object11 vs Object12
  볼록 껍질 개수: Object11=128, Object12=128
  모든 볼록 껍질 쌍 검사 완료, 충돌 없음
      충돌 결과: 충돌 없음
    쌍 56: 'Object11' 와 'Object14'
      narrowPhase 실행...
>> checkGJKCollision 시작: Object11 vs Object14
  볼록 껍질 개수: Object11=128, Object14=128
  모든 볼록 껍질 쌍 검사 완료, 충돌 없음
      충돌 결과: 충돌 없음
    쌍 57: 'Object11' 와 'Object17'
      narrowPhase 실행...
>> checkGJKCollision 시작: Object11 vs Object17
  볼록 껍질 개수: Object11=128, Object17=128
  모든 볼록 껍질 쌍 검사 완료, 충돌 없음
      충돌 결과: 충돌 없음
    쌍 58: 'Object11' 와 'Object20'
      narrowPhase 실행...
>> checkGJKCollision 시작: Object11 vs Object20
  볼록 껍질 개수: Object11=128, Object20=128
  모든 볼록 껍질 쌍 검사 완료, 충돌 없음
      충돌 결과: 충돌 없음
    쌍 59: 'Object12' 와 'Object14'
      narrowPhase 실행...
>> checkGJKCollision 시작: Object12 vs Object14
  볼록 껍질 개수: Object12=128, Object14=128
      충돌 감지됨! 충돌 정보 설정 중...
  checkGJKCollision 완료: 충돌 감지
      충돌 결과: 충돌함
      충돌 정보 객체에 추가
    쌍 60: 'Object12' 와 'Object15'
      narrowPhase 실행...
>> checkGJKCollision 시작: Object12 vs Object15
  볼록 껍질 개수: Object12=128, Object15=128
      충돌 감지됨! 충돌 정보 설정 중...
  checkGJKCollision 완료: 충돌 감지
      충돌 결과: 충돌함
      충돌 정보 객체에 추가
    쌍 61: 'Object12' 와 'Object17'
      narrowPhase 실행...
>> checkGJKCollision 시작: Object12 vs Object17
  볼록 껍질 개수: Object12=128, Object17=128
      충돌 감지됨! 충돌 정보 설정 중...
  checkGJKCollision 완료: 충돌 감지
      충돌 결과: 충돌함
      충돌 정보 객체에 추가
    쌍 62: 'Object12' 와 'Object20'
      narrowPhase 실행...
>> checkGJKCollision 시작: Object12 vs Object20
  볼록 껍질 개수: Object12=128, Object20=128
      충돌 감지됨! 충돌 정보 설정 중...
  checkGJKCollision 완료: 충돌 감지
      충돌 결과: 충돌함
      충돌 정보 객체에 추가
    쌍 63: 'Object14' 와 'Object15'
      narrowPhase 실행...
>> checkGJKCollision 시작: Object14 vs Object15
  볼록 껍질 개수: Object14=128, Object15=128
      충돌 감지됨! 충돌 정보 설정 중...
  checkGJKCollision 완료: 충돌 감지
      충돌 결과: 충돌함
      충돌 정보 객체에 추가
    쌍 64: 'Object14' 와 'Object17'
      narrowPhase 실행...
>> checkGJKCollision 시작: Object14 vs Object17
  볼록 껍질 개수: Object14=128, Object17=128
      충돌 감지됨! 충돌 정보 설정 중...
  checkGJKCollision 완료: 충돌 감지
      충돌 결과: 충돌함
      충돌 정보 객체에 추가
    쌍 65: 'Object14' 와 'Object20'
      narrowPhase 실행...
>> checkGJKCollision 시작: Object14 vs Object20
  볼록 껍질 개수: Object14=128, Object20=128
      충돌 감지됨! 충돌 정보 설정 중...
  checkGJKCollision 완료: 충돌 감지
      충돌 결과: 충돌함
      충돌 정보 객체에 추가
    쌍 66: 'Object15' 와 'Object17'
      narrowPhase 실행...
>> checkGJKCollision 시작: Object15 vs Object17
  볼록 껍질 개수: Object15=128, Object17=128
      충돌 감지됨! 충돌 정보 설정 중...
  checkGJKCollision 완료: 충돌 감지
      충돌 결과: 충돌함
      충돌 정보 객체에 추가
    쌍 67: 'Object15' 와 'Object20'
      narrowPhase 실행...
>> checkGJKCollision 시작: Object15 vs Object20
  볼록 껍질 개수: Object15=128, Object20=128
      충돌 감지됨! 충돌 정보 설정 중...
  checkGJKCollision 완료: 충돌 감지
      충돌 결과: 충돌함
      충돌 정보 객체에 추가
    쌍 68: 'Object17' 와 'Object20'
      narrowPhase 실행...
>> checkGJKCollision 시작: Object17 vs Object20
  볼록 껍질 개수: Object17=128, Object20=128
      충돌 감지됨! 충돌 정보 설정 중...
  checkGJKCollision 완료: 충돌 감지
      충돌 결과: 충돌함
      충돌 정보 객체에 추가
  이전 충돌 상태 정리 중...
  충돌 상태 맵 업데이트
CollisionManager::update() - 완료

--- Frame 83 ---
Object0 position: (-6.610983, 7.051693, -8.814611)
Updating objects...
Object1 position: (-0.004688, 0.020316, 0.001563)
Updating objects...
Object2 position: (-1.559916, 1.337069, 0.334267)
Updating objects...
Object3 position: (-0.025858, 0.060335, -0.120669)
Updating objects...
Object4 position: (-0.334267, -1.559916, -1.337069)
Updating objects...
Object5 position: (-0.061493, 0.184480, 0.030747)
Updating objects...
Object6 position: (-2.407782, -0.991439, 0.849807)
Updating objects...
Object7 position: (0.149378, 0.000000, -0.014938)
Updating objects...
Object8 position: (0.000000, -0.119989, 0.031997)
Updating objects...
Object9 position: (0.016530, -0.024795, -0.033060)
Updating objects...
Object10 position: (-0.377587, 1.510348, 0.755174)
Updating objects...
Object11 position: (-0.060434, 0.000000, 0.513691)
Updating objects...
Object12 position: (3.515952, 1.447747, 2.068207)
Updating objects...
Object13 position: (-0.010051, -0.150761, -0.040203)
Updating objects...
Object14 position: (0.089854, 0.025673, 0.051345)
Updating objects...
Object15 position: (7.714861, -6.000449, 7.714861)
Updating objects...
Object16 position: (-0.028946, -0.159202, -0.101310)
Updating objects...
Object17 position: (-3.870874, 0.455397, 2.960077)
Updating objects...
Object18 position: (2.039485, -7.750037, 8.157942)
Updating objects...
Object19 position: (-0.000005, -0.000002, 0.000005)
Updating objects...
Running collision detection...
CollisionManager::update() - 시작 (프레임 83)
  객체 목록 크기: 20
  각 객체의 AABB 업데이트 중...
    객체 'Object1' 업데이트
    객체 'Object2' 업데이트
    객체 'Object3' 업데이트
    객체 'Object4' 업데이트
    객체 'Object5' 업데이트
    객체 'Object6' 업데이트
    객체 'Object7' 업데이트
    객체 'Object8' 업데이트
    객체 'Object9' 업데이트
    객체 'Object10' 업데이트
    객체 'Object11' 업데이트
    객체 'Object12' 업데이트
    객체 'Object13' 업데이트
    객체 'Object14' 업데이트
    객체 'Object15' 업데이트
    객체 'Object16' 업데이트
    객체 'Object17' 업데이트
    객체 'Object18' 업데이트
    객체 'Object19' 업데이트
    객체 'Object20' 업데이트
  대략적 충돌 감지(Broad Phase) 중...
    잠재적 충돌 쌍: 82개
  정밀 충돌 감지(Narrow Phase) 시작...
    쌍 1: 'Object2' 와 'Object3'
      narrowPhase 실행...
>> checkGJKCollision 시작: Object2 vs Object3
  볼록 껍질 개수: Object2=128, Object3=128
  모든 볼록 껍질 쌍 검사 완료, 충돌 없음
      충돌 결과: 충돌 없음
    쌍 2: 'Object2' 와 'Object4'
      narrowPhase 실행...
>> checkGJKCollision 시작: Object2 vs Object4
  볼록 껍질 개수: Object2=128, Object4=128
      충돌 감지됨! 충돌 정보 설정 중...
  checkGJKCollision 완료: 충돌 감지
      충돌 결과: 충돌함
      충돌 정보 객체에 추가
    쌍 3: 'Object2' 와 'Object6'
      narrowPhase 실행...
>> checkGJKCollision 시작: Object2 vs Object6
  볼록 껍질 개수: Object2=128, Object6=128
      충돌 감지됨! 충돌 정보 설정 중...
  checkGJKCollision 완료: 충돌 감지
      충돌 결과: 충돌함
      충돌 정보 객체에 추가
    쌍 4: 'Object2' 와 'Object8'
      narrowPhase 실행...
>> checkGJKCollision 시작: Object2 vs Object8
  볼록 껍질 개수: Object2=128, Object8=128
      충돌 감지됨! 충돌 정보 설정 중...
  checkGJKCollision 완료: 충돌 감지
      충돌 결과: 충돌함
      충돌 정보 객체에 추가
    쌍 5: 'Object2' 와 'Object9'
      narrowPhase 실행...
>> checkGJKCollision 시작: Object2 vs Object9
  볼록 껍질 개수: Object2=128, Object9=128
      충돌 감지됨! 충돌 정보 설정 중...
  checkGJKCollision 완료: 충돌 감지
      충돌 결과: 충돌함
      충돌 정보 객체에 추가
    쌍 6: 'Object2' 와 'Object10'
      narrowPhase 실행...
>> checkGJKCollision 시작: Object2 vs Object10
  볼록 껍질 개수: Object2=128, Object10=128
      충돌 감지됨! 충돌 정보 설정 중...
  checkGJKCollision 완료: 충돌 감지
      충돌 결과: 충돌함
      충돌 정보 객체에 추가
    쌍 7: 'Object2' 와 'Object11'
      narrowPhase 실행...
>> checkGJKCollision 시작: Object2 vs Object11
  볼록 껍질 개수: Object2=128, Object11=128
  모든 볼록 껍질 쌍 검사 완료, 충돌 없음
      충돌 결과: 충돌 없음
    쌍 8: 'Object2' 와 'Object12'
      narrowPhase 실행...
>> checkGJKCollision 시작: Object2 vs Object12
  볼록 껍질 개수: Object2=128, Object12=128
      충돌 감지됨! 충돌 정보 설정 중...
  checkGJKCollision 완료: 충돌 감지
      충돌 결과: 충돌함
      충돌 정보 객체에 추가
    쌍 9: 'Object2' 와 'Object14'
      narrowPhase 실행...
>> checkGJKCollision 시작: Object2 vs Object14
  볼록 껍질 개수: Object2=128, Object14=128
      충돌 감지됨! 충돌 정보 설정 중...
  checkGJKCollision 완료: 충돌 감지
      충돌 결과: 충돌함
      충돌 정보 객체에 추가
    쌍 10: 'Object2' 와 'Object15'
      narrowPhase 실행...
>> checkGJKCollision 시작: Object2 vs Object15
  볼록 껍질 개수: Object2=128, Object15=128
      충돌 감지됨! 충돌 정보 설정 중...
  checkGJKCollision 완료: 충돌 감지
      충돌 결과: 충돌함
      충돌 정보 객체에 추가
    쌍 11: 'Object2' 와 'Object17'
      narrowPhase 실행...
>> checkGJKCollision 시작: Object2 vs Object17
  볼록 껍질 개수: Object2=128, Object17=128
      충돌 감지됨! 충돌 정보 설정 중...
  checkGJKCollision 완료: 충돌 감지
      충돌 결과: 충돌함
      충돌 정보 객체에 추가
    쌍 12: 'Object2' 와 'Object20'
      narrowPhase 실행...
>> checkGJKCollision 시작: Object2 vs Object20
  볼록 껍질 개수: Object2=128, Object20=128
      충돌 감지됨! 충돌 정보 설정 중...
  checkGJKCollision 완료: 충돌 감지
      충돌 결과: 충돌함
      충돌 정보 객체에 추가
    쌍 13: 'Object3' 와 'Object4'
      narrowPhase 실행...
>> checkGJKCollision 시작: Object3 vs Object4
  볼록 껍질 개수: Object3=128, Object4=128
  모든 볼록 껍질 쌍 검사 완료, 충돌 없음
      충돌 결과: 충돌 없음
    쌍 14: 'Object3' 와 'Object6'
      narrowPhase 실행...
>> checkGJKCollision 시작: Object3 vs Object6
  볼록 껍질 개수: Object3=128, Object6=128
      충돌 감지됨! 충돌 정보 설정 중...
  checkGJKCollision 완료: 충돌 감지
      충돌 결과: 충돌함
      충돌 정보 객체에 추가
Object3 collision enter with Object6
Contact point: (-0.810705, 0.760774, 0.182507)
Contact normal: (0.782612, -0.601986, -0.158526)
Penetration depth: 0.1
    쌍 15: 'Object3' 와 'Object9'
      narrowPhase 실행...
>> checkGJKCollision 시작: Object3 vs Object9
  볼록 껍질 개수: Object3=128, Object9=128
  모든 볼록 껍질 쌍 검사 완료, 충돌 없음
      충돌 결과: 충돌 없음
    쌍 16: 'Object3' 와 'Object10'
      narrowPhase 실행...
>> checkGJKCollision 시작: Object3 vs Object10
  볼록 껍질 개수: Object3=128, Object10=128
  모든 볼록 껍질 쌍 검사 완료, 충돌 없음
      충돌 결과: 충돌 없음
    쌍 17: 'Object3' 와 'Object11'
      narrowPhase 실행...
>> checkGJKCollision 시작: Object3 vs Object11
  볼록 껍질 개수: Object3=128, Object11=128
      충돌 감지됨! 충돌 정보 설정 중...
  checkGJKCollision 완료: 충돌 감지
      충돌 결과: 충돌함
      충돌 정보 객체에 추가
Object11 collision enter with Object3
Contact point: (-0.968752, 1.423708, 0.544721)
Contact normal: (-0.933230, -0.136772, -0.332228)
Penetration depth: 0.1
    쌍 18: 'Object3' 와 'Object12'
      narrowPhase 실행...
>> checkGJKCollision 시작: Object3 vs Object12
  볼록 껍질 개수: Object3=128, Object12=128
  모든 볼록 껍질 쌍 검사 완료, 충돌 없음
      충돌 결과: 충돌 없음
    쌍 19: 'Object3' 와 'Object14'
      narrowPhase 실행...
>> checkGJKCollision 시작: Object3 vs Object14
  볼록 껍질 개수: Object3=128, Object14=128
  모든 볼록 껍질 쌍 검사 완료, 충돌 없음
      충돌 결과: 충돌 없음
    쌍 20: 'Object3' 와 'Object15'
      narrowPhase 실행...
>> checkGJKCollision 시작: Object3 vs Object15
  볼록 껍질 개수: Object3=128, Object15=128
  모든 볼록 껍질 쌍 검사 완료, 충돌 없음
      충돌 결과: 충돌 없음
    쌍 21: 'Object3' 와 'Object17'
      narrowPhase 실행...
>> checkGJKCollision 시작: Object3 vs Object17
  볼록 껍질 개수: Object3=128, Object17=128
  모든 볼록 껍질 쌍 검사 완료, 충돌 없음
      충돌 결과: 충돌 없음
    쌍 22: 'Object3' 와 'Object20'
      narrowPhase 실행...
>> checkGJKCollision 시작: Object3 vs Object20
  볼록 껍질 개수: Object3=128, Object20=128
  모든 볼록 껍질 쌍 검사 완료, 충돌 없음
      충돌 결과: 충돌 없음
    쌍 23: 'Object4' 와 'Object5'
      narrowPhase 실행...
>> checkGJKCollision 시작: Object4 vs Object5
  볼록 껍질 개수: Object4=128, Object5=128
  모든 볼록 껍질 쌍 검사 완료, 충돌 없음
      충돌 결과: 충돌 없음
    쌍 24: 'Object4' 와 'Object6'
      narrowPhase 실행...
>> checkGJKCollision 시작: Object4 vs Object6
  볼록 껍질 개수: Object4=128, Object6=128
      충돌 감지됨! 충돌 정보 설정 중...
  checkGJKCollision 완료: 충돌 감지
      충돌 결과: 충돌함
      충돌 정보 객체에 추가
    쌍 25: 'Object4' 와 'Object8'
      narrowPhase 실행...
>> checkGJKCollision 시작: Object4 vs Object8
  볼록 껍질 개수: Object4=128, Object8=128
      충돌 감지됨! 충돌 정보 설정 중...
  checkGJKCollision 완료: 충돌 감지
      충돌 결과: 충돌함
      충돌 정보 객체에 추가
    쌍 26: 'Object4' 와 'Object9'
      narrowPhase 실행...
>> checkGJKCollision 시작: Object4 vs Object9
  볼록 껍질 개수: Object4=128, Object9=128
      충돌 감지됨! 충돌 정보 설정 중...
  checkGJKCollision 완료: 충돌 감지
      충돌 결과: 충돌함
      충돌 정보 객체에 추가
    쌍 27: 'Object4' 와 'Object10'
      narrowPhase 실행...
>> checkGJKCollision 시작: Object4 vs Object10
  볼록 껍질 개수: Object4=128, Object10=128
      충돌 감지됨! 충돌 정보 설정 중...
  checkGJKCollision 완료: 충돌 감지
      충돌 결과: 충돌함
      충돌 정보 객체에 추가
    쌍 28: 'Object4' 와 'Object11'
      narrowPhase 실행...
>> checkGJKCollision 시작: Object4 vs Object11
  볼록 껍질 개수: Object4=128, Object11=128
  모든 볼록 껍질 쌍 검사 완료, 충돌 없음
      충돌 결과: 충돌 없음
    쌍 29: 'Object4' 와 'Object12'
      narrowPhase 실행...
>> checkGJKCollision 시작: Object4 vs Object12
  볼록 껍질 개수: Object4=128, Object12=128
      충돌 감지됨! 충돌 정보 설정 중...
  checkGJKCollision 완료: 충돌 감지
      충돌 결과: 충돌함
      충돌 정보 객체에 추가
    쌍 30: 'Object4' 와 'Object14'
      narrowPhase 실행...
>> checkGJKCollision 시작: Object4 vs Object14
  볼록 껍질 개수: Object4=128, Object14=128
      충돌 감지됨! 충돌 정보 설정 중...
  checkGJKCollision 완료: 충돌 감지
      충돌 결과: 충돌함
      충돌 정보 객체에 추가
    쌍 31: 'Object4' 와 'Object15'
      narrowPhase 실행...
>> checkGJKCollision 시작: Object4 vs Object15
  볼록 껍질 개수: Object4=128, Object15=128
      충돌 감지됨! 충돌 정보 설정 중...
  checkGJKCollision 완료: 충돌 감지
      충돌 결과: 충돌함
      충돌 정보 객체에 추가
    쌍 32: 'Object4' 와 'Object17'
      narrowPhase 실행...
>> checkGJKCollision 시작: Object4 vs Object17
  볼록 껍질 개수: Object4=128, Object17=128
      충돌 감지됨! 충돌 정보 설정 중...
  checkGJKCollision 완료: 충돌 감지
      충돌 결과: 충돌함
      충돌 정보 객체에 추가
    쌍 33: 'Object4' 와 'Object20'
      narrowPhase 실행...
>> checkGJKCollision 시작: Object4 vs Object20
  볼록 껍질 개수: Object4=128, Object20=128
      충돌 감지됨! 충돌 정보 설정 중...
  checkGJKCollision 완료: 충돌 감지
      충돌 결과: 충돌함
      충돌 정보 객체에 추가
    쌍 34: 'Object5' 와 'Object8'
      narrowPhase 실행...
>> checkGJKCollision 시작: Object5 vs Object8
  볼록 껍질 개수: Object5=128, Object8=128
  모든 볼록 껍질 쌍 검사 완료, 충돌 없음
      충돌 결과: 충돌 없음
    쌍 35: 'Object5' 와 'Object10'
      narrowPhase 실행...
>> checkGJKCollision 시작: Object5 vs Object10
  볼록 껍질 개수: Object5=128, Object10=128
  모든 볼록 껍질 쌍 검사 완료, 충돌 없음
      충돌 결과: 충돌 없음
    쌍 36: 'Object5' 와 'Object14'
      narrowPhase 실행...
>> checkGJKCollision 시작: Object5 vs Object14
  볼록 껍질 개수: Object5=128, Object14=128
  모든 볼록 껍질 쌍 검사 완료, 충돌 없음
      충돌 결과: 충돌 없음
    쌍 37: 'Object5' 와 'Object17'
      narrowPhase 실행...
>> checkGJKCollision 시작: Object5 vs Object17
  볼록 껍질 개수: Object5=128, Object17=128
  모든 볼록 껍질 쌍 검사 완료, 충돌 없음
      충돌 결과: 충돌 없음
    쌍 38: 'Object6' 와 'Object8'
      narrowPhase 실행...
>> checkGJKCollision 시작: Object6 vs Object8
  볼록 껍질 개수: Object6=128, Object8=128
      충돌 감지됨! 충돌 정보 설정 중...
  checkGJKCollision 완료: 충돌 감지
      충돌 결과: 충돌함
      충돌 정보 객체에 추가
    쌍 39: 'Object6' 와 'Object9'
      narrowPhase 실행...
>> checkGJKCollision 시작: Object6 vs Object9
  볼록 껍질 개수: Object6=128, Object9=128
      충돌 감지됨! 충돌 정보 설정 중...
  checkGJKCollision 완료: 충돌 감지
      충돌 결과: 충돌함
      충돌 정보 객체에 추가
    쌍 40: 'Object6' 와 'Object10'
      narrowPhase 실행...
>> checkGJKCollision 시작: Object6 vs Object10
  볼록 껍질 개수: Object6=128, Object10=128
      충돌 감지됨! 충돌 정보 설정 중...
  checkGJKCollision 완료: 충돌 감지
      충돌 결과: 충돌함
      충돌 정보 객체에 추가
    쌍 41: 'Object6' 와 'Object11'
      narrowPhase 실행...
>> checkGJKCollision 시작: Object6 vs Object11
  볼록 껍질 개수: Object6=128, Object11=128
  모든 볼록 껍질 쌍 검사 완료, 충돌 없음
      충돌 결과: 충돌 없음
    쌍 42: 'Object6' 와 'Object12'
      narrowPhase 실행...
>> checkGJKCollision 시작: Object6 vs Object12
  볼록 껍질 개수: Object6=128, Object12=128
      충돌 감지됨! 충돌 정보 설정 중...
  checkGJKCollision 완료: 충돌 감지
      충돌 결과: 충돌함
      충돌 정보 객체에 추가
    쌍 43: 'Object6' 와 'Object14'
      narrowPhase 실행...
>> checkGJKCollision 시작: Object6 vs Object14
  볼록 껍질 개수: Object6=128, Object14=128
      충돌 감지됨! 충돌 정보 설정 중...
  checkGJKCollision 완료: 충돌 감지
      충돌 결과: 충돌함
      충돌 정보 객체에 추가
    쌍 44: 'Object6' 와 'Object15'
      narrowPhase 실행...
>> checkGJKCollision 시작: Object6 vs Object15
  볼록 껍질 개수: Object6=128, Object15=128
      충돌 감지됨! 충돌 정보 설정 중...
  checkGJKCollision 완료: 충돌 감지
      충돌 결과: 충돌함
      충돌 정보 객체에 추가
    쌍 45: 'Object6' 와 'Object17'
      narrowPhase 실행...
>> checkGJKCollision 시작: Object6 vs Object17
  볼록 껍질 개수: Object6=128, Object17=128
      충돌 감지됨! 충돌 정보 설정 중...
  checkGJKCollision 완료: 충돌 감지
      충돌 결과: 충돌함
      충돌 정보 객체에 추가
    쌍 46: 'Object6' 와 'Object20'
      narrowPhase 실행...
>> checkGJKCollision 시작: Object6 vs Object20
  볼록 껍질 개수: Object6=128, Object20=128
      충돌 감지됨! 충돌 정보 설정 중...
  checkGJKCollision 완료: 충돌 감지
      충돌 결과: 충돌함
      충돌 정보 객체에 추가
    쌍 47: 'Object8' 와 'Object9'
      narrowPhase 실행...
>> checkGJKCollision 시작: Object8 vs Object9
  볼록 껍질 개수: Object8=128, Object9=128
      충돌 감지됨! 충돌 정보 설정 중...
  checkGJKCollision 완료: 충돌 감지
      충돌 결과: 충돌함
      충돌 정보 객체에 추가
    쌍 48: 'Object8' 와 'Object10'
      narrowPhase 실행...
>> checkGJKCollision 시작: Object8 vs Object10
  볼록 껍질 개수: Object8=128, Object10=128
      충돌 감지됨! 충돌 정보 설정 중...
  checkGJKCollision 완료: 충돌 감지
      충돌 결과: 충돌함
      충돌 정보 객체에 추가
    쌍 49: 'Object8' 와 'Object11'
      narrowPhase 실행...
>> checkGJKCollision 시작: Object8 vs Object11
  볼록 껍질 개수: Object8=128, Object11=128
  모든 볼록 껍질 쌍 검사 완료, 충돌 없음
      충돌 결과: 충돌 없음
    쌍 50: 'Object8' 와 'Object12'
      narrowPhase 실행...
>> checkGJKCollision 시작: Object8 vs Object12
  볼록 껍질 개수: Object8=128, Object12=128
      충돌 감지됨! 충돌 정보 설정 중...
  checkGJKCollision 완료: 충돌 감지
      충돌 결과: 충돌함
      충돌 정보 객체에 추가
    쌍 51: 'Object8' 와 'Object14'
      narrowPhase 실행...
>> checkGJKCollision 시작: Object8 vs Object14
  볼록 껍질 개수: Object8=128, Object14=128
      충돌 감지됨! 충돌 정보 설정 중...
  checkGJKCollision 완료: 충돌 감지
      충돌 결과: 충돌함
      충돌 정보 객체에 추가
    쌍 52: 'Object8' 와 'Object15'
      narrowPhase 실행...
>> checkGJKCollision 시작: Object8 vs Object15
  볼록 껍질 개수: Object8=128, Object15=128
      충돌 감지됨! 충돌 정보 설정 중...
  checkGJKCollision 완료: 충돌 감지
      충돌 결과: 충돌함
      충돌 정보 객체에 추가
    쌍 53: 'Object8' 와 'Object17'
      narrowPhase 실행...
>> checkGJKCollision 시작: Object8 vs Object17
  볼록 껍질 개수: Object8=128, Object17=128
      충돌 감지됨! 충돌 정보 설정 중...
  checkGJKCollision 완료: 충돌 감지
      충돌 결과: 충돌함
      충돌 정보 객체에 추가
    쌍 54: 'Object8' 와 'Object20'
      narrowPhase 실행...
>> checkGJKCollision 시작: Object8 vs Object20
  볼록 껍질 개수: Object8=128, Object20=128
      충돌 감지됨! 충돌 정보 설정 중...
  checkGJKCollision 완료: 충돌 감지
      충돌 결과: 충돌함
      충돌 정보 객체에 추가
    쌍 55: 'Object9' 와 'Object10'
      narrowPhase 실행...
>> checkGJKCollision 시작: Object9 vs Object10
  볼록 껍질 개수: Object9=128, Object10=128
      충돌 감지됨! 충돌 정보 설정 중...
  checkGJKCollision 완료: 충돌 감지
      충돌 결과: 충돌함
      충돌 정보 객체에 추가
    쌍 56: 'Object9' 와 'Object11'
      narrowPhase 실행...
>> checkGJKCollision 시작: Object9 vs Object11
  볼록 껍질 개수: Object9=128, Object11=128
  모든 볼록 껍질 쌍 검사 완료, 충돌 없음
      충돌 결과: 충돌 없음
    쌍 57: 'Object9' 와 'Object12'
      narrowPhase 실행...
>> checkGJKCollision 시작: Object9 vs Object12
  볼록 껍질 개수: Object9=128, Object12=128
      충돌 감지됨! 충돌 정보 설정 중...
  checkGJKCollision 완료: 충돌 감지
      충돌 결과: 충돌함
      충돌 정보 객체에 추가
    쌍 58: 'Object9' 와 'Object14'
      narrowPhase 실행...
>> checkGJKCollision 시작: Object9 vs Object14
  볼록 껍질 개수: Object9=128, Object14=128
      충돌 감지됨! 충돌 정보 설정 중...
  checkGJKCollision 완료: 충돌 감지
      충돌 결과: 충돌함
      충돌 정보 객체에 추가
    쌍 59: 'Object9' 와 'Object15'
      narrowPhase 실행...
>> checkGJKCollision 시작: Object9 vs Object15
  볼록 껍질 개수: Object9=128, Object15=128
      충돌 감지됨! 충돌 정보 설정 중...
  checkGJKCollision 완료: 충돌 감지
      충돌 결과: 충돌함
      충돌 정보 객체에 추가
    쌍 60: 'Object9' 와 'Object17'
      narrowPhase 실행...
>> checkGJKCollision 시작: Object9 vs Object17
  볼록 껍질 개수: Object9=128, Object17=128
      충돌 감지됨! 충돌 정보 설정 중...
  checkGJKCollision 완료: 충돌 감지
      충돌 결과: 충돌함
      충돌 정보 객체에 추가
    쌍 61: 'Object9' 와 'Object20'
      narrowPhase 실행...
>> checkGJKCollision 시작: Object9 vs Object20
  볼록 껍질 개수: Object9=128, Object20=128
      충돌 감지됨! 충돌 정보 설정 중...
  checkGJKCollision 완료: 충돌 감지
      충돌 결과: 충돌함
      충돌 정보 객체에 추가
    쌍 62: 'Object10' 와 'Object11'
      narrowPhase 실행...
>> checkGJKCollision 시작: Object10 vs Object11
  볼록 껍질 개수: Object10=128, Object11=128
  모든 볼록 껍질 쌍 검사 완료, 충돌 없음
      충돌 결과: 충돌 없음
    쌍 63: 'Object10' 와 'Object12'
      narrowPhase 실행...
>> checkGJKCollision 시작: Object10 vs Object12
  볼록 껍질 개수: Object10=128, Object12=128
      충돌 감지됨! 충돌 정보 설정 중...
  checkGJKCollision 완료: 충돌 감지
      충돌 결과: 충돌함
      충돌 정보 객체에 추가
    쌍 64: 'Object10' 와 'Object14'
      narrowPhase 실행...
>> checkGJKCollision 시작: Object10 vs Object14
  볼록 껍질 개수: Object10=128, Object14=128
      충돌 감지됨! 충돌 정보 설정 중...
  checkGJKCollision 완료: 충돌 감지
      충돌 결과: 충돌함
      충돌 정보 객체에 추가
    쌍 65: 'Object10' 와 'Object15'
      narrowPhase 실행...
>> checkGJKCollision 시작: Object10 vs Object15
  볼록 껍질 개수: Object10=128, Object15=128
      충돌 감지됨! 충돌 정보 설정 중...
  checkGJKCollision 완료: 충돌 감지
      충돌 결과: 충돌함
      충돌 정보 객체에 추가
    쌍 66: 'Object10' 와 'Object17'
      narrowPhase 실행...
>> checkGJKCollision 시작: Object10 vs Object17
  볼록 껍질 개수: Object10=128, Object17=128
      충돌 감지됨! 충돌 정보 설정 중...
  checkGJKCollision 완료: 충돌 감지
      충돌 결과: 충돌함
      충돌 정보 객체에 추가
    쌍 67: 'Object10' 와 'Object20'
      narrowPhase 실행...
>> checkGJKCollision 시작: Object10 vs Object20
  볼록 껍질 개수: Object10=128, Object20=128
      충돌 감지됨! 충돌 정보 설정 중...
  checkGJKCollision 완료: 충돌 감지
      충돌 결과: 충돌함
      충돌 정보 객체에 추가
    쌍 68: 'Object11' 와 'Object12'
      narrowPhase 실행...
>> checkGJKCollision 시작: Object11 vs Object12
  볼록 껍질 개수: Object11=128, Object12=128
      충돌 감지됨! 충돌 정보 설정 중...
  checkGJKCollision 완료: 충돌 감지
      충돌 결과: 충돌함
      충돌 정보 객체에 추가
    쌍 69: 'Object11' 와 'Object14'
      narrowPhase 실행...
>> checkGJKCollision 시작: Object11 vs Object14
  볼록 껍질 개수: Object11=128, Object14=128
  모든 볼록 껍질 쌍 검사 완료, 충돌 없음
      충돌 결과: 충돌 없음
    쌍 70: 'Object11' 와 'Object15'
      narrowPhase 실행...
>> checkGJKCollision 시작: Object11 vs Object15
  볼록 껍질 개수: Object11=128, Object15=128
  모든 볼록 껍질 쌍 검사 완료, 충돌 없음
      충돌 결과: 충돌 없음
    쌍 71: 'Object11' 와 'Object17'
      narrowPhase 실행...
>> checkGJKCollision 시작: Object11 vs Object17
  볼록 껍질 개수: Object11=128, Object17=128
  모든 볼록 껍질 쌍 검사 완료, 충돌 없음
      충돌 결과: 충돌 없음
    쌍 72: 'Object11' 와 'Object20'
      narrowPhase 실행...
>> checkGJKCollision 시작: Object11 vs Object20
  볼록 껍질 개수: Object11=128, Object20=128
  모든 볼록 껍질 쌍 검사 완료, 충돌 없음
      충돌 결과: 충돌 없음
    쌍 73: 'Object12' 와 'Object14'
      narrowPhase 실행...
>> checkGJKCollision 시작: Object12 vs Object14
  볼록 껍질 개수: Object12=128, Object14=128
      충돌 감지됨! 충돌 정보 설정 중...
  checkGJKCollision 완료: 충돌 감지
      충돌 결과: 충돌함
      충돌 정보 객체에 추가
    쌍 74: 'Object12' 와 'Object15'
      narrowPhase 실행...
>> checkGJKCollision 시작: Object12 vs Object15
  볼록 껍질 개수: Object12=128, Object15=128
      충돌 감지됨! 충돌 정보 설정 중...
  checkGJKCollision 완료: 충돌 감지
      충돌 결과: 충돌함
      충돌 정보 객체에 추가
    쌍 75: 'Object12' 와 'Object17'
      narrowPhase 실행...
>> checkGJKCollision 시작: Object12 vs Object17
  볼록 껍질 개수: Object12=128, Object17=128
      충돌 감지됨! 충돌 정보 설정 중...
  checkGJKCollision 완료: 충돌 감지
      충돌 결과: 충돌함
      충돌 정보 객체에 추가
    쌍 76: 'Object12' 와 'Object20'
      narrowPhase 실행...
>> checkGJKCollision 시작: Object12 vs Object20
  볼록 껍질 개수: Object12=128, Object20=128
      충돌 감지됨! 충돌 정보 설정 중...
  checkGJKCollision 완료: 충돌 감지
      충돌 결과: 충돌함
      충돌 정보 객체에 추가
    쌍 77: 'Object14' 와 'Object15'
      narrowPhase 실행...
>> checkGJKCollision 시작: Object14 vs Object15
  볼록 껍질 개수: Object14=128, Object15=128
      충돌 감지됨! 충돌 정보 설정 중...
  checkGJKCollision 완료: 충돌 감지
      충돌 결과: 충돌함
      충돌 정보 객체에 추가
    쌍 78: 'Object14' 와 'Object17'
      narrowPhase 실행...
>> checkGJKCollision 시작: Object14 vs Object17
  볼록 껍질 개수: Object14=128, Object17=128
      충돌 감지됨! 충돌 정보 설정 중...
  checkGJKCollision 완료: 충돌 감지
      충돌 결과: 충돌함
      충돌 정보 객체에 추가
    쌍 79: 'Object14' 와 'Object20'
      narrowPhase 실행...
>> checkGJKCollision 시작: Object14 vs Object20
  볼록 껍질 개수: Object14=128, Object20=128
      충돌 감지됨! 충돌 정보 설정 중...
  checkGJKCollision 완료: 충돌 감지
      충돌 결과: 충돌함
      충돌 정보 객체에 추가
    쌍 80: 'Object15' 와 'Object17'
      narrowPhase 실행...
>> checkGJKCollision 시작: Object15 vs Object17
  볼록 껍질 개수: Object15=128, Object17=128
      충돌 감지됨! 충돌 정보 설정 중...
  checkGJKCollision 완료: 충돌 감지
      충돌 결과: 충돌함
      충돌 정보 객체에 추가
    쌍 81: 'Object15' 와 'Object20'
      narrowPhase 실행...
>> checkGJKCollision 시작: Object15 vs Object20
  볼록 껍질 개수: Object15=128, Object20=128
      충돌 감지됨! 충돌 정보 설정 중...
  checkGJKCollision 완료: 충돌 감지
      충돌 결과: 충돌함
      충돌 정보 객체에 추가
    쌍 82: 'Object17' 와 'Object20'
      narrowPhase 실행...
>> checkGJKCollision 시작: Object17 vs Object20
  볼록 껍질 개수: Object17=128, Object20=128
      충돌 감지됨! 충돌 정보 설정 중...
  checkGJKCollision 완료: 충돌 감지
      충돌 결과: 충돌함
      충돌 정보 객체에 추가
  이전 충돌 상태 정리 중...
  충돌 상태 맵 업데이트
CollisionManager::update() - 완료

--- Frame 84 ---
Object0 position: (-6.509910, 6.943883, -8.679848)
Updating objects...
Object1 position: (0.040158, -0.174017, -0.013386)
Updating objects...
Object2 position: (-1.410036, 1.208600, 0.302150)
Updating objects...
Object3 position: (0.011790, -0.027509, 0.055019)
Updating objects...
Object4 position: (-0.302150, -1.410036, -1.208600)
Updating objects...
Object5 position: (0.000976, -0.002929, -0.000488)
Updating objects...
Object6 position: (-2.231972, -0.919047, 0.787756)
Updating objects...
Object7 position: (-0.049630, 0.000000, 0.004963)
Updating objects...
Object8 position: (0.000000, 0.073258, -0.019535)
Updating objects...
Object9 position: (-0.057748, 0.086622, 0.115496)
Updating objects...
Object10 position: (-0.333944, 1.335774, 0.667887)
Updating objects...
Object11 position: (-0.037066, 0.000000, 0.315061)
Updating objects...
Object12 position: (3.353494, 1.380852, 1.972643)
Updating objects...
Object13 position: (0.002806, 0.042086, 0.011223)
Updating objects...
Object14 position: (-0.078686, -0.022482, -0.044963)
Updating objects...
Object15 position: (7.590944, -5.904069, 7.590944)
Updating objects...
Object16 position: (0.001378, 0.007580, 0.004824)
Updating objects...
Object17 position: (-3.712692, 0.436787, 2.839114)
Updating objects...
Object18 position: (2.003817, -7.614496, 8.015266)
Updating objects...
Object19 position: (0.133328, 0.066664, -0.133328)
Updating objects...
Running collision detection...
CollisionManager::update() - 시작 (프레임 84)
  객체 목록 크기: 20
  각 객체의 AABB 업데이트 중...
    객체 'Object1' 업데이트
    객체 'Object2' 업데이트
    객체 'Object3' 업데이트
    객체 'Object4' 업데이트
    객체 'Object5' 업데이트
    객체 'Object6' 업데이트
    객체 'Object7' 업데이트
    객체 'Object8' 업데이트
    객체 'Object9' 업데이트
    객체 'Object10' 업데이트
    객체 'Object11' 업데이트
    객체 'Object12' 업데이트
    객체 'Object13' 업데이트
    객체 'Object14' 업데이트
    객체 'Object15' 업데이트
    객체 'Object16' 업데이트
    객체 'Object17' 업데이트
    객체 'Object18' 업데이트
    객체 'Object19' 업데이트
    객체 'Object20' 업데이트
  대략적 충돌 감지(Broad Phase) 중...
    잠재적 충돌 쌍: 87개
  정밀 충돌 감지(Narrow Phase) 시작...
    쌍 1: 'Object2' 와 'Object3'
      narrowPhase 실행...
>> checkGJKCollision 시작: Object2 vs Object3
  볼록 껍질 개수: Object2=128, Object3=128
  모든 볼록 껍질 쌍 검사 완료, 충돌 없음
      충돌 결과: 충돌 없음
    쌍 2: 'Object2' 와 'Object4'
      narrowPhase 실행...
>> checkGJKCollision 시작: Object2 vs Object4
  볼록 껍질 개수: Object2=128, Object4=128
      충돌 감지됨! 충돌 정보 설정 중...
  checkGJKCollision 완료: 충돌 감지
      충돌 결과: 충돌함
      충돌 정보 객체에 추가
    쌍 3: 'Object2' 와 'Object5'
      narrowPhase 실행...
>> checkGJKCollision 시작: Object2 vs Object5
  볼록 껍질 개수: Object2=128, Object5=128
  모든 볼록 껍질 쌍 검사 완료, 충돌 없음
      충돌 결과: 충돌 없음
    쌍 4: 'Object2' 와 'Object6'
      narrowPhase 실행...
>> checkGJKCollision 시작: Object2 vs Object6
  볼록 껍질 개수: Object2=128, Object6=128
      충돌 감지됨! 충돌 정보 설정 중...
  checkGJKCollision 완료: 충돌 감지
      충돌 결과: 충돌함
      충돌 정보 객체에 추가
    쌍 5: 'Object2' 와 'Object8'
      narrowPhase 실행...
>> checkGJKCollision 시작: Object2 vs Object8
  볼록 껍질 개수: Object2=128, Object8=128
      충돌 감지됨! 충돌 정보 설정 중...
  checkGJKCollision 완료: 충돌 감지
      충돌 결과: 충돌함
      충돌 정보 객체에 추가
    쌍 6: 'Object2' 와 'Object9'
      narrowPhase 실행...
>> checkGJKCollision 시작: Object2 vs Object9
  볼록 껍질 개수: Object2=128, Object9=128
      충돌 감지됨! 충돌 정보 설정 중...
  checkGJKCollision 완료: 충돌 감지
      충돌 결과: 충돌함
      충돌 정보 객체에 추가
    쌍 7: 'Object2' 와 'Object10'
      narrowPhase 실행...
>> checkGJKCollision 시작: Object2 vs Object10
  볼록 껍질 개수: Object2=128, Object10=128
      충돌 감지됨! 충돌 정보 설정 중...
  checkGJKCollision 완료: 충돌 감지
      충돌 결과: 충돌함
      충돌 정보 객체에 추가
    쌍 8: 'Object2' 와 'Object11'
      narrowPhase 실행...
>> checkGJKCollision 시작: Object2 vs Object11
  볼록 껍질 개수: Object2=128, Object11=128
  모든 볼록 껍질 쌍 검사 완료, 충돌 없음
      충돌 결과: 충돌 없음
    쌍 9: 'Object2' 와 'Object12'
      narrowPhase 실행...
>> checkGJKCollision 시작: Object2 vs Object12
  볼록 껍질 개수: Object2=128, Object12=128
      충돌 감지됨! 충돌 정보 설정 중...
  checkGJKCollision 완료: 충돌 감지
      충돌 결과: 충돌함
      충돌 정보 객체에 추가
    쌍 10: 'Object2' 와 'Object14'
      narrowPhase 실행...
>> checkGJKCollision 시작: Object2 vs Object14
  볼록 껍질 개수: Object2=128, Object14=128
      충돌 감지됨! 충돌 정보 설정 중...
  checkGJKCollision 완료: 충돌 감지
      충돌 결과: 충돌함
      충돌 정보 객체에 추가
    쌍 11: 'Object2' 와 'Object15'
      narrowPhase 실행...
>> checkGJKCollision 시작: Object2 vs Object15
  볼록 껍질 개수: Object2=128, Object15=128
      충돌 감지됨! 충돌 정보 설정 중...
  checkGJKCollision 완료: 충돌 감지
      충돌 결과: 충돌함
      충돌 정보 객체에 추가
    쌍 12: 'Object2' 와 'Object17'
      narrowPhase 실행...
>> checkGJKCollision 시작: Object2 vs Object17
  볼록 껍질 개수: Object2=128, Object17=128
      충돌 감지됨! 충돌 정보 설정 중...
  checkGJKCollision 완료: 충돌 감지
      충돌 결과: 충돌함
      충돌 정보 객체에 추가
    쌍 13: 'Object2' 와 'Object20'
      narrowPhase 실행...
>> checkGJKCollision 시작: Object2 vs Object20
  볼록 껍질 개수: Object2=128, Object20=128
      충돌 감지됨! 충돌 정보 설정 중...
  checkGJKCollision 완료: 충돌 감지
      충돌 결과: 충돌함
      충돌 정보 객체에 추가
    쌍 14: 'Object3' 와 'Object4'
      narrowPhase 실행...
>> checkGJKCollision 시작: Object3 vs Object4
  볼록 껍질 개수: Object3=128, Object4=128
      충돌 감지됨! 충돌 정보 설정 중...
  checkGJKCollision 완료: 충돌 감지
      충돌 결과: 충돌함
      충돌 정보 객체에 추가
    쌍 15: 'Object3' 와 'Object6'
      narrowPhase 실행...
>> checkGJKCollision 시작: Object3 vs Object6
  볼록 껍질 개수: Object3=128, Object6=128
      충돌 감지됨! 충돌 정보 설정 중...
  checkGJKCollision 완료: 충돌 감지
      충돌 결과: 충돌함
      충돌 정보 객체에 추가
    쌍 16: 'Object3' 와 'Object8'
      narrowPhase 실행...
>> checkGJKCollision 시작: Object3 vs Object8
  볼록 껍질 개수: Object3=128, Object8=128
      충돌 감지됨! 충돌 정보 설정 중...
  checkGJKCollision 완료: 충돌 감지
      충돌 결과: 충돌함
      충돌 정보 객체에 추가
    쌍 17: 'Object3' 와 'Object9'
      narrowPhase 실행...
>> checkGJKCollision 시작: Object3 vs Object9
  볼록 껍질 개수: Object3=128, Object9=128
      충돌 감지됨! 충돌 정보 설정 중...
  checkGJKCollision 완료: 충돌 감지
      충돌 결과: 충돌함
      충돌 정보 객체에 추가
    쌍 18: 'Object3' 와 'Object10'
      narrowPhase 실행...
>> checkGJKCollision 시작: Object3 vs Object10
  볼록 껍질 개수: Object3=128, Object10=128
      충돌 감지됨! 충돌 정보 설정 중...
  checkGJKCollision 완료: 충돌 감지
      충돌 결과: 충돌함
      충돌 정보 객체에 추가
    쌍 19: 'Object3' 와 'Object11'
      narrowPhase 실행...
>> checkGJKCollision 시작: Object3 vs Object11
  볼록 껍질 개수: Object3=128, Object11=128
      충돌 감지됨! 충돌 정보 설정 중...
  checkGJKCollision 완료: 충돌 감지
      충돌 결과: 충돌함
      충돌 정보 객체에 추가
    쌍 20: 'Object3' 와 'Object12'
      narrowPhase 실행...
>> checkGJKCollision 시작: Object3 vs Object12
  볼록 껍질 개수: Object3=128, Object12=128
      충돌 감지됨! 충돌 정보 설정 중...
  checkGJKCollision 완료: 충돌 감지
      충돌 결과: 충돌함
      충돌 정보 객체에 추가
    쌍 21: 'Object3' 와 'Object14'
      narrowPhase 실행...
>> checkGJKCollision 시작: Object3 vs Object14
  볼록 껍질 개수: Object3=128, Object14=128
      충돌 감지됨! 충돌 정보 설정 중...
  checkGJKCollision 완료: 충돌 감지
      충돌 결과: 충돌함
      충돌 정보 객체에 추가
    쌍 22: 'Object3' 와 'Object15'
      narrowPhase 실행...
>> checkGJKCollision 시작: Object3 vs Object15
  볼록 껍질 개수: Object3=128, Object15=128
      충돌 감지됨! 충돌 정보 설정 중...
  checkGJKCollision 완료: 충돌 감지
      충돌 결과: 충돌함
      충돌 정보 객체에 추가
    쌍 23: 'Object3' 와 'Object17'
      narrowPhase 실행...
>> checkGJKCollision 시작: Object3 vs Object17
  볼록 껍질 개수: Object3=128, Object17=128
      충돌 감지됨! 충돌 정보 설정 중...
  checkGJKCollision 완료: 충돌 감지
      충돌 결과: 충돌함
      충돌 정보 객체에 추가
    쌍 24: 'Object3' 와 'Object20'
      narrowPhase 실행...
>> checkGJKCollision 시작: Object3 vs Object20
  볼록 껍질 개수: Object3=128, Object20=128
  모든 볼록 껍질 쌍 검사 완료, 충돌 없음
      충돌 결과: 충돌 없음
    쌍 25: 'Object4' 와 'Object5'
      narrowPhase 실행...
>> checkGJKCollision 시작: Object4 vs Object5
  볼록 껍질 개수: Object4=128, Object5=128
  모든 볼록 껍질 쌍 검사 완료, 충돌 없음
      충돌 결과: 충돌 없음
    쌍 26: 'Object4' 와 'Object6'
      narrowPhase 실행...
>> checkGJKCollision 시작: Object4 vs Object6
  볼록 껍질 개수: Object4=128, Object6=128
      충돌 감지됨! 충돌 정보 설정 중...
  checkGJKCollision 완료: 충돌 감지
      충돌 결과: 충돌함
      충돌 정보 객체에 추가
    쌍 27: 'Object4' 와 'Object8'
      narrowPhase 실행...
>> checkGJKCollision 시작: Object4 vs Object8
  볼록 껍질 개수: Object4=128, Object8=128
      충돌 감지됨! 충돌 정보 설정 중...
  checkGJKCollision 완료: 충돌 감지
      충돌 결과: 충돌함
      충돌 정보 객체에 추가
    쌍 28: 'Object4' 와 'Object9'
      narrowPhase 실행...
>> checkGJKCollision 시작: Object4 vs Object9
  볼록 껍질 개수: Object4=128, Object9=128
      충돌 감지됨! 충돌 정보 설정 중...
  checkGJKCollision 완료: 충돌 감지
      충돌 결과: 충돌함
      충돌 정보 객체에 추가
    쌍 29: 'Object4' 와 'Object10'
      narrowPhase 실행...
>> checkGJKCollision 시작: Object4 vs Object10
  볼록 껍질 개수: Object4=128, Object10=128
      충돌 감지됨! 충돌 정보 설정 중...
  checkGJKCollision 완료: 충돌 감지
      충돌 결과: 충돌함
      충돌 정보 객체에 추가
    쌍 30: 'Object4' 와 'Object11'
      narrowPhase 실행...
>> checkGJKCollision 시작: Object4 vs Object11
  볼록 껍질 개수: Object4=128, Object11=128
  모든 볼록 껍질 쌍 검사 완료, 충돌 없음
      충돌 결과: 충돌 없음
    쌍 31: 'Object4' 와 'Object12'
      narrowPhase 실행...
>> checkGJKCollision 시작: Object4 vs Object12
  볼록 껍질 개수: Object4=128, Object12=128
      충돌 감지됨! 충돌 정보 설정 중...
  checkGJKCollision 완료: 충돌 감지
      충돌 결과: 충돌함
      충돌 정보 객체에 추가
    쌍 32: 'Object4' 와 'Object14'
      narrowPhase 실행...
>> checkGJKCollision 시작: Object4 vs Object14
  볼록 껍질 개수: Object4=128, Object14=128
      충돌 감지됨! 충돌 정보 설정 중...
  checkGJKCollision 완료: 충돌 감지
      충돌 결과: 충돌함
      충돌 정보 객체에 추가
    쌍 33: 'Object4' 와 'Object15'
      narrowPhase 실행...
>> checkGJKCollision 시작: Object4 vs Object15
  볼록 껍질 개수: Object4=128, Object15=128
      충돌 감지됨! 충돌 정보 설정 중...
  checkGJKCollision 완료: 충돌 감지
      충돌 결과: 충돌함
      충돌 정보 객체에 추가
    쌍 34: 'Object4' 와 'Object17'
      narrowPhase 실행...
>> checkGJKCollision 시작: Object4 vs Object17
  볼록 껍질 개수: Object4=128, Object17=128
      충돌 감지됨! 충돌 정보 설정 중...
  checkGJKCollision 완료: 충돌 감지
      충돌 결과: 충돌함
      충돌 정보 객체에 추가
    쌍 35: 'Object4' 와 'Object20'
      narrowPhase 실행...
>> checkGJKCollision 시작: Object4 vs Object20
  볼록 껍질 개수: Object4=128, Object20=128
      충돌 감지됨! 충돌 정보 설정 중...
  checkGJKCollision 완료: 충돌 감지
      충돌 결과: 충돌함
      충돌 정보 객체에 추가
    쌍 36: 'Object5' 와 'Object6'
      narrowPhase 실행...
>> checkGJKCollision 시작: Object5 vs Object6
  볼록 껍질 개수: Object5=128, Object6=128
  모든 볼록 껍질 쌍 검사 완료, 충돌 없음
      충돌 결과: 충돌 없음
    쌍 37: 'Object5' 와 'Object8'
      narrowPhase 실행...
>> checkGJKCollision 시작: Object5 vs Object8
  볼록 껍질 개수: Object5=128, Object8=128
  모든 볼록 껍질 쌍 검사 완료, 충돌 없음
      충돌 결과: 충돌 없음
    쌍 38: 'Object5' 와 'Object9'
      narrowPhase 실행...
>> checkGJKCollision 시작: Object5 vs Object9
  볼록 껍질 개수: Object5=128, Object9=128
  모든 볼록 껍질 쌍 검사 완료, 충돌 없음
      충돌 결과: 충돌 없음
    쌍 39: 'Object5' 와 'Object14'
      narrowPhase 실행...
>> checkGJKCollision 시작: Object5 vs Object14
  볼록 껍질 개수: Object5=128, Object14=128
  모든 볼록 껍질 쌍 검사 완료, 충돌 없음
      충돌 결과: 충돌 없음
    쌍 40: 'Object5' 와 'Object15'
      narrowPhase 실행...
>> checkGJKCollision 시작: Object5 vs Object15
  볼록 껍질 개수: Object5=128, Object15=128
  모든 볼록 껍질 쌍 검사 완료, 충돌 없음
      충돌 결과: 충돌 없음
    쌍 41: 'Object5' 와 'Object17'
      narrowPhase 실행...
>> checkGJKCollision 시작: Object5 vs Object17
  볼록 껍질 개수: Object5=128, Object17=128
  모든 볼록 껍질 쌍 검사 완료, 충돌 없음
      충돌 결과: 충돌 없음
    쌍 42: 'Object5' 와 'Object20'
      narrowPhase 실행...
>> checkGJKCollision 시작: Object5 vs Object20
  볼록 껍질 개수: Object5=128, Object20=128
  모든 볼록 껍질 쌍 검사 완료, 충돌 없음
      충돌 결과: 충돌 없음
    쌍 43: 'Object6' 와 'Object8'
      narrowPhase 실행...
>> checkGJKCollision 시작: Object6 vs Object8
  볼록 껍질 개수: Object6=128, Object8=128
      충돌 감지됨! 충돌 정보 설정 중...
  checkGJKCollision 완료: 충돌 감지
      충돌 결과: 충돌함
      충돌 정보 객체에 추가
    쌍 44: 'Object6' 와 'Object9'
      narrowPhase 실행...
>> checkGJKCollision 시작: Object6 vs Object9
  볼록 껍질 개수: Object6=128, Object9=128
      충돌 감지됨! 충돌 정보 설정 중...
  checkGJKCollision 완료: 충돌 감지
      충돌 결과: 충돌함
      충돌 정보 객체에 추가
    쌍 45: 'Object6' 와 'Object10'
      narrowPhase 실행...
>> checkGJKCollision 시작: Object6 vs Object10
  볼록 껍질 개수: Object6=128, Object10=128
      충돌 감지됨! 충돌 정보 설정 중...
  checkGJKCollision 완료: 충돌 감지
      충돌 결과: 충돌함
      충돌 정보 객체에 추가
    쌍 46: 'Object6' 와 'Object11'
      narrowPhase 실행...
>> checkGJKCollision 시작: Object6 vs Object11
  볼록 껍질 개수: Object6=128, Object11=128
      충돌 감지됨! 충돌 정보 설정 중...
  checkGJKCollision 완료: 충돌 감지
      충돌 결과: 충돌함
      충돌 정보 객체에 추가
    쌍 47: 'Object6' 와 'Object12'
      narrowPhase 실행...
>> checkGJKCollision 시작: Object6 vs Object12
  볼록 껍질 개수: Object6=128, Object12=128
      충돌 감지됨! 충돌 정보 설정 중...
  checkGJKCollision 완료: 충돌 감지
      충돌 결과: 충돌함
      충돌 정보 객체에 추가
    쌍 48: 'Object6' 와 'Object14'
      narrowPhase 실행...
>> checkGJKCollision 시작: Object6 vs Object14
  볼록 껍질 개수: Object6=128, Object14=128
      충돌 감지됨! 충돌 정보 설정 중...
  checkGJKCollision 완료: 충돌 감지
      충돌 결과: 충돌함
      충돌 정보 객체에 추가
    쌍 49: 'Object6' 와 'Object15'
      narrowPhase 실행...
>> checkGJKCollision 시작: Object6 vs Object15
  볼록 껍질 개수: Object6=128, Object15=128
      충돌 감지됨! 충돌 정보 설정 중...
  checkGJKCollision 완료: 충돌 감지
      충돌 결과: 충돌함
      충돌 정보 객체에 추가
    쌍 50: 'Object6' 와 'Object17'
      narrowPhase 실행...
>> checkGJKCollision 시작: Object6 vs Object17
  볼록 껍질 개수: Object6=128, Object17=128
      충돌 감지됨! 충돌 정보 설정 중...
  checkGJKCollision 완료: 충돌 감지
      충돌 결과: 충돌함
      충돌 정보 객체에 추가
    쌍 51: 'Object6' 와 'Object20'
      narrowPhase 실행...
>> checkGJKCollision 시작: Object6 vs Object20
  볼록 껍질 개수: Object6=128, Object20=128
      충돌 감지됨! 충돌 정보 설정 중...
  checkGJKCollision 완료: 충돌 감지
      충돌 결과: 충돌함
      충돌 정보 객체에 추가
    쌍 52: 'Object8' 와 'Object9'
      narrowPhase 실행...
>> checkGJKCollision 시작: Object8 vs Object9
  볼록 껍질 개수: Object8=128, Object9=128
      충돌 감지됨! 충돌 정보 설정 중...
  checkGJKCollision 완료: 충돌 감지
      충돌 결과: 충돌함
      충돌 정보 객체에 추가
    쌍 53: 'Object8' 와 'Object10'
      narrowPhase 실행...
>> checkGJKCollision 시작: Object8 vs Object10
  볼록 껍질 개수: Object8=128, Object10=128
      충돌 감지됨! 충돌 정보 설정 중...
  checkGJKCollision 완료: 충돌 감지
      충돌 결과: 충돌함
      충돌 정보 객체에 추가
    쌍 54: 'Object8' 와 'Object11'
      narrowPhase 실행...
>> checkGJKCollision 시작: Object8 vs Object11
  볼록 껍질 개수: Object8=128, Object11=128
      충돌 감지됨! 충돌 정보 설정 중...
  checkGJKCollision 완료: 충돌 감지
      충돌 결과: 충돌함
      충돌 정보 객체에 추가
    쌍 55: 'Object8' 와 'Object12'
      narrowPhase 실행...
>> checkGJKCollision 시작: Object8 vs Object12
  볼록 껍질 개수: Object8=128, Object12=128
      충돌 감지됨! 충돌 정보 설정 중...
  checkGJKCollision 완료: 충돌 감지
      충돌 결과: 충돌함
      충돌 정보 객체에 추가
    쌍 56: 'Object8' 와 'Object14'
      narrowPhase 실행...
>> checkGJKCollision 시작: Object8 vs Object14
  볼록 껍질 개수: Object8=128, Object14=128
      충돌 감지됨! 충돌 정보 설정 중...
  checkGJKCollision 완료: 충돌 감지
      충돌 결과: 충돌함
      충돌 정보 객체에 추가
    쌍 57: 'Object8' 와 'Object15'
      narrowPhase 실행...
>> checkGJKCollision 시작: Object8 vs Object15
  볼록 껍질 개수: Object8=128, Object15=128
      충돌 감지됨! 충돌 정보 설정 중...
  checkGJKCollision 완료: 충돌 감지
      충돌 결과: 충돌함
      충돌 정보 객체에 추가
    쌍 58: 'Object8' 와 'Object17'
      narrowPhase 실행...
>> checkGJKCollision 시작: Object8 vs Object17
  볼록 껍질 개수: Object8=128, Object17=128
      충돌 감지됨! 충돌 정보 설정 중...
  checkGJKCollision 완료: 충돌 감지
      충돌 결과: 충돌함
      충돌 정보 객체에 추가
    쌍 59: 'Object8' 와 'Object20'
      narrowPhase 실행...
>> checkGJKCollision 시작: Object8 vs Object20
  볼록 껍질 개수: Object8=128, Object20=128
      충돌 감지됨! 충돌 정보 설정 중...
  checkGJKCollision 완료: 충돌 감지
      충돌 결과: 충돌함
      충돌 정보 객체에 추가
    쌍 60: 'Object9' 와 'Object10'
      narrowPhase 실행...
>> checkGJKCollision 시작: Object9 vs Object10
  볼록 껍질 개수: Object9=128, Object10=128
      충돌 감지됨! 충돌 정보 설정 중...
  checkGJKCollision 완료: 충돌 감지
      충돌 결과: 충돌함
      충돌 정보 객체에 추가
    쌍 61: 'Object9' 와 'Object11'
      narrowPhase 실행...
>> checkGJKCollision 시작: Object9 vs Object11
  볼록 껍질 개수: Object9=128, Object11=128
      충돌 감지됨! 충돌 정보 설정 중...
  checkGJKCollision 완료: 충돌 감지
      충돌 결과: 충돌함
      충돌 정보 객체에 추가
    쌍 62: 'Object9' 와 'Object12'
      narrowPhase 실행...
>> checkGJKCollision 시작: Object9 vs Object12
  볼록 껍질 개수: Object9=128, Object12=128
      충돌 감지됨! 충돌 정보 설정 중...
  checkGJKCollision 완료: 충돌 감지
      충돌 결과: 충돌함
      충돌 정보 객체에 추가
    쌍 63: 'Object9' 와 'Object14'
      narrowPhase 실행...
>> checkGJKCollision 시작: Object9 vs Object14
  볼록 껍질 개수: Object9=128, Object14=128
      충돌 감지됨! 충돌 정보 설정 중...
  checkGJKCollision 완료: 충돌 감지
      충돌 결과: 충돌함
      충돌 정보 객체에 추가
    쌍 64: 'Object9' 와 'Object15'
      narrowPhase 실행...
>> checkGJKCollision 시작: Object9 vs Object15
  볼록 껍질 개수: Object9=128, Object15=128
      충돌 감지됨! 충돌 정보 설정 중...
  checkGJKCollision 완료: 충돌 감지
      충돌 결과: 충돌함
      충돌 정보 객체에 추가
    쌍 65: 'Object9' 와 'Object17'
      narrowPhase 실행...
>> checkGJKCollision 시작: Object9 vs Object17
  볼록 껍질 개수: Object9=128, Object17=128
      충돌 감지됨! 충돌 정보 설정 중...
  checkGJKCollision 완료: 충돌 감지
      충돌 결과: 충돌함
      충돌 정보 객체에 추가
    쌍 66: 'Object9' 와 'Object20'
      narrowPhase 실행...
>> checkGJKCollision 시작: Object9 vs Object20
  볼록 껍질 개수: Object9=128, Object20=128
      충돌 감지됨! 충돌 정보 설정 중...
  checkGJKCollision 완료: 충돌 감지
      충돌 결과: 충돌함
      충돌 정보 객체에 추가
    쌍 67: 'Object10' 와 'Object11'
      narrowPhase 실행...
>> checkGJKCollision 시작: Object10 vs Object11
  볼록 껍질 개수: Object10=128, Object11=128
      충돌 감지됨! 충돌 정보 설정 중...
  checkGJKCollision 완료: 충돌 감지
      충돌 결과: 충돌함
      충돌 정보 객체에 추가
    쌍 68: 'Object10' 와 'Object12'
      narrowPhase 실행...
>> checkGJKCollision 시작: Object10 vs Object12
  볼록 껍질 개수: Object10=128, Object12=128
      충돌 감지됨! 충돌 정보 설정 중...
  checkGJKCollision 완료: 충돌 감지
      충돌 결과: 충돌함
      충돌 정보 객체에 추가
    쌍 69: 'Object10' 와 'Object14'
      narrowPhase 실행...
>> checkGJKCollision 시작: Object10 vs Object14
  볼록 껍질 개수: Object10=128, Object14=128
      충돌 감지됨! 충돌 정보 설정 중...
  checkGJKCollision 완료: 충돌 감지
      충돌 결과: 충돌함
      충돌 정보 객체에 추가
    쌍 70: 'Object10' 와 'Object15'
      narrowPhase 실행...
>> checkGJKCollision 시작: Object10 vs Object15
  볼록 껍질 개수: Object10=128, Object15=128
      충돌 감지됨! 충돌 정보 설정 중...
  checkGJKCollision 완료: 충돌 감지
      충돌 결과: 충돌함
      충돌 정보 객체에 추가
    쌍 71: 'Object10' 와 'Object17'
      narrowPhase 실행...
>> checkGJKCollision 시작: Object10 vs Object17
  볼록 껍질 개수: Object10=128, Object17=128
      충돌 감지됨! 충돌 정보 설정 중...
  checkGJKCollision 완료: 충돌 감지
      충돌 결과: 충돌함
      충돌 정보 객체에 추가
    쌍 72: 'Object10' 와 'Object20'
      narrowPhase 실행...
>> checkGJKCollision 시작: Object10 vs Object20
  볼록 껍질 개수: Object10=128, Object20=128
      충돌 감지됨! 충돌 정보 설정 중...
  checkGJKCollision 완료: 충돌 감지
      충돌 결과: 충돌함
      충돌 정보 객체에 추가
    쌍 73: 'Object11' 와 'Object12'
      narrowPhase 실행...
>> checkGJKCollision 시작: Object11 vs Object12
  볼록 껍질 개수: Object11=128, Object12=128
      충돌 감지됨! 충돌 정보 설정 중...
  checkGJKCollision 완료: 충돌 감지
      충돌 결과: 충돌함
      충돌 정보 객체에 추가
    쌍 74: 'Object11' 와 'Object14'
      narrowPhase 실행...
>> checkGJKCollision 시작: Object11 vs Object14
  볼록 껍질 개수: Object11=128, Object14=128
      충돌 감지됨! 충돌 정보 설정 중...
  checkGJKCollision 완료: 충돌 감지
      충돌 결과: 충돌함
      충돌 정보 객체에 추가
    쌍 75: 'Object11' 와 'Object15'
      narrowPhase 실행...
>> checkGJKCollision 시작: Object11 vs Object15
  볼록 껍질 개수: Object11=128, Object15=128
  모든 볼록 껍질 쌍 검사 완료, 충돌 없음
      충돌 결과: 충돌 없음
    쌍 76: 'Object11' 와 'Object17'
      narrowPhase 실행...
>> checkGJKCollision 시작: Object11 vs Object17
  볼록 껍질 개수: Object11=128, Object17=128
      충돌 감지됨! 충돌 정보 설정 중...
  checkGJKCollision 완료: 충돌 감지
      충돌 결과: 충돌함
      충돌 정보 객체에 추가
    쌍 77: 'Object11' 와 'Object20'
      narrowPhase 실행...
>> checkGJKCollision 시작: Object11 vs Object20
  볼록 껍질 개수: Object11=128, Object20=128
  모든 볼록 껍질 쌍 검사 완료, 충돌 없음
      충돌 결과: 충돌 없음
    쌍 78: 'Object12' 와 'Object14'
      narrowPhase 실행...
>> checkGJKCollision 시작: Object12 vs Object14
  볼록 껍질 개수: Object12=128, Object14=128
      충돌 감지됨! 충돌 정보 설정 중...
  checkGJKCollision 완료: 충돌 감지
      충돌 결과: 충돌함
      충돌 정보 객체에 추가
    쌍 79: 'Object12' 와 'Object15'
      narrowPhase 실행...
>> checkGJKCollision 시작: Object12 vs Object15
  볼록 껍질 개수: Object12=128, Object15=128
      충돌 감지됨! 충돌 정보 설정 중...
  checkGJKCollision 완료: 충돌 감지
      충돌 결과: 충돌함
      충돌 정보 객체에 추가
    쌍 80: 'Object12' 와 'Object17'
      narrowPhase 실행...
>> checkGJKCollision 시작: Object12 vs Object17
  볼록 껍질 개수: Object12=128, Object17=128
      충돌 감지됨! 충돌 정보 설정 중...
  checkGJKCollision 완료: 충돌 감지
      충돌 결과: 충돌함
      충돌 정보 객체에 추가
    쌍 81: 'Object12' 와 'Object20'
      narrowPhase 실행...
>> checkGJKCollision 시작: Object12 vs Object20
  볼록 껍질 개수: Object12=128, Object20=128
      충돌 감지됨! 충돌 정보 설정 중...
  checkGJKCollision 완료: 충돌 감지
      충돌 결과: 충돌함
      충돌 정보 객체에 추가
    쌍 82: 'Object14' 와 'Object15'
      narrowPhase 실행...
>> checkGJKCollision 시작: Object14 vs Object15
  볼록 껍질 개수: Object14=128, Object15=128
      충돌 감지됨! 충돌 정보 설정 중...
  checkGJKCollision 완료: 충돌 감지
      충돌 결과: 충돌함
      충돌 정보 객체에 추가
    쌍 83: 'Object14' 와 'Object17'
      narrowPhase 실행...
>> checkGJKCollision 시작: Object14 vs Object17
  볼록 껍질 개수: Object14=128, Object17=128
      충돌 감지됨! 충돌 정보 설정 중...
  checkGJKCollision 완료: 충돌 감지
      충돌 결과: 충돌함
      충돌 정보 객체에 추가
    쌍 84: 'Object14' 와 'Object20'
      narrowPhase 실행...
>> checkGJKCollision 시작: Object14 vs Object20
  볼록 껍질 개수: Object14=128, Object20=128
      충돌 감지됨! 충돌 정보 설정 중...
  checkGJKCollision 완료: 충돌 감지
      충돌 결과: 충돌함
      충돌 정보 객체에 추가
    쌍 85: 'Object15' 와 'Object17'
      narrowPhase 실행...
>> checkGJKCollision 시작: Object15 vs Object17
  볼록 껍질 개수: Object15=128, Object17=128
      충돌 감지됨! 충돌 정보 설정 중...
  checkGJKCollision 완료: 충돌 감지
      충돌 결과: 충돌함
      충돌 정보 객체에 추가
    쌍 86: 'Object15' 와 'Object20'
      narrowPhase 실행...
>> checkGJKCollision 시작: Object15 vs Object20
  볼록 껍질 개수: Object15=128, Object20=128
      충돌 감지됨! 충돌 정보 설정 중...
  checkGJKCollision 완료: 충돌 감지
      충돌 결과: 충돌함
      충돌 정보 객체에 추가
    쌍 87: 'Object17' 와 'Object20'
      narrowPhase 실행...
>> checkGJKCollision 시작: Object17 vs Object20
  볼록 껍질 개수: Object17=128, Object20=128
      충돌 감지됨! 충돌 정보 설정 중...
  checkGJKCollision 완료: 충돌 감지
      충돌 결과: 충돌함
      충돌 정보 객체에 추가
  이전 충돌 상태 정리 중...
  충돌 상태 맵 업데이트
CollisionManager::update() - 완료

--- Frame 85 ---
Object0 position: (-6.408837, 6.836072, -8.545084)
Updating objects...
Object1 position: (-0.004688, 0.020316, 0.001563)
Updating objects...
Object2 position: (-1.260155, 1.080131, 0.270033)
Updating objects...
Object3 position: (-0.025858, 0.060335, -0.120669)
Updating objects...
Object4 position: (-0.270033, -1.260155, -1.080131)
Updating objects...
Object5 position: (-0.061493, 0.184480, 0.030747)
Updating objects...
Object6 position: (-2.056162, -0.846655, 0.725705)
Updating objects...
Object7 position: (0.149378, 0.000000, -0.014938)
Updating objects...
Object8 position: (0.000000, -0.119989, 0.031997)
Updating objects...
Object9 position: (0.016530, -0.024795, -0.033060)
Updating objects...
Object10 position: (-0.290300, 1.161200, 0.580600)
Updating objects...
Object11 position: (-0.013698, 0.000000, 0.116431)
Updating objects...
Object12 position: (3.191036, 1.313957, 1.877080)
Updating objects...
Object13 position: (-0.010051, -0.150761, -0.040203)
Updating objects...
Object14 position: (0.089854, 0.025673, 0.051345)
Updating objects...
Object15 position: (7.467027, -5.807689, 7.467027)
Updating objects...
Object16 position: (-0.028946, -0.159202, -0.101310)
Updating objects...
Object17 position: (-3.554509, 0.418178, 2.718151)
Updating objects...
Object18 position: (1.968148, -7.478954, 7.872591)
Updating objects...
Object19 position: (-0.000005, -0.000002, 0.000005)
Updating objects...
Running collision detection...
CollisionManager::update() - 시작 (프레임 85)
  객체 목록 크기: 20
  각 객체의 AABB 업데이트 중...
    객체 'Object1' 업데이트
    객체 'Object2' 업데이트
    객체 'Object3' 업데이트
    객체 'Object4' 업데이트
    객체 'Object5' 업데이트
    객체 'Object6' 업데이트
    객체 'Object7' 업데이트
    객체 'Object8' 업데이트
    객체 'Object9' 업데이트
    객체 'Object10' 업데이트
    객체 'Object11' 업데이트
    객체 'Object12' 업데이트
    객체 'Object13' 업데이트
    객체 'Object14' 업데이트
    객체 'Object15' 업데이트
    객체 'Object16' 업데이트
    객체 'Object17' 업데이트
    객체 'Object18' 업데이트
    객체 'Object19' 업데이트
    객체 'Object20' 업데이트
  대략적 충돌 감지(Broad Phase) 중...
    잠재적 충돌 쌍: 89개
  정밀 충돌 감지(Narrow Phase) 시작...
    쌍 1: 'Object2' 와 'Object3'
      narrowPhase 실행...
>> checkGJKCollision 시작: Object2 vs Object3
  볼록 껍질 개수: Object2=128, Object3=128
      충돌 감지됨! 충돌 정보 설정 중...
  checkGJKCollision 완료: 충돌 감지
      충돌 결과: 충돌함
      충돌 정보 객체에 추가
    쌍 2: 'Object2' 와 'Object4'
      narrowPhase 실행...
>> checkGJKCollision 시작: Object2 vs Object4
  볼록 껍질 개수: Object2=128, Object4=128
      충돌 감지됨! 충돌 정보 설정 중...
  checkGJKCollision 완료: 충돌 감지
      충돌 결과: 충돌함
      충돌 정보 객체에 추가
    쌍 3: 'Object2' 와 'Object5'
      narrowPhase 실행...
>> checkGJKCollision 시작: Object2 vs Object5
  볼록 껍질 개수: Object2=128, Object5=128
  모든 볼록 껍질 쌍 검사 완료, 충돌 없음
      충돌 결과: 충돌 없음
    쌍 4: 'Object2' 와 'Object6'
      narrowPhase 실행...
>> checkGJKCollision 시작: Object2 vs Object6
  볼록 껍질 개수: Object2=128, Object6=128
      충돌 감지됨! 충돌 정보 설정 중...
  checkGJKCollision 완료: 충돌 감지
      충돌 결과: 충돌함
      충돌 정보 객체에 추가
    쌍 5: 'Object2' 와 'Object8'
      narrowPhase 실행...
>> checkGJKCollision 시작: Object2 vs Object8
  볼록 껍질 개수: Object2=128, Object8=128
      충돌 감지됨! 충돌 정보 설정 중...
  checkGJKCollision 완료: 충돌 감지
      충돌 결과: 충돌함
      충돌 정보 객체에 추가
    쌍 6: 'Object2' 와 'Object9'
      narrowPhase 실행...
>> checkGJKCollision 시작: Object2 vs Object9
  볼록 껍질 개수: Object2=128, Object9=128
      충돌 감지됨! 충돌 정보 설정 중...
  checkGJKCollision 완료: 충돌 감지
      충돌 결과: 충돌함
      충돌 정보 객체에 추가
    쌍 7: 'Object2' 와 'Object10'
      narrowPhase 실행...
>> checkGJKCollision 시작: Object2 vs Object10
  볼록 껍질 개수: Object2=128, Object10=128
      충돌 감지됨! 충돌 정보 설정 중...
  checkGJKCollision 완료: 충돌 감지
      충돌 결과: 충돌함
      충돌 정보 객체에 추가
    쌍 8: 'Object2' 와 'Object11'
      narrowPhase 실행...
>> checkGJKCollision 시작: Object2 vs Object11
  볼록 껍질 개수: Object2=128, Object11=128
      충돌 감지됨! 충돌 정보 설정 중...
  checkGJKCollision 완료: 충돌 감지
      충돌 결과: 충돌함
      충돌 정보 객체에 추가
    쌍 9: 'Object2' 와 'Object12'
      narrowPhase 실행...
>> checkGJKCollision 시작: Object2 vs Object12
  볼록 껍질 개수: Object2=128, Object12=128
      충돌 감지됨! 충돌 정보 설정 중...
  checkGJKCollision 완료: 충돌 감지
      충돌 결과: 충돌함
      충돌 정보 객체에 추가
    쌍 10: 'Object2' 와 'Object14'
      narrowPhase 실행...
>> checkGJKCollision 시작: Object2 vs Object14
  볼록 껍질 개수: Object2=128, Object14=128
      충돌 감지됨! 충돌 정보 설정 중...
  checkGJKCollision 완료: 충돌 감지
      충돌 결과: 충돌함
      충돌 정보 객체에 추가
    쌍 11: 'Object2' 와 'Object15'
      narrowPhase 실행...
>> checkGJKCollision 시작: Object2 vs Object15
  볼록 껍질 개수: Object2=128, Object15=128
      충돌 감지됨! 충돌 정보 설정 중...
  checkGJKCollision 완료: 충돌 감지
      충돌 결과: 충돌함
      충돌 정보 객체에 추가
    쌍 12: 'Object2' 와 'Object17'
      narrowPhase 실행...
>> checkGJKCollision 시작: Object2 vs Object17
  볼록 껍질 개수: Object2=128, Object17=128
      충돌 감지됨! 충돌 정보 설정 중...
  checkGJKCollision 완료: 충돌 감지
      충돌 결과: 충돌함
      충돌 정보 객체에 추가
    쌍 13: 'Object2' 와 'Object20'
      narrowPhase 실행...
>> checkGJKCollision 시작: Object2 vs Object20
  볼록 껍질 개수: Object2=128, Object20=128
      충돌 감지됨! 충돌 정보 설정 중...
  checkGJKCollision 완료: 충돌 감지
      충돌 결과: 충돌함
      충돌 정보 객체에 추가
    쌍 14: 'Object3' 와 'Object4'
      narrowPhase 실행...
>> checkGJKCollision 시작: Object3 vs Object4
  볼록 껍질 개수: Object3=128, Object4=128
      충돌 감지됨! 충돌 정보 설정 중...
  checkGJKCollision 완료: 충돌 감지
      충돌 결과: 충돌함
      충돌 정보 객체에 추가
    쌍 15: 'Object3' 와 'Object6'
      narrowPhase 실행...
>> checkGJKCollision 시작: Object3 vs Object6
  볼록 껍질 개수: Object3=128, Object6=128
      충돌 감지됨! 충돌 정보 설정 중...
  checkGJKCollision 완료: 충돌 감지
      충돌 결과: 충돌함
      충돌 정보 객체에 추가
    쌍 16: 'Object3' 와 'Object8'
      narrowPhase 실행...
>> checkGJKCollision 시작: Object3 vs Object8
  볼록 껍질 개수: Object3=128, Object8=128
      충돌 감지됨! 충돌 정보 설정 중...
  checkGJKCollision 완료: 충돌 감지
      충돌 결과: 충돌함
      충돌 정보 객체에 추가
    쌍 17: 'Object3' 와 'Object9'
      narrowPhase 실행...
>> checkGJKCollision 시작: Object3 vs Object9
  볼록 껍질 개수: Object3=128, Object9=128
      충돌 감지됨! 충돌 정보 설정 중...
  checkGJKCollision 완료: 충돌 감지
      충돌 결과: 충돌함
      충돌 정보 객체에 추가
    쌍 18: 'Object3' 와 'Object10'
      narrowPhase 실행...
>> checkGJKCollision 시작: Object3 vs Object10
  볼록 껍질 개수: Object3=128, Object10=128
      충돌 감지됨! 충돌 정보 설정 중...
  checkGJKCollision 완료: 충돌 감지
      충돌 결과: 충돌함
      충돌 정보 객체에 추가
    쌍 19: 'Object3' 와 'Object11'
      narrowPhase 실행...
>> checkGJKCollision 시작: Object3 vs Object11
  볼록 껍질 개수: Object3=128, Object11=128
      충돌 감지됨! 충돌 정보 설정 중...
  checkGJKCollision 완료: 충돌 감지
      충돌 결과: 충돌함
      충돌 정보 객체에 추가
    쌍 20: 'Object3' 와 'Object12'
      narrowPhase 실행...
>> checkGJKCollision 시작: Object3 vs Object12
  볼록 껍질 개수: Object3=128, Object12=128
      충돌 감지됨! 충돌 정보 설정 중...
  checkGJKCollision 완료: 충돌 감지
      충돌 결과: 충돌함
      충돌 정보 객체에 추가
    쌍 21: 'Object3' 와 'Object14'
      narrowPhase 실행...
>> checkGJKCollision 시작: Object3 vs Object14
  볼록 껍질 개수: Object3=128, Object14=128
      충돌 감지됨! 충돌 정보 설정 중...
  checkGJKCollision 완료: 충돌 감지
      충돌 결과: 충돌함
      충돌 정보 객체에 추가
    쌍 22: 'Object3' 와 'Object15'
      narrowPhase 실행...
>> checkGJKCollision 시작: Object3 vs Object15
  볼록 껍질 개수: Object3=128, Object15=128
      충돌 감지됨! 충돌 정보 설정 중...
  checkGJKCollision 완료: 충돌 감지
      충돌 결과: 충돌함
      충돌 정보 객체에 추가
    쌍 23: 'Object3' 와 'Object17'
      narrowPhase 실행...
>> checkGJKCollision 시작: Object3 vs Object17
  볼록 껍질 개수: Object3=128, Object17=128
      충돌 감지됨! 충돌 정보 설정 중...
  checkGJKCollision 완료: 충돌 감지
      충돌 결과: 충돌함
      충돌 정보 객체에 추가
    쌍 24: 'Object3' 와 'Object20'
      narrowPhase 실행...
>> checkGJKCollision 시작: Object3 vs Object20
  볼록 껍질 개수: Object3=128, Object20=128
      충돌 감지됨! 충돌 정보 설정 중...
  checkGJKCollision 완료: 충돌 감지
      충돌 결과: 충돌함
      충돌 정보 객체에 추가
    쌍 25: 'Object4' 와 'Object5'
      narrowPhase 실행...
>> checkGJKCollision 시작: Object4 vs Object5
  볼록 껍질 개수: Object4=128, Object5=128
  모든 볼록 껍질 쌍 검사 완료, 충돌 없음
      충돌 결과: 충돌 없음
    쌍 26: 'Object4' 와 'Object6'
      narrowPhase 실행...
>> checkGJKCollision 시작: Object4 vs Object6
  볼록 껍질 개수: Object4=128, Object6=128
      충돌 감지됨! 충돌 정보 설정 중...
  checkGJKCollision 완료: 충돌 감지
      충돌 결과: 충돌함
      충돌 정보 객체에 추가
    쌍 27: 'Object4' 와 'Object8'
      narrowPhase 실행...
>> checkGJKCollision 시작: Object4 vs Object8
  볼록 껍질 개수: Object4=128, Object8=128
      충돌 감지됨! 충돌 정보 설정 중...
  checkGJKCollision 완료: 충돌 감지
      충돌 결과: 충돌함
      충돌 정보 객체에 추가
    쌍 28: 'Object4' 와 'Object9'
      narrowPhase 실행...
>> checkGJKCollision 시작: Object4 vs Object9
  볼록 껍질 개수: Object4=128, Object9=128
      충돌 감지됨! 충돌 정보 설정 중...
  checkGJKCollision 완료: 충돌 감지
      충돌 결과: 충돌함
      충돌 정보 객체에 추가
    쌍 29: 'Object4' 와 'Object10'
      narrowPhase 실행...
>> checkGJKCollision 시작: Object4 vs Object10
  볼록 껍질 개수: Object4=128, Object10=128
      충돌 감지됨! 충돌 정보 설정 중...
  checkGJKCollision 완료: 충돌 감지
      충돌 결과: 충돌함
      충돌 정보 객체에 추가
    쌍 30: 'Object4' 와 'Object11'
      narrowPhase 실행...
>> checkGJKCollision 시작: Object4 vs Object11
  볼록 껍질 개수: Object4=128, Object11=128
      충돌 감지됨! 충돌 정보 설정 중...
  checkGJKCollision 완료: 충돌 감지
      충돌 결과: 충돌함
      충돌 정보 객체에 추가
    쌍 31: 'Object4' 와 'Object12'
      narrowPhase 실행...
>> checkGJKCollision 시작: Object4 vs Object12
  볼록 껍질 개수: Object4=128, Object12=128
      충돌 감지됨! 충돌 정보 설정 중...
  checkGJKCollision 완료: 충돌 감지
      충돌 결과: 충돌함
      충돌 정보 객체에 추가
    쌍 32: 'Object4' 와 'Object14'
      narrowPhase 실행...
>> checkGJKCollision 시작: Object4 vs Object14
  볼록 껍질 개수: Object4=128, Object14=128
      충돌 감지됨! 충돌 정보 설정 중...
  checkGJKCollision 완료: 충돌 감지
      충돌 결과: 충돌함
      충돌 정보 객체에 추가
    쌍 33: 'Object4' 와 'Object15'
      narrowPhase 실행...
>> checkGJKCollision 시작: Object4 vs Object15
  볼록 껍질 개수: Object4=128, Object15=128
      충돌 감지됨! 충돌 정보 설정 중...
  checkGJKCollision 완료: 충돌 감지
      충돌 결과: 충돌함
      충돌 정보 객체에 추가
    쌍 34: 'Object4' 와 'Object17'
      narrowPhase 실행...
>> checkGJKCollision 시작: Object4 vs Object17
  볼록 껍질 개수: Object4=128, Object17=128
      충돌 감지됨! 충돌 정보 설정 중...
  checkGJKCollision 완료: 충돌 감지
      충돌 결과: 충돌함
      충돌 정보 객체에 추가
    쌍 35: 'Object4' 와 'Object20'
      narrowPhase 실행...
>> checkGJKCollision 시작: Object4 vs Object20
  볼록 껍질 개수: Object4=128, Object20=128
      충돌 감지됨! 충돌 정보 설정 중...
  checkGJKCollision 완료: 충돌 감지
      충돌 결과: 충돌함
      충돌 정보 객체에 추가
    쌍 36: 'Object5' 와 'Object6'
      narrowPhase 실행...
>> checkGJKCollision 시작: Object5 vs Object6
  볼록 껍질 개수: Object5=128, Object6=128
  모든 볼록 껍질 쌍 검사 완료, 충돌 없음
      충돌 결과: 충돌 없음
    쌍 37: 'Object5' 와 'Object8'
      narrowPhase 실행...
>> checkGJKCollision 시작: Object5 vs Object8
  볼록 껍질 개수: Object5=128, Object8=128
  모든 볼록 껍질 쌍 검사 완료, 충돌 없음
      충돌 결과: 충돌 없음
    쌍 38: 'Object5' 와 'Object9'
      narrowPhase 실행...
>> checkGJKCollision 시작: Object5 vs Object9
  볼록 껍질 개수: Object5=128, Object9=128
  모든 볼록 껍질 쌍 검사 완료, 충돌 없음
      충돌 결과: 충돌 없음
    쌍 39: 'Object5' 와 'Object10'
      narrowPhase 실행...
>> checkGJKCollision 시작: Object5 vs Object10
  볼록 껍질 개수: Object5=128, Object10=128
  모든 볼록 껍질 쌍 검사 완료, 충돌 없음
      충돌 결과: 충돌 없음
    쌍 40: 'Object5' 와 'Object12'
      narrowPhase 실행...
>> checkGJKCollision 시작: Object5 vs Object12
  볼록 껍질 개수: Object5=128, Object12=128
  모든 볼록 껍질 쌍 검사 완료, 충돌 없음
      충돌 결과: 충돌 없음
    쌍 41: 'Object5' 와 'Object14'
      narrowPhase 실행...
>> checkGJKCollision 시작: Object5 vs Object14
  볼록 껍질 개수: Object5=128, Object14=128
  모든 볼록 껍질 쌍 검사 완료, 충돌 없음
      충돌 결과: 충돌 없음
    쌍 42: 'Object5' 와 'Object15'
      narrowPhase 실행...
>> checkGJKCollision 시작: Object5 vs Object15
  볼록 껍질 개수: Object5=128, Object15=128
  모든 볼록 껍질 쌍 검사 완료, 충돌 없음
      충돌 결과: 충돌 없음
    쌍 43: 'Object5' 와 'Object17'
      narrowPhase 실행...
>> checkGJKCollision 시작: Object5 vs Object17
  볼록 껍질 개수: Object5=128, Object17=128
  모든 볼록 껍질 쌍 검사 완료, 충돌 없음
      충돌 결과: 충돌 없음
    쌍 44: 'Object5' 와 'Object20'
      narrowPhase 실행...
>> checkGJKCollision 시작: Object5 vs Object20
  볼록 껍질 개수: Object5=128, Object20=128
  모든 볼록 껍질 쌍 검사 완료, 충돌 없음
      충돌 결과: 충돌 없음
    쌍 45: 'Object6' 와 'Object8'
      narrowPhase 실행...
>> checkGJKCollision 시작: Object6 vs Object8
  볼록 껍질 개수: Object6=128, Object8=128
      충돌 감지됨! 충돌 정보 설정 중...
  checkGJKCollision 완료: 충돌 감지
      충돌 결과: 충돌함
      충돌 정보 객체에 추가
    쌍 46: 'Object6' 와 'Object9'
      narrowPhase 실행...
>> checkGJKCollision 시작: Object6 vs Object9
  볼록 껍질 개수: Object6=128, Object9=128
      충돌 감지됨! 충돌 정보 설정 중...
  checkGJKCollision 완료: 충돌 감지
      충돌 결과: 충돌함
      충돌 정보 객체에 추가
    쌍 47: 'Object6' 와 'Object10'
      narrowPhase 실행...
>> checkGJKCollision 시작: Object6 vs Object10
  볼록 껍질 개수: Object6=128, Object10=128
      충돌 감지됨! 충돌 정보 설정 중...
  checkGJKCollision 완료: 충돌 감지
      충돌 결과: 충돌함
      충돌 정보 객체에 추가
    쌍 48: 'Object6' 와 'Object11'
      narrowPhase 실행...
>> checkGJKCollision 시작: Object6 vs Object11
  볼록 껍질 개수: Object6=128, Object11=128
      충돌 감지됨! 충돌 정보 설정 중...
  checkGJKCollision 완료: 충돌 감지
      충돌 결과: 충돌함
      충돌 정보 객체에 추가
    쌍 49: 'Object6' 와 'Object12'
      narrowPhase 실행...
>> checkGJKCollision 시작: Object6 vs Object12
  볼록 껍질 개수: Object6=128, Object12=128
      충돌 감지됨! 충돌 정보 설정 중...
  checkGJKCollision 완료: 충돌 감지
      충돌 결과: 충돌함
      충돌 정보 객체에 추가
    쌍 50: 'Object6' 와 'Object14'
      narrowPhase 실행...
>> checkGJKCollision 시작: Object6 vs Object14
  볼록 껍질 개수: Object6=128, Object14=128
      충돌 감지됨! 충돌 정보 설정 중...
  checkGJKCollision 완료: 충돌 감지
      충돌 결과: 충돌함
      충돌 정보 객체에 추가
    쌍 51: 'Object6' 와 'Object15'
      narrowPhase 실행...
>> checkGJKCollision 시작: Object6 vs Object15
  볼록 껍질 개수: Object6=128, Object15=128
      충돌 감지됨! 충돌 정보 설정 중...
  checkGJKCollision 완료: 충돌 감지
      충돌 결과: 충돌함
      충돌 정보 객체에 추가
    쌍 52: 'Object6' 와 'Object17'
      narrowPhase 실행...
>> checkGJKCollision 시작: Object6 vs Object17
  볼록 껍질 개수: Object6=128, Object17=128
      충돌 감지됨! 충돌 정보 설정 중...
  checkGJKCollision 완료: 충돌 감지
      충돌 결과: 충돌함
      충돌 정보 객체에 추가
    쌍 53: 'Object6' 와 'Object20'
      narrowPhase 실행...
>> checkGJKCollision 시작: Object6 vs Object20
  볼록 껍질 개수: Object6=128, Object20=128
      충돌 감지됨! 충돌 정보 설정 중...
  checkGJKCollision 완료: 충돌 감지
      충돌 결과: 충돌함
      충돌 정보 객체에 추가
    쌍 54: 'Object8' 와 'Object9'
      narrowPhase 실행...
>> checkGJKCollision 시작: Object8 vs Object9
  볼록 껍질 개수: Object8=128, Object9=128
      충돌 감지됨! 충돌 정보 설정 중...
  checkGJKCollision 완료: 충돌 감지
      충돌 결과: 충돌함
      충돌 정보 객체에 추가
    쌍 55: 'Object8' 와 'Object10'
      narrowPhase 실행...
>> checkGJKCollision 시작: Object8 vs Object10
  볼록 껍질 개수: Object8=128, Object10=128
      충돌 감지됨! 충돌 정보 설정 중...
  checkGJKCollision 완료: 충돌 감지
      충돌 결과: 충돌함
      충돌 정보 객체에 추가
    쌍 56: 'Object8' 와 'Object11'
      narrowPhase 실행...
>> checkGJKCollision 시작: Object8 vs Object11
  볼록 껍질 개수: Object8=128, Object11=128
      충돌 감지됨! 충돌 정보 설정 중...
  checkGJKCollision 완료: 충돌 감지
      충돌 결과: 충돌함
      충돌 정보 객체에 추가
    쌍 57: 'Object8' 와 'Object12'
      narrowPhase 실행...
>> checkGJKCollision 시작: Object8 vs Object12
  볼록 껍질 개수: Object8=128, Object12=128
      충돌 감지됨! 충돌 정보 설정 중...
  checkGJKCollision 완료: 충돌 감지
      충돌 결과: 충돌함
      충돌 정보 객체에 추가
    쌍 58: 'Object8' 와 'Object14'
      narrowPhase 실행...
>> checkGJKCollision 시작: Object8 vs Object14
  볼록 껍질 개수: Object8=128, Object14=128
      충돌 감지됨! 충돌 정보 설정 중...
  checkGJKCollision 완료: 충돌 감지
      충돌 결과: 충돌함
      충돌 정보 객체에 추가
    쌍 59: 'Object8' 와 'Object15'
      narrowPhase 실행...
>> checkGJKCollision 시작: Object8 vs Object15
  볼록 껍질 개수: Object8=128, Object15=128
      충돌 감지됨! 충돌 정보 설정 중...
  checkGJKCollision 완료: 충돌 감지
      충돌 결과: 충돌함
      충돌 정보 객체에 추가
    쌍 60: 'Object8' 와 'Object17'
      narrowPhase 실행...
>> checkGJKCollision 시작: Object8 vs Object17
  볼록 껍질 개수: Object8=128, Object17=128
      충돌 감지됨! 충돌 정보 설정 중...
  checkGJKCollision 완료: 충돌 감지
      충돌 결과: 충돌함
      충돌 정보 객체에 추가
    쌍 61: 'Object8' 와 'Object20'
      narrowPhase 실행...
>> checkGJKCollision 시작: Object8 vs Object20
  볼록 껍질 개수: Object8=128, Object20=128
      충돌 감지됨! 충돌 정보 설정 중...
  checkGJKCollision 완료: 충돌 감지
      충돌 결과: 충돌함
      충돌 정보 객체에 추가
    쌍 62: 'Object9' 와 'Object10'
      narrowPhase 실행...
>> checkGJKCollision 시작: Object9 vs Object10
  볼록 껍질 개수: Object9=128, Object10=128
      충돌 감지됨! 충돌 정보 설정 중...
  checkGJKCollision 완료: 충돌 감지
      충돌 결과: 충돌함
      충돌 정보 객체에 추가
    쌍 63: 'Object9' 와 'Object11'
      narrowPhase 실행...
>> checkGJKCollision 시작: Object9 vs Object11
  볼록 껍질 개수: Object9=128, Object11=128
      충돌 감지됨! 충돌 정보 설정 중...
  checkGJKCollision 완료: 충돌 감지
      충돌 결과: 충돌함
      충돌 정보 객체에 추가
    쌍 64: 'Object9' 와 'Object12'
      narrowPhase 실행...
>> checkGJKCollision 시작: Object9 vs Object12
  볼록 껍질 개수: Object9=128, Object12=128
      충돌 감지됨! 충돌 정보 설정 중...
  checkGJKCollision 완료: 충돌 감지
      충돌 결과: 충돌함
      충돌 정보 객체에 추가
    쌍 65: 'Object9' 와 'Object14'
      narrowPhase 실행...
>> checkGJKCollision 시작: Object9 vs Object14
  볼록 껍질 개수: Object9=128, Object14=128
      충돌 감지됨! 충돌 정보 설정 중...
  checkGJKCollision 완료: 충돌 감지
      충돌 결과: 충돌함
      충돌 정보 객체에 추가
    쌍 66: 'Object9' 와 'Object15'
      narrowPhase 실행...
>> checkGJKCollision 시작: Object9 vs Object15
  볼록 껍질 개수: Object9=128, Object15=128
      충돌 감지됨! 충돌 정보 설정 중...
  checkGJKCollision 완료: 충돌 감지
      충돌 결과: 충돌함
      충돌 정보 객체에 추가
    쌍 67: 'Object9' 와 'Object17'
      narrowPhase 실행...
>> checkGJKCollision 시작: Object9 vs Object17
  볼록 껍질 개수: Object9=128, Object17=128
      충돌 감지됨! 충돌 정보 설정 중...
  checkGJKCollision 완료: 충돌 감지
      충돌 결과: 충돌함
      충돌 정보 객체에 추가
    쌍 68: 'Object9' 와 'Object20'
      narrowPhase 실행...
>> checkGJKCollision 시작: Object9 vs Object20
  볼록 껍질 개수: Object9=128, Object20=128
      충돌 감지됨! 충돌 정보 설정 중...
  checkGJKCollision 완료: 충돌 감지
      충돌 결과: 충돌함
      충돌 정보 객체에 추가
    쌍 69: 'Object10' 와 'Object11'
      narrowPhase 실행...
>> checkGJKCollision 시작: Object10 vs Object11
  볼록 껍질 개수: Object10=128, Object11=128
      충돌 감지됨! 충돌 정보 설정 중...
  checkGJKCollision 완료: 충돌 감지
      충돌 결과: 충돌함
      충돌 정보 객체에 추가
    쌍 70: 'Object10' 와 'Object12'
      narrowPhase 실행...
>> checkGJKCollision 시작: Object10 vs Object12
  볼록 껍질 개수: Object10=128, Object12=128
      충돌 감지됨! 충돌 정보 설정 중...
  checkGJKCollision 완료: 충돌 감지
      충돌 결과: 충돌함
      충돌 정보 객체에 추가
    쌍 71: 'Object10' 와 'Object14'
      narrowPhase 실행...
>> checkGJKCollision 시작: Object10 vs Object14
  볼록 껍질 개수: Object10=128, Object14=128
      충돌 감지됨! 충돌 정보 설정 중...
  checkGJKCollision 완료: 충돌 감지
      충돌 결과: 충돌함
      충돌 정보 객체에 추가
    쌍 72: 'Object10' 와 'Object15'
      narrowPhase 실행...
>> checkGJKCollision 시작: Object10 vs Object15
  볼록 껍질 개수: Object10=128, Object15=128
      충돌 감지됨! 충돌 정보 설정 중...
  checkGJKCollision 완료: 충돌 감지
      충돌 결과: 충돌함
      충돌 정보 객체에 추가
    쌍 73: 'Object10' 와 'Object17'
      narrowPhase 실행...
>> checkGJKCollision 시작: Object10 vs Object17
  볼록 껍질 개수: Object10=128, Object17=128
      충돌 감지됨! 충돌 정보 설정 중...
  checkGJKCollision 완료: 충돌 감지
      충돌 결과: 충돌함
      충돌 정보 객체에 추가
    쌍 74: 'Object10' 와 'Object20'
      narrowPhase 실행...
>> checkGJKCollision 시작: Object10 vs Object20
  볼록 껍질 개수: Object10=128, Object20=128
      충돌 감지됨! 충돌 정보 설정 중...
  checkGJKCollision 완료: 충돌 감지
      충돌 결과: 충돌함
      충돌 정보 객체에 추가
    쌍 75: 'Object11' 와 'Object12'
      narrowPhase 실행...
>> checkGJKCollision 시작: Object11 vs Object12
  볼록 껍질 개수: Object11=128, Object12=128
      충돌 감지됨! 충돌 정보 설정 중...
  checkGJKCollision 완료: 충돌 감지
      충돌 결과: 충돌함
      충돌 정보 객체에 추가
    쌍 76: 'Object11' 와 'Object14'
      narrowPhase 실행...
>> checkGJKCollision 시작: Object11 vs Object14
  볼록 껍질 개수: Object11=128, Object14=128
      충돌 감지됨! 충돌 정보 설정 중...
  checkGJKCollision 완료: 충돌 감지
      충돌 결과: 충돌함
      충돌 정보 객체에 추가
    쌍 77: 'Object11' 와 'Object15'
      narrowPhase 실행...
>> checkGJKCollision 시작: Object11 vs Object15
  볼록 껍질 개수: Object11=128, Object15=128
      충돌 감지됨! 충돌 정보 설정 중...
  checkGJKCollision 완료: 충돌 감지
      충돌 결과: 충돌함
      충돌 정보 객체에 추가
    쌍 78: 'Object11' 와 'Object17'
      narrowPhase 실행...
>> checkGJKCollision 시작: Object11 vs Object17
  볼록 껍질 개수: Object11=128, Object17=128
      충돌 감지됨! 충돌 정보 설정 중...
  checkGJKCollision 완료: 충돌 감지
      충돌 결과: 충돌함
      충돌 정보 객체에 추가
    쌍 79: 'Object11' 와 'Object20'
      narrowPhase 실행...
>> checkGJKCollision 시작: Object11 vs Object20
  볼록 껍질 개수: Object11=128, Object20=128
      충돌 감지됨! 충돌 정보 설정 중...
  checkGJKCollision 완료: 충돌 감지
      충돌 결과: 충돌함
      충돌 정보 객체에 추가
    쌍 80: 'Object12' 와 'Object14'
      narrowPhase 실행...
>> checkGJKCollision 시작: Object12 vs Object14
  볼록 껍질 개수: Object12=128, Object14=128
      충돌 감지됨! 충돌 정보 설정 중...
  checkGJKCollision 완료: 충돌 감지
      충돌 결과: 충돌함
      충돌 정보 객체에 추가
    쌍 81: 'Object12' 와 'Object15'
      narrowPhase 실행...
>> checkGJKCollision 시작: Object12 vs Object15
  볼록 껍질 개수: Object12=128, Object15=128
      충돌 감지됨! 충돌 정보 설정 중...
  checkGJKCollision 완료: 충돌 감지
      충돌 결과: 충돌함
      충돌 정보 객체에 추가
    쌍 82: 'Object12' 와 'Object17'
      narrowPhase 실행...
>> checkGJKCollision 시작: Object12 vs Object17
  볼록 껍질 개수: Object12=128, Object17=128
      충돌 감지됨! 충돌 정보 설정 중...
  checkGJKCollision 완료: 충돌 감지
      충돌 결과: 충돌함
      충돌 정보 객체에 추가
    쌍 83: 'Object12' 와 'Object20'
      narrowPhase 실행...
>> checkGJKCollision 시작: Object12 vs Object20
  볼록 껍질 개수: Object12=128, Object20=128
      충돌 감지됨! 충돌 정보 설정 중...
  checkGJKCollision 완료: 충돌 감지
      충돌 결과: 충돌함
      충돌 정보 객체에 추가
    쌍 84: 'Object14' 와 'Object15'
      narrowPhase 실행...
>> checkGJKCollision 시작: Object14 vs Object15
  볼록 껍질 개수: Object14=128, Object15=128
      충돌 감지됨! 충돌 정보 설정 중...
  checkGJKCollision 완료: 충돌 감지
      충돌 결과: 충돌함
      충돌 정보 객체에 추가
    쌍 85: 'Object14' 와 'Object17'
      narrowPhase 실행...
>> checkGJKCollision 시작: Object14 vs Object17
  볼록 껍질 개수: Object14=128, Object17=128
      충돌 감지됨! 충돌 정보 설정 중...
  checkGJKCollision 완료: 충돌 감지
      충돌 결과: 충돌함
      충돌 정보 객체에 추가
    쌍 86: 'Object14' 와 'Object20'
      narrowPhase 실행...
>> checkGJKCollision 시작: Object14 vs Object20
  볼록 껍질 개수: Object14=128, Object20=128
      충돌 감지됨! 충돌 정보 설정 중...
  checkGJKCollision 완료: 충돌 감지
      충돌 결과: 충돌함
      충돌 정보 객체에 추가
    쌍 87: 'Object15' 와 'Object17'
      narrowPhase 실행...
>> checkGJKCollision 시작: Object15 vs Object17
  볼록 껍질 개수: Object15=128, Object17=128
      충돌 감지됨! 충돌 정보 설정 중...
  checkGJKCollision 완료: 충돌 감지
      충돌 결과: 충돌함
      충돌 정보 객체에 추가
    쌍 88: 'Object15' 와 'Object20'
      narrowPhase 실행...
>> checkGJKCollision 시작: Object15 vs Object20
  볼록 껍질 개수: Object15=128, Object20=128
      충돌 감지됨! 충돌 정보 설정 중...
  checkGJKCollision 완료: 충돌 감지
      충돌 결과: 충돌함
      충돌 정보 객체에 추가
    쌍 89: 'Object17' 와 'Object20'
      narrowPhase 실행...
>> checkGJKCollision 시작: Object17 vs Object20
  볼록 껍질 개수: Object17=128, Object20=128
      충돌 감지됨! 충돌 정보 설정 중...
  checkGJKCollision 완료: 충돌 감지
      충돌 결과: 충돌함
      충돌 정보 객체에 추가
  이전 충돌 상태 정리 중...
  충돌 상태 맵 업데이트
CollisionManager::update() - 완료

--- Frame 86 ---
Object0 position: (-6.307765, 6.728262, -8.410320)
Updating objects...
Object1 position: (0.040158, -0.174017, -0.013386)
Updating objects...
Object2 position: (-1.110274, 0.951662, 0.237915)
Updating objects...
Object3 position: (0.011790, -0.027509, 0.055019)
Updating objects...
Object4 position: (-0.237915, -1.110274, -0.951662)
Updating objects...
Object5 position: (0.000976, -0.002929, -0.000488)
Updating objects...
Object6 position: (-1.880352, -0.774263, 0.663655)
Updating objects...
Object7 position: (-0.049630, 0.000000, 0.004963)
Updating objects...
Object8 position: (0.000000, 0.073258, -0.019535)
Updating objects...
Object9 position: (-0.057748, 0.086622, 0.115496)
Updating objects...
Object10 position: (-0.246656, 0.986626, 0.493313)
Updating objects...
Object11 position: (0.009670, 0.000000, -0.082199)
Updating objects...
Object12 position: (3.028577, 1.247063, 1.781516)
Updating objects...
Object13 position: (0.002806, 0.042086, 0.011223)
Updating objects...
Object14 position: (-0.078686, -0.022482, -0.044963)
Updating objects...
Object15 position: (7.343110, -5.711309, 7.343110)
Updating objects...
Object16 position: (0.001378, 0.007580, 0.004824)
Updating objects...
Object17 position: (-3.396327, 0.399568, 2.597188)
Updating objects...
Object18 position: (1.932479, -7.343413, 7.729916)
Updating objects...
Object19 position: (0.133328, 0.066664, -0.133328)
Updating objects...
Running collision detection...
CollisionManager::update() - 시작 (프레임 86)
  객체 목록 크기: 20
  각 객체의 AABB 업데이트 중...
    객체 'Object1' 업데이트
    객체 'Object2' 업데이트
    객체 'Object3' 업데이트
    객체 'Object4' 업데이트
    객체 'Object5' 업데이트
    객체 'Object6' 업데이트
    객체 'Object7' 업데이트
    객체 'Object8' 업데이트
    객체 'Object9' 업데이트
    객체 'Object10' 업데이트
    객체 'Object11' 업데이트
    객체 'Object12' 업데이트
    객체 'Object13' 업데이트
    객체 'Object14' 업데이트
    객체 'Object15' 업데이트
    객체 'Object16' 업데이트
    객체 'Object17' 업데이트
    객체 'Object18' 업데이트
    객체 'Object19' 업데이트
    객체 'Object20' 업데이트
  대략적 충돌 감지(Broad Phase) 중...
    잠재적 충돌 쌍: 89개
  정밀 충돌 감지(Narrow Phase) 시작...
    쌍 1: 'Object2' 와 'Object3'
      narrowPhase 실행...
>> checkGJKCollision 시작: Object2 vs Object3
  볼록 껍질 개수: Object2=128, Object3=128
      충돌 감지됨! 충돌 정보 설정 중...
  checkGJKCollision 완료: 충돌 감지
      충돌 결과: 충돌함
      충돌 정보 객체에 추가
    쌍 2: 'Object2' 와 'Object4'
      narrowPhase 실행...
>> checkGJKCollision 시작: Object2 vs Object4
  볼록 껍질 개수: Object2=128, Object4=128
      충돌 감지됨! 충돌 정보 설정 중...
  checkGJKCollision 완료: 충돌 감지
      충돌 결과: 충돌함
      충돌 정보 객체에 추가
    쌍 3: 'Object2' 와 'Object5'
      narrowPhase 실행...
>> checkGJKCollision 시작: Object2 vs Object5
  볼록 껍질 개수: Object2=128, Object5=128
  모든 볼록 껍질 쌍 검사 완료, 충돌 없음
      충돌 결과: 충돌 없음
    쌍 4: 'Object2' 와 'Object6'
      narrowPhase 실행...
>> checkGJKCollision 시작: Object2 vs Object6
  볼록 껍질 개수: Object2=128, Object6=128
      충돌 감지됨! 충돌 정보 설정 중...
  checkGJKCollision 완료: 충돌 감지
      충돌 결과: 충돌함
      충돌 정보 객체에 추가
    쌍 5: 'Object2' 와 'Object8'
      narrowPhase 실행...
>> checkGJKCollision 시작: Object2 vs Object8
  볼록 껍질 개수: Object2=128, Object8=128
      충돌 감지됨! 충돌 정보 설정 중...
  checkGJKCollision 완료: 충돌 감지
      충돌 결과: 충돌함
      충돌 정보 객체에 추가
    쌍 6: 'Object2' 와 'Object9'
      narrowPhase 실행...
>> checkGJKCollision 시작: Object2 vs Object9
  볼록 껍질 개수: Object2=128, Object9=128
      충돌 감지됨! 충돌 정보 설정 중...
  checkGJKCollision 완료: 충돌 감지
      충돌 결과: 충돌함
      충돌 정보 객체에 추가
    쌍 7: 'Object2' 와 'Object10'
      narrowPhase 실행...
>> checkGJKCollision 시작: Object2 vs Object10
  볼록 껍질 개수: Object2=128, Object10=128
      충돌 감지됨! 충돌 정보 설정 중...
  checkGJKCollision 완료: 충돌 감지
      충돌 결과: 충돌함
      충돌 정보 객체에 추가
    쌍 8: 'Object2' 와 'Object11'
      narrowPhase 실행...
>> checkGJKCollision 시작: Object2 vs Object11
  볼록 껍질 개수: Object2=128, Object11=128
      충돌 감지됨! 충돌 정보 설정 중...
  checkGJKCollision 완료: 충돌 감지
      충돌 결과: 충돌함
      충돌 정보 객체에 추가
    쌍 9: 'Object2' 와 'Object12'
      narrowPhase 실행...
>> checkGJKCollision 시작: Object2 vs Object12
  볼록 껍질 개수: Object2=128, Object12=128
      충돌 감지됨! 충돌 정보 설정 중...
  checkGJKCollision 완료: 충돌 감지
      충돌 결과: 충돌함
      충돌 정보 객체에 추가
    쌍 10: 'Object2' 와 'Object14'
      narrowPhase 실행...
>> checkGJKCollision 시작: Object2 vs Object14
  볼록 껍질 개수: Object2=128, Object14=128
      충돌 감지됨! 충돌 정보 설정 중...
  checkGJKCollision 완료: 충돌 감지
      충돌 결과: 충돌함
      충돌 정보 객체에 추가
    쌍 11: 'Object2' 와 'Object15'
      narrowPhase 실행...
>> checkGJKCollision 시작: Object2 vs Object15
  볼록 껍질 개수: Object2=128, Object15=128
      충돌 감지됨! 충돌 정보 설정 중...
  checkGJKCollision 완료: 충돌 감지
      충돌 결과: 충돌함
      충돌 정보 객체에 추가
    쌍 12: 'Object2' 와 'Object17'
      narrowPhase 실행...
>> checkGJKCollision 시작: Object2 vs Object17
  볼록 껍질 개수: Object2=128, Object17=128
      충돌 감지됨! 충돌 정보 설정 중...
  checkGJKCollision 완료: 충돌 감지
      충돌 결과: 충돌함
      충돌 정보 객체에 추가
    쌍 13: 'Object2' 와 'Object20'
      narrowPhase 실행...
>> checkGJKCollision 시작: Object2 vs Object20
  볼록 껍질 개수: Object2=128, Object20=128
      충돌 감지됨! 충돌 정보 설정 중...
  checkGJKCollision 완료: 충돌 감지
      충돌 결과: 충돌함
      충돌 정보 객체에 추가
    쌍 14: 'Object3' 와 'Object4'
      narrowPhase 실행...
>> checkGJKCollision 시작: Object3 vs Object4
  볼록 껍질 개수: Object3=128, Object4=128
      충돌 감지됨! 충돌 정보 설정 중...
  checkGJKCollision 완료: 충돌 감지
      충돌 결과: 충돌함
      충돌 정보 객체에 추가
    쌍 15: 'Object3' 와 'Object6'
      narrowPhase 실행...
>> checkGJKCollision 시작: Object3 vs Object6
  볼록 껍질 개수: Object3=128, Object6=128
      충돌 감지됨! 충돌 정보 설정 중...
  checkGJKCollision 완료: 충돌 감지
      충돌 결과: 충돌함
      충돌 정보 객체에 추가
    쌍 16: 'Object3' 와 'Object8'
      narrowPhase 실행...
>> checkGJKCollision 시작: Object3 vs Object8
  볼록 껍질 개수: Object3=128, Object8=128
      충돌 감지됨! 충돌 정보 설정 중...
  checkGJKCollision 완료: 충돌 감지
      충돌 결과: 충돌함
      충돌 정보 객체에 추가
    쌍 17: 'Object3' 와 'Object9'
      narrowPhase 실행...
>> checkGJKCollision 시작: Object3 vs Object9
  볼록 껍질 개수: Object3=128, Object9=128
      충돌 감지됨! 충돌 정보 설정 중...
  checkGJKCollision 완료: 충돌 감지
      충돌 결과: 충돌함
      충돌 정보 객체에 추가
    쌍 18: 'Object3' 와 'Object10'
      narrowPhase 실행...
>> checkGJKCollision 시작: Object3 vs Object10
  볼록 껍질 개수: Object3=128, Object10=128
      충돌 감지됨! 충돌 정보 설정 중...
  checkGJKCollision 완료: 충돌 감지
      충돌 결과: 충돌함
      충돌 정보 객체에 추가
    쌍 19: 'Object3' 와 'Object11'
      narrowPhase 실행...
>> checkGJKCollision 시작: Object3 vs Object11
  볼록 껍질 개수: Object3=128, Object11=128
      충돌 감지됨! 충돌 정보 설정 중...
  checkGJKCollision 완료: 충돌 감지
      충돌 결과: 충돌함
      충돌 정보 객체에 추가
    쌍 20: 'Object3' 와 'Object12'
      narrowPhase 실행...
>> checkGJKCollision 시작: Object3 vs Object12
  볼록 껍질 개수: Object3=128, Object12=128
      충돌 감지됨! 충돌 정보 설정 중...
  checkGJKCollision 완료: 충돌 감지
      충돌 결과: 충돌함
      충돌 정보 객체에 추가
    쌍 21: 'Object3' 와 'Object14'
      narrowPhase 실행...
>> checkGJKCollision 시작: Object3 vs Object14
  볼록 껍질 개수: Object3=128, Object14=128
      충돌 감지됨! 충돌 정보 설정 중...
  checkGJKCollision 완료: 충돌 감지
      충돌 결과: 충돌함
      충돌 정보 객체에 추가
    쌍 22: 'Object3' 와 'Object15'
      narrowPhase 실행...
>> checkGJKCollision 시작: Object3 vs Object15
  볼록 껍질 개수: Object3=128, Object15=128
      충돌 감지됨! 충돌 정보 설정 중...
  checkGJKCollision 완료: 충돌 감지
      충돌 결과: 충돌함
      충돌 정보 객체에 추가
    쌍 23: 'Object3' 와 'Object17'
      narrowPhase 실행...
>> checkGJKCollision 시작: Object3 vs Object17
  볼록 껍질 개수: Object3=128, Object17=128
      충돌 감지됨! 충돌 정보 설정 중...
  checkGJKCollision 완료: 충돌 감지
      충돌 결과: 충돌함
      충돌 정보 객체에 추가
    쌍 24: 'Object3' 와 'Object20'
      narrowPhase 실행...
>> checkGJKCollision 시작: Object3 vs Object20
  볼록 껍질 개수: Object3=128, Object20=128
      충돌 감지됨! 충돌 정보 설정 중...
  checkGJKCollision 완료: 충돌 감지
      충돌 결과: 충돌함
      충돌 정보 객체에 추가
    쌍 25: 'Object4' 와 'Object5'
      narrowPhase 실행...
>> checkGJKCollision 시작: Object4 vs Object5
  볼록 껍질 개수: Object4=128, Object5=128
  모든 볼록 껍질 쌍 검사 완료, 충돌 없음
      충돌 결과: 충돌 없음
    쌍 26: 'Object4' 와 'Object6'
      narrowPhase 실행...
>> checkGJKCollision 시작: Object4 vs Object6
  볼록 껍질 개수: Object4=128, Object6=128
      충돌 감지됨! 충돌 정보 설정 중...
  checkGJKCollision 완료: 충돌 감지
      충돌 결과: 충돌함
      충돌 정보 객체에 추가
    쌍 27: 'Object4' 와 'Object8'
      narrowPhase 실행...
>> checkGJKCollision 시작: Object4 vs Object8
  볼록 껍질 개수: Object4=128, Object8=128
      충돌 감지됨! 충돌 정보 설정 중...
  checkGJKCollision 완료: 충돌 감지
      충돌 결과: 충돌함
      충돌 정보 객체에 추가
    쌍 28: 'Object4' 와 'Object9'
      narrowPhase 실행...
>> checkGJKCollision 시작: Object4 vs Object9
  볼록 껍질 개수: Object4=128, Object9=128
      충돌 감지됨! 충돌 정보 설정 중...
  checkGJKCollision 완료: 충돌 감지
      충돌 결과: 충돌함
      충돌 정보 객체에 추가
    쌍 29: 'Object4' 와 'Object10'
      narrowPhase 실행...
>> checkGJKCollision 시작: Object4 vs Object10
  볼록 껍질 개수: Object4=128, Object10=128
      충돌 감지됨! 충돌 정보 설정 중...
  checkGJKCollision 완료: 충돌 감지
      충돌 결과: 충돌함
      충돌 정보 객체에 추가
    쌍 30: 'Object4' 와 'Object11'
      narrowPhase 실행...
>> checkGJKCollision 시작: Object4 vs Object11
  볼록 껍질 개수: Object4=128, Object11=128
      충돌 감지됨! 충돌 정보 설정 중...
  checkGJKCollision 완료: 충돌 감지
      충돌 결과: 충돌함
      충돌 정보 객체에 추가
    쌍 31: 'Object4' 와 'Object12'
      narrowPhase 실행...
>> checkGJKCollision 시작: Object4 vs Object12
  볼록 껍질 개수: Object4=128, Object12=128
      충돌 감지됨! 충돌 정보 설정 중...
  checkGJKCollision 완료: 충돌 감지
      충돌 결과: 충돌함
      충돌 정보 객체에 추가
    쌍 32: 'Object4' 와 'Object14'
      narrowPhase 실행...
>> checkGJKCollision 시작: Object4 vs Object14
  볼록 껍질 개수: Object4=128, Object14=128
      충돌 감지됨! 충돌 정보 설정 중...
  checkGJKCollision 완료: 충돌 감지
      충돌 결과: 충돌함
      충돌 정보 객체에 추가
    쌍 33: 'Object4' 와 'Object15'
      narrowPhase 실행...
>> checkGJKCollision 시작: Object4 vs Object15
  볼록 껍질 개수: Object4=128, Object15=128
      충돌 감지됨! 충돌 정보 설정 중...
  checkGJKCollision 완료: 충돌 감지
      충돌 결과: 충돌함
      충돌 정보 객체에 추가
    쌍 34: 'Object4' 와 'Object17'
      narrowPhase 실행...
>> checkGJKCollision 시작: Object4 vs Object17
  볼록 껍질 개수: Object4=128, Object17=128
      충돌 감지됨! 충돌 정보 설정 중...
  checkGJKCollision 완료: 충돌 감지
      충돌 결과: 충돌함
      충돌 정보 객체에 추가
    쌍 35: 'Object4' 와 'Object20'
      narrowPhase 실행...
>> checkGJKCollision 시작: Object4 vs Object20
  볼록 껍질 개수: Object4=128, Object20=128
      충돌 감지됨! 충돌 정보 설정 중...
  checkGJKCollision 완료: 충돌 감지
      충돌 결과: 충돌함
      충돌 정보 객체에 추가
    쌍 36: 'Object5' 와 'Object6'
      narrowPhase 실행...
>> checkGJKCollision 시작: Object5 vs Object6
  볼록 껍질 개수: Object5=128, Object6=128
  모든 볼록 껍질 쌍 검사 완료, 충돌 없음
      충돌 결과: 충돌 없음
    쌍 37: 'Object5' 와 'Object8'
      narrowPhase 실행...
>> checkGJKCollision 시작: Object5 vs Object8
  볼록 껍질 개수: Object5=128, Object8=128
  모든 볼록 껍질 쌍 검사 완료, 충돌 없음
      충돌 결과: 충돌 없음
    쌍 38: 'Object5' 와 'Object9'
      narrowPhase 실행...
>> checkGJKCollision 시작: Object5 vs Object9
  볼록 껍질 개수: Object5=128, Object9=128
  모든 볼록 껍질 쌍 검사 완료, 충돌 없음
      충돌 결과: 충돌 없음
    쌍 39: 'Object5' 와 'Object10'
      narrowPhase 실행...
>> checkGJKCollision 시작: Object5 vs Object10
  볼록 껍질 개수: Object5=128, Object10=128
  모든 볼록 껍질 쌍 검사 완료, 충돌 없음
      충돌 결과: 충돌 없음
    쌍 40: 'Object5' 와 'Object12'
      narrowPhase 실행...
>> checkGJKCollision 시작: Object5 vs Object12
  볼록 껍질 개수: Object5=128, Object12=128
  모든 볼록 껍질 쌍 검사 완료, 충돌 없음
      충돌 결과: 충돌 없음
    쌍 41: 'Object5' 와 'Object14'
      narrowPhase 실행...
>> checkGJKCollision 시작: Object5 vs Object14
  볼록 껍질 개수: Object5=128, Object14=128
  모든 볼록 껍질 쌍 검사 완료, 충돌 없음
      충돌 결과: 충돌 없음
    쌍 42: 'Object5' 와 'Object15'
      narrowPhase 실행...
>> checkGJKCollision 시작: Object5 vs Object15
  볼록 껍질 개수: Object5=128, Object15=128
  모든 볼록 껍질 쌍 검사 완료, 충돌 없음
      충돌 결과: 충돌 없음
    쌍 43: 'Object5' 와 'Object17'
      narrowPhase 실행...
>> checkGJKCollision 시작: Object5 vs Object17
  볼록 껍질 개수: Object5=128, Object17=128
  모든 볼록 껍질 쌍 검사 완료, 충돌 없음
      충돌 결과: 충돌 없음
    쌍 44: 'Object5' 와 'Object20'
      narrowPhase 실행...
>> checkGJKCollision 시작: Object5 vs Object20
  볼록 껍질 개수: Object5=128, Object20=128
  모든 볼록 껍질 쌍 검사 완료, 충돌 없음
      충돌 결과: 충돌 없음
    쌍 45: 'Object6' 와 'Object8'
      narrowPhase 실행...
>> checkGJKCollision 시작: Object6 vs Object8
  볼록 껍질 개수: Object6=128, Object8=128
      충돌 감지됨! 충돌 정보 설정 중...
  checkGJKCollision 완료: 충돌 감지
      충돌 결과: 충돌함
      충돌 정보 객체에 추가
    쌍 46: 'Object6' 와 'Object9'
      narrowPhase 실행...
>> checkGJKCollision 시작: Object6 vs Object9
  볼록 껍질 개수: Object6=128, Object9=128
      충돌 감지됨! 충돌 정보 설정 중...
  checkGJKCollision 완료: 충돌 감지
      충돌 결과: 충돌함
      충돌 정보 객체에 추가
    쌍 47: 'Object6' 와 'Object10'
      narrowPhase 실행...
>> checkGJKCollision 시작: Object6 vs Object10
  볼록 껍질 개수: Object6=128, Object10=128
      충돌 감지됨! 충돌 정보 설정 중...
  checkGJKCollision 완료: 충돌 감지
      충돌 결과: 충돌함
      충돌 정보 객체에 추가
    쌍 48: 'Object6' 와 'Object11'
      narrowPhase 실행...
>> checkGJKCollision 시작: Object6 vs Object11
  볼록 껍질 개수: Object6=128, Object11=128
      충돌 감지됨! 충돌 정보 설정 중...
  checkGJKCollision 완료: 충돌 감지
      충돌 결과: 충돌함
      충돌 정보 객체에 추가
    쌍 49: 'Object6' 와 'Object12'
      narrowPhase 실행...
>> checkGJKCollision 시작: Object6 vs Object12
  볼록 껍질 개수: Object6=128, Object12=128
      충돌 감지됨! 충돌 정보 설정 중...
  checkGJKCollision 완료: 충돌 감지
      충돌 결과: 충돌함
      충돌 정보 객체에 추가
    쌍 50: 'Object6' 와 'Object14'
      narrowPhase 실행...
>> checkGJKCollision 시작: Object6 vs Object14
  볼록 껍질 개수: Object6=128, Object14=128
      충돌 감지됨! 충돌 정보 설정 중...
  checkGJKCollision 완료: 충돌 감지
      충돌 결과: 충돌함
      충돌 정보 객체에 추가
    쌍 51: 'Object6' 와 'Object15'
      narrowPhase 실행...
>> checkGJKCollision 시작: Object6 vs Object15
  볼록 껍질 개수: Object6=128, Object15=128
      충돌 감지됨! 충돌 정보 설정 중...
  checkGJKCollision 완료: 충돌 감지
      충돌 결과: 충돌함
      충돌 정보 객체에 추가
    쌍 52: 'Object6' 와 'Object17'
      narrowPhase 실행...
>> checkGJKCollision 시작: Object6 vs Object17
  볼록 껍질 개수: Object6=128, Object17=128
      충돌 감지됨! 충돌 정보 설정 중...
  checkGJKCollision 완료: 충돌 감지
      충돌 결과: 충돌함
      충돌 정보 객체에 추가
    쌍 53: 'Object6' 와 'Object20'
      narrowPhase 실행...
>> checkGJKCollision 시작: Object6 vs Object20
  볼록 껍질 개수: Object6=128, Object20=128
      충돌 감지됨! 충돌 정보 설정 중...
  checkGJKCollision 완료: 충돌 감지
      충돌 결과: 충돌함
      충돌 정보 객체에 추가
    쌍 54: 'Object8' 와 'Object9'
      narrowPhase 실행...
>> checkGJKCollision 시작: Object8 vs Object9
  볼록 껍질 개수: Object8=128, Object9=128
      충돌 감지됨! 충돌 정보 설정 중...
  checkGJKCollision 완료: 충돌 감지
      충돌 결과: 충돌함
      충돌 정보 객체에 추가
    쌍 55: 'Object8' 와 'Object10'
      narrowPhase 실행...
>> checkGJKCollision 시작: Object8 vs Object10
  볼록 껍질 개수: Object8=128, Object10=128
      충돌 감지됨! 충돌 정보 설정 중...
  checkGJKCollision 완료: 충돌 감지
      충돌 결과: 충돌함
      충돌 정보 객체에 추가
    쌍 56: 'Object8' 와 'Object11'
      narrowPhase 실행...
>> checkGJKCollision 시작: Object8 vs Object11
  볼록 껍질 개수: Object8=128, Object11=128
      충돌 감지됨! 충돌 정보 설정 중...
  checkGJKCollision 완료: 충돌 감지
      충돌 결과: 충돌함
      충돌 정보 객체에 추가
    쌍 57: 'Object8' 와 'Object12'
      narrowPhase 실행...
>> checkGJKCollision 시작: Object8 vs Object12
  볼록 껍질 개수: Object8=128, Object12=128
      충돌 감지됨! 충돌 정보 설정 중...
  checkGJKCollision 완료: 충돌 감지
      충돌 결과: 충돌함
      충돌 정보 객체에 추가
    쌍 58: 'Object8' 와 'Object14'
      narrowPhase 실행...
>> checkGJKCollision 시작: Object8 vs Object14
  볼록 껍질 개수: Object8=128, Object14=128
      충돌 감지됨! 충돌 정보 설정 중...
  checkGJKCollision 완료: 충돌 감지
      충돌 결과: 충돌함
      충돌 정보 객체에 추가
    쌍 59: 'Object8' 와 'Object15'
      narrowPhase 실행...
>> checkGJKCollision 시작: Object8 vs Object15
  볼록 껍질 개수: Object8=128, Object15=128
      충돌 감지됨! 충돌 정보 설정 중...
  checkGJKCollision 완료: 충돌 감지
      충돌 결과: 충돌함
      충돌 정보 객체에 추가
    쌍 60: 'Object8' 와 'Object17'
      narrowPhase 실행...
>> checkGJKCollision 시작: Object8 vs Object17
  볼록 껍질 개수: Object8=128, Object17=128
      충돌 감지됨! 충돌 정보 설정 중...
  checkGJKCollision 완료: 충돌 감지
      충돌 결과: 충돌함
      충돌 정보 객체에 추가
    쌍 61: 'Object8' 와 'Object20'
      narrowPhase 실행...
>> checkGJKCollision 시작: Object8 vs Object20
  볼록 껍질 개수: Object8=128, Object20=128
      충돌 감지됨! 충돌 정보 설정 중...
  checkGJKCollision 완료: 충돌 감지
      충돌 결과: 충돌함
      충돌 정보 객체에 추가
    쌍 62: 'Object9' 와 'Object10'
      narrowPhase 실행...
>> checkGJKCollision 시작: Object9 vs Object10
  볼록 껍질 개수: Object9=128, Object10=128
      충돌 감지됨! 충돌 정보 설정 중...
  checkGJKCollision 완료: 충돌 감지
      충돌 결과: 충돌함
      충돌 정보 객체에 추가
    쌍 63: 'Object9' 와 'Object11'
      narrowPhase 실행...
>> checkGJKCollision 시작: Object9 vs Object11
  볼록 껍질 개수: Object9=128, Object11=128
      충돌 감지됨! 충돌 정보 설정 중...
  checkGJKCollision 완료: 충돌 감지
      충돌 결과: 충돌함
      충돌 정보 객체에 추가
    쌍 64: 'Object9' 와 'Object12'
      narrowPhase 실행...
>> checkGJKCollision 시작: Object9 vs Object12
  볼록 껍질 개수: Object9=128, Object12=128
      충돌 감지됨! 충돌 정보 설정 중...
  checkGJKCollision 완료: 충돌 감지
      충돌 결과: 충돌함
      충돌 정보 객체에 추가
    쌍 65: 'Object9' 와 'Object14'
      narrowPhase 실행...
>> checkGJKCollision 시작: Object9 vs Object14
  볼록 껍질 개수: Object9=128, Object14=128
      충돌 감지됨! 충돌 정보 설정 중...
  checkGJKCollision 완료: 충돌 감지
      충돌 결과: 충돌함
      충돌 정보 객체에 추가
    쌍 66: 'Object9' 와 'Object15'
      narrowPhase 실행...
>> checkGJKCollision 시작: Object9 vs Object15
  볼록 껍질 개수: Object9=128, Object15=128
      충돌 감지됨! 충돌 정보 설정 중...
  checkGJKCollision 완료: 충돌 감지
      충돌 결과: 충돌함
      충돌 정보 객체에 추가
    쌍 67: 'Object9' 와 'Object17'
      narrowPhase 실행...
>> checkGJKCollision 시작: Object9 vs Object17
  볼록 껍질 개수: Object9=128, Object17=128
      충돌 감지됨! 충돌 정보 설정 중...
  checkGJKCollision 완료: 충돌 감지
      충돌 결과: 충돌함
      충돌 정보 객체에 추가
    쌍 68: 'Object9' 와 'Object20'
      narrowPhase 실행...
>> checkGJKCollision 시작: Object9 vs Object20
  볼록 껍질 개수: Object9=128, Object20=128
      충돌 감지됨! 충돌 정보 설정 중...
  checkGJKCollision 완료: 충돌 감지
      충돌 결과: 충돌함
      충돌 정보 객체에 추가
    쌍 69: 'Object10' 와 'Object11'
      narrowPhase 실행...
>> checkGJKCollision 시작: Object10 vs Object11
  볼록 껍질 개수: Object10=128, Object11=128
      충돌 감지됨! 충돌 정보 설정 중...
  checkGJKCollision 완료: 충돌 감지
      충돌 결과: 충돌함
      충돌 정보 객체에 추가
    쌍 70: 'Object10' 와 'Object12'
      narrowPhase 실행...
>> checkGJKCollision 시작: Object10 vs Object12
  볼록 껍질 개수: Object10=128, Object12=128
      충돌 감지됨! 충돌 정보 설정 중...
  checkGJKCollision 완료: 충돌 감지
      충돌 결과: 충돌함
      충돌 정보 객체에 추가
    쌍 71: 'Object10' 와 'Object14'
      narrowPhase 실행...
>> checkGJKCollision 시작: Object10 vs Object14
  볼록 껍질 개수: Object10=128, Object14=128
      충돌 감지됨! 충돌 정보 설정 중...
  checkGJKCollision 완료: 충돌 감지
      충돌 결과: 충돌함
      충돌 정보 객체에 추가
    쌍 72: 'Object10' 와 'Object15'
      narrowPhase 실행...
>> checkGJKCollision 시작: Object10 vs Object15
  볼록 껍질 개수: Object10=128, Object15=128
      충돌 감지됨! 충돌 정보 설정 중...
  checkGJKCollision 완료: 충돌 감지
      충돌 결과: 충돌함
      충돌 정보 객체에 추가
    쌍 73: 'Object10' 와 'Object17'
      narrowPhase 실행...
>> checkGJKCollision 시작: Object10 vs Object17
  볼록 껍질 개수: Object10=128, Object17=128
      충돌 감지됨! 충돌 정보 설정 중...
  checkGJKCollision 완료: 충돌 감지
      충돌 결과: 충돌함
      충돌 정보 객체에 추가
    쌍 74: 'Object10' 와 'Object20'
      narrowPhase 실행...
>> checkGJKCollision 시작: Object10 vs Object20
  볼록 껍질 개수: Object10=128, Object20=128
      충돌 감지됨! 충돌 정보 설정 중...
  checkGJKCollision 완료: 충돌 감지
      충돌 결과: 충돌함
      충돌 정보 객체에 추가
    쌍 75: 'Object11' 와 'Object12'
      narrowPhase 실행...
>> checkGJKCollision 시작: Object11 vs Object12
  볼록 껍질 개수: Object11=128, Object12=128
      충돌 감지됨! 충돌 정보 설정 중...
  checkGJKCollision 완료: 충돌 감지
      충돌 결과: 충돌함
      충돌 정보 객체에 추가
    쌍 76: 'Object11' 와 'Object14'
      narrowPhase 실행...
>> checkGJKCollision 시작: Object11 vs Object14
  볼록 껍질 개수: Object11=128, Object14=128
      충돌 감지됨! 충돌 정보 설정 중...
  checkGJKCollision 완료: 충돌 감지
      충돌 결과: 충돌함
      충돌 정보 객체에 추가
    쌍 77: 'Object11' 와 'Object15'
      narrowPhase 실행...
>> checkGJKCollision 시작: Object11 vs Object15
  볼록 껍질 개수: Object11=128, Object15=128
      충돌 감지됨! 충돌 정보 설정 중...
  checkGJKCollision 완료: 충돌 감지
      충돌 결과: 충돌함
      충돌 정보 객체에 추가
    쌍 78: 'Object11' 와 'Object17'
      narrowPhase 실행...
>> checkGJKCollision 시작: Object11 vs Object17
  볼록 껍질 개수: Object11=128, Object17=128
      충돌 감지됨! 충돌 정보 설정 중...
  checkGJKCollision 완료: 충돌 감지
      충돌 결과: 충돌함
      충돌 정보 객체에 추가
    쌍 79: 'Object11' 와 'Object20'
      narrowPhase 실행...
>> checkGJKCollision 시작: Object11 vs Object20
  볼록 껍질 개수: Object11=128, Object20=128
      충돌 감지됨! 충돌 정보 설정 중...
  checkGJKCollision 완료: 충돌 감지
      충돌 결과: 충돌함
      충돌 정보 객체에 추가
    쌍 80: 'Object12' 와 'Object14'
      narrowPhase 실행...
>> checkGJKCollision 시작: Object12 vs Object14
  볼록 껍질 개수: Object12=128, Object14=128
      충돌 감지됨! 충돌 정보 설정 중...
  checkGJKCollision 완료: 충돌 감지
      충돌 결과: 충돌함
      충돌 정보 객체에 추가
    쌍 81: 'Object12' 와 'Object15'
      narrowPhase 실행...
>> checkGJKCollision 시작: Object12 vs Object15
  볼록 껍질 개수: Object12=128, Object15=128
      충돌 감지됨! 충돌 정보 설정 중...
  checkGJKCollision 완료: 충돌 감지
      충돌 결과: 충돌함
      충돌 정보 객체에 추가
    쌍 82: 'Object12' 와 'Object17'
      narrowPhase 실행...
>> checkGJKCollision 시작: Object12 vs Object17
  볼록 껍질 개수: Object12=128, Object17=128
      충돌 감지됨! 충돌 정보 설정 중...
  checkGJKCollision 완료: 충돌 감지
      충돌 결과: 충돌함
      충돌 정보 객체에 추가
    쌍 83: 'Object12' 와 'Object20'
      narrowPhase 실행...
>> checkGJKCollision 시작: Object12 vs Object20
  볼록 껍질 개수: Object12=128, Object20=128
      충돌 감지됨! 충돌 정보 설정 중...
  checkGJKCollision 완료: 충돌 감지
      충돌 결과: 충돌함
      충돌 정보 객체에 추가
    쌍 84: 'Object14' 와 'Object15'
      narrowPhase 실행...
>> checkGJKCollision 시작: Object14 vs Object15
  볼록 껍질 개수: Object14=128, Object15=128
      충돌 감지됨! 충돌 정보 설정 중...
  checkGJKCollision 완료: 충돌 감지
      충돌 결과: 충돌함
      충돌 정보 객체에 추가
    쌍 85: 'Object14' 와 'Object17'
      narrowPhase 실행...
>> checkGJKCollision 시작: Object14 vs Object17
  볼록 껍질 개수: Object14=128, Object17=128
      충돌 감지됨! 충돌 정보 설정 중...
  checkGJKCollision 완료: 충돌 감지
      충돌 결과: 충돌함
      충돌 정보 객체에 추가
    쌍 86: 'Object14' 와 'Object20'
      narrowPhase 실행...
>> checkGJKCollision 시작: Object14 vs Object20
  볼록 껍질 개수: Object14=128, Object20=128
      충돌 감지됨! 충돌 정보 설정 중...
  checkGJKCollision 완료: 충돌 감지
      충돌 결과: 충돌함
      충돌 정보 객체에 추가
    쌍 87: 'Object15' 와 'Object17'
      narrowPhase 실행...
>> checkGJKCollision 시작: Object15 vs Object17
  볼록 껍질 개수: Object15=128, Object17=128
      충돌 감지됨! 충돌 정보 설정 중...
  checkGJKCollision 완료: 충돌 감지
      충돌 결과: 충돌함
      충돌 정보 객체에 추가
    쌍 88: 'Object15' 와 'Object20'
      narrowPhase 실행...
>> checkGJKCollision 시작: Object15 vs Object20
  볼록 껍질 개수: Object15=128, Object20=128
      충돌 감지됨! 충돌 정보 설정 중...
  checkGJKCollision 완료: 충돌 감지
      충돌 결과: 충돌함
      충돌 정보 객체에 추가
    쌍 89: 'Object17' 와 'Object20'
      narrowPhase 실행...
>> checkGJKCollision 시작: Object17 vs Object20
  볼록 껍질 개수: Object17=128, Object20=128
      충돌 감지됨! 충돌 정보 설정 중...
  checkGJKCollision 완료: 충돌 감지
      충돌 결과: 충돌함
      충돌 정보 객체에 추가
  이전 충돌 상태 정리 중...
  충돌 상태 맵 업데이트
CollisionManager::update() - 완료

--- Frame 87 ---
Object0 position: (-6.206692, 6.620451, -8.275557)
Updating objects...
Object1 position: (-0.004688, 0.020316, 0.001563)
Updating objects...
Object2 position: (-0.960394, 0.823193, 0.205798)
Updating objects...
Object3 position: (-0.025858, 0.060335, -0.120669)
Updating objects...
Object4 position: (-0.205798, -0.960394, -0.823193)
Updating objects...
Object5 position: (-0.061493, 0.184480, 0.030747)
Updating objects...
Object6 position: (-1.704542, -0.701870, 0.601604)
Updating objects...
Object7 position: (0.149378, 0.000000, -0.014938)
Updating objects...
Object8 position: (0.000000, -0.119989, 0.031997)
Updating objects...
Object9 position: (0.016530, -0.024795, -0.033060)
Updating objects...
Object10 position: (-0.203013, 0.812051, 0.406026)
Updating objects...
Object11 position: (-0.013698, 0.000000, 0.116431)
Updating objects...
Object12 position: (2.866119, 1.180168, 1.685952)
Updating objects...
Object13 position: (-0.010051, -0.150761, -0.040203)
Updating objects...
Object14 position: (0.089854, 0.025673, 0.051345)
Updating objects...
Object15 position: (7.219193, -5.614929, 7.219193)
Updating objects...
Object16 position: (-0.028946, -0.159202, -0.101310)
Updating objects...
Object17 position: (-3.238145, 0.380958, 2.476225)
Updating objects...
Object18 position: (1.896810, -7.207871, 7.587240)
Updating objects...
Object19 position: (-0.000005, -0.000002, 0.000005)
Updating objects...
Running collision detection...
CollisionManager::update() - 시작 (프레임 87)
  객체 목록 크기: 20
  각 객체의 AABB 업데이트 중...
    객체 'Object1' 업데이트
    객체 'Object2' 업데이트
    객체 'Object3' 업데이트
    객체 'Object4' 업데이트
    객체 'Object5' 업데이트
    객체 'Object6' 업데이트
    객체 'Object7' 업데이트
    객체 'Object8' 업데이트
    객체 'Object9' 업데이트
    객체 'Object10' 업데이트
    객체 'Object11' 업데이트
    객체 'Object12' 업데이트
    객체 'Object13' 업데이트
    객체 'Object14' 업데이트
    객체 'Object15' 업데이트
    객체 'Object16' 업데이트
    객체 'Object17' 업데이트
    객체 'Object18' 업데이트
    객체 'Object19' 업데이트
    객체 'Object20' 업데이트
  대략적 충돌 감지(Broad Phase) 중...
    잠재적 충돌 쌍: 97개
  정밀 충돌 감지(Narrow Phase) 시작...
    쌍 1: 'Object2' 와 'Object3'
      narrowPhase 실행...
>> checkGJKCollision 시작: Object2 vs Object3
  볼록 껍질 개수: Object2=128, Object3=128
      충돌 감지됨! 충돌 정보 설정 중...
  checkGJKCollision 완료: 충돌 감지
      충돌 결과: 충돌함
      충돌 정보 객체에 추가
    쌍 2: 'Object2' 와 'Object4'
      narrowPhase 실행...
>> checkGJKCollision 시작: Object2 vs Object4
  볼록 껍질 개수: Object2=128, Object4=128
      충돌 감지됨! 충돌 정보 설정 중...
  checkGJKCollision 완료: 충돌 감지
      충돌 결과: 충돌함
      충돌 정보 객체에 추가
    쌍 3: 'Object2' 와 'Object5'
      narrowPhase 실행...
>> checkGJKCollision 시작: Object2 vs Object5
  볼록 껍질 개수: Object2=128, Object5=128
  모든 볼록 껍질 쌍 검사 완료, 충돌 없음
      충돌 결과: 충돌 없음
    쌍 4: 'Object2' 와 'Object6'
      narrowPhase 실행...
>> checkGJKCollision 시작: Object2 vs Object6
  볼록 껍질 개수: Object2=128, Object6=128
      충돌 감지됨! 충돌 정보 설정 중...
  checkGJKCollision 완료: 충돌 감지
      충돌 결과: 충돌함
      충돌 정보 객체에 추가
    쌍 5: 'Object2' 와 'Object7'
      narrowPhase 실행...
>> checkGJKCollision 시작: Object2 vs Object7
  볼록 껍질 개수: Object2=128, Object7=128
  모든 볼록 껍질 쌍 검사 완료, 충돌 없음
      충돌 결과: 충돌 없음
    쌍 6: 'Object2' 와 'Object8'
      narrowPhase 실행...
>> checkGJKCollision 시작: Object2 vs Object8
  볼록 껍질 개수: Object2=128, Object8=128
      충돌 감지됨! 충돌 정보 설정 중...
  checkGJKCollision 완료: 충돌 감지
      충돌 결과: 충돌함
      충돌 정보 객체에 추가
    쌍 7: 'Object2' 와 'Object9'
      narrowPhase 실행...
>> checkGJKCollision 시작: Object2 vs Object9
  볼록 껍질 개수: Object2=128, Object9=128
      충돌 감지됨! 충돌 정보 설정 중...
  checkGJKCollision 완료: 충돌 감지
      충돌 결과: 충돌함
      충돌 정보 객체에 추가
    쌍 8: 'Object2' 와 'Object10'
      narrowPhase 실행...
>> checkGJKCollision 시작: Object2 vs Object10
  볼록 껍질 개수: Object2=128, Object10=128
      충돌 감지됨! 충돌 정보 설정 중...
  checkGJKCollision 완료: 충돌 감지
      충돌 결과: 충돌함
      충돌 정보 객체에 추가
    쌍 9: 'Object2' 와 'Object11'
      narrowPhase 실행...
>> checkGJKCollision 시작: Object2 vs Object11
  볼록 껍질 개수: Object2=128, Object11=128
      충돌 감지됨! 충돌 정보 설정 중...
  checkGJKCollision 완료: 충돌 감지
      충돌 결과: 충돌함
      충돌 정보 객체에 추가
    쌍 10: 'Object2' 와 'Object12'
      narrowPhase 실행...
>> checkGJKCollision 시작: Object2 vs Object12
  볼록 껍질 개수: Object2=128, Object12=128
      충돌 감지됨! 충돌 정보 설정 중...
  checkGJKCollision 완료: 충돌 감지
      충돌 결과: 충돌함
      충돌 정보 객체에 추가
    쌍 11: 'Object2' 와 'Object14'
      narrowPhase 실행...
>> checkGJKCollision 시작: Object2 vs Object14
  볼록 껍질 개수: Object2=128, Object14=128
      충돌 감지됨! 충돌 정보 설정 중...
  checkGJKCollision 완료: 충돌 감지
      충돌 결과: 충돌함
      충돌 정보 객체에 추가
    쌍 12: 'Object2' 와 'Object15'
      narrowPhase 실행...
>> checkGJKCollision 시작: Object2 vs Object15
  볼록 껍질 개수: Object2=128, Object15=128
      충돌 감지됨! 충돌 정보 설정 중...
  checkGJKCollision 완료: 충돌 감지
      충돌 결과: 충돌함
      충돌 정보 객체에 추가
    쌍 13: 'Object2' 와 'Object17'
      narrowPhase 실행...
>> checkGJKCollision 시작: Object2 vs Object17
  볼록 껍질 개수: Object2=128, Object17=128
      충돌 감지됨! 충돌 정보 설정 중...
  checkGJKCollision 완료: 충돌 감지
      충돌 결과: 충돌함
      충돌 정보 객체에 추가
    쌍 14: 'Object2' 와 'Object20'
      narrowPhase 실행...
>> checkGJKCollision 시작: Object2 vs Object20
  볼록 껍질 개수: Object2=128, Object20=128
      충돌 감지됨! 충돌 정보 설정 중...
  checkGJKCollision 완료: 충돌 감지
      충돌 결과: 충돌함
      충돌 정보 객체에 추가
    쌍 15: 'Object3' 와 'Object4'
      narrowPhase 실행...
>> checkGJKCollision 시작: Object3 vs Object4
  볼록 껍질 개수: Object3=128, Object4=128
      충돌 감지됨! 충돌 정보 설정 중...
  checkGJKCollision 완료: 충돌 감지
      충돌 결과: 충돌함
      충돌 정보 객체에 추가
    쌍 16: 'Object3' 와 'Object6'
      narrowPhase 실행...
>> checkGJKCollision 시작: Object3 vs Object6
  볼록 껍질 개수: Object3=128, Object6=128
      충돌 감지됨! 충돌 정보 설정 중...
  checkGJKCollision 완료: 충돌 감지
      충돌 결과: 충돌함
      충돌 정보 객체에 추가
    쌍 17: 'Object3' 와 'Object7'
      narrowPhase 실행...
>> checkGJKCollision 시작: Object3 vs Object7
  볼록 껍질 개수: Object3=128, Object7=128
  모든 볼록 껍질 쌍 검사 완료, 충돌 없음
      충돌 결과: 충돌 없음
    쌍 18: 'Object3' 와 'Object8'
      narrowPhase 실행...
>> checkGJKCollision 시작: Object3 vs Object8
  볼록 껍질 개수: Object3=128, Object8=128
      충돌 감지됨! 충돌 정보 설정 중...
  checkGJKCollision 완료: 충돌 감지
      충돌 결과: 충돌함
      충돌 정보 객체에 추가
    쌍 19: 'Object3' 와 'Object9'
      narrowPhase 실행...
>> checkGJKCollision 시작: Object3 vs Object9
  볼록 껍질 개수: Object3=128, Object9=128
      충돌 감지됨! 충돌 정보 설정 중...
  checkGJKCollision 완료: 충돌 감지
      충돌 결과: 충돌함
      충돌 정보 객체에 추가
    쌍 20: 'Object3' 와 'Object10'
      narrowPhase 실행...
>> checkGJKCollision 시작: Object3 vs Object10
  볼록 껍질 개수: Object3=128, Object10=128
      충돌 감지됨! 충돌 정보 설정 중...
  checkGJKCollision 완료: 충돌 감지
      충돌 결과: 충돌함
      충돌 정보 객체에 추가
    쌍 21: 'Object3' 와 'Object11'
      narrowPhase 실행...
>> checkGJKCollision 시작: Object3 vs Object11
  볼록 껍질 개수: Object3=128, Object11=128
      충돌 감지됨! 충돌 정보 설정 중...
  checkGJKCollision 완료: 충돌 감지
      충돌 결과: 충돌함
      충돌 정보 객체에 추가
    쌍 22: 'Object3' 와 'Object12'
      narrowPhase 실행...
>> checkGJKCollision 시작: Object3 vs Object12
  볼록 껍질 개수: Object3=128, Object12=128
      충돌 감지됨! 충돌 정보 설정 중...
  checkGJKCollision 완료: 충돌 감지
      충돌 결과: 충돌함
      충돌 정보 객체에 추가
    쌍 23: 'Object3' 와 'Object14'
      narrowPhase 실행...
>> checkGJKCollision 시작: Object3 vs Object14
  볼록 껍질 개수: Object3=128, Object14=128
      충돌 감지됨! 충돌 정보 설정 중...
  checkGJKCollision 완료: 충돌 감지
      충돌 결과: 충돌함
      충돌 정보 객체에 추가
    쌍 24: 'Object3' 와 'Object15'
      narrowPhase 실행...
>> checkGJKCollision 시작: Object3 vs Object15
  볼록 껍질 개수: Object3=128, Object15=128
      충돌 감지됨! 충돌 정보 설정 중...
  checkGJKCollision 완료: 충돌 감지
      충돌 결과: 충돌함
      충돌 정보 객체에 추가
    쌍 25: 'Object3' 와 'Object17'
      narrowPhase 실행...
>> checkGJKCollision 시작: Object3 vs Object17
  볼록 껍질 개수: Object3=128, Object17=128
      충돌 감지됨! 충돌 정보 설정 중...
  checkGJKCollision 완료: 충돌 감지
      충돌 결과: 충돌함
      충돌 정보 객체에 추가
    쌍 26: 'Object3' 와 'Object20'
      narrowPhase 실행...
>> checkGJKCollision 시작: Object3 vs Object20
  볼록 껍질 개수: Object3=128, Object20=128
      충돌 감지됨! 충돌 정보 설정 중...
  checkGJKCollision 완료: 충돌 감지
      충돌 결과: 충돌함
      충돌 정보 객체에 추가
    쌍 27: 'Object4' 와 'Object5'
      narrowPhase 실행...
>> checkGJKCollision 시작: Object4 vs Object5
  볼록 껍질 개수: Object4=128, Object5=128
  모든 볼록 껍질 쌍 검사 완료, 충돌 없음
      충돌 결과: 충돌 없음
    쌍 28: 'Object4' 와 'Object6'
      narrowPhase 실행...
>> checkGJKCollision 시작: Object4 vs Object6
  볼록 껍질 개수: Object4=128, Object6=128
      충돌 감지됨! 충돌 정보 설정 중...
  checkGJKCollision 완료: 충돌 감지
      충돌 결과: 충돌함
      충돌 정보 객체에 추가
    쌍 29: 'Object4' 와 'Object7'
      narrowPhase 실행...
>> checkGJKCollision 시작: Object4 vs Object7
  볼록 껍질 개수: Object4=128, Object7=128
  모든 볼록 껍질 쌍 검사 완료, 충돌 없음
      충돌 결과: 충돌 없음
    쌍 30: 'Object4' 와 'Object8'
      narrowPhase 실행...
>> checkGJKCollision 시작: Object4 vs Object8
  볼록 껍질 개수: Object4=128, Object8=128
      충돌 감지됨! 충돌 정보 설정 중...
  checkGJKCollision 완료: 충돌 감지
      충돌 결과: 충돌함
      충돌 정보 객체에 추가
    쌍 31: 'Object4' 와 'Object9'
      narrowPhase 실행...
>> checkGJKCollision 시작: Object4 vs Object9
  볼록 껍질 개수: Object4=128, Object9=128
      충돌 감지됨! 충돌 정보 설정 중...
  checkGJKCollision 완료: 충돌 감지
      충돌 결과: 충돌함
      충돌 정보 객체에 추가
    쌍 32: 'Object4' 와 'Object10'
      narrowPhase 실행...
>> checkGJKCollision 시작: Object4 vs Object10
  볼록 껍질 개수: Object4=128, Object10=128
      충돌 감지됨! 충돌 정보 설정 중...
  checkGJKCollision 완료: 충돌 감지
      충돌 결과: 충돌함
      충돌 정보 객체에 추가
    쌍 33: 'Object4' 와 'Object11'
      narrowPhase 실행...
>> checkGJKCollision 시작: Object4 vs Object11
  볼록 껍질 개수: Object4=128, Object11=128
      충돌 감지됨! 충돌 정보 설정 중...
  checkGJKCollision 완료: 충돌 감지
      충돌 결과: 충돌함
      충돌 정보 객체에 추가
    쌍 34: 'Object4' 와 'Object12'
      narrowPhase 실행...
>> checkGJKCollision 시작: Object4 vs Object12
  볼록 껍질 개수: Object4=128, Object12=128
      충돌 감지됨! 충돌 정보 설정 중...
  checkGJKCollision 완료: 충돌 감지
      충돌 결과: 충돌함
      충돌 정보 객체에 추가
    쌍 35: 'Object4' 와 'Object14'
      narrowPhase 실행...
>> checkGJKCollision 시작: Object4 vs Object14
  볼록 껍질 개수: Object4=128, Object14=128
      충돌 감지됨! 충돌 정보 설정 중...
  checkGJKCollision 완료: 충돌 감지
      충돌 결과: 충돌함
      충돌 정보 객체에 추가
    쌍 36: 'Object4' 와 'Object15'
      narrowPhase 실행...
>> checkGJKCollision 시작: Object4 vs Object15
  볼록 껍질 개수: Object4=128, Object15=128
      충돌 감지됨! 충돌 정보 설정 중...
  checkGJKCollision 완료: 충돌 감지
      충돌 결과: 충돌함
      충돌 정보 객체에 추가
    쌍 37: 'Object4' 와 'Object17'
      narrowPhase 실행...
>> checkGJKCollision 시작: Object4 vs Object17
  볼록 껍질 개수: Object4=128, Object17=128
      충돌 감지됨! 충돌 정보 설정 중...
  checkGJKCollision 완료: 충돌 감지
      충돌 결과: 충돌함
      충돌 정보 객체에 추가
    쌍 38: 'Object4' 와 'Object20'
      narrowPhase 실행...
>> checkGJKCollision 시작: Object4 vs Object20
  볼록 껍질 개수: Object4=128, Object20=128
      충돌 감지됨! 충돌 정보 설정 중...
  checkGJKCollision 완료: 충돌 감지
      충돌 결과: 충돌함
      충돌 정보 객체에 추가
    쌍 39: 'Object5' 와 'Object6'
      narrowPhase 실행...
>> checkGJKCollision 시작: Object5 vs Object6
  볼록 껍질 개수: Object5=128, Object6=128
  모든 볼록 껍질 쌍 검사 완료, 충돌 없음
      충돌 결과: 충돌 없음
    쌍 40: 'Object5' 와 'Object8'
      narrowPhase 실행...
>> checkGJKCollision 시작: Object5 vs Object8
  볼록 껍질 개수: Object5=128, Object8=128
  모든 볼록 껍질 쌍 검사 완료, 충돌 없음
      충돌 결과: 충돌 없음
    쌍 41: 'Object5' 와 'Object9'
      narrowPhase 실행...
>> checkGJKCollision 시작: Object5 vs Object9
  볼록 껍질 개수: Object5=128, Object9=128
  모든 볼록 껍질 쌍 검사 완료, 충돌 없음
      충돌 결과: 충돌 없음
    쌍 42: 'Object5' 와 'Object10'
      narrowPhase 실행...
>> checkGJKCollision 시작: Object5 vs Object10
  볼록 껍질 개수: Object5=128, Object10=128
  모든 볼록 껍질 쌍 검사 완료, 충돌 없음
      충돌 결과: 충돌 없음
    쌍 43: 'Object5' 와 'Object12'
      narrowPhase 실행...
>> checkGJKCollision 시작: Object5 vs Object12
  볼록 껍질 개수: Object5=128, Object12=128
  모든 볼록 껍질 쌍 검사 완료, 충돌 없음
      충돌 결과: 충돌 없음
    쌍 44: 'Object5' 와 'Object14'
      narrowPhase 실행...
>> checkGJKCollision 시작: Object5 vs Object14
  볼록 껍질 개수: Object5=128, Object14=128
      충돌 감지됨! 충돌 정보 설정 중...
  checkGJKCollision 완료: 충돌 감지
      충돌 결과: 충돌함
      충돌 정보 객체에 추가
Object5 collision enter with Object14
Contact point: (-0.107924, -0.555577, -0.431698)
Contact normal: (0.171228, 0.708219, 0.684914)
Penetration depth: 0.1
    쌍 45: 'Object5' 와 'Object15'
      narrowPhase 실행...
>> checkGJKCollision 시작: Object5 vs Object15
  볼록 껍질 개수: Object5=128, Object15=128
  모든 볼록 껍질 쌍 검사 완료, 충돌 없음
      충돌 결과: 충돌 없음
    쌍 46: 'Object5' 와 'Object17'
      narrowPhase 실행...
>> checkGJKCollision 시작: Object5 vs Object17
  볼록 껍질 개수: Object5=128, Object17=128
      충돌 감지됨! 충돌 정보 설정 중...
  checkGJKCollision 완료: 충돌 감지
      충돌 결과: 충돌함
      충돌 정보 객체에 추가
    쌍 47: 'Object5' 와 'Object20'
      narrowPhase 실행...
>> checkGJKCollision 시작: Object5 vs Object20
  볼록 껍질 개수: Object5=128, Object20=128
  모든 볼록 껍질 쌍 검사 완료, 충돌 없음
      충돌 결과: 충돌 없음
    쌍 48: 'Object6' 와 'Object7'
      narrowPhase 실행...
>> checkGJKCollision 시작: Object6 vs Object7
  볼록 껍질 개수: Object6=128, Object7=128
  모든 볼록 껍질 쌍 검사 완료, 충돌 없음
      충돌 결과: 충돌 없음
    쌍 49: 'Object6' 와 'Object8'
      narrowPhase 실행...
>> checkGJKCollision 시작: Object6 vs Object8
  볼록 껍질 개수: Object6=128, Object8=128
      충돌 감지됨! 충돌 정보 설정 중...
  checkGJKCollision 완료: 충돌 감지
      충돌 결과: 충돌함
      충돌 정보 객체에 추가
    쌍 50: 'Object6' 와 'Object9'
      narrowPhase 실행...
>> checkGJKCollision 시작: Object6 vs Object9
  볼록 껍질 개수: Object6=128, Object9=128
      충돌 감지됨! 충돌 정보 설정 중...
  checkGJKCollision 완료: 충돌 감지
      충돌 결과: 충돌함
      충돌 정보 객체에 추가
    쌍 51: 'Object6' 와 'Object10'
      narrowPhase 실행...
>> checkGJKCollision 시작: Object6 vs Object10
  볼록 껍질 개수: Object6=128, Object10=128
      충돌 감지됨! 충돌 정보 설정 중...
  checkGJKCollision 완료: 충돌 감지
      충돌 결과: 충돌함
      충돌 정보 객체에 추가
    쌍 52: 'Object6' 와 'Object11'
      narrowPhase 실행...
>> checkGJKCollision 시작: Object6 vs Object11
  볼록 껍질 개수: Object6=128, Object11=128
      충돌 감지됨! 충돌 정보 설정 중...
  checkGJKCollision 완료: 충돌 감지
      충돌 결과: 충돌함
      충돌 정보 객체에 추가
    쌍 53: 'Object6' 와 'Object12'
      narrowPhase 실행...
>> checkGJKCollision 시작: Object6 vs Object12
  볼록 껍질 개수: Object6=128, Object12=128
      충돌 감지됨! 충돌 정보 설정 중...
  checkGJKCollision 완료: 충돌 감지
      충돌 결과: 충돌함
      충돌 정보 객체에 추가
    쌍 54: 'Object6' 와 'Object14'
      narrowPhase 실행...
>> checkGJKCollision 시작: Object6 vs Object14
  볼록 껍질 개수: Object6=128, Object14=128
      충돌 감지됨! 충돌 정보 설정 중...
  checkGJKCollision 완료: 충돌 감지
      충돌 결과: 충돌함
      충돌 정보 객체에 추가
    쌍 55: 'Object6' 와 'Object15'
      narrowPhase 실행...
>> checkGJKCollision 시작: Object6 vs Object15
  볼록 껍질 개수: Object6=128, Object15=128
      충돌 감지됨! 충돌 정보 설정 중...
  checkGJKCollision 완료: 충돌 감지
      충돌 결과: 충돌함
      충돌 정보 객체에 추가
    쌍 56: 'Object6' 와 'Object17'
      narrowPhase 실행...
>> checkGJKCollision 시작: Object6 vs Object17
  볼록 껍질 개수: Object6=128, Object17=128
      충돌 감지됨! 충돌 정보 설정 중...
  checkGJKCollision 완료: 충돌 감지
      충돌 결과: 충돌함
      충돌 정보 객체에 추가
    쌍 57: 'Object6' 와 'Object20'
      narrowPhase 실행...
>> checkGJKCollision 시작: Object6 vs Object20
  볼록 껍질 개수: Object6=128, Object20=128
      충돌 감지됨! 충돌 정보 설정 중...
  checkGJKCollision 완료: 충돌 감지
      충돌 결과: 충돌함
      충돌 정보 객체에 추가
    쌍 58: 'Object7' 와 'Object11'
      narrowPhase 실행...
>> checkGJKCollision 시작: Object7 vs Object11
  볼록 껍질 개수: Object7=128, Object11=128
  모든 볼록 껍질 쌍 검사 완료, 충돌 없음
      충돌 결과: 충돌 없음
    쌍 59: 'Object7' 와 'Object12'
      narrowPhase 실행...
>> checkGJKCollision 시작: Object7 vs Object12
  볼록 껍질 개수: Object7=128, Object12=128
  모든 볼록 껍질 쌍 검사 완료, 충돌 없음
      충돌 결과: 충돌 없음
    쌍 60: 'Object7' 와 'Object14'
      narrowPhase 실행...
>> checkGJKCollision 시작: Object7 vs Object14
  볼록 껍질 개수: Object7=128, Object14=128
  모든 볼록 껍질 쌍 검사 완료, 충돌 없음
      충돌 결과: 충돌 없음
    쌍 61: 'Object7' 와 'Object17'
      narrowPhase 실행...
>> checkGJKCollision 시작: Object7 vs Object17
  볼록 껍질 개수: Object7=128, Object17=128
  모든 볼록 껍질 쌍 검사 완료, 충돌 없음
      충돌 결과: 충돌 없음
    쌍 62: 'Object8' 와 'Object9'
      narrowPhase 실행...
>> checkGJKCollision 시작: Object8 vs Object9
  볼록 껍질 개수: Object8=128, Object9=128
      충돌 감지됨! 충돌 정보 설정 중...
  checkGJKCollision 완료: 충돌 감지
      충돌 결과: 충돌함
      충돌 정보 객체에 추가
    쌍 63: 'Object8' 와 'Object10'
      narrowPhase 실행...
>> checkGJKCollision 시작: Object8 vs Object10
  볼록 껍질 개수: Object8=128, Object10=128
      충돌 감지됨! 충돌 정보 설정 중...
  checkGJKCollision 완료: 충돌 감지
      충돌 결과: 충돌함
      충돌 정보 객체에 추가
    쌍 64: 'Object8' 와 'Object11'
      narrowPhase 실행...
>> checkGJKCollision 시작: Object8 vs Object11
  볼록 껍질 개수: Object8=128, Object11=128
      충돌 감지됨! 충돌 정보 설정 중...
  checkGJKCollision 완료: 충돌 감지
      충돌 결과: 충돌함
      충돌 정보 객체에 추가
    쌍 65: 'Object8' 와 'Object12'
      narrowPhase 실행...
>> checkGJKCollision 시작: Object8 vs Object12
  볼록 껍질 개수: Object8=128, Object12=128
      충돌 감지됨! 충돌 정보 설정 중...
  checkGJKCollision 완료: 충돌 감지
      충돌 결과: 충돌함
      충돌 정보 객체에 추가
    쌍 66: 'Object8' 와 'Object14'
      narrowPhase 실행...
>> checkGJKCollision 시작: Object8 vs Object14
  볼록 껍질 개수: Object8=128, Object14=128
      충돌 감지됨! 충돌 정보 설정 중...
  checkGJKCollision 완료: 충돌 감지
      충돌 결과: 충돌함
      충돌 정보 객체에 추가
    쌍 67: 'Object8' 와 'Object15'
      narrowPhase 실행...
>> checkGJKCollision 시작: Object8 vs Object15
  볼록 껍질 개수: Object8=128, Object15=128
      충돌 감지됨! 충돌 정보 설정 중...
  checkGJKCollision 완료: 충돌 감지
      충돌 결과: 충돌함
      충돌 정보 객체에 추가
    쌍 68: 'Object8' 와 'Object17'
      narrowPhase 실행...
>> checkGJKCollision 시작: Object8 vs Object17
  볼록 껍질 개수: Object8=128, Object17=128
      충돌 감지됨! 충돌 정보 설정 중...
  checkGJKCollision 완료: 충돌 감지
      충돌 결과: 충돌함
      충돌 정보 객체에 추가
    쌍 69: 'Object8' 와 'Object20'
      narrowPhase 실행...
>> checkGJKCollision 시작: Object8 vs Object20
  볼록 껍질 개수: Object8=128, Object20=128
      충돌 감지됨! 충돌 정보 설정 중...
  checkGJKCollision 완료: 충돌 감지
      충돌 결과: 충돌함
      충돌 정보 객체에 추가
    쌍 70: 'Object9' 와 'Object10'
      narrowPhase 실행...
>> checkGJKCollision 시작: Object9 vs Object10
  볼록 껍질 개수: Object9=128, Object10=128
      충돌 감지됨! 충돌 정보 설정 중...
  checkGJKCollision 완료: 충돌 감지
      충돌 결과: 충돌함
      충돌 정보 객체에 추가
    쌍 71: 'Object9' 와 'Object11'
      narrowPhase 실행...
>> checkGJKCollision 시작: Object9 vs Object11
  볼록 껍질 개수: Object9=128, Object11=128
      충돌 감지됨! 충돌 정보 설정 중...
  checkGJKCollision 완료: 충돌 감지
      충돌 결과: 충돌함
      충돌 정보 객체에 추가
    쌍 72: 'Object9' 와 'Object12'
      narrowPhase 실행...
>> checkGJKCollision 시작: Object9 vs Object12
  볼록 껍질 개수: Object9=128, Object12=128
      충돌 감지됨! 충돌 정보 설정 중...
  checkGJKCollision 완료: 충돌 감지
      충돌 결과: 충돌함
      충돌 정보 객체에 추가
    쌍 73: 'Object9' 와 'Object14'
      narrowPhase 실행...
>> checkGJKCollision 시작: Object9 vs Object14
  볼록 껍질 개수: Object9=128, Object14=128
      충돌 감지됨! 충돌 정보 설정 중...
  checkGJKCollision 완료: 충돌 감지
      충돌 결과: 충돌함
      충돌 정보 객체에 추가
    쌍 74: 'Object9' 와 'Object15'
      narrowPhase 실행...
>> checkGJKCollision 시작: Object9 vs Object15
  볼록 껍질 개수: Object9=128, Object15=128
      충돌 감지됨! 충돌 정보 설정 중...
  checkGJKCollision 완료: 충돌 감지
      충돌 결과: 충돌함
      충돌 정보 객체에 추가
    쌍 75: 'Object9' 와 'Object17'
      narrowPhase 실행...
>> checkGJKCollision 시작: Object9 vs Object17
  볼록 껍질 개수: Object9=128, Object17=128
      충돌 감지됨! 충돌 정보 설정 중...
  checkGJKCollision 완료: 충돌 감지
      충돌 결과: 충돌함
      충돌 정보 객체에 추가
    쌍 76: 'Object9' 와 'Object20'
      narrowPhase 실행...
>> checkGJKCollision 시작: Object9 vs Object20
  볼록 껍질 개수: Object9=128, Object20=128
      충돌 감지됨! 충돌 정보 설정 중...
  checkGJKCollision 완료: 충돌 감지
      충돌 결과: 충돌함
      충돌 정보 객체에 추가
    쌍 77: 'Object10' 와 'Object11'
      narrowPhase 실행...
>> checkGJKCollision 시작: Object10 vs Object11
  볼록 껍질 개수: Object10=128, Object11=128
      충돌 감지됨! 충돌 정보 설정 중...
  checkGJKCollision 완료: 충돌 감지
      충돌 결과: 충돌함
      충돌 정보 객체에 추가
    쌍 78: 'Object10' 와 'Object12'
      narrowPhase 실행...
>> checkGJKCollision 시작: Object10 vs Object12
  볼록 껍질 개수: Object10=128, Object12=128
      충돌 감지됨! 충돌 정보 설정 중...
  checkGJKCollision 완료: 충돌 감지
      충돌 결과: 충돌함
      충돌 정보 객체에 추가
    쌍 79: 'Object10' 와 'Object14'
      narrowPhase 실행...
>> checkGJKCollision 시작: Object10 vs Object14
  볼록 껍질 개수: Object10=128, Object14=128
      충돌 감지됨! 충돌 정보 설정 중...
  checkGJKCollision 완료: 충돌 감지
      충돌 결과: 충돌함
      충돌 정보 객체에 추가
    쌍 80: 'Object10' 와 'Object15'
      narrowPhase 실행...
>> checkGJKCollision 시작: Object10 vs Object15
  볼록 껍질 개수: Object10=128, Object15=128
      충돌 감지됨! 충돌 정보 설정 중...
  checkGJKCollision 완료: 충돌 감지
      충돌 결과: 충돌함
      충돌 정보 객체에 추가
    쌍 81: 'Object10' 와 'Object17'
      narrowPhase 실행...
>> checkGJKCollision 시작: Object10 vs Object17
  볼록 껍질 개수: Object10=128, Object17=128
      충돌 감지됨! 충돌 정보 설정 중...
  checkGJKCollision 완료: 충돌 감지
      충돌 결과: 충돌함
      충돌 정보 객체에 추가
    쌍 82: 'Object10' 와 'Object20'
      narrowPhase 실행...
>> checkGJKCollision 시작: Object10 vs Object20
  볼록 껍질 개수: Object10=128, Object20=128
      충돌 감지됨! 충돌 정보 설정 중...
  checkGJKCollision 완료: 충돌 감지
      충돌 결과: 충돌함
      충돌 정보 객체에 추가
    쌍 83: 'Object11' 와 'Object12'
      narrowPhase 실행...
>> checkGJKCollision 시작: Object11 vs Object12
  볼록 껍질 개수: Object11=128, Object12=128
      충돌 감지됨! 충돌 정보 설정 중...
  checkGJKCollision 완료: 충돌 감지
      충돌 결과: 충돌함
      충돌 정보 객체에 추가
    쌍 84: 'Object11' 와 'Object14'
      narrowPhase 실행...
>> checkGJKCollision 시작: Object11 vs Object14
  볼록 껍질 개수: Object11=128, Object14=128
      충돌 감지됨! 충돌 정보 설정 중...
  checkGJKCollision 완료: 충돌 감지
      충돌 결과: 충돌함
      충돌 정보 객체에 추가
    쌍 85: 'Object11' 와 'Object15'
      narrowPhase 실행...
>> checkGJKCollision 시작: Object11 vs Object15
  볼록 껍질 개수: Object11=128, Object15=128
      충돌 감지됨! 충돌 정보 설정 중...
  checkGJKCollision 완료: 충돌 감지
      충돌 결과: 충돌함
      충돌 정보 객체에 추가
    쌍 86: 'Object11' 와 'Object17'
      narrowPhase 실행...
>> checkGJKCollision 시작: Object11 vs Object17
  볼록 껍질 개수: Object11=128, Object17=128
      충돌 감지됨! 충돌 정보 설정 중...
  checkGJKCollision 완료: 충돌 감지
      충돌 결과: 충돌함
      충돌 정보 객체에 추가
    쌍 87: 'Object11' 와 'Object20'
      narrowPhase 실행...
>> checkGJKCollision 시작: Object11 vs Object20
  볼록 껍질 개수: Object11=128, Object20=128
      충돌 감지됨! 충돌 정보 설정 중...
  checkGJKCollision 완료: 충돌 감지
      충돌 결과: 충돌함
      충돌 정보 객체에 추가
    쌍 88: 'Object12' 와 'Object14'
      narrowPhase 실행...
>> checkGJKCollision 시작: Object12 vs Object14
  볼록 껍질 개수: Object12=128, Object14=128
      충돌 감지됨! 충돌 정보 설정 중...
  checkGJKCollision 완료: 충돌 감지
      충돌 결과: 충돌함
      충돌 정보 객체에 추가
    쌍 89: 'Object12' 와 'Object15'
      narrowPhase 실행...
>> checkGJKCollision 시작: Object12 vs Object15
  볼록 껍질 개수: Object12=128, Object15=128
      충돌 감지됨! 충돌 정보 설정 중...
  checkGJKCollision 완료: 충돌 감지
      충돌 결과: 충돌함
      충돌 정보 객체에 추가
    쌍 90: 'Object12' 와 'Object17'
      narrowPhase 실행...
>> checkGJKCollision 시작: Object12 vs Object17
  볼록 껍질 개수: Object12=128, Object17=128
      충돌 감지됨! 충돌 정보 설정 중...
  checkGJKCollision 완료: 충돌 감지
      충돌 결과: 충돌함
      충돌 정보 객체에 추가
    쌍 91: 'Object12' 와 'Object20'
      narrowPhase 실행...
>> checkGJKCollision 시작: Object12 vs Object20
  볼록 껍질 개수: Object12=128, Object20=128
      충돌 감지됨! 충돌 정보 설정 중...
  checkGJKCollision 완료: 충돌 감지
      충돌 결과: 충돌함
      충돌 정보 객체에 추가
    쌍 92: 'Object14' 와 'Object15'
      narrowPhase 실행...
>> checkGJKCollision 시작: Object14 vs Object15
  볼록 껍질 개수: Object14=128, Object15=128
      충돌 감지됨! 충돌 정보 설정 중...
  checkGJKCollision 완료: 충돌 감지
      충돌 결과: 충돌함
      충돌 정보 객체에 추가
    쌍 93: 'Object14' 와 'Object17'
      narrowPhase 실행...
>> checkGJKCollision 시작: Object14 vs Object17
  볼록 껍질 개수: Object14=128, Object17=128
      충돌 감지됨! 충돌 정보 설정 중...
  checkGJKCollision 완료: 충돌 감지
      충돌 결과: 충돌함
      충돌 정보 객체에 추가
    쌍 94: 'Object14' 와 'Object20'
      narrowPhase 실행...
>> checkGJKCollision 시작: Object14 vs Object20
  볼록 껍질 개수: Object14=128, Object20=128
      충돌 감지됨! 충돌 정보 설정 중...
  checkGJKCollision 완료: 충돌 감지
      충돌 결과: 충돌함
      충돌 정보 객체에 추가
    쌍 95: 'Object15' 와 'Object17'
      narrowPhase 실행...
>> checkGJKCollision 시작: Object15 vs Object17
  볼록 껍질 개수: Object15=128, Object17=128
      충돌 감지됨! 충돌 정보 설정 중...
  checkGJKCollision 완료: 충돌 감지
      충돌 결과: 충돌함
      충돌 정보 객체에 추가
    쌍 96: 'Object15' 와 'Object20'
      narrowPhase 실행...
>> checkGJKCollision 시작: Object15 vs Object20
  볼록 껍질 개수: Object15=128, Object20=128
      충돌 감지됨! 충돌 정보 설정 중...
  checkGJKCollision 완료: 충돌 감지
      충돌 결과: 충돌함
      충돌 정보 객체에 추가
    쌍 97: 'Object17' 와 'Object20'
      narrowPhase 실행...
>> checkGJKCollision 시작: Object17 vs Object20
  볼록 껍질 개수: Object17=128, Object20=128
      충돌 감지됨! 충돌 정보 설정 중...
  checkGJKCollision 완료: 충돌 감지
      충돌 결과: 충돌함
      충돌 정보 객체에 추가
  이전 충돌 상태 정리 중...
  충돌 상태 맵 업데이트
CollisionManager::update() - 완료

--- Frame 88 ---
Object0 position: (-6.105619, 6.512641, -8.140793)
Updating objects...
Object1 position: (0.040158, -0.174017, -0.013386)
Updating objects...
Object2 position: (-0.810513, 0.694724, 0.173681)
Updating objects...
Object3 position: (0.011790, -0.027509, 0.055019)
Updating objects...
Object4 position: (-0.173681, -0.810513, -0.694724)
Updating objects...
Object5 position: (0.000976, -0.002929, -0.000488)
Updating objects...
Object6 position: (-1.528733, -0.629478, 0.539554)
Updating objects...
Object7 position: (-0.049630, 0.000000, 0.004963)
Updating objects...
Object8 position: (0.000000, 0.073258, -0.019535)
Updating objects...
Object9 position: (-0.057748, 0.086622, 0.115496)
Updating objects...
Object10 position: (-0.159369, 0.637477, 0.318738)
Updating objects...
Object11 position: (0.009670, 0.000000, -0.082199)
Updating objects...
Object12 position: (2.703661, 1.113273, 1.590389)
Updating objects...
Object13 position: (0.002806, 0.042086, 0.011223)
Updating objects...
Object14 position: (-0.078686, -0.022482, -0.044963)
Updating objects...
Object15 position: (7.095276, -5.518549, 7.095276)
Updating objects...
Object16 position: (0.001378, 0.007580, 0.004824)
Updating objects...
Object17 position: (-3.079962, 0.362349, 2.355262)
Updating objects...
Object18 position: (1.861141, -7.072330, 7.444565)
Updating objects...
Object19 position: (0.133328, 0.066664, -0.133328)
Updating objects...
Running collision detection...
CollisionManager::update() - 시작 (프레임 88)
  객체 목록 크기: 20
  각 객체의 AABB 업데이트 중...
    객체 'Object1' 업데이트
    객체 'Object2' 업데이트
    객체 'Object3' 업데이트
    객체 'Object4' 업데이트
    객체 'Object5' 업데이트
    객체 'Object6' 업데이트
    객체 'Object7' 업데이트
    객체 'Object8' 업데이트
    객체 'Object9' 업데이트
    객체 'Object10' 업데이트
    객체 'Object11' 업데이트
    객체 'Object12' 업데이트
    객체 'Object13' 업데이트
    객체 'Object14' 업데이트
    객체 'Object15' 업데이트
    객체 'Object16' 업데이트
    객체 'Object17' 업데이트
    객체 'Object18' 업데이트
    객체 'Object19' 업데이트
    객체 'Object20' 업데이트
  대략적 충돌 감지(Broad Phase) 중...
    잠재적 충돌 쌍: 105개
  정밀 충돌 감지(Narrow Phase) 시작...
    쌍 1: 'Object2' 와 'Object3'
      narrowPhase 실행...
>> checkGJKCollision 시작: Object2 vs Object3
  볼록 껍질 개수: Object2=128, Object3=128
      충돌 감지됨! 충돌 정보 설정 중...
  checkGJKCollision 완료: 충돌 감지
      충돌 결과: 충돌함
      충돌 정보 객체에 추가
    쌍 2: 'Object2' 와 'Object4'
      narrowPhase 실행...
>> checkGJKCollision 시작: Object2 vs Object4
  볼록 껍질 개수: Object2=128, Object4=128
      충돌 감지됨! 충돌 정보 설정 중...
  checkGJKCollision 완료: 충돌 감지
      충돌 결과: 충돌함
      충돌 정보 객체에 추가
    쌍 3: 'Object2' 와 'Object5'
      narrowPhase 실행...
>> checkGJKCollision 시작: Object2 vs Object5
  볼록 껍질 개수: Object2=128, Object5=128
      충돌 감지됨! 충돌 정보 설정 중...
  checkGJKCollision 완료: 충돌 감지
      충돌 결과: 충돌함
      충돌 정보 객체에 추가
    쌍 4: 'Object2' 와 'Object6'
      narrowPhase 실행...
>> checkGJKCollision 시작: Object2 vs Object6
  볼록 껍질 개수: Object2=128, Object6=128
      충돌 감지됨! 충돌 정보 설정 중...
  checkGJKCollision 완료: 충돌 감지
      충돌 결과: 충돌함
      충돌 정보 객체에 추가
    쌍 5: 'Object2' 와 'Object7'
      narrowPhase 실행...
>> checkGJKCollision 시작: Object2 vs Object7
  볼록 껍질 개수: Object2=128, Object7=128
  모든 볼록 껍질 쌍 검사 완료, 충돌 없음
      충돌 결과: 충돌 없음
    쌍 6: 'Object2' 와 'Object8'
      narrowPhase 실행...
>> checkGJKCollision 시작: Object2 vs Object8
  볼록 껍질 개수: Object2=128, Object8=128
      충돌 감지됨! 충돌 정보 설정 중...
  checkGJKCollision 완료: 충돌 감지
      충돌 결과: 충돌함
      충돌 정보 객체에 추가
    쌍 7: 'Object2' 와 'Object9'
      narrowPhase 실행...
>> checkGJKCollision 시작: Object2 vs Object9
  볼록 껍질 개수: Object2=128, Object9=128
      충돌 감지됨! 충돌 정보 설정 중...
  checkGJKCollision 완료: 충돌 감지
      충돌 결과: 충돌함
      충돌 정보 객체에 추가
    쌍 8: 'Object2' 와 'Object10'
      narrowPhase 실행...
>> checkGJKCollision 시작: Object2 vs Object10
  볼록 껍질 개수: Object2=128, Object10=128
      충돌 감지됨! 충돌 정보 설정 중...
  checkGJKCollision 완료: 충돌 감지
      충돌 결과: 충돌함
      충돌 정보 객체에 추가
    쌍 9: 'Object2' 와 'Object11'
      narrowPhase 실행...
>> checkGJKCollision 시작: Object2 vs Object11
  볼록 껍질 개수: Object2=128, Object11=128
      충돌 감지됨! 충돌 정보 설정 중...
  checkGJKCollision 완료: 충돌 감지
      충돌 결과: 충돌함
      충돌 정보 객체에 추가
    쌍 10: 'Object2' 와 'Object12'
      narrowPhase 실행...
>> checkGJKCollision 시작: Object2 vs Object12
  볼록 껍질 개수: Object2=128, Object12=128
      충돌 감지됨! 충돌 정보 설정 중...
  checkGJKCollision 완료: 충돌 감지
      충돌 결과: 충돌함
      충돌 정보 객체에 추가
    쌍 11: 'Object2' 와 'Object14'
      narrowPhase 실행...
>> checkGJKCollision 시작: Object2 vs Object14
  볼록 껍질 개수: Object2=128, Object14=128
      충돌 감지됨! 충돌 정보 설정 중...
  checkGJKCollision 완료: 충돌 감지
      충돌 결과: 충돌함
      충돌 정보 객체에 추가
    쌍 12: 'Object2' 와 'Object15'
      narrowPhase 실행...
>> checkGJKCollision 시작: Object2 vs Object15
  볼록 껍질 개수: Object2=128, Object15=128
      충돌 감지됨! 충돌 정보 설정 중...
  checkGJKCollision 완료: 충돌 감지
      충돌 결과: 충돌함
      충돌 정보 객체에 추가
    쌍 13: 'Object2' 와 'Object17'
      narrowPhase 실행...
>> checkGJKCollision 시작: Object2 vs Object17
  볼록 껍질 개수: Object2=128, Object17=128
      충돌 감지됨! 충돌 정보 설정 중...
  checkGJKCollision 완료: 충돌 감지
      충돌 결과: 충돌함
      충돌 정보 객체에 추가
    쌍 14: 'Object2' 와 'Object20'
      narrowPhase 실행...
>> checkGJKCollision 시작: Object2 vs Object20
  볼록 껍질 개수: Object2=128, Object20=128
      충돌 감지됨! 충돌 정보 설정 중...
  checkGJKCollision 완료: 충돌 감지
      충돌 결과: 충돌함
      충돌 정보 객체에 추가
    쌍 15: 'Object3' 와 'Object4'
      narrowPhase 실행...
>> checkGJKCollision 시작: Object3 vs Object4
  볼록 껍질 개수: Object3=128, Object4=128
      충돌 감지됨! 충돌 정보 설정 중...
  checkGJKCollision 완료: 충돌 감지
      충돌 결과: 충돌함
      충돌 정보 객체에 추가
    쌍 16: 'Object3' 와 'Object5'
      narrowPhase 실행...
>> checkGJKCollision 시작: Object3 vs Object5
  볼록 껍질 개수: Object3=128, Object5=128
  모든 볼록 껍질 쌍 검사 완료, 충돌 없음
      충돌 결과: 충돌 없음
    쌍 17: 'Object3' 와 'Object6'
      narrowPhase 실행...
>> checkGJKCollision 시작: Object3 vs Object6
  볼록 껍질 개수: Object3=128, Object6=128
      충돌 감지됨! 충돌 정보 설정 중...
  checkGJKCollision 완료: 충돌 감지
      충돌 결과: 충돌함
      충돌 정보 객체에 추가
    쌍 18: 'Object3' 와 'Object7'
      narrowPhase 실행...
>> checkGJKCollision 시작: Object3 vs Object7
  볼록 껍질 개수: Object3=128, Object7=128
  모든 볼록 껍질 쌍 검사 완료, 충돌 없음
      충돌 결과: 충돌 없음
    쌍 19: 'Object3' 와 'Object8'
      narrowPhase 실행...
>> checkGJKCollision 시작: Object3 vs Object8
  볼록 껍질 개수: Object3=128, Object8=128
      충돌 감지됨! 충돌 정보 설정 중...
  checkGJKCollision 완료: 충돌 감지
      충돌 결과: 충돌함
      충돌 정보 객체에 추가
    쌍 20: 'Object3' 와 'Object9'
      narrowPhase 실행...
>> checkGJKCollision 시작: Object3 vs Object9
  볼록 껍질 개수: Object3=128, Object9=128
      충돌 감지됨! 충돌 정보 설정 중...
  checkGJKCollision 완료: 충돌 감지
      충돌 결과: 충돌함
      충돌 정보 객체에 추가
    쌍 21: 'Object3' 와 'Object10'
      narrowPhase 실행...
>> checkGJKCollision 시작: Object3 vs Object10
  볼록 껍질 개수: Object3=128, Object10=128
      충돌 감지됨! 충돌 정보 설정 중...
  checkGJKCollision 완료: 충돌 감지
      충돌 결과: 충돌함
      충돌 정보 객체에 추가
    쌍 22: 'Object3' 와 'Object11'
      narrowPhase 실행...
>> checkGJKCollision 시작: Object3 vs Object11
  볼록 껍질 개수: Object3=128, Object11=128
      충돌 감지됨! 충돌 정보 설정 중...
  checkGJKCollision 완료: 충돌 감지
      충돌 결과: 충돌함
      충돌 정보 객체에 추가
    쌍 23: 'Object3' 와 'Object12'
      narrowPhase 실행...
>> checkGJKCollision 시작: Object3 vs Object12
  볼록 껍질 개수: Object3=128, Object12=128
      충돌 감지됨! 충돌 정보 설정 중...
  checkGJKCollision 완료: 충돌 감지
      충돌 결과: 충돌함
      충돌 정보 객체에 추가
    쌍 24: 'Object3' 와 'Object14'
      narrowPhase 실행...
>> checkGJKCollision 시작: Object3 vs Object14
  볼록 껍질 개수: Object3=128, Object14=128
      충돌 감지됨! 충돌 정보 설정 중...
  checkGJKCollision 완료: 충돌 감지
      충돌 결과: 충돌함
      충돌 정보 객체에 추가
    쌍 25: 'Object3' 와 'Object15'
      narrowPhase 실행...
>> checkGJKCollision 시작: Object3 vs Object15
  볼록 껍질 개수: Object3=128, Object15=128
      충돌 감지됨! 충돌 정보 설정 중...
  checkGJKCollision 완료: 충돌 감지
      충돌 결과: 충돌함
      충돌 정보 객체에 추가
    쌍 26: 'Object3' 와 'Object17'
      narrowPhase 실행...
>> checkGJKCollision 시작: Object3 vs Object17
  볼록 껍질 개수: Object3=128, Object17=128
      충돌 감지됨! 충돌 정보 설정 중...
  checkGJKCollision 완료: 충돌 감지
      충돌 결과: 충돌함
      충돌 정보 객체에 추가
    쌍 27: 'Object3' 와 'Object20'
      narrowPhase 실행...
>> checkGJKCollision 시작: Object3 vs Object20
  볼록 껍질 개수: Object3=128, Object20=128
      충돌 감지됨! 충돌 정보 설정 중...
  checkGJKCollision 완료: 충돌 감지
      충돌 결과: 충돌함
      충돌 정보 객체에 추가
    쌍 28: 'Object4' 와 'Object5'
      narrowPhase 실행...
>> checkGJKCollision 시작: Object4 vs Object5
  볼록 껍질 개수: Object4=128, Object5=128
      충돌 감지됨! 충돌 정보 설정 중...
  checkGJKCollision 완료: 충돌 감지
      충돌 결과: 충돌함
      충돌 정보 객체에 추가
    쌍 29: 'Object4' 와 'Object6'
      narrowPhase 실행...
>> checkGJKCollision 시작: Object4 vs Object6
  볼록 껍질 개수: Object4=128, Object6=128
      충돌 감지됨! 충돌 정보 설정 중...
  checkGJKCollision 완료: 충돌 감지
      충돌 결과: 충돌함
      충돌 정보 객체에 추가
    쌍 30: 'Object4' 와 'Object7'
      narrowPhase 실행...
>> checkGJKCollision 시작: Object4 vs Object7
  볼록 껍질 개수: Object4=128, Object7=128
  모든 볼록 껍질 쌍 검사 완료, 충돌 없음
      충돌 결과: 충돌 없음
    쌍 31: 'Object4' 와 'Object8'
      narrowPhase 실행...
>> checkGJKCollision 시작: Object4 vs Object8
  볼록 껍질 개수: Object4=128, Object8=128
      충돌 감지됨! 충돌 정보 설정 중...
  checkGJKCollision 완료: 충돌 감지
      충돌 결과: 충돌함
      충돌 정보 객체에 추가
    쌍 32: 'Object4' 와 'Object9'
      narrowPhase 실행...
>> checkGJKCollision 시작: Object4 vs Object9
  볼록 껍질 개수: Object4=128, Object9=128
      충돌 감지됨! 충돌 정보 설정 중...
  checkGJKCollision 완료: 충돌 감지
      충돌 결과: 충돌함
      충돌 정보 객체에 추가
    쌍 33: 'Object4' 와 'Object10'
      narrowPhase 실행...
>> checkGJKCollision 시작: Object4 vs Object10
  볼록 껍질 개수: Object4=128, Object10=128
      충돌 감지됨! 충돌 정보 설정 중...
  checkGJKCollision 완료: 충돌 감지
      충돌 결과: 충돌함
      충돌 정보 객체에 추가
    쌍 34: 'Object4' 와 'Object11'
      narrowPhase 실행...
>> checkGJKCollision 시작: Object4 vs Object11
  볼록 껍질 개수: Object4=128, Object11=128
      충돌 감지됨! 충돌 정보 설정 중...
  checkGJKCollision 완료: 충돌 감지
      충돌 결과: 충돌함
      충돌 정보 객체에 추가
    쌍 35: 'Object4' 와 'Object12'
      narrowPhase 실행...
>> checkGJKCollision 시작: Object4 vs Object12
  볼록 껍질 개수: Object4=128, Object12=128
      충돌 감지됨! 충돌 정보 설정 중...
  checkGJKCollision 완료: 충돌 감지
      충돌 결과: 충돌함
      충돌 정보 객체에 추가
    쌍 36: 'Object4' 와 'Object14'
      narrowPhase 실행...
>> checkGJKCollision 시작: Object4 vs Object14
  볼록 껍질 개수: Object4=128, Object14=128
      충돌 감지됨! 충돌 정보 설정 중...
  checkGJKCollision 완료: 충돌 감지
      충돌 결과: 충돌함
      충돌 정보 객체에 추가
    쌍 37: 'Object4' 와 'Object15'
      narrowPhase 실행...
>> checkGJKCollision 시작: Object4 vs Object15
  볼록 껍질 개수: Object4=128, Object15=128
      충돌 감지됨! 충돌 정보 설정 중...
  checkGJKCollision 완료: 충돌 감지
      충돌 결과: 충돌함
      충돌 정보 객체에 추가
    쌍 38: 'Object4' 와 'Object17'
      narrowPhase 실행...
>> checkGJKCollision 시작: Object4 vs Object17
  볼록 껍질 개수: Object4=128, Object17=128
      충돌 감지됨! 충돌 정보 설정 중...
  checkGJKCollision 완료: 충돌 감지
      충돌 결과: 충돌함
      충돌 정보 객체에 추가
    쌍 39: 'Object4' 와 'Object20'
      narrowPhase 실행...
>> checkGJKCollision 시작: Object4 vs Object20
  볼록 껍질 개수: Object4=128, Object20=128
      충돌 감지됨! 충돌 정보 설정 중...
  checkGJKCollision 완료: 충돌 감지
      충돌 결과: 충돌함
      충돌 정보 객체에 추가
    쌍 40: 'Object5' 와 'Object6'
      narrowPhase 실행...
>> checkGJKCollision 시작: Object5 vs Object6
  볼록 껍질 개수: Object5=128, Object6=128
      충돌 감지됨! 충돌 정보 설정 중...
  checkGJKCollision 완료: 충돌 감지
      충돌 결과: 충돌함
      충돌 정보 객체에 추가
    쌍 41: 'Object5' 와 'Object7'
      narrowPhase 실행...
>> checkGJKCollision 시작: Object5 vs Object7
  볼록 껍질 개수: Object5=128, Object7=128
  모든 볼록 껍질 쌍 검사 완료, 충돌 없음
      충돌 결과: 충돌 없음
    쌍 42: 'Object5' 와 'Object8'
      narrowPhase 실행...
>> checkGJKCollision 시작: Object5 vs Object8
  볼록 껍질 개수: Object5=128, Object8=128
      충돌 감지됨! 충돌 정보 설정 중...
  checkGJKCollision 완료: 충돌 감지
      충돌 결과: 충돌함
      충돌 정보 객체에 추가
    쌍 43: 'Object5' 와 'Object9'
      narrowPhase 실행...
>> checkGJKCollision 시작: Object5 vs Object9
  볼록 껍질 개수: Object5=128, Object9=128
      충돌 감지됨! 충돌 정보 설정 중...
  checkGJKCollision 완료: 충돌 감지
      충돌 결과: 충돌함
      충돌 정보 객체에 추가
    쌍 44: 'Object5' 와 'Object10'
      narrowPhase 실행...
>> checkGJKCollision 시작: Object5 vs Object10
  볼록 껍질 개수: Object5=128, Object10=128
  모든 볼록 껍질 쌍 검사 완료, 충돌 없음
      충돌 결과: 충돌 없음
    쌍 45: 'Object5' 와 'Object11'
      narrowPhase 실행...
>> checkGJKCollision 시작: Object5 vs Object11
  볼록 껍질 개수: Object5=128, Object11=128
  모든 볼록 껍질 쌍 검사 완료, 충돌 없음
      충돌 결과: 충돌 없음
    쌍 46: 'Object5' 와 'Object12'
      narrowPhase 실행...
>> checkGJKCollision 시작: Object5 vs Object12
  볼록 껍질 개수: Object5=128, Object12=128
      충돌 감지됨! 충돌 정보 설정 중...
  checkGJKCollision 완료: 충돌 감지
      충돌 결과: 충돌함
      충돌 정보 객체에 추가
    쌍 47: 'Object5' 와 'Object14'
      narrowPhase 실행...
>> checkGJKCollision 시작: Object5 vs Object14
  볼록 껍질 개수: Object5=128, Object14=128
      충돌 감지됨! 충돌 정보 설정 중...
  checkGJKCollision 완료: 충돌 감지
      충돌 결과: 충돌함
      충돌 정보 객체에 추가
    쌍 48: 'Object5' 와 'Object15'
      narrowPhase 실행...
>> checkGJKCollision 시작: Object5 vs Object15
  볼록 껍질 개수: Object5=128, Object15=128
      충돌 감지됨! 충돌 정보 설정 중...
  checkGJKCollision 완료: 충돌 감지
      충돌 결과: 충돌함
      충돌 정보 객체에 추가
    쌍 49: 'Object5' 와 'Object17'
      narrowPhase 실행...
>> checkGJKCollision 시작: Object5 vs Object17
  볼록 껍질 개수: Object5=128, Object17=128
      충돌 감지됨! 충돌 정보 설정 중...
  checkGJKCollision 완료: 충돌 감지
      충돌 결과: 충돌함
      충돌 정보 객체에 추가
    쌍 50: 'Object5' 와 'Object20'
      narrowPhase 실행...
>> checkGJKCollision 시작: Object5 vs Object20
  볼록 껍질 개수: Object5=128, Object20=128
      충돌 감지됨! 충돌 정보 설정 중...
  checkGJKCollision 완료: 충돌 감지
      충돌 결과: 충돌함
      충돌 정보 객체에 추가
    쌍 51: 'Object6' 와 'Object7'
      narrowPhase 실행...
>> checkGJKCollision 시작: Object6 vs Object7
  볼록 껍질 개수: Object6=128, Object7=128
  모든 볼록 껍질 쌍 검사 완료, 충돌 없음
      충돌 결과: 충돌 없음
    쌍 52: 'Object6' 와 'Object8'
      narrowPhase 실행...
>> checkGJKCollision 시작: Object6 vs Object8
  볼록 껍질 개수: Object6=128, Object8=128
      충돌 감지됨! 충돌 정보 설정 중...
  checkGJKCollision 완료: 충돌 감지
      충돌 결과: 충돌함
      충돌 정보 객체에 추가
    쌍 53: 'Object6' 와 'Object9'
      narrowPhase 실행...
>> checkGJKCollision 시작: Object6 vs Object9
  볼록 껍질 개수: Object6=128, Object9=128
      충돌 감지됨! 충돌 정보 설정 중...
  checkGJKCollision 완료: 충돌 감지
      충돌 결과: 충돌함
      충돌 정보 객체에 추가
    쌍 54: 'Object6' 와 'Object10'
      narrowPhase 실행...
>> checkGJKCollision 시작: Object6 vs Object10
  볼록 껍질 개수: Object6=128, Object10=128
      충돌 감지됨! 충돌 정보 설정 중...
  checkGJKCollision 완료: 충돌 감지
      충돌 결과: 충돌함
      충돌 정보 객체에 추가
    쌍 55: 'Object6' 와 'Object11'
      narrowPhase 실행...
>> checkGJKCollision 시작: Object6 vs Object11
  볼록 껍질 개수: Object6=128, Object11=128
      충돌 감지됨! 충돌 정보 설정 중...
  checkGJKCollision 완료: 충돌 감지
      충돌 결과: 충돌함
      충돌 정보 객체에 추가
    쌍 56: 'Object6' 와 'Object12'
      narrowPhase 실행...
>> checkGJKCollision 시작: Object6 vs Object12
  볼록 껍질 개수: Object6=128, Object12=128
      충돌 감지됨! 충돌 정보 설정 중...
  checkGJKCollision 완료: 충돌 감지
      충돌 결과: 충돌함
      충돌 정보 객체에 추가
    쌍 57: 'Object6' 와 'Object14'
      narrowPhase 실행...
>> checkGJKCollision 시작: Object6 vs Object14
  볼록 껍질 개수: Object6=128, Object14=128
      충돌 감지됨! 충돌 정보 설정 중...
  checkGJKCollision 완료: 충돌 감지
      충돌 결과: 충돌함
      충돌 정보 객체에 추가
    쌍 58: 'Object6' 와 'Object15'
      narrowPhase 실행...
>> checkGJKCollision 시작: Object6 vs Object15
  볼록 껍질 개수: Object6=128, Object15=128
      충돌 감지됨! 충돌 정보 설정 중...
  checkGJKCollision 완료: 충돌 감지
      충돌 결과: 충돌함
      충돌 정보 객체에 추가
    쌍 59: 'Object6' 와 'Object17'
      narrowPhase 실행...
>> checkGJKCollision 시작: Object6 vs Object17
  볼록 껍질 개수: Object6=128, Object17=128
      충돌 감지됨! 충돌 정보 설정 중...
  checkGJKCollision 완료: 충돌 감지
      충돌 결과: 충돌함
      충돌 정보 객체에 추가
    쌍 60: 'Object6' 와 'Object20'
      narrowPhase 실행...
>> checkGJKCollision 시작: Object6 vs Object20
  볼록 껍질 개수: Object6=128, Object20=128
      충돌 감지됨! 충돌 정보 설정 중...
  checkGJKCollision 완료: 충돌 감지
      충돌 결과: 충돌함
      충돌 정보 객체에 추가
    쌍 61: 'Object7' 와 'Object8'
      narrowPhase 실행...
>> checkGJKCollision 시작: Object7 vs Object8
  볼록 껍질 개수: Object7=128, Object8=128
  모든 볼록 껍질 쌍 검사 완료, 충돌 없음
      충돌 결과: 충돌 없음
    쌍 62: 'Object7' 와 'Object9'
      narrowPhase 실행...
>> checkGJKCollision 시작: Object7 vs Object9
  볼록 껍질 개수: Object7=128, Object9=128
  모든 볼록 껍질 쌍 검사 완료, 충돌 없음
      충돌 결과: 충돌 없음
    쌍 63: 'Object7' 와 'Object10'
      narrowPhase 실행...
>> checkGJKCollision 시작: Object7 vs Object10
  볼록 껍질 개수: Object7=128, Object10=128
  모든 볼록 껍질 쌍 검사 완료, 충돌 없음
      충돌 결과: 충돌 없음
    쌍 64: 'Object7' 와 'Object11'
      narrowPhase 실행...
>> checkGJKCollision 시작: Object7 vs Object11
  볼록 껍질 개수: Object7=128, Object11=128
  모든 볼록 껍질 쌍 검사 완료, 충돌 없음
      충돌 결과: 충돌 없음
    쌍 65: 'Object7' 와 'Object12'
      narrowPhase 실행...
>> checkGJKCollision 시작: Object7 vs Object12
  볼록 껍질 개수: Object7=128, Object12=128
  모든 볼록 껍질 쌍 검사 완료, 충돌 없음
      충돌 결과: 충돌 없음
    쌍 66: 'Object7' 와 'Object14'
      narrowPhase 실행...
>> checkGJKCollision 시작: Object7 vs Object14
  볼록 껍질 개수: Object7=128, Object14=128
  모든 볼록 껍질 쌍 검사 완료, 충돌 없음
      충돌 결과: 충돌 없음
    쌍 67: 'Object7' 와 'Object15'
      narrowPhase 실행...
>> checkGJKCollision 시작: Object7 vs Object15
  볼록 껍질 개수: Object7=128, Object15=128
  모든 볼록 껍질 쌍 검사 완료, 충돌 없음
      충돌 결과: 충돌 없음
    쌍 68: 'Object7' 와 'Object17'
      narrowPhase 실행...
>> checkGJKCollision 시작: Object7 vs Object17
  볼록 껍질 개수: Object7=128, Object17=128
  모든 볼록 껍질 쌍 검사 완료, 충돌 없음
      충돌 결과: 충돌 없음
    쌍 69: 'Object7' 와 'Object20'
      narrowPhase 실행...
>> checkGJKCollision 시작: Object7 vs Object20
  볼록 껍질 개수: Object7=128, Object20=128
  모든 볼록 껍질 쌍 검사 완료, 충돌 없음
      충돌 결과: 충돌 없음
    쌍 70: 'Object8' 와 'Object9'
      narrowPhase 실행...
>> checkGJKCollision 시작: Object8 vs Object9
  볼록 껍질 개수: Object8=128, Object9=128
      충돌 감지됨! 충돌 정보 설정 중...
  checkGJKCollision 완료: 충돌 감지
      충돌 결과: 충돌함
      충돌 정보 객체에 추가
    쌍 71: 'Object8' 와 'Object10'
      narrowPhase 실행...
>> checkGJKCollision 시작: Object8 vs Object10
  볼록 껍질 개수: Object8=128, Object10=128
      충돌 감지됨! 충돌 정보 설정 중...
  checkGJKCollision 완료: 충돌 감지
      충돌 결과: 충돌함
      충돌 정보 객체에 추가
    쌍 72: 'Object8' 와 'Object11'
      narrowPhase 실행...
>> checkGJKCollision 시작: Object8 vs Object11
  볼록 껍질 개수: Object8=128, Object11=128
      충돌 감지됨! 충돌 정보 설정 중...
  checkGJKCollision 완료: 충돌 감지
      충돌 결과: 충돌함
      충돌 정보 객체에 추가
    쌍 73: 'Object8' 와 'Object12'
      narrowPhase 실행...
>> checkGJKCollision 시작: Object8 vs Object12
  볼록 껍질 개수: Object8=128, Object12=128
      충돌 감지됨! 충돌 정보 설정 중...
  checkGJKCollision 완료: 충돌 감지
      충돌 결과: 충돌함
      충돌 정보 객체에 추가
    쌍 74: 'Object8' 와 'Object14'
      narrowPhase 실행...
>> checkGJKCollision 시작: Object8 vs Object14
  볼록 껍질 개수: Object8=128, Object14=128
      충돌 감지됨! 충돌 정보 설정 중...
  checkGJKCollision 완료: 충돌 감지
      충돌 결과: 충돌함
      충돌 정보 객체에 추가
    쌍 75: 'Object8' 와 'Object15'
      narrowPhase 실행...
>> checkGJKCollision 시작: Object8 vs Object15
  볼록 껍질 개수: Object8=128, Object15=128
      충돌 감지됨! 충돌 정보 설정 중...
  checkGJKCollision 완료: 충돌 감지
      충돌 결과: 충돌함
      충돌 정보 객체에 추가
    쌍 76: 'Object8' 와 'Object17'
      narrowPhase 실행...
>> checkGJKCollision 시작: Object8 vs Object17
  볼록 껍질 개수: Object8=128, Object17=128
      충돌 감지됨! 충돌 정보 설정 중...
  checkGJKCollision 완료: 충돌 감지
      충돌 결과: 충돌함
      충돌 정보 객체에 추가
    쌍 77: 'Object8' 와 'Object20'
      narrowPhase 실행...
>> checkGJKCollision 시작: Object8 vs Object20
  볼록 껍질 개수: Object8=128, Object20=128
      충돌 감지됨! 충돌 정보 설정 중...
  checkGJKCollision 완료: 충돌 감지
      충돌 결과: 충돌함
      충돌 정보 객체에 추가
    쌍 78: 'Object9' 와 'Object10'
      narrowPhase 실행...
>> checkGJKCollision 시작: Object9 vs Object10
  볼록 껍질 개수: Object9=128, Object10=128
      충돌 감지됨! 충돌 정보 설정 중...
  checkGJKCollision 완료: 충돌 감지
      충돌 결과: 충돌함
      충돌 정보 객체에 추가
    쌍 79: 'Object9' 와 'Object11'
      narrowPhase 실행...
>> checkGJKCollision 시작: Object9 vs Object11
  볼록 껍질 개수: Object9=128, Object11=128
      충돌 감지됨! 충돌 정보 설정 중...
  checkGJKCollision 완료: 충돌 감지
      충돌 결과: 충돌함
      충돌 정보 객체에 추가
    쌍 80: 'Object9' 와 'Object12'
      narrowPhase 실행...
>> checkGJKCollision 시작: Object9 vs Object12
  볼록 껍질 개수: Object9=128, Object12=128
      충돌 감지됨! 충돌 정보 설정 중...
  checkGJKCollision 완료: 충돌 감지
      충돌 결과: 충돌함
      충돌 정보 객체에 추가
    쌍 81: 'Object9' 와 'Object14'
      narrowPhase 실행...
>> checkGJKCollision 시작: Object9 vs Object14
  볼록 껍질 개수: Object9=128, Object14=128
      충돌 감지됨! 충돌 정보 설정 중...
  checkGJKCollision 완료: 충돌 감지
      충돌 결과: 충돌함
      충돌 정보 객체에 추가
    쌍 82: 'Object9' 와 'Object15'
      narrowPhase 실행...
>> checkGJKCollision 시작: Object9 vs Object15
  볼록 껍질 개수: Object9=128, Object15=128
      충돌 감지됨! 충돌 정보 설정 중...
  checkGJKCollision 완료: 충돌 감지
      충돌 결과: 충돌함
      충돌 정보 객체에 추가
    쌍 83: 'Object9' 와 'Object17'
      narrowPhase 실행...
>> checkGJKCollision 시작: Object9 vs Object17
  볼록 껍질 개수: Object9=128, Object17=128
      충돌 감지됨! 충돌 정보 설정 중...
  checkGJKCollision 완료: 충돌 감지
      충돌 결과: 충돌함
      충돌 정보 객체에 추가
    쌍 84: 'Object9' 와 'Object20'
      narrowPhase 실행...
>> checkGJKCollision 시작: Object9 vs Object20
  볼록 껍질 개수: Object9=128, Object20=128
      충돌 감지됨! 충돌 정보 설정 중...
  checkGJKCollision 완료: 충돌 감지
      충돌 결과: 충돌함
      충돌 정보 객체에 추가
    쌍 85: 'Object10' 와 'Object11'
      narrowPhase 실행...
>> checkGJKCollision 시작: Object10 vs Object11
  볼록 껍질 개수: Object10=128, Object11=128
      충돌 감지됨! 충돌 정보 설정 중...
  checkGJKCollision 완료: 충돌 감지
      충돌 결과: 충돌함
      충돌 정보 객체에 추가
    쌍 86: 'Object10' 와 'Object12'
      narrowPhase 실행...
>> checkGJKCollision 시작: Object10 vs Object12
  볼록 껍질 개수: Object10=128, Object12=128
      충돌 감지됨! 충돌 정보 설정 중...
  checkGJKCollision 완료: 충돌 감지
      충돌 결과: 충돌함
      충돌 정보 객체에 추가
    쌍 87: 'Object10' 와 'Object14'
      narrowPhase 실행...
>> checkGJKCollision 시작: Object10 vs Object14
  볼록 껍질 개수: Object10=128, Object14=128
      충돌 감지됨! 충돌 정보 설정 중...
  checkGJKCollision 완료: 충돌 감지
      충돌 결과: 충돌함
      충돌 정보 객체에 추가
    쌍 88: 'Object10' 와 'Object15'
      narrowPhase 실행...
>> checkGJKCollision 시작: Object10 vs Object15
  볼록 껍질 개수: Object10=128, Object15=128
      충돌 감지됨! 충돌 정보 설정 중...
  checkGJKCollision 완료: 충돌 감지
      충돌 결과: 충돌함
      충돌 정보 객체에 추가
    쌍 89: 'Object10' 와 'Object17'
      narrowPhase 실행...
>> checkGJKCollision 시작: Object10 vs Object17
  볼록 껍질 개수: Object10=128, Object17=128
      충돌 감지됨! 충돌 정보 설정 중...
  checkGJKCollision 완료: 충돌 감지
      충돌 결과: 충돌함
      충돌 정보 객체에 추가
    쌍 90: 'Object10' 와 'Object20'
      narrowPhase 실행...
>> checkGJKCollision 시작: Object10 vs Object20
  볼록 껍질 개수: Object10=128, Object20=128
      충돌 감지됨! 충돌 정보 설정 중...
  checkGJKCollision 완료: 충돌 감지
      충돌 결과: 충돌함
      충돌 정보 객체에 추가
    쌍 91: 'Object11' 와 'Object12'
      narrowPhase 실행...
>> checkGJKCollision 시작: Object11 vs Object12
  볼록 껍질 개수: Object11=128, Object12=128
      충돌 감지됨! 충돌 정보 설정 중...
  checkGJKCollision 완료: 충돌 감지
      충돌 결과: 충돌함
      충돌 정보 객체에 추가
    쌍 92: 'Object11' 와 'Object14'
      narrowPhase 실행...
>> checkGJKCollision 시작: Object11 vs Object14
  볼록 껍질 개수: Object11=128, Object14=128
      충돌 감지됨! 충돌 정보 설정 중...
  checkGJKCollision 완료: 충돌 감지
      충돌 결과: 충돌함
      충돌 정보 객체에 추가
    쌍 93: 'Object11' 와 'Object15'
      narrowPhase 실행...
>> checkGJKCollision 시작: Object11 vs Object15
  볼록 껍질 개수: Object11=128, Object15=128
      충돌 감지됨! 충돌 정보 설정 중...
  checkGJKCollision 완료: 충돌 감지
      충돌 결과: 충돌함
      충돌 정보 객체에 추가
    쌍 94: 'Object11' 와 'Object17'
      narrowPhase 실행...
>> checkGJKCollision 시작: Object11 vs Object17
  볼록 껍질 개수: Object11=128, Object17=128
      충돌 감지됨! 충돌 정보 설정 중...
  checkGJKCollision 완료: 충돌 감지
      충돌 결과: 충돌함
      충돌 정보 객체에 추가
    쌍 95: 'Object11' 와 'Object20'
      narrowPhase 실행...
>> checkGJKCollision 시작: Object11 vs Object20
  볼록 껍질 개수: Object11=128, Object20=128
      충돌 감지됨! 충돌 정보 설정 중...
  checkGJKCollision 완료: 충돌 감지
      충돌 결과: 충돌함
      충돌 정보 객체에 추가
    쌍 96: 'Object12' 와 'Object14'
      narrowPhase 실행...
>> checkGJKCollision 시작: Object12 vs Object14
  볼록 껍질 개수: Object12=128, Object14=128
      충돌 감지됨! 충돌 정보 설정 중...
  checkGJKCollision 완료: 충돌 감지
      충돌 결과: 충돌함
      충돌 정보 객체에 추가
    쌍 97: 'Object12' 와 'Object15'
      narrowPhase 실행...
>> checkGJKCollision 시작: Object12 vs Object15
  볼록 껍질 개수: Object12=128, Object15=128
      충돌 감지됨! 충돌 정보 설정 중...
  checkGJKCollision 완료: 충돌 감지
      충돌 결과: 충돌함
      충돌 정보 객체에 추가
    쌍 98: 'Object12' 와 'Object17'
      narrowPhase 실행...
>> checkGJKCollision 시작: Object12 vs Object17
  볼록 껍질 개수: Object12=128, Object17=128
      충돌 감지됨! 충돌 정보 설정 중...
  checkGJKCollision 완료: 충돌 감지
      충돌 결과: 충돌함
      충돌 정보 객체에 추가
    쌍 99: 'Object12' 와 'Object20'
      narrowPhase 실행...
>> checkGJKCollision 시작: Object12 vs Object20
  볼록 껍질 개수: Object12=128, Object20=128
      충돌 감지됨! 충돌 정보 설정 중...
  checkGJKCollision 완료: 충돌 감지
      충돌 결과: 충돌함
      충돌 정보 객체에 추가
    쌍 100: 'Object14' 와 'Object15'
      narrowPhase 실행...
>> checkGJKCollision 시작: Object14 vs Object15
  볼록 껍질 개수: Object14=128, Object15=128
      충돌 감지됨! 충돌 정보 설정 중...
  checkGJKCollision 완료: 충돌 감지
      충돌 결과: 충돌함
      충돌 정보 객체에 추가
    쌍 101: 'Object14' 와 'Object17'
      narrowPhase 실행...
>> checkGJKCollision 시작: Object14 vs Object17
  볼록 껍질 개수: Object14=128, Object17=128
      충돌 감지됨! 충돌 정보 설정 중...
  checkGJKCollision 완료: 충돌 감지
      충돌 결과: 충돌함
      충돌 정보 객체에 추가
    쌍 102: 'Object14' 와 'Object20'
      narrowPhase 실행...
>> checkGJKCollision 시작: Object14 vs Object20
  볼록 껍질 개수: Object14=128, Object20=128
      충돌 감지됨! 충돌 정보 설정 중...
  checkGJKCollision 완료: 충돌 감지
      충돌 결과: 충돌함
      충돌 정보 객체에 추가
    쌍 103: 'Object15' 와 'Object17'
      narrowPhase 실행...
>> checkGJKCollision 시작: Object15 vs Object17
  볼록 껍질 개수: Object15=128, Object17=128
      충돌 감지됨! 충돌 정보 설정 중...
  checkGJKCollision 완료: 충돌 감지
      충돌 결과: 충돌함
      충돌 정보 객체에 추가
    쌍 104: 'Object15' 와 'Object20'
      narrowPhase 실행...
>> checkGJKCollision 시작: Object15 vs Object20
  볼록 껍질 개수: Object15=128, Object20=128
      충돌 감지됨! 충돌 정보 설정 중...
  checkGJKCollision 완료: 충돌 감지
      충돌 결과: 충돌함
      충돌 정보 객체에 추가
    쌍 105: 'Object17' 와 'Object20'
      narrowPhase 실행...
>> checkGJKCollision 시작: Object17 vs Object20
  볼록 껍질 개수: Object17=128, Object20=128
      충돌 감지됨! 충돌 정보 설정 중...
  checkGJKCollision 완료: 충돌 감지
      충돌 결과: 충돌함
      충돌 정보 객체에 추가
  이전 충돌 상태 정리 중...
  충돌 상태 맵 업데이트
CollisionManager::update() - 완료

--- Frame 89 ---
Object0 position: (-6.004546, 6.404830, -8.006029)
Updating objects...
Object1 position: (-0.004688, 0.020316, 0.001563)
Updating objects...
Object2 position: (-0.660632, 0.566255, 0.141564)
Updating objects...
Object3 position: (-0.025858, 0.060335, -0.120669)
Updating objects...
Object4 position: (-0.141564, -0.660632, -0.566255)
Updating objects...
Object5 position: (-0.061493, 0.184480, 0.030747)
Updating objects...
Object6 position: (-1.352923, -0.557086, 0.477503)
Updating objects...
Object7 position: (0.149378, 0.000000, -0.014938)
Updating objects...
Object8 position: (0.000000, -0.119989, 0.031997)
Updating objects...
Object9 position: (0.016530, -0.024795, -0.033060)
Updating objects...
Object10 position: (-0.115726, 0.462903, 0.231451)
Updating objects...
Object11 position: (-0.013698, 0.000000, 0.116431)
Updating objects...
Object12 position: (2.541203, 1.046379, 1.494825)
Updating objects...
Object13 position: (-0.010051, -0.150761, -0.040203)
Updating objects...
Object14 position: (0.089854, 0.025673, 0.051345)
Updating objects...
Object15 position: (6.971359, -5.422170, 6.971359)
Updating objects...
Object16 position: (-0.028946, -0.159202, -0.101310)
Updating objects...
Object17 position: (-2.921780, 0.343739, 2.234299)
Updating objects...
Object18 position: (1.825472, -6.936789, 7.301889)
Updating objects...
Object19 position: (-0.000005, -0.000002, 0.000005)
Updating objects...
Running collision detection...
CollisionManager::update() - 시작 (프레임 89)
  객체 목록 크기: 20
  각 객체의 AABB 업데이트 중...
    객체 'Object1' 업데이트
    객체 'Object2' 업데이트
    객체 'Object3' 업데이트
    객체 'Object4' 업데이트
    객체 'Object5' 업데이트
    객체 'Object6' 업데이트
    객체 'Object7' 업데이트
    객체 'Object8' 업데이트
    객체 'Object9' 업데이트
    객체 'Object10' 업데이트
    객체 'Object11' 업데이트
    객체 'Object12' 업데이트
    객체 'Object13' 업데이트
    객체 'Object14' 업데이트
    객체 'Object15' 업데이트
    객체 'Object16' 업데이트
    객체 'Object17' 업데이트
    객체 'Object18' 업데이트
    객체 'Object19' 업데이트
    객체 'Object20' 업데이트
  대략적 충돌 감지(Broad Phase) 중...
    잠재적 충돌 쌍: 105개
  정밀 충돌 감지(Narrow Phase) 시작...
    쌍 1: 'Object2' 와 'Object3'
      narrowPhase 실행...
>> checkGJKCollision 시작: Object2 vs Object3
  볼록 껍질 개수: Object2=128, Object3=128
      충돌 감지됨! 충돌 정보 설정 중...
  checkGJKCollision 완료: 충돌 감지
      충돌 결과: 충돌함
      충돌 정보 객체에 추가
    쌍 2: 'Object2' 와 'Object4'
      narrowPhase 실행...
>> checkGJKCollision 시작: Object2 vs Object4
  볼록 껍질 개수: Object2=128, Object4=128
      충돌 감지됨! 충돌 정보 설정 중...
  checkGJKCollision 완료: 충돌 감지
      충돌 결과: 충돌함
      충돌 정보 객체에 추가
    쌍 3: 'Object2' 와 'Object5'
      narrowPhase 실행...
>> checkGJKCollision 시작: Object2 vs Object5
  볼록 껍질 개수: Object2=128, Object5=128
      충돌 감지됨! 충돌 정보 설정 중...
  checkGJKCollision 완료: 충돌 감지
      충돌 결과: 충돌함
      충돌 정보 객체에 추가
    쌍 4: 'Object2' 와 'Object6'
      narrowPhase 실행...
>> checkGJKCollision 시작: Object2 vs Object6
  볼록 껍질 개수: Object2=128, Object6=128
      충돌 감지됨! 충돌 정보 설정 중...
  checkGJKCollision 완료: 충돌 감지
      충돌 결과: 충돌함
      충돌 정보 객체에 추가
    쌍 5: 'Object2' 와 'Object7'
      narrowPhase 실행...
>> checkGJKCollision 시작: Object2 vs Object7
  볼록 껍질 개수: Object2=128, Object7=128
  모든 볼록 껍질 쌍 검사 완료, 충돌 없음
      충돌 결과: 충돌 없음
    쌍 6: 'Object2' 와 'Object8'
      narrowPhase 실행...
>> checkGJKCollision 시작: Object2 vs Object8
  볼록 껍질 개수: Object2=128, Object8=128
      충돌 감지됨! 충돌 정보 설정 중...
  checkGJKCollision 완료: 충돌 감지
      충돌 결과: 충돌함
      충돌 정보 객체에 추가
    쌍 7: 'Object2' 와 'Object9'
      narrowPhase 실행...
>> checkGJKCollision 시작: Object2 vs Object9
  볼록 껍질 개수: Object2=128, Object9=128
      충돌 감지됨! 충돌 정보 설정 중...
  checkGJKCollision 완료: 충돌 감지
      충돌 결과: 충돌함
      충돌 정보 객체에 추가
    쌍 8: 'Object2' 와 'Object10'
      narrowPhase 실행...
>> checkGJKCollision 시작: Object2 vs Object10
  볼록 껍질 개수: Object2=128, Object10=128
      충돌 감지됨! 충돌 정보 설정 중...
  checkGJKCollision 완료: 충돌 감지
      충돌 결과: 충돌함
      충돌 정보 객체에 추가
    쌍 9: 'Object2' 와 'Object11'
      narrowPhase 실행...
>> checkGJKCollision 시작: Object2 vs Object11
  볼록 껍질 개수: Object2=128, Object11=128
      충돌 감지됨! 충돌 정보 설정 중...
  checkGJKCollision 완료: 충돌 감지
      충돌 결과: 충돌함
      충돌 정보 객체에 추가
    쌍 10: 'Object2' 와 'Object12'
      narrowPhase 실행...
>> checkGJKCollision 시작: Object2 vs Object12
  볼록 껍질 개수: Object2=128, Object12=128
      충돌 감지됨! 충돌 정보 설정 중...
  checkGJKCollision 완료: 충돌 감지
      충돌 결과: 충돌함
      충돌 정보 객체에 추가
    쌍 11: 'Object2' 와 'Object14'
      narrowPhase 실행...
>> checkGJKCollision 시작: Object2 vs Object14
  볼록 껍질 개수: Object2=128, Object14=128
      충돌 감지됨! 충돌 정보 설정 중...
  checkGJKCollision 완료: 충돌 감지
      충돌 결과: 충돌함
      충돌 정보 객체에 추가
    쌍 12: 'Object2' 와 'Object15'
      narrowPhase 실행...
>> checkGJKCollision 시작: Object2 vs Object15
  볼록 껍질 개수: Object2=128, Object15=128
      충돌 감지됨! 충돌 정보 설정 중...
  checkGJKCollision 완료: 충돌 감지
      충돌 결과: 충돌함
      충돌 정보 객체에 추가
    쌍 13: 'Object2' 와 'Object17'
      narrowPhase 실행...
>> checkGJKCollision 시작: Object2 vs Object17
  볼록 껍질 개수: Object2=128, Object17=128
      충돌 감지됨! 충돌 정보 설정 중...
  checkGJKCollision 완료: 충돌 감지
      충돌 결과: 충돌함
      충돌 정보 객체에 추가
    쌍 14: 'Object2' 와 'Object20'
      narrowPhase 실행...
>> checkGJKCollision 시작: Object2 vs Object20
  볼록 껍질 개수: Object2=128, Object20=128
      충돌 감지됨! 충돌 정보 설정 중...
  checkGJKCollision 완료: 충돌 감지
      충돌 결과: 충돌함
      충돌 정보 객체에 추가
    쌍 15: 'Object3' 와 'Object4'
      narrowPhase 실행...
>> checkGJKCollision 시작: Object3 vs Object4
  볼록 껍질 개수: Object3=128, Object4=128
      충돌 감지됨! 충돌 정보 설정 중...
  checkGJKCollision 완료: 충돌 감지
      충돌 결과: 충돌함
      충돌 정보 객체에 추가
    쌍 16: 'Object3' 와 'Object5'
      narrowPhase 실행...
>> checkGJKCollision 시작: Object3 vs Object5
  볼록 껍질 개수: Object3=128, Object5=128
      충돌 감지됨! 충돌 정보 설정 중...
  checkGJKCollision 완료: 충돌 감지
      충돌 결과: 충돌함
      충돌 정보 객체에 추가
    쌍 17: 'Object3' 와 'Object6'
      narrowPhase 실행...
>> checkGJKCollision 시작: Object3 vs Object6
  볼록 껍질 개수: Object3=128, Object6=128
      충돌 감지됨! 충돌 정보 설정 중...
  checkGJKCollision 완료: 충돌 감지
      충돌 결과: 충돌함
      충돌 정보 객체에 추가
    쌍 18: 'Object3' 와 'Object7'
      narrowPhase 실행...
>> checkGJKCollision 시작: Object3 vs Object7
  볼록 껍질 개수: Object3=128, Object7=128
      충돌 감지됨! 충돌 정보 설정 중...
  checkGJKCollision 완료: 충돌 감지
      충돌 결과: 충돌함
      충돌 정보 객체에 추가
Object7 collision enter with Object3
Contact point: (-1.006778, 0.004585, 0.309533)
Contact normal: (0.508431, 0.825002, -0.246720)
Penetration depth: 0.1
    쌍 19: 'Object3' 와 'Object8'
      narrowPhase 실행...
>> checkGJKCollision 시작: Object3 vs Object8
  볼록 껍질 개수: Object3=128, Object8=128
      충돌 감지됨! 충돌 정보 설정 중...
  checkGJKCollision 완료: 충돌 감지
      충돌 결과: 충돌함
      충돌 정보 객체에 추가
    쌍 20: 'Object3' 와 'Object9'
      narrowPhase 실행...
>> checkGJKCollision 시작: Object3 vs Object9
  볼록 껍질 개수: Object3=128, Object9=128
      충돌 감지됨! 충돌 정보 설정 중...
  checkGJKCollision 완료: 충돌 감지
      충돌 결과: 충돌함
      충돌 정보 객체에 추가
    쌍 21: 'Object3' 와 'Object10'
      narrowPhase 실행...
>> checkGJKCollision 시작: Object3 vs Object10
  볼록 껍질 개수: Object3=128, Object10=128
      충돌 감지됨! 충돌 정보 설정 중...
  checkGJKCollision 완료: 충돌 감지
      충돌 결과: 충돌함
      충돌 정보 객체에 추가
    쌍 22: 'Object3' 와 'Object11'
      narrowPhase 실행...
>> checkGJKCollision 시작: Object3 vs Object11
  볼록 껍질 개수: Object3=128, Object11=128
      충돌 감지됨! 충돌 정보 설정 중...
  checkGJKCollision 완료: 충돌 감지
      충돌 결과: 충돌함
      충돌 정보 객체에 추가
    쌍 23: 'Object3' 와 'Object12'
      narrowPhase 실행...
>> checkGJKCollision 시작: Object3 vs Object12
  볼록 껍질 개수: Object3=128, Object12=128
      충돌 감지됨! 충돌 정보 설정 중...
  checkGJKCollision 완료: 충돌 감지
      충돌 결과: 충돌함
      충돌 정보 객체에 추가
    쌍 24: 'Object3' 와 'Object14'
      narrowPhase 실행...
>> checkGJKCollision 시작: Object3 vs Object14
  볼록 껍질 개수: Object3=128, Object14=128
      충돌 감지됨! 충돌 정보 설정 중...
  checkGJKCollision 완료: 충돌 감지
      충돌 결과: 충돌함
      충돌 정보 객체에 추가
    쌍 25: 'Object3' 와 'Object15'
      narrowPhase 실행...
>> checkGJKCollision 시작: Object3 vs Object15
  볼록 껍질 개수: Object3=128, Object15=128
      충돌 감지됨! 충돌 정보 설정 중...
  checkGJKCollision 완료: 충돌 감지
      충돌 결과: 충돌함
      충돌 정보 객체에 추가
    쌍 26: 'Object3' 와 'Object17'
      narrowPhase 실행...
>> checkGJKCollision 시작: Object3 vs Object17
  볼록 껍질 개수: Object3=128, Object17=128
      충돌 감지됨! 충돌 정보 설정 중...
  checkGJKCollision 완료: 충돌 감지
      충돌 결과: 충돌함
      충돌 정보 객체에 추가
    쌍 27: 'Object3' 와 'Object20'
      narrowPhase 실행...
>> checkGJKCollision 시작: Object3 vs Object20
  볼록 껍질 개수: Object3=128, Object20=128
      충돌 감지됨! 충돌 정보 설정 중...
  checkGJKCollision 완료: 충돌 감지
      충돌 결과: 충돌함
      충돌 정보 객체에 추가
    쌍 28: 'Object4' 와 'Object5'
      narrowPhase 실행...
>> checkGJKCollision 시작: Object4 vs Object5
  볼록 껍질 개수: Object4=128, Object5=128
      충돌 감지됨! 충돌 정보 설정 중...
  checkGJKCollision 완료: 충돌 감지
      충돌 결과: 충돌함
      충돌 정보 객체에 추가
    쌍 29: 'Object4' 와 'Object6'
      narrowPhase 실행...
>> checkGJKCollision 시작: Object4 vs Object6
  볼록 껍질 개수: Object4=128, Object6=128
      충돌 감지됨! 충돌 정보 설정 중...
  checkGJKCollision 완료: 충돌 감지
      충돌 결과: 충돌함
      충돌 정보 객체에 추가
    쌍 30: 'Object4' 와 'Object7'
      narrowPhase 실행...
>> checkGJKCollision 시작: Object4 vs Object7
  볼록 껍질 개수: Object4=128, Object7=128
  모든 볼록 껍질 쌍 검사 완료, 충돌 없음
      충돌 결과: 충돌 없음
    쌍 31: 'Object4' 와 'Object8'
      narrowPhase 실행...
>> checkGJKCollision 시작: Object4 vs Object8
  볼록 껍질 개수: Object4=128, Object8=128
      충돌 감지됨! 충돌 정보 설정 중...
  checkGJKCollision 완료: 충돌 감지
      충돌 결과: 충돌함
      충돌 정보 객체에 추가
    쌍 32: 'Object4' 와 'Object9'
      narrowPhase 실행...
>> checkGJKCollision 시작: Object4 vs Object9
  볼록 껍질 개수: Object4=128, Object9=128
      충돌 감지됨! 충돌 정보 설정 중...
  checkGJKCollision 완료: 충돌 감지
      충돌 결과: 충돌함
      충돌 정보 객체에 추가
    쌍 33: 'Object4' 와 'Object10'
      narrowPhase 실행...
>> checkGJKCollision 시작: Object4 vs Object10
  볼록 껍질 개수: Object4=128, Object10=128
      충돌 감지됨! 충돌 정보 설정 중...
  checkGJKCollision 완료: 충돌 감지
      충돌 결과: 충돌함
      충돌 정보 객체에 추가
    쌍 34: 'Object4' 와 'Object11'
      narrowPhase 실행...
>> checkGJKCollision 시작: Object4 vs Object11
  볼록 껍질 개수: Object4=128, Object11=128
      충돌 감지됨! 충돌 정보 설정 중...
  checkGJKCollision 완료: 충돌 감지
      충돌 결과: 충돌함
      충돌 정보 객체에 추가
    쌍 35: 'Object4' 와 'Object12'
      narrowPhase 실행...
>> checkGJKCollision 시작: Object4 vs Object12
  볼록 껍질 개수: Object4=128, Object12=128
      충돌 감지됨! 충돌 정보 설정 중...
  checkGJKCollision 완료: 충돌 감지
      충돌 결과: 충돌함
      충돌 정보 객체에 추가
    쌍 36: 'Object4' 와 'Object14'
      narrowPhase 실행...
>> checkGJKCollision 시작: Object4 vs Object14
  볼록 껍질 개수: Object4=128, Object14=128
      충돌 감지됨! 충돌 정보 설정 중...
  checkGJKCollision 완료: 충돌 감지
      충돌 결과: 충돌함
      충돌 정보 객체에 추가
    쌍 37: 'Object4' 와 'Object15'
      narrowPhase 실행...
>> checkGJKCollision 시작: Object4 vs Object15
  볼록 껍질 개수: Object4=128, Object15=128
      충돌 감지됨! 충돌 정보 설정 중...
  checkGJKCollision 완료: 충돌 감지
      충돌 결과: 충돌함
      충돌 정보 객체에 추가
    쌍 38: 'Object4' 와 'Object17'
      narrowPhase 실행...
>> checkGJKCollision 시작: Object4 vs Object17
  볼록 껍질 개수: Object4=128, Object17=128
      충돌 감지됨! 충돌 정보 설정 중...
  checkGJKCollision 완료: 충돌 감지
      충돌 결과: 충돌함
      충돌 정보 객체에 추가
    쌍 39: 'Object4' 와 'Object20'
      narrowPhase 실행...
>> checkGJKCollision 시작: Object4 vs Object20
  볼록 껍질 개수: Object4=128, Object20=128
      충돌 감지됨! 충돌 정보 설정 중...
  checkGJKCollision 완료: 충돌 감지
      충돌 결과: 충돌함
      충돌 정보 객체에 추가
    쌍 40: 'Object5' 와 'Object6'
      narrowPhase 실행...
>> checkGJKCollision 시작: Object5 vs Object6
  볼록 껍질 개수: Object5=128, Object6=128
      충돌 감지됨! 충돌 정보 설정 중...
  checkGJKCollision 완료: 충돌 감지
      충돌 결과: 충돌함
      충돌 정보 객체에 추가
    쌍 41: 'Object5' 와 'Object7'
      narrowPhase 실행...
>> checkGJKCollision 시작: Object5 vs Object7
  볼록 껍질 개수: Object5=128, Object7=128
  모든 볼록 껍질 쌍 검사 완료, 충돌 없음
      충돌 결과: 충돌 없음
    쌍 42: 'Object5' 와 'Object8'
      narrowPhase 실행...
>> checkGJKCollision 시작: Object5 vs Object8
  볼록 껍질 개수: Object5=128, Object8=128
      충돌 감지됨! 충돌 정보 설정 중...
  checkGJKCollision 완료: 충돌 감지
      충돌 결과: 충돌함
      충돌 정보 객체에 추가
    쌍 43: 'Object5' 와 'Object9'
      narrowPhase 실행...
>> checkGJKCollision 시작: Object5 vs Object9
  볼록 껍질 개수: Object5=128, Object9=128
      충돌 감지됨! 충돌 정보 설정 중...
  checkGJKCollision 완료: 충돌 감지
      충돌 결과: 충돌함
      충돌 정보 객체에 추가
    쌍 44: 'Object5' 와 'Object10'
      narrowPhase 실행...
>> checkGJKCollision 시작: Object5 vs Object10
  볼록 껍질 개수: Object5=128, Object10=128
      충돌 감지됨! 충돌 정보 설정 중...
  checkGJKCollision 완료: 충돌 감지
      충돌 결과: 충돌함
      충돌 정보 객체에 추가
    쌍 45: 'Object5' 와 'Object11'
      narrowPhase 실행...
>> checkGJKCollision 시작: Object5 vs Object11
  볼록 껍질 개수: Object5=128, Object11=128
  모든 볼록 껍질 쌍 검사 완료, 충돌 없음
      충돌 결과: 충돌 없음
    쌍 46: 'Object5' 와 'Object12'
      narrowPhase 실행...
>> checkGJKCollision 시작: Object5 vs Object12
  볼록 껍질 개수: Object5=128, Object12=128
      충돌 감지됨! 충돌 정보 설정 중...
  checkGJKCollision 완료: 충돌 감지
      충돌 결과: 충돌함
      충돌 정보 객체에 추가
    쌍 47: 'Object5' 와 'Object14'
      narrowPhase 실행...
>> checkGJKCollision 시작: Object5 vs Object14
  볼록 껍질 개수: Object5=128, Object14=128
      충돌 감지됨! 충돌 정보 설정 중...
  checkGJKCollision 완료: 충돌 감지
      충돌 결과: 충돌함
      충돌 정보 객체에 추가
    쌍 48: 'Object5' 와 'Object15'
      narrowPhase 실행...
>> checkGJKCollision 시작: Object5 vs Object15
  볼록 껍질 개수: Object5=128, Object15=128
      충돌 감지됨! 충돌 정보 설정 중...
  checkGJKCollision 완료: 충돌 감지
      충돌 결과: 충돌함
      충돌 정보 객체에 추가
    쌍 49: 'Object5' 와 'Object17'
      narrowPhase 실행...
>> checkGJKCollision 시작: Object5 vs Object17
  볼록 껍질 개수: Object5=128, Object17=128
      충돌 감지됨! 충돌 정보 설정 중...
  checkGJKCollision 완료: 충돌 감지
      충돌 결과: 충돌함
      충돌 정보 객체에 추가
    쌍 50: 'Object5' 와 'Object20'
      narrowPhase 실행...
>> checkGJKCollision 시작: Object5 vs Object20
  볼록 껍질 개수: Object5=128, Object20=128
      충돌 감지됨! 충돌 정보 설정 중...
  checkGJKCollision 완료: 충돌 감지
      충돌 결과: 충돌함
      충돌 정보 객체에 추가
    쌍 51: 'Object6' 와 'Object7'
      narrowPhase 실행...
>> checkGJKCollision 시작: Object6 vs Object7
  볼록 껍질 개수: Object6=128, Object7=128
  모든 볼록 껍질 쌍 검사 완료, 충돌 없음
      충돌 결과: 충돌 없음
    쌍 52: 'Object6' 와 'Object8'
      narrowPhase 실행...
>> checkGJKCollision 시작: Object6 vs Object8
  볼록 껍질 개수: Object6=128, Object8=128
      충돌 감지됨! 충돌 정보 설정 중...
  checkGJKCollision 완료: 충돌 감지
      충돌 결과: 충돌함
      충돌 정보 객체에 추가
    쌍 53: 'Object6' 와 'Object9'
      narrowPhase 실행...
>> checkGJKCollision 시작: Object6 vs Object9
  볼록 껍질 개수: Object6=128, Object9=128
      충돌 감지됨! 충돌 정보 설정 중...
  checkGJKCollision 완료: 충돌 감지
      충돌 결과: 충돌함
      충돌 정보 객체에 추가
    쌍 54: 'Object6' 와 'Object10'
      narrowPhase 실행...
>> checkGJKCollision 시작: Object6 vs Object10
  볼록 껍질 개수: Object6=128, Object10=128
      충돌 감지됨! 충돌 정보 설정 중...
  checkGJKCollision 완료: 충돌 감지
      충돌 결과: 충돌함
      충돌 정보 객체에 추가
    쌍 55: 'Object6' 와 'Object11'
      narrowPhase 실행...
>> checkGJKCollision 시작: Object6 vs Object11
  볼록 껍질 개수: Object6=128, Object11=128
      충돌 감지됨! 충돌 정보 설정 중...
  checkGJKCollision 완료: 충돌 감지
      충돌 결과: 충돌함
      충돌 정보 객체에 추가
    쌍 56: 'Object6' 와 'Object12'
      narrowPhase 실행...
>> checkGJKCollision 시작: Object6 vs Object12
  볼록 껍질 개수: Object6=128, Object12=128
      충돌 감지됨! 충돌 정보 설정 중...
  checkGJKCollision 완료: 충돌 감지
      충돌 결과: 충돌함
      충돌 정보 객체에 추가
    쌍 57: 'Object6' 와 'Object14'
      narrowPhase 실행...
>> checkGJKCollision 시작: Object6 vs Object14
  볼록 껍질 개수: Object6=128, Object14=128
      충돌 감지됨! 충돌 정보 설정 중...
  checkGJKCollision 완료: 충돌 감지
      충돌 결과: 충돌함
      충돌 정보 객체에 추가
    쌍 58: 'Object6' 와 'Object15'
      narrowPhase 실행...
>> checkGJKCollision 시작: Object6 vs Object15
  볼록 껍질 개수: Object6=128, Object15=128
      충돌 감지됨! 충돌 정보 설정 중...
  checkGJKCollision 완료: 충돌 감지
      충돌 결과: 충돌함
      충돌 정보 객체에 추가
    쌍 59: 'Object6' 와 'Object17'
      narrowPhase 실행...
>> checkGJKCollision 시작: Object6 vs Object17
  볼록 껍질 개수: Object6=128, Object17=128
      충돌 감지됨! 충돌 정보 설정 중...
  checkGJKCollision 완료: 충돌 감지
      충돌 결과: 충돌함
      충돌 정보 객체에 추가
    쌍 60: 'Object6' 와 'Object20'
      narrowPhase 실행...
>> checkGJKCollision 시작: Object6 vs Object20
  볼록 껍질 개수: Object6=128, Object20=128
      충돌 감지됨! 충돌 정보 설정 중...
  checkGJKCollision 완료: 충돌 감지
      충돌 결과: 충돌함
      충돌 정보 객체에 추가
    쌍 61: 'Object7' 와 'Object8'
      narrowPhase 실행...
>> checkGJKCollision 시작: Object7 vs Object8
  볼록 껍질 개수: Object7=128, Object8=128
  모든 볼록 껍질 쌍 검사 완료, 충돌 없음
      충돌 결과: 충돌 없음
    쌍 62: 'Object7' 와 'Object9'
      narrowPhase 실행...
>> checkGJKCollision 시작: Object7 vs Object9
  볼록 껍질 개수: Object7=128, Object9=128
  모든 볼록 껍질 쌍 검사 완료, 충돌 없음
      충돌 결과: 충돌 없음
    쌍 63: 'Object7' 와 'Object10'
      narrowPhase 실행...
>> checkGJKCollision 시작: Object7 vs Object10
  볼록 껍질 개수: Object7=128, Object10=128
  모든 볼록 껍질 쌍 검사 완료, 충돌 없음
      충돌 결과: 충돌 없음
    쌍 64: 'Object7' 와 'Object11'
      narrowPhase 실행...
>> checkGJKCollision 시작: Object7 vs Object11
  볼록 껍질 개수: Object7=128, Object11=128
  모든 볼록 껍질 쌍 검사 완료, 충돌 없음
      충돌 결과: 충돌 없음
    쌍 65: 'Object7' 와 'Object12'
      narrowPhase 실행...
>> checkGJKCollision 시작: Object7 vs Object12
  볼록 껍질 개수: Object7=128, Object12=128
  모든 볼록 껍질 쌍 검사 완료, 충돌 없음
      충돌 결과: 충돌 없음
    쌍 66: 'Object7' 와 'Object14'
      narrowPhase 실행...
>> checkGJKCollision 시작: Object7 vs Object14
  볼록 껍질 개수: Object7=128, Object14=128
  모든 볼록 껍질 쌍 검사 완료, 충돌 없음
      충돌 결과: 충돌 없음
    쌍 67: 'Object7' 와 'Object15'
      narrowPhase 실행...
>> checkGJKCollision 시작: Object7 vs Object15
  볼록 껍질 개수: Object7=128, Object15=128
  모든 볼록 껍질 쌍 검사 완료, 충돌 없음
      충돌 결과: 충돌 없음
    쌍 68: 'Object7' 와 'Object17'
      narrowPhase 실행...
>> checkGJKCollision 시작: Object7 vs Object17
  볼록 껍질 개수: Object7=128, Object17=128
  모든 볼록 껍질 쌍 검사 완료, 충돌 없음
      충돌 결과: 충돌 없음
    쌍 69: 'Object7' 와 'Object20'
      narrowPhase 실행...
>> checkGJKCollision 시작: Object7 vs Object20
  볼록 껍질 개수: Object7=128, Object20=128
  모든 볼록 껍질 쌍 검사 완료, 충돌 없음
      충돌 결과: 충돌 없음
    쌍 70: 'Object8' 와 'Object9'
      narrowPhase 실행...
>> checkGJKCollision 시작: Object8 vs Object9
  볼록 껍질 개수: Object8=128, Object9=128
      충돌 감지됨! 충돌 정보 설정 중...
  checkGJKCollision 완료: 충돌 감지
      충돌 결과: 충돌함
      충돌 정보 객체에 추가
    쌍 71: 'Object8' 와 'Object10'
      narrowPhase 실행...
>> checkGJKCollision 시작: Object8 vs Object10
  볼록 껍질 개수: Object8=128, Object10=128
      충돌 감지됨! 충돌 정보 설정 중...
  checkGJKCollision 완료: 충돌 감지
      충돌 결과: 충돌함
      충돌 정보 객체에 추가
    쌍 72: 'Object8' 와 'Object11'
      narrowPhase 실행...
>> checkGJKCollision 시작: Object8 vs Object11
  볼록 껍질 개수: Object8=128, Object11=128
      충돌 감지됨! 충돌 정보 설정 중...
  checkGJKCollision 완료: 충돌 감지
      충돌 결과: 충돌함
      충돌 정보 객체에 추가
    쌍 73: 'Object8' 와 'Object12'
      narrowPhase 실행...
>> checkGJKCollision 시작: Object8 vs Object12
  볼록 껍질 개수: Object8=128, Object12=128
      충돌 감지됨! 충돌 정보 설정 중...
  checkGJKCollision 완료: 충돌 감지
      충돌 결과: 충돌함
      충돌 정보 객체에 추가
    쌍 74: 'Object8' 와 'Object14'
      narrowPhase 실행...
>> checkGJKCollision 시작: Object8 vs Object14
  볼록 껍질 개수: Object8=128, Object14=128
      충돌 감지됨! 충돌 정보 설정 중...
  checkGJKCollision 완료: 충돌 감지
      충돌 결과: 충돌함
      충돌 정보 객체에 추가
    쌍 75: 'Object8' 와 'Object15'
      narrowPhase 실행...
>> checkGJKCollision 시작: Object8 vs Object15
  볼록 껍질 개수: Object8=128, Object15=128
      충돌 감지됨! 충돌 정보 설정 중...
  checkGJKCollision 완료: 충돌 감지
      충돌 결과: 충돌함
      충돌 정보 객체에 추가
    쌍 76: 'Object8' 와 'Object17'
      narrowPhase 실행...
>> checkGJKCollision 시작: Object8 vs Object17
  볼록 껍질 개수: Object8=128, Object17=128
      충돌 감지됨! 충돌 정보 설정 중...
  checkGJKCollision 완료: 충돌 감지
      충돌 결과: 충돌함
      충돌 정보 객체에 추가
    쌍 77: 'Object8' 와 'Object20'
      narrowPhase 실행...
>> checkGJKCollision 시작: Object8 vs Object20
  볼록 껍질 개수: Object8=128, Object20=128
      충돌 감지됨! 충돌 정보 설정 중...
  checkGJKCollision 완료: 충돌 감지
      충돌 결과: 충돌함
      충돌 정보 객체에 추가
    쌍 78: 'Object9' 와 'Object10'
      narrowPhase 실행...
>> checkGJKCollision 시작: Object9 vs Object10
  볼록 껍질 개수: Object9=128, Object10=128
      충돌 감지됨! 충돌 정보 설정 중...
  checkGJKCollision 완료: 충돌 감지
      충돌 결과: 충돌함
      충돌 정보 객체에 추가
    쌍 79: 'Object9' 와 'Object11'
      narrowPhase 실행...
>> checkGJKCollision 시작: Object9 vs Object11
  볼록 껍질 개수: Object9=128, Object11=128
      충돌 감지됨! 충돌 정보 설정 중...
  checkGJKCollision 완료: 충돌 감지
      충돌 결과: 충돌함
      충돌 정보 객체에 추가
    쌍 80: 'Object9' 와 'Object12'
      narrowPhase 실행...
>> checkGJKCollision 시작: Object9 vs Object12
  볼록 껍질 개수: Object9=128, Object12=128
      충돌 감지됨! 충돌 정보 설정 중...
  checkGJKCollision 완료: 충돌 감지
      충돌 결과: 충돌함
      충돌 정보 객체에 추가
    쌍 81: 'Object9' 와 'Object14'
      narrowPhase 실행...
>> checkGJKCollision 시작: Object9 vs Object14
  볼록 껍질 개수: Object9=128, Object14=128
      충돌 감지됨! 충돌 정보 설정 중...
  checkGJKCollision 완료: 충돌 감지
      충돌 결과: 충돌함
      충돌 정보 객체에 추가
    쌍 82: 'Object9' 와 'Object15'
      narrowPhase 실행...
>> checkGJKCollision 시작: Object9 vs Object15
  볼록 껍질 개수: Object9=128, Object15=128
      충돌 감지됨! 충돌 정보 설정 중...
  checkGJKCollision 완료: 충돌 감지
      충돌 결과: 충돌함
      충돌 정보 객체에 추가
    쌍 83: 'Object9' 와 'Object17'
      narrowPhase 실행...
>> checkGJKCollision 시작: Object9 vs Object17
  볼록 껍질 개수: Object9=128, Object17=128
      충돌 감지됨! 충돌 정보 설정 중...
  checkGJKCollision 완료: 충돌 감지
      충돌 결과: 충돌함
      충돌 정보 객체에 추가
    쌍 84: 'Object9' 와 'Object20'
      narrowPhase 실행...
>> checkGJKCollision 시작: Object9 vs Object20
  볼록 껍질 개수: Object9=128, Object20=128
      충돌 감지됨! 충돌 정보 설정 중...
  checkGJKCollision 완료: 충돌 감지
      충돌 결과: 충돌함
      충돌 정보 객체에 추가
    쌍 85: 'Object10' 와 'Object11'
      narrowPhase 실행...
>> checkGJKCollision 시작: Object10 vs Object11
  볼록 껍질 개수: Object10=128, Object11=128
      충돌 감지됨! 충돌 정보 설정 중...
  checkGJKCollision 완료: 충돌 감지
      충돌 결과: 충돌함
      충돌 정보 객체에 추가
    쌍 86: 'Object10' 와 'Object12'
      narrowPhase 실행...
>> checkGJKCollision 시작: Object10 vs Object12
  볼록 껍질 개수: Object10=128, Object12=128
      충돌 감지됨! 충돌 정보 설정 중...
  checkGJKCollision 완료: 충돌 감지
      충돌 결과: 충돌함
      충돌 정보 객체에 추가
    쌍 87: 'Object10' 와 'Object14'
      narrowPhase 실행...
>> checkGJKCollision 시작: Object10 vs Object14
  볼록 껍질 개수: Object10=128, Object14=128
      충돌 감지됨! 충돌 정보 설정 중...
  checkGJKCollision 완료: 충돌 감지
      충돌 결과: 충돌함
      충돌 정보 객체에 추가
    쌍 88: 'Object10' 와 'Object15'
      narrowPhase 실행...
>> checkGJKCollision 시작: Object10 vs Object15
  볼록 껍질 개수: Object10=128, Object15=128
      충돌 감지됨! 충돌 정보 설정 중...
  checkGJKCollision 완료: 충돌 감지
      충돌 결과: 충돌함
      충돌 정보 객체에 추가
    쌍 89: 'Object10' 와 'Object17'
      narrowPhase 실행...
>> checkGJKCollision 시작: Object10 vs Object17
  볼록 껍질 개수: Object10=128, Object17=128
      충돌 감지됨! 충돌 정보 설정 중...
  checkGJKCollision 완료: 충돌 감지
      충돌 결과: 충돌함
      충돌 정보 객체에 추가
    쌍 90: 'Object10' 와 'Object20'
      narrowPhase 실행...
>> checkGJKCollision 시작: Object10 vs Object20
  볼록 껍질 개수: Object10=128, Object20=128
      충돌 감지됨! 충돌 정보 설정 중...
  checkGJKCollision 완료: 충돌 감지
      충돌 결과: 충돌함
      충돌 정보 객체에 추가
    쌍 91: 'Object11' 와 'Object12'
      narrowPhase 실행...
>> checkGJKCollision 시작: Object11 vs Object12
  볼록 껍질 개수: Object11=128, Object12=128
      충돌 감지됨! 충돌 정보 설정 중...
  checkGJKCollision 완료: 충돌 감지
      충돌 결과: 충돌함
      충돌 정보 객체에 추가
    쌍 92: 'Object11' 와 'Object14'
      narrowPhase 실행...
>> checkGJKCollision 시작: Object11 vs Object14
  볼록 껍질 개수: Object11=128, Object14=128
      충돌 감지됨! 충돌 정보 설정 중...
  checkGJKCollision 완료: 충돌 감지
      충돌 결과: 충돌함
      충돌 정보 객체에 추가
    쌍 93: 'Object11' 와 'Object15'
      narrowPhase 실행...
>> checkGJKCollision 시작: Object11 vs Object15
  볼록 껍질 개수: Object11=128, Object15=128
      충돌 감지됨! 충돌 정보 설정 중...
  checkGJKCollision 완료: 충돌 감지
      충돌 결과: 충돌함
      충돌 정보 객체에 추가
    쌍 94: 'Object11' 와 'Object17'
      narrowPhase 실행...
>> checkGJKCollision 시작: Object11 vs Object17
  볼록 껍질 개수: Object11=128, Object17=128
      충돌 감지됨! 충돌 정보 설정 중...
  checkGJKCollision 완료: 충돌 감지
      충돌 결과: 충돌함
      충돌 정보 객체에 추가
    쌍 95: 'Object11' 와 'Object20'
      narrowPhase 실행...
>> checkGJKCollision 시작: Object11 vs Object20
  볼록 껍질 개수: Object11=128, Object20=128
      충돌 감지됨! 충돌 정보 설정 중...
  checkGJKCollision 완료: 충돌 감지
      충돌 결과: 충돌함
      충돌 정보 객체에 추가
    쌍 96: 'Object12' 와 'Object14'
      narrowPhase 실행...
>> checkGJKCollision 시작: Object12 vs Object14
  볼록 껍질 개수: Object12=128, Object14=128
      충돌 감지됨! 충돌 정보 설정 중...
  checkGJKCollision 완료: 충돌 감지
      충돌 결과: 충돌함
      충돌 정보 객체에 추가
    쌍 97: 'Object12' 와 'Object15'
      narrowPhase 실행...
>> checkGJKCollision 시작: Object12 vs Object15
  볼록 껍질 개수: Object12=128, Object15=128
      충돌 감지됨! 충돌 정보 설정 중...
  checkGJKCollision 완료: 충돌 감지
      충돌 결과: 충돌함
      충돌 정보 객체에 추가
    쌍 98: 'Object12' 와 'Object17'
      narrowPhase 실행...
>> checkGJKCollision 시작: Object12 vs Object17
  볼록 껍질 개수: Object12=128, Object17=128
      충돌 감지됨! 충돌 정보 설정 중...
  checkGJKCollision 완료: 충돌 감지
      충돌 결과: 충돌함
      충돌 정보 객체에 추가
    쌍 99: 'Object12' 와 'Object20'
      narrowPhase 실행...
>> checkGJKCollision 시작: Object12 vs Object20
  볼록 껍질 개수: Object12=128, Object20=128
      충돌 감지됨! 충돌 정보 설정 중...
  checkGJKCollision 완료: 충돌 감지
      충돌 결과: 충돌함
      충돌 정보 객체에 추가
    쌍 100: 'Object14' 와 'Object15'
      narrowPhase 실행...
>> checkGJKCollision 시작: Object14 vs Object15
  볼록 껍질 개수: Object14=128, Object15=128
      충돌 감지됨! 충돌 정보 설정 중...
  checkGJKCollision 완료: 충돌 감지
      충돌 결과: 충돌함
      충돌 정보 객체에 추가
    쌍 101: 'Object14' 와 'Object17'
      narrowPhase 실행...
>> checkGJKCollision 시작: Object14 vs Object17
  볼록 껍질 개수: Object14=128, Object17=128
      충돌 감지됨! 충돌 정보 설정 중...
  checkGJKCollision 완료: 충돌 감지
      충돌 결과: 충돌함
      충돌 정보 객체에 추가
    쌍 102: 'Object14' 와 'Object20'
      narrowPhase 실행...
>> checkGJKCollision 시작: Object14 vs Object20
  볼록 껍질 개수: Object14=128, Object20=128
      충돌 감지됨! 충돌 정보 설정 중...
  checkGJKCollision 완료: 충돌 감지
      충돌 결과: 충돌함
      충돌 정보 객체에 추가
    쌍 103: 'Object15' 와 'Object17'
      narrowPhase 실행...
>> checkGJKCollision 시작: Object15 vs Object17
  볼록 껍질 개수: Object15=128, Object17=128
      충돌 감지됨! 충돌 정보 설정 중...
  checkGJKCollision 완료: 충돌 감지
      충돌 결과: 충돌함
      충돌 정보 객체에 추가
    쌍 104: 'Object15' 와 'Object20'
      narrowPhase 실행...
>> checkGJKCollision 시작: Object15 vs Object20
  볼록 껍질 개수: Object15=128, Object20=128
      충돌 감지됨! 충돌 정보 설정 중...
  checkGJKCollision 완료: 충돌 감지
      충돌 결과: 충돌함
      충돌 정보 객체에 추가
    쌍 105: 'Object17' 와 'Object20'
      narrowPhase 실행...
>> checkGJKCollision 시작: Object17 vs Object20
  볼록 껍질 개수: Object17=128, Object20=128
      충돌 감지됨! 충돌 정보 설정 중...
  checkGJKCollision 완료: 충돌 감지
      충돌 결과: 충돌함
      충돌 정보 객체에 추가
  이전 충돌 상태 정리 중...
  충돌 상태 맵 업데이트
CollisionManager::update() - 완료

--- Frame 90 ---
Object0 position: (-5.903473, 6.297020, -7.871266)
Updating objects...
Object1 position: (0.040158, -0.174017, -0.013386)
Updating objects...
Object2 position: (-0.510751, 0.437786, 0.109447)
Updating objects...
Object3 position: (0.011790, -0.027509, 0.055019)
Updating objects...
Object4 position: (-0.109447, -0.510751, -0.437786)
Updating objects...
Object5 position: (0.000976, -0.002929, -0.000488)
Updating objects...
Object6 position: (-1.177113, -0.484693, 0.415452)
Updating objects...
Object7 position: (-0.049630, 0.000000, 0.004963)
Updating objects...
Object8 position: (0.000000, 0.073258, -0.019535)
Updating objects...
Object9 position: (-0.057748, 0.086622, 0.115496)
Updating objects...
Object10 position: (-0.072082, 0.288328, 0.144164)
Updating objects...
Object11 position: (0.009670, 0.000000, -0.082199)
Updating objects...
Object12 position: (2.378745, 0.979484, 1.399261)
Updating objects...
Object13 position: (0.002806, 0.042086, 0.011223)
Updating objects...
Object14 position: (-0.078686, -0.022482, -0.044963)
Updating objects...
Object15 position: (6.847442, -5.325789, 6.847442)
Updating objects...
Object16 position: (0.001378, 0.007580, 0.004824)
Updating objects...
Object17 position: (-2.763597, 0.325129, 2.113337)
Updating objects...
Object18 position: (1.789804, -6.801247, 7.159214)
Updating objects...
Object19 position: (0.133328, 0.066664, -0.133328)
Updating objects...
Running collision detection...
CollisionManager::update() - 시작 (프레임 90)
  객체 목록 크기: 20
  각 객체의 AABB 업데이트 중...
    객체 'Object1' 업데이트
    객체 'Object2' 업데이트
    객체 'Object3' 업데이트
    객체 'Object4' 업데이트
    객체 'Object5' 업데이트
    객체 'Object6' 업데이트
    객체 'Object7' 업데이트
    객체 'Object8' 업데이트
    객체 'Object9' 업데이트
    객체 'Object10' 업데이트
    객체 'Object11' 업데이트
    객체 'Object12' 업데이트
    객체 'Object13' 업데이트
    객체 'Object14' 업데이트
    객체 'Object15' 업데이트
    객체 'Object16' 업데이트
    객체 'Object17' 업데이트
    객체 'Object18' 업데이트
    객체 'Object19' 업데이트
    객체 'Object20' 업데이트
  대략적 충돌 감지(Broad Phase) 중...
    잠재적 충돌 쌍: 105개
  정밀 충돌 감지(Narrow Phase) 시작...
    쌍 1: 'Object2' 와 'Object3'
      narrowPhase 실행...
>> checkGJKCollision 시작: Object2 vs Object3
  볼록 껍질 개수: Object2=128, Object3=128
      충돌 감지됨! 충돌 정보 설정 중...
  checkGJKCollision 완료: 충돌 감지
      충돌 결과: 충돌함
      충돌 정보 객체에 추가
    쌍 2: 'Object2' 와 'Object4'
      narrowPhase 실행...
>> checkGJKCollision 시작: Object2 vs Object4
  볼록 껍질 개수: Object2=128, Object4=128
      충돌 감지됨! 충돌 정보 설정 중...
  checkGJKCollision 완료: 충돌 감지
      충돌 결과: 충돌함
      충돌 정보 객체에 추가
    쌍 3: 'Object2' 와 'Object5'
      narrowPhase 실행...
>> checkGJKCollision 시작: Object2 vs Object5
  볼록 껍질 개수: Object2=128, Object5=128
      충돌 감지됨! 충돌 정보 설정 중...
  checkGJKCollision 완료: 충돌 감지
      충돌 결과: 충돌함
      충돌 정보 객체에 추가
    쌍 4: 'Object2' 와 'Object6'
      narrowPhase 실행...
>> checkGJKCollision 시작: Object2 vs Object6
  볼록 껍질 개수: Object2=128, Object6=128
      충돌 감지됨! 충돌 정보 설정 중...
  checkGJKCollision 완료: 충돌 감지
      충돌 결과: 충돌함
      충돌 정보 객체에 추가
    쌍 5: 'Object2' 와 'Object7'
      narrowPhase 실행...
>> checkGJKCollision 시작: Object2 vs Object7
  볼록 껍질 개수: Object2=128, Object7=128
      충돌 감지됨! 충돌 정보 설정 중...
  checkGJKCollision 완료: 충돌 감지
      충돌 결과: 충돌함
      충돌 정보 객체에 추가
    쌍 6: 'Object2' 와 'Object8'
      narrowPhase 실행...
>> checkGJKCollision 시작: Object2 vs Object8
  볼록 껍질 개수: Object2=128, Object8=128
      충돌 감지됨! 충돌 정보 설정 중...
  checkGJKCollision 완료: 충돌 감지
      충돌 결과: 충돌함
      충돌 정보 객체에 추가
    쌍 7: 'Object2' 와 'Object9'
      narrowPhase 실행...
>> checkGJKCollision 시작: Object2 vs Object9
  볼록 껍질 개수: Object2=128, Object9=128
      충돌 감지됨! 충돌 정보 설정 중...
  checkGJKCollision 완료: 충돌 감지
      충돌 결과: 충돌함
      충돌 정보 객체에 추가
    쌍 8: 'Object2' 와 'Object10'
      narrowPhase 실행...
>> checkGJKCollision 시작: Object2 vs Object10
  볼록 껍질 개수: Object2=128, Object10=128
      충돌 감지됨! 충돌 정보 설정 중...
  checkGJKCollision 완료: 충돌 감지
      충돌 결과: 충돌함
      충돌 정보 객체에 추가
    쌍 9: 'Object2' 와 'Object11'
      narrowPhase 실행...
>> checkGJKCollision 시작: Object2 vs Object11
  볼록 껍질 개수: Object2=128, Object11=128
      충돌 감지됨! 충돌 정보 설정 중...
  checkGJKCollision 완료: 충돌 감지
      충돌 결과: 충돌함
      충돌 정보 객체에 추가
    쌍 10: 'Object2' 와 'Object12'
      narrowPhase 실행...
>> checkGJKCollision 시작: Object2 vs Object12
  볼록 껍질 개수: Object2=128, Object12=128
      충돌 감지됨! 충돌 정보 설정 중...
  checkGJKCollision 완료: 충돌 감지
      충돌 결과: 충돌함
      충돌 정보 객체에 추가
    쌍 11: 'Object2' 와 'Object14'
      narrowPhase 실행...
>> checkGJKCollision 시작: Object2 vs Object14
  볼록 껍질 개수: Object2=128, Object14=128
      충돌 감지됨! 충돌 정보 설정 중...
  checkGJKCollision 완료: 충돌 감지
      충돌 결과: 충돌함
      충돌 정보 객체에 추가
    쌍 12: 'Object2' 와 'Object15'
      narrowPhase 실행...
>> checkGJKCollision 시작: Object2 vs Object15
  볼록 껍질 개수: Object2=128, Object15=128
      충돌 감지됨! 충돌 정보 설정 중...
  checkGJKCollision 완료: 충돌 감지
      충돌 결과: 충돌함
      충돌 정보 객체에 추가
    쌍 13: 'Object2' 와 'Object17'
      narrowPhase 실행...
>> checkGJKCollision 시작: Object2 vs Object17
  볼록 껍질 개수: Object2=128, Object17=128
      충돌 감지됨! 충돌 정보 설정 중...
  checkGJKCollision 완료: 충돌 감지
      충돌 결과: 충돌함
      충돌 정보 객체에 추가
    쌍 14: 'Object2' 와 'Object20'
      narrowPhase 실행...
>> checkGJKCollision 시작: Object2 vs Object20
  볼록 껍질 개수: Object2=128, Object20=128
      충돌 감지됨! 충돌 정보 설정 중...
  checkGJKCollision 완료: 충돌 감지
      충돌 결과: 충돌함
      충돌 정보 객체에 추가
    쌍 15: 'Object3' 와 'Object4'
      narrowPhase 실행...
>> checkGJKCollision 시작: Object3 vs Object4
  볼록 껍질 개수: Object3=128, Object4=128
      충돌 감지됨! 충돌 정보 설정 중...
  checkGJKCollision 완료: 충돌 감지
      충돌 결과: 충돌함
      충돌 정보 객체에 추가
    쌍 16: 'Object3' 와 'Object5'
      narrowPhase 실행...
>> checkGJKCollision 시작: Object3 vs Object5
  볼록 껍질 개수: Object3=128, Object5=128
      충돌 감지됨! 충돌 정보 설정 중...
  checkGJKCollision 완료: 충돌 감지
      충돌 결과: 충돌함
      충돌 정보 객체에 추가
    쌍 17: 'Object3' 와 'Object6'
      narrowPhase 실행...
>> checkGJKCollision 시작: Object3 vs Object6
  볼록 껍질 개수: Object3=128, Object6=128
      충돌 감지됨! 충돌 정보 설정 중...
  checkGJKCollision 완료: 충돌 감지
      충돌 결과: 충돌함
      충돌 정보 객체에 추가
    쌍 18: 'Object3' 와 'Object7'
      narrowPhase 실행...
>> checkGJKCollision 시작: Object3 vs Object7
  볼록 껍질 개수: Object3=128, Object7=128
      충돌 감지됨! 충돌 정보 설정 중...
  checkGJKCollision 완료: 충돌 감지
      충돌 결과: 충돌함
      충돌 정보 객체에 추가
    쌍 19: 'Object3' 와 'Object8'
      narrowPhase 실행...
>> checkGJKCollision 시작: Object3 vs Object8
  볼록 껍질 개수: Object3=128, Object8=128
      충돌 감지됨! 충돌 정보 설정 중...
  checkGJKCollision 완료: 충돌 감지
      충돌 결과: 충돌함
      충돌 정보 객체에 추가
    쌍 20: 'Object3' 와 'Object9'
      narrowPhase 실행...
>> checkGJKCollision 시작: Object3 vs Object9
  볼록 껍질 개수: Object3=128, Object9=128
      충돌 감지됨! 충돌 정보 설정 중...
  checkGJKCollision 완료: 충돌 감지
      충돌 결과: 충돌함
      충돌 정보 객체에 추가
    쌍 21: 'Object3' 와 'Object10'
      narrowPhase 실행...
>> checkGJKCollision 시작: Object3 vs Object10
  볼록 껍질 개수: Object3=128, Object10=128
      충돌 감지됨! 충돌 정보 설정 중...
  checkGJKCollision 완료: 충돌 감지
      충돌 결과: 충돌함
      충돌 정보 객체에 추가
    쌍 22: 'Object3' 와 'Object11'
      narrowPhase 실행...
>> checkGJKCollision 시작: Object3 vs Object11
  볼록 껍질 개수: Object3=128, Object11=128
      충돌 감지됨! 충돌 정보 설정 중...
  checkGJKCollision 완료: 충돌 감지
      충돌 결과: 충돌함
      충돌 정보 객체에 추가
    쌍 23: 'Object3' 와 'Object12'
      narrowPhase 실행...
>> checkGJKCollision 시작: Object3 vs Object12
  볼록 껍질 개수: Object3=128, Object12=128
      충돌 감지됨! 충돌 정보 설정 중...
  checkGJKCollision 완료: 충돌 감지
      충돌 결과: 충돌함
      충돌 정보 객체에 추가
    쌍 24: 'Object3' 와 'Object14'
      narrowPhase 실행...
>> checkGJKCollision 시작: Object3 vs Object14
  볼록 껍질 개수: Object3=128, Object14=128
      충돌 감지됨! 충돌 정보 설정 중...
  checkGJKCollision 완료: 충돌 감지
      충돌 결과: 충돌함
      충돌 정보 객체에 추가
    쌍 25: 'Object3' 와 'Object15'
      narrowPhase 실행...
>> checkGJKCollision 시작: Object3 vs Object15
  볼록 껍질 개수: Object3=128, Object15=128
      충돌 감지됨! 충돌 정보 설정 중...
  checkGJKCollision 완료: 충돌 감지
      충돌 결과: 충돌함
      충돌 정보 객체에 추가
    쌍 26: 'Object3' 와 'Object17'
      narrowPhase 실행...
>> checkGJKCollision 시작: Object3 vs Object17
  볼록 껍질 개수: Object3=128, Object17=128
      충돌 감지됨! 충돌 정보 설정 중...
  checkGJKCollision 완료: 충돌 감지
      충돌 결과: 충돌함
      충돌 정보 객체에 추가
    쌍 27: 'Object3' 와 'Object20'
      narrowPhase 실행...
>> checkGJKCollision 시작: Object3 vs Object20
  볼록 껍질 개수: Object3=128, Object20=128
      충돌 감지됨! 충돌 정보 설정 중...
  checkGJKCollision 완료: 충돌 감지
      충돌 결과: 충돌함
      충돌 정보 객체에 추가
    쌍 28: 'Object4' 와 'Object5'
      narrowPhase 실행...
>> checkGJKCollision 시작: Object4 vs Object5
  볼록 껍질 개수: Object4=128, Object5=128
      충돌 감지됨! 충돌 정보 설정 중...
  checkGJKCollision 완료: 충돌 감지
      충돌 결과: 충돌함
      충돌 정보 객체에 추가
    쌍 29: 'Object4' 와 'Object6'
      narrowPhase 실행...
>> checkGJKCollision 시작: Object4 vs Object6
  볼록 껍질 개수: Object4=128, Object6=128
      충돌 감지됨! 충돌 정보 설정 중...
  checkGJKCollision 완료: 충돌 감지
      충돌 결과: 충돌함
      충돌 정보 객체에 추가
    쌍 30: 'Object4' 와 'Object7'
      narrowPhase 실행...
>> checkGJKCollision 시작: Object4 vs Object7
  볼록 껍질 개수: Object4=128, Object7=128
      충돌 감지됨! 충돌 정보 설정 중...
  checkGJKCollision 완료: 충돌 감지
      충돌 결과: 충돌함
      충돌 정보 객체에 추가
    쌍 31: 'Object4' 와 'Object8'
      narrowPhase 실행...
>> checkGJKCollision 시작: Object4 vs Object8
  볼록 껍질 개수: Object4=128, Object8=128
      충돌 감지됨! 충돌 정보 설정 중...
  checkGJKCollision 완료: 충돌 감지
      충돌 결과: 충돌함
      충돌 정보 객체에 추가
    쌍 32: 'Object4' 와 'Object9'
      narrowPhase 실행...
>> checkGJKCollision 시작: Object4 vs Object9
  볼록 껍질 개수: Object4=128, Object9=128
      충돌 감지됨! 충돌 정보 설정 중...
  checkGJKCollision 완료: 충돌 감지
      충돌 결과: 충돌함
      충돌 정보 객체에 추가
    쌍 33: 'Object4' 와 'Object10'
      narrowPhase 실행...
>> checkGJKCollision 시작: Object4 vs Object10
  볼록 껍질 개수: Object4=128, Object10=128
      충돌 감지됨! 충돌 정보 설정 중...
  checkGJKCollision 완료: 충돌 감지
      충돌 결과: 충돌함
      충돌 정보 객체에 추가
    쌍 34: 'Object4' 와 'Object11'
      narrowPhase 실행...
>> checkGJKCollision 시작: Object4 vs Object11
  볼록 껍질 개수: Object4=128, Object11=128
      충돌 감지됨! 충돌 정보 설정 중...
  checkGJKCollision 완료: 충돌 감지
      충돌 결과: 충돌함
      충돌 정보 객체에 추가
    쌍 35: 'Object4' 와 'Object12'
      narrowPhase 실행...
>> checkGJKCollision 시작: Object4 vs Object12
  볼록 껍질 개수: Object4=128, Object12=128
      충돌 감지됨! 충돌 정보 설정 중...
  checkGJKCollision 완료: 충돌 감지
      충돌 결과: 충돌함
      충돌 정보 객체에 추가
    쌍 36: 'Object4' 와 'Object14'
      narrowPhase 실행...
>> checkGJKCollision 시작: Object4 vs Object14
  볼록 껍질 개수: Object4=128, Object14=128
      충돌 감지됨! 충돌 정보 설정 중...
  checkGJKCollision 완료: 충돌 감지
      충돌 결과: 충돌함
      충돌 정보 객체에 추가
    쌍 37: 'Object4' 와 'Object15'
      narrowPhase 실행...
>> checkGJKCollision 시작: Object4 vs Object15
  볼록 껍질 개수: Object4=128, Object15=128
      충돌 감지됨! 충돌 정보 설정 중...
  checkGJKCollision 완료: 충돌 감지
      충돌 결과: 충돌함
      충돌 정보 객체에 추가
    쌍 38: 'Object4' 와 'Object17'
      narrowPhase 실행...
>> checkGJKCollision 시작: Object4 vs Object17
  볼록 껍질 개수: Object4=128, Object17=128
      충돌 감지됨! 충돌 정보 설정 중...
  checkGJKCollision 완료: 충돌 감지
      충돌 결과: 충돌함
      충돌 정보 객체에 추가
    쌍 39: 'Object4' 와 'Object20'
      narrowPhase 실행...
>> checkGJKCollision 시작: Object4 vs Object20
  볼록 껍질 개수: Object4=128, Object20=128
      충돌 감지됨! 충돌 정보 설정 중...
  checkGJKCollision 완료: 충돌 감지
      충돌 결과: 충돌함
      충돌 정보 객체에 추가
    쌍 40: 'Object5' 와 'Object6'
      narrowPhase 실행...
>> checkGJKCollision 시작: Object5 vs Object6
  볼록 껍질 개수: Object5=128, Object6=128
      충돌 감지됨! 충돌 정보 설정 중...
  checkGJKCollision 완료: 충돌 감지
      충돌 결과: 충돌함
      충돌 정보 객체에 추가
    쌍 41: 'Object5' 와 'Object7'
      narrowPhase 실행...
>> checkGJKCollision 시작: Object5 vs Object7
  볼록 껍질 개수: Object5=128, Object7=128
  모든 볼록 껍질 쌍 검사 완료, 충돌 없음
      충돌 결과: 충돌 없음
    쌍 42: 'Object5' 와 'Object8'
      narrowPhase 실행...
>> checkGJKCollision 시작: Object5 vs Object8
  볼록 껍질 개수: Object5=128, Object8=128
      충돌 감지됨! 충돌 정보 설정 중...
  checkGJKCollision 완료: 충돌 감지
      충돌 결과: 충돌함
      충돌 정보 객체에 추가
    쌍 43: 'Object5' 와 'Object9'
      narrowPhase 실행...
>> checkGJKCollision 시작: Object5 vs Object9
  볼록 껍질 개수: Object5=128, Object9=128
      충돌 감지됨! 충돌 정보 설정 중...
  checkGJKCollision 완료: 충돌 감지
      충돌 결과: 충돌함
      충돌 정보 객체에 추가
    쌍 44: 'Object5' 와 'Object10'
      narrowPhase 실행...
>> checkGJKCollision 시작: Object5 vs Object10
  볼록 껍질 개수: Object5=128, Object10=128
      충돌 감지됨! 충돌 정보 설정 중...
  checkGJKCollision 완료: 충돌 감지
      충돌 결과: 충돌함
      충돌 정보 객체에 추가
    쌍 45: 'Object5' 와 'Object11'
      narrowPhase 실행...
>> checkGJKCollision 시작: Object5 vs Object11
  볼록 껍질 개수: Object5=128, Object11=128
      충돌 감지됨! 충돌 정보 설정 중...
  checkGJKCollision 완료: 충돌 감지
      충돌 결과: 충돌함
      충돌 정보 객체에 추가
    쌍 46: 'Object5' 와 'Object12'
      narrowPhase 실행...
>> checkGJKCollision 시작: Object5 vs Object12
  볼록 껍질 개수: Object5=128, Object12=128
      충돌 감지됨! 충돌 정보 설정 중...
  checkGJKCollision 완료: 충돌 감지
      충돌 결과: 충돌함
      충돌 정보 객체에 추가
    쌍 47: 'Object5' 와 'Object14'
      narrowPhase 실행...
>> checkGJKCollision 시작: Object5 vs Object14
  볼록 껍질 개수: Object5=128, Object14=128
      충돌 감지됨! 충돌 정보 설정 중...
  checkGJKCollision 완료: 충돌 감지
      충돌 결과: 충돌함
      충돌 정보 객체에 추가
    쌍 48: 'Object5' 와 'Object15'
      narrowPhase 실행...
>> checkGJKCollision 시작: Object5 vs Object15
  볼록 껍질 개수: Object5=128, Object15=128
      충돌 감지됨! 충돌 정보 설정 중...
  checkGJKCollision 완료: 충돌 감지
      충돌 결과: 충돌함
      충돌 정보 객체에 추가
    쌍 49: 'Object5' 와 'Object17'
      narrowPhase 실행...
>> checkGJKCollision 시작: Object5 vs Object17
  볼록 껍질 개수: Object5=128, Object17=128
      충돌 감지됨! 충돌 정보 설정 중...
  checkGJKCollision 완료: 충돌 감지
      충돌 결과: 충돌함
      충돌 정보 객체에 추가
    쌍 50: 'Object5' 와 'Object20'
      narrowPhase 실행...
>> checkGJKCollision 시작: Object5 vs Object20
  볼록 껍질 개수: Object5=128, Object20=128
      충돌 감지됨! 충돌 정보 설정 중...
  checkGJKCollision 완료: 충돌 감지
      충돌 결과: 충돌함
      충돌 정보 객체에 추가
    쌍 51: 'Object6' 와 'Object7'
      narrowPhase 실행...
>> checkGJKCollision 시작: Object6 vs Object7
  볼록 껍질 개수: Object6=128, Object7=128
      충돌 감지됨! 충돌 정보 설정 중...
  checkGJKCollision 완료: 충돌 감지
      충돌 결과: 충돌함
      충돌 정보 객체에 추가
    쌍 52: 'Object6' 와 'Object8'
      narrowPhase 실행...
>> checkGJKCollision 시작: Object6 vs Object8
  볼록 껍질 개수: Object6=128, Object8=128
      충돌 감지됨! 충돌 정보 설정 중...
  checkGJKCollision 완료: 충돌 감지
      충돌 결과: 충돌함
      충돌 정보 객체에 추가
    쌍 53: 'Object6' 와 'Object9'
      narrowPhase 실행...
>> checkGJKCollision 시작: Object6 vs Object9
  볼록 껍질 개수: Object6=128, Object9=128
      충돌 감지됨! 충돌 정보 설정 중...
  checkGJKCollision 완료: 충돌 감지
      충돌 결과: 충돌함
      충돌 정보 객체에 추가
    쌍 54: 'Object6' 와 'Object10'
      narrowPhase 실행...
>> checkGJKCollision 시작: Object6 vs Object10
  볼록 껍질 개수: Object6=128, Object10=128
      충돌 감지됨! 충돌 정보 설정 중...
  checkGJKCollision 완료: 충돌 감지
      충돌 결과: 충돌함
      충돌 정보 객체에 추가
    쌍 55: 'Object6' 와 'Object11'
      narrowPhase 실행...
>> checkGJKCollision 시작: Object6 vs Object11
  볼록 껍질 개수: Object6=128, Object11=128
      충돌 감지됨! 충돌 정보 설정 중...
  checkGJKCollision 완료: 충돌 감지
      충돌 결과: 충돌함
      충돌 정보 객체에 추가
    쌍 56: 'Object6' 와 'Object12'
      narrowPhase 실행...
>> checkGJKCollision 시작: Object6 vs Object12
  볼록 껍질 개수: Object6=128, Object12=128
      충돌 감지됨! 충돌 정보 설정 중...
  checkGJKCollision 완료: 충돌 감지
      충돌 결과: 충돌함
      충돌 정보 객체에 추가
    쌍 57: 'Object6' 와 'Object14'
      narrowPhase 실행...
>> checkGJKCollision 시작: Object6 vs Object14
  볼록 껍질 개수: Object6=128, Object14=128
      충돌 감지됨! 충돌 정보 설정 중...
  checkGJKCollision 완료: 충돌 감지
      충돌 결과: 충돌함
      충돌 정보 객체에 추가
    쌍 58: 'Object6' 와 'Object15'
      narrowPhase 실행...
>> checkGJKCollision 시작: Object6 vs Object15
  볼록 껍질 개수: Object6=128, Object15=128
      충돌 감지됨! 충돌 정보 설정 중...
  checkGJKCollision 완료: 충돌 감지
      충돌 결과: 충돌함
      충돌 정보 객체에 추가
    쌍 59: 'Object6' 와 'Object17'
      narrowPhase 실행...
>> checkGJKCollision 시작: Object6 vs Object17
  볼록 껍질 개수: Object6=128, Object17=128
      충돌 감지됨! 충돌 정보 설정 중...
  checkGJKCollision 완료: 충돌 감지
      충돌 결과: 충돌함
      충돌 정보 객체에 추가
    쌍 60: 'Object6' 와 'Object20'
      narrowPhase 실행...
>> checkGJKCollision 시작: Object6 vs Object20
  볼록 껍질 개수: Object6=128, Object20=128
      충돌 감지됨! 충돌 정보 설정 중...
  checkGJKCollision 완료: 충돌 감지
      충돌 결과: 충돌함
      충돌 정보 객체에 추가
    쌍 61: 'Object7' 와 'Object8'
      narrowPhase 실행...
>> checkGJKCollision 시작: Object7 vs Object8
  볼록 껍질 개수: Object7=128, Object8=128
      충돌 감지됨! 충돌 정보 설정 중...
  checkGJKCollision 완료: 충돌 감지
      충돌 결과: 충돌함
      충돌 정보 객체에 추가
    쌍 62: 'Object7' 와 'Object9'
      narrowPhase 실행...
>> checkGJKCollision 시작: Object7 vs Object9
  볼록 껍질 개수: Object7=128, Object9=128
      충돌 감지됨! 충돌 정보 설정 중...
  checkGJKCollision 완료: 충돌 감지
      충돌 결과: 충돌함
      충돌 정보 객체에 추가
    쌍 63: 'Object7' 와 'Object10'
      narrowPhase 실행...
>> checkGJKCollision 시작: Object7 vs Object10
  볼록 껍질 개수: Object7=128, Object10=128
      충돌 감지됨! 충돌 정보 설정 중...
  checkGJKCollision 완료: 충돌 감지
      충돌 결과: 충돌함
      충돌 정보 객체에 추가
    쌍 64: 'Object7' 와 'Object11'
      narrowPhase 실행...
>> checkGJKCollision 시작: Object7 vs Object11
  볼록 껍질 개수: Object7=128, Object11=128
      충돌 감지됨! 충돌 정보 설정 중...
  checkGJKCollision 완료: 충돌 감지
      충돌 결과: 충돌함
      충돌 정보 객체에 추가
    쌍 65: 'Object7' 와 'Object12'
      narrowPhase 실행...
>> checkGJKCollision 시작: Object7 vs Object12
  볼록 껍질 개수: Object7=128, Object12=128
      충돌 감지됨! 충돌 정보 설정 중...
  checkGJKCollision 완료: 충돌 감지
      충돌 결과: 충돌함
      충돌 정보 객체에 추가
    쌍 66: 'Object7' 와 'Object14'
      narrowPhase 실행...
>> checkGJKCollision 시작: Object7 vs Object14
  볼록 껍질 개수: Object7=128, Object14=128
      충돌 감지됨! 충돌 정보 설정 중...
  checkGJKCollision 완료: 충돌 감지
      충돌 결과: 충돌함
      충돌 정보 객체에 추가
    쌍 67: 'Object7' 와 'Object15'
      narrowPhase 실행...
>> checkGJKCollision 시작: Object7 vs Object15
  볼록 껍질 개수: Object7=128, Object15=128
      충돌 감지됨! 충돌 정보 설정 중...
  checkGJKCollision 완료: 충돌 감지
      충돌 결과: 충돌함
      충돌 정보 객체에 추가
    쌍 68: 'Object7' 와 'Object17'
      narrowPhase 실행...
>> checkGJKCollision 시작: Object7 vs Object17
  볼록 껍질 개수: Object7=128, Object17=128
      충돌 감지됨! 충돌 정보 설정 중...
  checkGJKCollision 완료: 충돌 감지
      충돌 결과: 충돌함
      충돌 정보 객체에 추가
    쌍 69: 'Object7' 와 'Object20'
      narrowPhase 실행...
>> checkGJKCollision 시작: Object7 vs Object20
  볼록 껍질 개수: Object7=128, Object20=128
  모든 볼록 껍질 쌍 검사 완료, 충돌 없음
      충돌 결과: 충돌 없음
    쌍 70: 'Object8' 와 'Object9'
      narrowPhase 실행...
>> checkGJKCollision 시작: Object8 vs Object9
  볼록 껍질 개수: Object8=128, Object9=128
      충돌 감지됨! 충돌 정보 설정 중...
  checkGJKCollision 완료: 충돌 감지
      충돌 결과: 충돌함
      충돌 정보 객체에 추가
    쌍 71: 'Object8' 와 'Object10'
      narrowPhase 실행...
>> checkGJKCollision 시작: Object8 vs Object10
  볼록 껍질 개수: Object8=128, Object10=128
      충돌 감지됨! 충돌 정보 설정 중...
  checkGJKCollision 완료: 충돌 감지
      충돌 결과: 충돌함
      충돌 정보 객체에 추가
    쌍 72: 'Object8' 와 'Object11'
      narrowPhase 실행...
>> checkGJKCollision 시작: Object8 vs Object11
  볼록 껍질 개수: Object8=128, Object11=128
      충돌 감지됨! 충돌 정보 설정 중...
  checkGJKCollision 완료: 충돌 감지
      충돌 결과: 충돌함
      충돌 정보 객체에 추가
    쌍 73: 'Object8' 와 'Object12'
      narrowPhase 실행...
>> checkGJKCollision 시작: Object8 vs Object12
  볼록 껍질 개수: Object8=128, Object12=128
      충돌 감지됨! 충돌 정보 설정 중...
  checkGJKCollision 완료: 충돌 감지
      충돌 결과: 충돌함
      충돌 정보 객체에 추가
    쌍 74: 'Object8' 와 'Object14'
      narrowPhase 실행...
>> checkGJKCollision 시작: Object8 vs Object14
  볼록 껍질 개수: Object8=128, Object14=128
      충돌 감지됨! 충돌 정보 설정 중...
  checkGJKCollision 완료: 충돌 감지
      충돌 결과: 충돌함
      충돌 정보 객체에 추가
    쌍 75: 'Object8' 와 'Object15'
      narrowPhase 실행...
>> checkGJKCollision 시작: Object8 vs Object15
  볼록 껍질 개수: Object8=128, Object15=128
      충돌 감지됨! 충돌 정보 설정 중...
  checkGJKCollision 완료: 충돌 감지
      충돌 결과: 충돌함
      충돌 정보 객체에 추가
    쌍 76: 'Object8' 와 'Object17'
      narrowPhase 실행...
>> checkGJKCollision 시작: Object8 vs Object17
  볼록 껍질 개수: Object8=128, Object17=128
      충돌 감지됨! 충돌 정보 설정 중...
  checkGJKCollision 완료: 충돌 감지
      충돌 결과: 충돌함
      충돌 정보 객체에 추가
    쌍 77: 'Object8' 와 'Object20'
      narrowPhase 실행...
>> checkGJKCollision 시작: Object8 vs Object20
  볼록 껍질 개수: Object8=128, Object20=128
      충돌 감지됨! 충돌 정보 설정 중...
  checkGJKCollision 완료: 충돌 감지
      충돌 결과: 충돌함
      충돌 정보 객체에 추가
    쌍 78: 'Object9' 와 'Object10'
      narrowPhase 실행...
>> checkGJKCollision 시작: Object9 vs Object10
  볼록 껍질 개수: Object9=128, Object10=128
      충돌 감지됨! 충돌 정보 설정 중...
  checkGJKCollision 완료: 충돌 감지
      충돌 결과: 충돌함
      충돌 정보 객체에 추가
    쌍 79: 'Object9' 와 'Object11'
      narrowPhase 실행...
>> checkGJKCollision 시작: Object9 vs Object11
  볼록 껍질 개수: Object9=128, Object11=128
      충돌 감지됨! 충돌 정보 설정 중...
  checkGJKCollision 완료: 충돌 감지
      충돌 결과: 충돌함
      충돌 정보 객체에 추가
    쌍 80: 'Object9' 와 'Object12'
      narrowPhase 실행...
>> checkGJKCollision 시작: Object9 vs Object12
  볼록 껍질 개수: Object9=128, Object12=128
      충돌 감지됨! 충돌 정보 설정 중...
  checkGJKCollision 완료: 충돌 감지
      충돌 결과: 충돌함
      충돌 정보 객체에 추가
    쌍 81: 'Object9' 와 'Object14'
      narrowPhase 실행...
>> checkGJKCollision 시작: Object9 vs Object14
  볼록 껍질 개수: Object9=128, Object14=128
      충돌 감지됨! 충돌 정보 설정 중...
  checkGJKCollision 완료: 충돌 감지
      충돌 결과: 충돌함
      충돌 정보 객체에 추가
    쌍 82: 'Object9' 와 'Object15'
      narrowPhase 실행...
>> checkGJKCollision 시작: Object9 vs Object15
  볼록 껍질 개수: Object9=128, Object15=128
      충돌 감지됨! 충돌 정보 설정 중...
  checkGJKCollision 완료: 충돌 감지
      충돌 결과: 충돌함
      충돌 정보 객체에 추가
    쌍 83: 'Object9' 와 'Object17'
      narrowPhase 실행...
>> checkGJKCollision 시작: Object9 vs Object17
  볼록 껍질 개수: Object9=128, Object17=128
      충돌 감지됨! 충돌 정보 설정 중...
  checkGJKCollision 완료: 충돌 감지
      충돌 결과: 충돌함
      충돌 정보 객체에 추가
    쌍 84: 'Object9' 와 'Object20'
      narrowPhase 실행...
>> checkGJKCollision 시작: Object9 vs Object20
  볼록 껍질 개수: Object9=128, Object20=128
      충돌 감지됨! 충돌 정보 설정 중...
  checkGJKCollision 완료: 충돌 감지
      충돌 결과: 충돌함
      충돌 정보 객체에 추가
    쌍 85: 'Object10' 와 'Object11'
      narrowPhase 실행...
>> checkGJKCollision 시작: Object10 vs Object11
  볼록 껍질 개수: Object10=128, Object11=128
      충돌 감지됨! 충돌 정보 설정 중...
  checkGJKCollision 완료: 충돌 감지
      충돌 결과: 충돌함
      충돌 정보 객체에 추가
    쌍 86: 'Object10' 와 'Object12'
      narrowPhase 실행...
>> checkGJKCollision 시작: Object10 vs Object12
  볼록 껍질 개수: Object10=128, Object12=128
      충돌 감지됨! 충돌 정보 설정 중...
  checkGJKCollision 완료: 충돌 감지
      충돌 결과: 충돌함
      충돌 정보 객체에 추가
    쌍 87: 'Object10' 와 'Object14'
      narrowPhase 실행...
>> checkGJKCollision 시작: Object10 vs Object14
  볼록 껍질 개수: Object10=128, Object14=128
      충돌 감지됨! 충돌 정보 설정 중...
  checkGJKCollision 완료: 충돌 감지
      충돌 결과: 충돌함
      충돌 정보 객체에 추가
    쌍 88: 'Object10' 와 'Object15'
      narrowPhase 실행...
>> checkGJKCollision 시작: Object10 vs Object15
  볼록 껍질 개수: Object10=128, Object15=128
      충돌 감지됨! 충돌 정보 설정 중...
  checkGJKCollision 완료: 충돌 감지
      충돌 결과: 충돌함
      충돌 정보 객체에 추가
    쌍 89: 'Object10' 와 'Object17'
      narrowPhase 실행...
>> checkGJKCollision 시작: Object10 vs Object17
  볼록 껍질 개수: Object10=128, Object17=128
      충돌 감지됨! 충돌 정보 설정 중...
  checkGJKCollision 완료: 충돌 감지
      충돌 결과: 충돌함
      충돌 정보 객체에 추가
    쌍 90: 'Object10' 와 'Object20'
      narrowPhase 실행...
>> checkGJKCollision 시작: Object10 vs Object20
  볼록 껍질 개수: Object10=128, Object20=128
      충돌 감지됨! 충돌 정보 설정 중...
  checkGJKCollision 완료: 충돌 감지
      충돌 결과: 충돌함
      충돌 정보 객체에 추가
    쌍 91: 'Object11' 와 'Object12'
      narrowPhase 실행...
>> checkGJKCollision 시작: Object11 vs Object12
  볼록 껍질 개수: Object11=128, Object12=128
      충돌 감지됨! 충돌 정보 설정 중...
  checkGJKCollision 완료: 충돌 감지
      충돌 결과: 충돌함
      충돌 정보 객체에 추가
    쌍 92: 'Object11' 와 'Object14'
      narrowPhase 실행...
>> checkGJKCollision 시작: Object11 vs Object14
  볼록 껍질 개수: Object11=128, Object14=128
      충돌 감지됨! 충돌 정보 설정 중...
  checkGJKCollision 완료: 충돌 감지
      충돌 결과: 충돌함
      충돌 정보 객체에 추가
    쌍 93: 'Object11' 와 'Object15'
      narrowPhase 실행...
>> checkGJKCollision 시작: Object11 vs Object15
  볼록 껍질 개수: Object11=128, Object15=128
      충돌 감지됨! 충돌 정보 설정 중...
  checkGJKCollision 완료: 충돌 감지
      충돌 결과: 충돌함
      충돌 정보 객체에 추가
    쌍 94: 'Object11' 와 'Object17'
      narrowPhase 실행...
>> checkGJKCollision 시작: Object11 vs Object17
  볼록 껍질 개수: Object11=128, Object17=128
      충돌 감지됨! 충돌 정보 설정 중...
  checkGJKCollision 완료: 충돌 감지
      충돌 결과: 충돌함
      충돌 정보 객체에 추가
    쌍 95: 'Object11' 와 'Object20'
      narrowPhase 실행...
>> checkGJKCollision 시작: Object11 vs Object20
  볼록 껍질 개수: Object11=128, Object20=128
      충돌 감지됨! 충돌 정보 설정 중...
  checkGJKCollision 완료: 충돌 감지
      충돌 결과: 충돌함
      충돌 정보 객체에 추가
    쌍 96: 'Object12' 와 'Object14'
      narrowPhase 실행...
>> checkGJKCollision 시작: Object12 vs Object14
  볼록 껍질 개수: Object12=128, Object14=128
      충돌 감지됨! 충돌 정보 설정 중...
  checkGJKCollision 완료: 충돌 감지
      충돌 결과: 충돌함
      충돌 정보 객체에 추가
    쌍 97: 'Object12' 와 'Object15'
      narrowPhase 실행...
>> checkGJKCollision 시작: Object12 vs Object15
  볼록 껍질 개수: Object12=128, Object15=128
      충돌 감지됨! 충돌 정보 설정 중...
  checkGJKCollision 완료: 충돌 감지
      충돌 결과: 충돌함
      충돌 정보 객체에 추가
    쌍 98: 'Object12' 와 'Object17'
      narrowPhase 실행...
>> checkGJKCollision 시작: Object12 vs Object17
  볼록 껍질 개수: Object12=128, Object17=128
      충돌 감지됨! 충돌 정보 설정 중...
  checkGJKCollision 완료: 충돌 감지
      충돌 결과: 충돌함
      충돌 정보 객체에 추가
    쌍 99: 'Object12' 와 'Object20'
      narrowPhase 실행...
>> checkGJKCollision 시작: Object12 vs Object20
  볼록 껍질 개수: Object12=128, Object20=128
      충돌 감지됨! 충돌 정보 설정 중...
  checkGJKCollision 완료: 충돌 감지
      충돌 결과: 충돌함
      충돌 정보 객체에 추가
    쌍 100: 'Object14' 와 'Object15'
      narrowPhase 실행...
>> checkGJKCollision 시작: Object14 vs Object15
  볼록 껍질 개수: Object14=128, Object15=128
      충돌 감지됨! 충돌 정보 설정 중...
  checkGJKCollision 완료: 충돌 감지
      충돌 결과: 충돌함
      충돌 정보 객체에 추가
    쌍 101: 'Object14' 와 'Object17'
      narrowPhase 실행...
>> checkGJKCollision 시작: Object14 vs Object17
  볼록 껍질 개수: Object14=128, Object17=128
      충돌 감지됨! 충돌 정보 설정 중...
  checkGJKCollision 완료: 충돌 감지
      충돌 결과: 충돌함
      충돌 정보 객체에 추가
    쌍 102: 'Object14' 와 'Object20'
      narrowPhase 실행...
>> checkGJKCollision 시작: Object14 vs Object20
  볼록 껍질 개수: Object14=128, Object20=128
      충돌 감지됨! 충돌 정보 설정 중...
  checkGJKCollision 완료: 충돌 감지
      충돌 결과: 충돌함
      충돌 정보 객체에 추가
    쌍 103: 'Object15' 와 'Object17'
      narrowPhase 실행...
>> checkGJKCollision 시작: Object15 vs Object17
  볼록 껍질 개수: Object15=128, Object17=128
      충돌 감지됨! 충돌 정보 설정 중...
  checkGJKCollision 완료: 충돌 감지
      충돌 결과: 충돌함
      충돌 정보 객체에 추가
    쌍 104: 'Object15' 와 'Object20'
      narrowPhase 실행...
>> checkGJKCollision 시작: Object15 vs Object20
  볼록 껍질 개수: Object15=128, Object20=128
      충돌 감지됨! 충돌 정보 설정 중...
  checkGJKCollision 완료: 충돌 감지
      충돌 결과: 충돌함
      충돌 정보 객체에 추가
    쌍 105: 'Object17' 와 'Object20'
      narrowPhase 실행...
>> checkGJKCollision 시작: Object17 vs Object20
  볼록 껍질 개수: Object17=128, Object20=128
      충돌 감지됨! 충돌 정보 설정 중...
  checkGJKCollision 완료: 충돌 감지
      충돌 결과: 충돌함
      충돌 정보 객체에 추가
  이전 충돌 상태 정리 중...
  충돌 상태 맵 업데이트
CollisionManager::update() - 완료

--- Frame 91 ---
Object0 position: (-5.802401, 6.189209, -7.736503)
Updating objects...
Object1 position: (-0.004688, 0.020316, 0.001563)
Updating objects...
Object2 position: (-0.360871, 0.309317, 0.077329)
Updating objects...
Object3 position: (-0.025858, 0.060335, -0.120669)
Updating objects...
Object4 position: (-0.077329, -0.360871, -0.309317)
Updating objects...
Object5 position: (-0.061493, 0.184480, 0.030747)
Updating objects...
Object6 position: (-1.001303, -0.412301, 0.353402)
Updating objects...
Object7 position: (0.149378, 0.000000, -0.014938)
Updating objects...
Object8 position: (0.000000, -0.119989, 0.031997)
Updating objects...
Object9 position: (0.016530, -0.024795, -0.033060)
Updating objects...
Object10 position: (-0.028439, 0.113754, 0.056877)
Updating objects...
Object11 position: (-0.013698, 0.000000, 0.116431)
Updating objects...
Object12 position: (2.216286, 0.912589, 1.303698)
Updating objects...
Object13 position: (-0.010051, -0.150761, -0.040203)
Updating objects...
Object14 position: (0.089854, 0.025673, 0.051345)
Updating objects...
Object15 position: (6.723525, -5.229409, 6.723525)
Updating objects...
Object16 position: (-0.028946, -0.159202, -0.101310)
Updating objects...
Object17 position: (-2.605415, 0.306520, 1.992374)
Updating objects...
Object18 position: (1.754135, -6.665706, 7.016539)
Updating objects...
Object19 position: (-0.000005, -0.000002, 0.000005)
Updating objects...
Running collision detection...
CollisionManager::update() - 시작 (프레임 91)
  객체 목록 크기: 20
  각 객체의 AABB 업데이트 중...
    객체 'Object1' 업데이트
    객체 'Object2' 업데이트
    객체 'Object3' 업데이트
    객체 'Object4' 업데이트
    객체 'Object5' 업데이트
    객체 'Object6' 업데이트
    객체 'Object7' 업데이트
    객체 'Object8' 업데이트
    객체 'Object9' 업데이트
    객체 'Object10' 업데이트
    객체 'Object11' 업데이트
    객체 'Object12' 업데이트
    객체 'Object13' 업데이트
    객체 'Object14' 업데이트
    객체 'Object15' 업데이트
    객체 'Object16' 업데이트
    객체 'Object17' 업데이트
    객체 'Object18' 업데이트
    객체 'Object19' 업데이트
    객체 'Object20' 업데이트
  대략적 충돌 감지(Broad Phase) 중...
    잠재적 충돌 쌍: 105개
  정밀 충돌 감지(Narrow Phase) 시작...
    쌍 1: 'Object2' 와 'Object3'
      narrowPhase 실행...
>> checkGJKCollision 시작: Object2 vs Object3
  볼록 껍질 개수: Object2=128, Object3=128
      충돌 감지됨! 충돌 정보 설정 중...
  checkGJKCollision 완료: 충돌 감지
      충돌 결과: 충돌함
      충돌 정보 객체에 추가
    쌍 2: 'Object2' 와 'Object4'
      narrowPhase 실행...
>> checkGJKCollision 시작: Object2 vs Object4
  볼록 껍질 개수: Object2=128, Object4=128
      충돌 감지됨! 충돌 정보 설정 중...
  checkGJKCollision 완료: 충돌 감지
      충돌 결과: 충돌함
      충돌 정보 객체에 추가
    쌍 3: 'Object2' 와 'Object5'
      narrowPhase 실행...
>> checkGJKCollision 시작: Object2 vs Object5
  볼록 껍질 개수: Object2=128, Object5=128
      충돌 감지됨! 충돌 정보 설정 중...
  checkGJKCollision 완료: 충돌 감지
      충돌 결과: 충돌함
      충돌 정보 객체에 추가
    쌍 4: 'Object2' 와 'Object6'
      narrowPhase 실행...
>> checkGJKCollision 시작: Object2 vs Object6
  볼록 껍질 개수: Object2=128, Object6=128
      충돌 감지됨! 충돌 정보 설정 중...
  checkGJKCollision 완료: 충돌 감지
      충돌 결과: 충돌함
      충돌 정보 객체에 추가
    쌍 5: 'Object2' 와 'Object7'
      narrowPhase 실행...
>> checkGJKCollision 시작: Object2 vs Object7
  볼록 껍질 개수: Object2=128, Object7=128
      충돌 감지됨! 충돌 정보 설정 중...
  checkGJKCollision 완료: 충돌 감지
      충돌 결과: 충돌함
      충돌 정보 객체에 추가
    쌍 6: 'Object2' 와 'Object8'
      narrowPhase 실행...
>> checkGJKCollision 시작: Object2 vs Object8
  볼록 껍질 개수: Object2=128, Object8=128
      충돌 감지됨! 충돌 정보 설정 중...
  checkGJKCollision 완료: 충돌 감지
      충돌 결과: 충돌함
      충돌 정보 객체에 추가
    쌍 7: 'Object2' 와 'Object9'
      narrowPhase 실행...
>> checkGJKCollision 시작: Object2 vs Object9
  볼록 껍질 개수: Object2=128, Object9=128
      충돌 감지됨! 충돌 정보 설정 중...
  checkGJKCollision 완료: 충돌 감지
      충돌 결과: 충돌함
      충돌 정보 객체에 추가
    쌍 8: 'Object2' 와 'Object10'
      narrowPhase 실행...
>> checkGJKCollision 시작: Object2 vs Object10
  볼록 껍질 개수: Object2=128, Object10=128
      충돌 감지됨! 충돌 정보 설정 중...
  checkGJKCollision 완료: 충돌 감지
      충돌 결과: 충돌함
      충돌 정보 객체에 추가
    쌍 9: 'Object2' 와 'Object11'
      narrowPhase 실행...
>> checkGJKCollision 시작: Object2 vs Object11
  볼록 껍질 개수: Object2=128, Object11=128
      충돌 감지됨! 충돌 정보 설정 중...
  checkGJKCollision 완료: 충돌 감지
      충돌 결과: 충돌함
      충돌 정보 객체에 추가
    쌍 10: 'Object2' 와 'Object12'
      narrowPhase 실행...
>> checkGJKCollision 시작: Object2 vs Object12
  볼록 껍질 개수: Object2=128, Object12=128
      충돌 감지됨! 충돌 정보 설정 중...
  checkGJKCollision 완료: 충돌 감지
      충돌 결과: 충돌함
      충돌 정보 객체에 추가
    쌍 11: 'Object2' 와 'Object14'
      narrowPhase 실행...
>> checkGJKCollision 시작: Object2 vs Object14
  볼록 껍질 개수: Object2=128, Object14=128
      충돌 감지됨! 충돌 정보 설정 중...
  checkGJKCollision 완료: 충돌 감지
      충돌 결과: 충돌함
      충돌 정보 객체에 추가
    쌍 12: 'Object2' 와 'Object15'
      narrowPhase 실행...
>> checkGJKCollision 시작: Object2 vs Object15
  볼록 껍질 개수: Object2=128, Object15=128
      충돌 감지됨! 충돌 정보 설정 중...
  checkGJKCollision 완료: 충돌 감지
      충돌 결과: 충돌함
      충돌 정보 객체에 추가
    쌍 13: 'Object2' 와 'Object17'
      narrowPhase 실행...
>> checkGJKCollision 시작: Object2 vs Object17
  볼록 껍질 개수: Object2=128, Object17=128
      충돌 감지됨! 충돌 정보 설정 중...
  checkGJKCollision 완료: 충돌 감지
      충돌 결과: 충돌함
      충돌 정보 객체에 추가
    쌍 14: 'Object2' 와 'Object20'
      narrowPhase 실행...
>> checkGJKCollision 시작: Object2 vs Object20
  볼록 껍질 개수: Object2=128, Object20=128
      충돌 감지됨! 충돌 정보 설정 중...
  checkGJKCollision 완료: 충돌 감지
      충돌 결과: 충돌함
      충돌 정보 객체에 추가
    쌍 15: 'Object3' 와 'Object4'
      narrowPhase 실행...
>> checkGJKCollision 시작: Object3 vs Object4
  볼록 껍질 개수: Object3=128, Object4=128
      충돌 감지됨! 충돌 정보 설정 중...
  checkGJKCollision 완료: 충돌 감지
      충돌 결과: 충돌함
      충돌 정보 객체에 추가
    쌍 16: 'Object3' 와 'Object5'
      narrowPhase 실행...
>> checkGJKCollision 시작: Object3 vs Object5
  볼록 껍질 개수: Object3=128, Object5=128
      충돌 감지됨! 충돌 정보 설정 중...
  checkGJKCollision 완료: 충돌 감지
      충돌 결과: 충돌함
      충돌 정보 객체에 추가
    쌍 17: 'Object3' 와 'Object6'
      narrowPhase 실행...
>> checkGJKCollision 시작: Object3 vs Object6
  볼록 껍질 개수: Object3=128, Object6=128
      충돌 감지됨! 충돌 정보 설정 중...
  checkGJKCollision 완료: 충돌 감지
      충돌 결과: 충돌함
      충돌 정보 객체에 추가
    쌍 18: 'Object3' 와 'Object7'
      narrowPhase 실행...
>> checkGJKCollision 시작: Object3 vs Object7
  볼록 껍질 개수: Object3=128, Object7=128
      충돌 감지됨! 충돌 정보 설정 중...
  checkGJKCollision 완료: 충돌 감지
      충돌 결과: 충돌함
      충돌 정보 객체에 추가
    쌍 19: 'Object3' 와 'Object8'
      narrowPhase 실행...
>> checkGJKCollision 시작: Object3 vs Object8
  볼록 껍질 개수: Object3=128, Object8=128
      충돌 감지됨! 충돌 정보 설정 중...
  checkGJKCollision 완료: 충돌 감지
      충돌 결과: 충돌함
      충돌 정보 객체에 추가
    쌍 20: 'Object3' 와 'Object9'
      narrowPhase 실행...
>> checkGJKCollision 시작: Object3 vs Object9
  볼록 껍질 개수: Object3=128, Object9=128
      충돌 감지됨! 충돌 정보 설정 중...
  checkGJKCollision 완료: 충돌 감지
      충돌 결과: 충돌함
      충돌 정보 객체에 추가
    쌍 21: 'Object3' 와 'Object10'
      narrowPhase 실행...
>> checkGJKCollision 시작: Object3 vs Object10
  볼록 껍질 개수: Object3=128, Object10=128
      충돌 감지됨! 충돌 정보 설정 중...
  checkGJKCollision 완료: 충돌 감지
      충돌 결과: 충돌함
      충돌 정보 객체에 추가
    쌍 22: 'Object3' 와 'Object11'
      narrowPhase 실행...
>> checkGJKCollision 시작: Object3 vs Object11
  볼록 껍질 개수: Object3=128, Object11=128
      충돌 감지됨! 충돌 정보 설정 중...
  checkGJKCollision 완료: 충돌 감지
      충돌 결과: 충돌함
      충돌 정보 객체에 추가
    쌍 23: 'Object3' 와 'Object12'
      narrowPhase 실행...
>> checkGJKCollision 시작: Object3 vs Object12
  볼록 껍질 개수: Object3=128, Object12=128
      충돌 감지됨! 충돌 정보 설정 중...
  checkGJKCollision 완료: 충돌 감지
      충돌 결과: 충돌함
      충돌 정보 객체에 추가
    쌍 24: 'Object3' 와 'Object14'
      narrowPhase 실행...
>> checkGJKCollision 시작: Object3 vs Object14
  볼록 껍질 개수: Object3=128, Object14=128
      충돌 감지됨! 충돌 정보 설정 중...
  checkGJKCollision 완료: 충돌 감지
      충돌 결과: 충돌함
      충돌 정보 객체에 추가
    쌍 25: 'Object3' 와 'Object15'
      narrowPhase 실행...
>> checkGJKCollision 시작: Object3 vs Object15
  볼록 껍질 개수: Object3=128, Object15=128
      충돌 감지됨! 충돌 정보 설정 중...
  checkGJKCollision 완료: 충돌 감지
      충돌 결과: 충돌함
      충돌 정보 객체에 추가
    쌍 26: 'Object3' 와 'Object17'
      narrowPhase 실행...
>> checkGJKCollision 시작: Object3 vs Object17
  볼록 껍질 개수: Object3=128, Object17=128
      충돌 감지됨! 충돌 정보 설정 중...
  checkGJKCollision 완료: 충돌 감지
      충돌 결과: 충돌함
      충돌 정보 객체에 추가
    쌍 27: 'Object3' 와 'Object20'
      narrowPhase 실행...
>> checkGJKCollision 시작: Object3 vs Object20
  볼록 껍질 개수: Object3=128, Object20=128
      충돌 감지됨! 충돌 정보 설정 중...
  checkGJKCollision 완료: 충돌 감지
      충돌 결과: 충돌함
      충돌 정보 객체에 추가
    쌍 28: 'Object4' 와 'Object5'
      narrowPhase 실행...
>> checkGJKCollision 시작: Object4 vs Object5
  볼록 껍질 개수: Object4=128, Object5=128
      충돌 감지됨! 충돌 정보 설정 중...
  checkGJKCollision 완료: 충돌 감지
      충돌 결과: 충돌함
      충돌 정보 객체에 추가
    쌍 29: 'Object4' 와 'Object6'
      narrowPhase 실행...
>> checkGJKCollision 시작: Object4 vs Object6
  볼록 껍질 개수: Object4=128, Object6=128
      충돌 감지됨! 충돌 정보 설정 중...
  checkGJKCollision 완료: 충돌 감지
      충돌 결과: 충돌함
      충돌 정보 객체에 추가
    쌍 30: 'Object4' 와 'Object7'
      narrowPhase 실행...
>> checkGJKCollision 시작: Object4 vs Object7
  볼록 껍질 개수: Object4=128, Object7=128
      충돌 감지됨! 충돌 정보 설정 중...
  checkGJKCollision 완료: 충돌 감지
      충돌 결과: 충돌함
      충돌 정보 객체에 추가
    쌍 31: 'Object4' 와 'Object8'
      narrowPhase 실행...
>> checkGJKCollision 시작: Object4 vs Object8
  볼록 껍질 개수: Object4=128, Object8=128
      충돌 감지됨! 충돌 정보 설정 중...
  checkGJKCollision 완료: 충돌 감지
      충돌 결과: 충돌함
      충돌 정보 객체에 추가
    쌍 32: 'Object4' 와 'Object9'
      narrowPhase 실행...
>> checkGJKCollision 시작: Object4 vs Object9
  볼록 껍질 개수: Object4=128, Object9=128
      충돌 감지됨! 충돌 정보 설정 중...
  checkGJKCollision 완료: 충돌 감지
      충돌 결과: 충돌함
      충돌 정보 객체에 추가
    쌍 33: 'Object4' 와 'Object10'
      narrowPhase 실행...
>> checkGJKCollision 시작: Object4 vs Object10
  볼록 껍질 개수: Object4=128, Object10=128
      충돌 감지됨! 충돌 정보 설정 중...
  checkGJKCollision 완료: 충돌 감지
      충돌 결과: 충돌함
      충돌 정보 객체에 추가
    쌍 34: 'Object4' 와 'Object11'
      narrowPhase 실행...
>> checkGJKCollision 시작: Object4 vs Object11
  볼록 껍질 개수: Object4=128, Object11=128
      충돌 감지됨! 충돌 정보 설정 중...
  checkGJKCollision 완료: 충돌 감지
      충돌 결과: 충돌함
      충돌 정보 객체에 추가
    쌍 35: 'Object4' 와 'Object12'
      narrowPhase 실행...
>> checkGJKCollision 시작: Object4 vs Object12
  볼록 껍질 개수: Object4=128, Object12=128
      충돌 감지됨! 충돌 정보 설정 중...
  checkGJKCollision 완료: 충돌 감지
      충돌 결과: 충돌함
      충돌 정보 객체에 추가
    쌍 36: 'Object4' 와 'Object14'
      narrowPhase 실행...
>> checkGJKCollision 시작: Object4 vs Object14
  볼록 껍질 개수: Object4=128, Object14=128
      충돌 감지됨! 충돌 정보 설정 중...
  checkGJKCollision 완료: 충돌 감지
      충돌 결과: 충돌함
      충돌 정보 객체에 추가
    쌍 37: 'Object4' 와 'Object15'
      narrowPhase 실행...
>> checkGJKCollision 시작: Object4 vs Object15
  볼록 껍질 개수: Object4=128, Object15=128
      충돌 감지됨! 충돌 정보 설정 중...
  checkGJKCollision 완료: 충돌 감지
      충돌 결과: 충돌함
      충돌 정보 객체에 추가
    쌍 38: 'Object4' 와 'Object17'
      narrowPhase 실행...
>> checkGJKCollision 시작: Object4 vs Object17
  볼록 껍질 개수: Object4=128, Object17=128
      충돌 감지됨! 충돌 정보 설정 중...
  checkGJKCollision 완료: 충돌 감지
      충돌 결과: 충돌함
      충돌 정보 객체에 추가
    쌍 39: 'Object4' 와 'Object20'
      narrowPhase 실행...
>> checkGJKCollision 시작: Object4 vs Object20
  볼록 껍질 개수: Object4=128, Object20=128
      충돌 감지됨! 충돌 정보 설정 중...
  checkGJKCollision 완료: 충돌 감지
      충돌 결과: 충돌함
      충돌 정보 객체에 추가
    쌍 40: 'Object5' 와 'Object6'
      narrowPhase 실행...
>> checkGJKCollision 시작: Object5 vs Object6
  볼록 껍질 개수: Object5=128, Object6=128
      충돌 감지됨! 충돌 정보 설정 중...
  checkGJKCollision 완료: 충돌 감지
      충돌 결과: 충돌함
      충돌 정보 객체에 추가
    쌍 41: 'Object5' 와 'Object7'
      narrowPhase 실행...
>> checkGJKCollision 시작: Object5 vs Object7
  볼록 껍질 개수: Object5=128, Object7=128
      충돌 감지됨! 충돌 정보 설정 중...
  checkGJKCollision 완료: 충돌 감지
      충돌 결과: 충돌함
      충돌 정보 객체에 추가
    쌍 42: 'Object5' 와 'Object8'
      narrowPhase 실행...
>> checkGJKCollision 시작: Object5 vs Object8
  볼록 껍질 개수: Object5=128, Object8=128
      충돌 감지됨! 충돌 정보 설정 중...
  checkGJKCollision 완료: 충돌 감지
      충돌 결과: 충돌함
      충돌 정보 객체에 추가
    쌍 43: 'Object5' 와 'Object9'
      narrowPhase 실행...
>> checkGJKCollision 시작: Object5 vs Object9
  볼록 껍질 개수: Object5=128, Object9=128
      충돌 감지됨! 충돌 정보 설정 중...
  checkGJKCollision 완료: 충돌 감지
      충돌 결과: 충돌함
      충돌 정보 객체에 추가
    쌍 44: 'Object5' 와 'Object10'
      narrowPhase 실행...
>> checkGJKCollision 시작: Object5 vs Object10
  볼록 껍질 개수: Object5=128, Object10=128
      충돌 감지됨! 충돌 정보 설정 중...
  checkGJKCollision 완료: 충돌 감지
      충돌 결과: 충돌함
      충돌 정보 객체에 추가
    쌍 45: 'Object5' 와 'Object11'
      narrowPhase 실행...
>> checkGJKCollision 시작: Object5 vs Object11
  볼록 껍질 개수: Object5=128, Object11=128
      충돌 감지됨! 충돌 정보 설정 중...
  checkGJKCollision 완료: 충돌 감지
      충돌 결과: 충돌함
      충돌 정보 객체에 추가
    쌍 46: 'Object5' 와 'Object12'
      narrowPhase 실행...
>> checkGJKCollision 시작: Object5 vs Object12
  볼록 껍질 개수: Object5=128, Object12=128
      충돌 감지됨! 충돌 정보 설정 중...
  checkGJKCollision 완료: 충돌 감지
      충돌 결과: 충돌함
      충돌 정보 객체에 추가
    쌍 47: 'Object5' 와 'Object14'
      narrowPhase 실행...
>> checkGJKCollision 시작: Object5 vs Object14
  볼록 껍질 개수: Object5=128, Object14=128
      충돌 감지됨! 충돌 정보 설정 중...
  checkGJKCollision 완료: 충돌 감지
      충돌 결과: 충돌함
      충돌 정보 객체에 추가
    쌍 48: 'Object5' 와 'Object15'
      narrowPhase 실행...
>> checkGJKCollision 시작: Object5 vs Object15
  볼록 껍질 개수: Object5=128, Object15=128
      충돌 감지됨! 충돌 정보 설정 중...
  checkGJKCollision 완료: 충돌 감지
      충돌 결과: 충돌함
      충돌 정보 객체에 추가
    쌍 49: 'Object5' 와 'Object17'
      narrowPhase 실행...
>> checkGJKCollision 시작: Object5 vs Object17
  볼록 껍질 개수: Object5=128, Object17=128
      충돌 감지됨! 충돌 정보 설정 중...
  checkGJKCollision 완료: 충돌 감지
      충돌 결과: 충돌함
      충돌 정보 객체에 추가
    쌍 50: 'Object5' 와 'Object20'
      narrowPhase 실행...
>> checkGJKCollision 시작: Object5 vs Object20
  볼록 껍질 개수: Object5=128, Object20=128
      충돌 감지됨! 충돌 정보 설정 중...
  checkGJKCollision 완료: 충돌 감지
      충돌 결과: 충돌함
      충돌 정보 객체에 추가
    쌍 51: 'Object6' 와 'Object7'
      narrowPhase 실행...
>> checkGJKCollision 시작: Object6 vs Object7
  볼록 껍질 개수: Object6=128, Object7=128
      충돌 감지됨! 충돌 정보 설정 중...
  checkGJKCollision 완료: 충돌 감지
      충돌 결과: 충돌함
      충돌 정보 객체에 추가
    쌍 52: 'Object6' 와 'Object8'
      narrowPhase 실행...
>> checkGJKCollision 시작: Object6 vs Object8
  볼록 껍질 개수: Object6=128, Object8=128
      충돌 감지됨! 충돌 정보 설정 중...
  checkGJKCollision 완료: 충돌 감지
      충돌 결과: 충돌함
      충돌 정보 객체에 추가
    쌍 53: 'Object6' 와 'Object9'
      narrowPhase 실행...
>> checkGJKCollision 시작: Object6 vs Object9
  볼록 껍질 개수: Object6=128, Object9=128
      충돌 감지됨! 충돌 정보 설정 중...
  checkGJKCollision 완료: 충돌 감지
      충돌 결과: 충돌함
      충돌 정보 객체에 추가
    쌍 54: 'Object6' 와 'Object10'
      narrowPhase 실행...
>> checkGJKCollision 시작: Object6 vs Object10
  볼록 껍질 개수: Object6=128, Object10=128
      충돌 감지됨! 충돌 정보 설정 중...
  checkGJKCollision 완료: 충돌 감지
      충돌 결과: 충돌함
      충돌 정보 객체에 추가
    쌍 55: 'Object6' 와 'Object11'
      narrowPhase 실행...
>> checkGJKCollision 시작: Object6 vs Object11
  볼록 껍질 개수: Object6=128, Object11=128
      충돌 감지됨! 충돌 정보 설정 중...
  checkGJKCollision 완료: 충돌 감지
      충돌 결과: 충돌함
      충돌 정보 객체에 추가
    쌍 56: 'Object6' 와 'Object12'
      narrowPhase 실행...
>> checkGJKCollision 시작: Object6 vs Object12
  볼록 껍질 개수: Object6=128, Object12=128
      충돌 감지됨! 충돌 정보 설정 중...
  checkGJKCollision 완료: 충돌 감지
      충돌 결과: 충돌함
      충돌 정보 객체에 추가
    쌍 57: 'Object6' 와 'Object14'
      narrowPhase 실행...
>> checkGJKCollision 시작: Object6 vs Object14
  볼록 껍질 개수: Object6=128, Object14=128
      충돌 감지됨! 충돌 정보 설정 중...
  checkGJKCollision 완료: 충돌 감지
      충돌 결과: 충돌함
      충돌 정보 객체에 추가
    쌍 58: 'Object6' 와 'Object15'
      narrowPhase 실행...
>> checkGJKCollision 시작: Object6 vs Object15
  볼록 껍질 개수: Object6=128, Object15=128
      충돌 감지됨! 충돌 정보 설정 중...
  checkGJKCollision 완료: 충돌 감지
      충돌 결과: 충돌함
      충돌 정보 객체에 추가
    쌍 59: 'Object6' 와 'Object17'
      narrowPhase 실행...
>> checkGJKCollision 시작: Object6 vs Object17
  볼록 껍질 개수: Object6=128, Object17=128
      충돌 감지됨! 충돌 정보 설정 중...
  checkGJKCollision 완료: 충돌 감지
      충돌 결과: 충돌함
      충돌 정보 객체에 추가
    쌍 60: 'Object6' 와 'Object20'
      narrowPhase 실행...
>> checkGJKCollision 시작: Object6 vs Object20
  볼록 껍질 개수: Object6=128, Object20=128
      충돌 감지됨! 충돌 정보 설정 중...
  checkGJKCollision 완료: 충돌 감지
      충돌 결과: 충돌함
      충돌 정보 객체에 추가
    쌍 61: 'Object7' 와 'Object8'
      narrowPhase 실행...
>> checkGJKCollision 시작: Object7 vs Object8
  볼록 껍질 개수: Object7=128, Object8=128
      충돌 감지됨! 충돌 정보 설정 중...
  checkGJKCollision 완료: 충돌 감지
      충돌 결과: 충돌함
      충돌 정보 객체에 추가
    쌍 62: 'Object7' 와 'Object9'
      narrowPhase 실행...
>> checkGJKCollision 시작: Object7 vs Object9
  볼록 껍질 개수: Object7=128, Object9=128
      충돌 감지됨! 충돌 정보 설정 중...
  checkGJKCollision 완료: 충돌 감지
      충돌 결과: 충돌함
      충돌 정보 객체에 추가
    쌍 63: 'Object7' 와 'Object10'
      narrowPhase 실행...
>> checkGJKCollision 시작: Object7 vs Object10
  볼록 껍질 개수: Object7=128, Object10=128
      충돌 감지됨! 충돌 정보 설정 중...
  checkGJKCollision 완료: 충돌 감지
      충돌 결과: 충돌함
      충돌 정보 객체에 추가
    쌍 64: 'Object7' 와 'Object11'
      narrowPhase 실행...
>> checkGJKCollision 시작: Object7 vs Object11
  볼록 껍질 개수: Object7=128, Object11=128
      충돌 감지됨! 충돌 정보 설정 중...
  checkGJKCollision 완료: 충돌 감지
      충돌 결과: 충돌함
      충돌 정보 객체에 추가
    쌍 65: 'Object7' 와 'Object12'
      narrowPhase 실행...
>> checkGJKCollision 시작: Object7 vs Object12
  볼록 껍질 개수: Object7=128, Object12=128
      충돌 감지됨! 충돌 정보 설정 중...
  checkGJKCollision 완료: 충돌 감지
      충돌 결과: 충돌함
      충돌 정보 객체에 추가
    쌍 66: 'Object7' 와 'Object14'
      narrowPhase 실행...
>> checkGJKCollision 시작: Object7 vs Object14
  볼록 껍질 개수: Object7=128, Object14=128
      충돌 감지됨! 충돌 정보 설정 중...
  checkGJKCollision 완료: 충돌 감지
      충돌 결과: 충돌함
      충돌 정보 객체에 추가
    쌍 67: 'Object7' 와 'Object15'
      narrowPhase 실행...
>> checkGJKCollision 시작: Object7 vs Object15
  볼록 껍질 개수: Object7=128, Object15=128
      충돌 감지됨! 충돌 정보 설정 중...
  checkGJKCollision 완료: 충돌 감지
      충돌 결과: 충돌함
      충돌 정보 객체에 추가
    쌍 68: 'Object7' 와 'Object17'
      narrowPhase 실행...
>> checkGJKCollision 시작: Object7 vs Object17
  볼록 껍질 개수: Object7=128, Object17=128
      충돌 감지됨! 충돌 정보 설정 중...
  checkGJKCollision 완료: 충돌 감지
      충돌 결과: 충돌함
      충돌 정보 객체에 추가
    쌍 69: 'Object7' 와 'Object20'
      narrowPhase 실행...
>> checkGJKCollision 시작: Object7 vs Object20
  볼록 껍질 개수: Object7=128, Object20=128
      충돌 감지됨! 충돌 정보 설정 중...
  checkGJKCollision 완료: 충돌 감지
      충돌 결과: 충돌함
      충돌 정보 객체에 추가
    쌍 70: 'Object8' 와 'Object9'
      narrowPhase 실행...
>> checkGJKCollision 시작: Object8 vs Object9
  볼록 껍질 개수: Object8=128, Object9=128
      충돌 감지됨! 충돌 정보 설정 중...
  checkGJKCollision 완료: 충돌 감지
      충돌 결과: 충돌함
      충돌 정보 객체에 추가
    쌍 71: 'Object8' 와 'Object10'
      narrowPhase 실행...
>> checkGJKCollision 시작: Object8 vs Object10
  볼록 껍질 개수: Object8=128, Object10=128
      충돌 감지됨! 충돌 정보 설정 중...
  checkGJKCollision 완료: 충돌 감지
      충돌 결과: 충돌함
      충돌 정보 객체에 추가
    쌍 72: 'Object8' 와 'Object11'
      narrowPhase 실행...
>> checkGJKCollision 시작: Object8 vs Object11
  볼록 껍질 개수: Object8=128, Object11=128
      충돌 감지됨! 충돌 정보 설정 중...
  checkGJKCollision 완료: 충돌 감지
      충돌 결과: 충돌함
      충돌 정보 객체에 추가
    쌍 73: 'Object8' 와 'Object12'
      narrowPhase 실행...
>> checkGJKCollision 시작: Object8 vs Object12
  볼록 껍질 개수: Object8=128, Object12=128
      충돌 감지됨! 충돌 정보 설정 중...
  checkGJKCollision 완료: 충돌 감지
      충돌 결과: 충돌함
      충돌 정보 객체에 추가
    쌍 74: 'Object8' 와 'Object14'
      narrowPhase 실행...
>> checkGJKCollision 시작: Object8 vs Object14
  볼록 껍질 개수: Object8=128, Object14=128
      충돌 감지됨! 충돌 정보 설정 중...
  checkGJKCollision 완료: 충돌 감지
      충돌 결과: 충돌함
      충돌 정보 객체에 추가
    쌍 75: 'Object8' 와 'Object15'
      narrowPhase 실행...
>> checkGJKCollision 시작: Object8 vs Object15
  볼록 껍질 개수: Object8=128, Object15=128
      충돌 감지됨! 충돌 정보 설정 중...
  checkGJKCollision 완료: 충돌 감지
      충돌 결과: 충돌함
      충돌 정보 객체에 추가
    쌍 76: 'Object8' 와 'Object17'
      narrowPhase 실행...
>> checkGJKCollision 시작: Object8 vs Object17
  볼록 껍질 개수: Object8=128, Object17=128
      충돌 감지됨! 충돌 정보 설정 중...
  checkGJKCollision 완료: 충돌 감지
      충돌 결과: 충돌함
      충돌 정보 객체에 추가
    쌍 77: 'Object8' 와 'Object20'
      narrowPhase 실행...
>> checkGJKCollision 시작: Object8 vs Object20
  볼록 껍질 개수: Object8=128, Object20=128
      충돌 감지됨! 충돌 정보 설정 중...
  checkGJKCollision 완료: 충돌 감지
      충돌 결과: 충돌함
      충돌 정보 객체에 추가
    쌍 78: 'Object9' 와 'Object10'
      narrowPhase 실행...
>> checkGJKCollision 시작: Object9 vs Object10
  볼록 껍질 개수: Object9=128, Object10=128
      충돌 감지됨! 충돌 정보 설정 중...
  checkGJKCollision 완료: 충돌 감지
      충돌 결과: 충돌함
      충돌 정보 객체에 추가
    쌍 79: 'Object9' 와 'Object11'
      narrowPhase 실행...
>> checkGJKCollision 시작: Object9 vs Object11
  볼록 껍질 개수: Object9=128, Object11=128
      충돌 감지됨! 충돌 정보 설정 중...
  checkGJKCollision 완료: 충돌 감지
      충돌 결과: 충돌함
      충돌 정보 객체에 추가
    쌍 80: 'Object9' 와 'Object12'
      narrowPhase 실행...
>> checkGJKCollision 시작: Object9 vs Object12
  볼록 껍질 개수: Object9=128, Object12=128
      충돌 감지됨! 충돌 정보 설정 중...
  checkGJKCollision 완료: 충돌 감지
      충돌 결과: 충돌함
      충돌 정보 객체에 추가
    쌍 81: 'Object9' 와 'Object14'
      narrowPhase 실행...
>> checkGJKCollision 시작: Object9 vs Object14
  볼록 껍질 개수: Object9=128, Object14=128
      충돌 감지됨! 충돌 정보 설정 중...
  checkGJKCollision 완료: 충돌 감지
      충돌 결과: 충돌함
      충돌 정보 객체에 추가
    쌍 82: 'Object9' 와 'Object15'
      narrowPhase 실행...
>> checkGJKCollision 시작: Object9 vs Object15
  볼록 껍질 개수: Object9=128, Object15=128
      충돌 감지됨! 충돌 정보 설정 중...
  checkGJKCollision 완료: 충돌 감지
      충돌 결과: 충돌함
      충돌 정보 객체에 추가
    쌍 83: 'Object9' 와 'Object17'
      narrowPhase 실행...
>> checkGJKCollision 시작: Object9 vs Object17
  볼록 껍질 개수: Object9=128, Object17=128
      충돌 감지됨! 충돌 정보 설정 중...
  checkGJKCollision 완료: 충돌 감지
      충돌 결과: 충돌함
      충돌 정보 객체에 추가
    쌍 84: 'Object9' 와 'Object20'
      narrowPhase 실행...
>> checkGJKCollision 시작: Object9 vs Object20
  볼록 껍질 개수: Object9=128, Object20=128
      충돌 감지됨! 충돌 정보 설정 중...
  checkGJKCollision 완료: 충돌 감지
      충돌 결과: 충돌함
      충돌 정보 객체에 추가
    쌍 85: 'Object10' 와 'Object11'
      narrowPhase 실행...
>> checkGJKCollision 시작: Object10 vs Object11
  볼록 껍질 개수: Object10=128, Object11=128
      충돌 감지됨! 충돌 정보 설정 중...
  checkGJKCollision 완료: 충돌 감지
      충돌 결과: 충돌함
      충돌 정보 객체에 추가
    쌍 86: 'Object10' 와 'Object12'
      narrowPhase 실행...
>> checkGJKCollision 시작: Object10 vs Object12
  볼록 껍질 개수: Object10=128, Object12=128
      충돌 감지됨! 충돌 정보 설정 중...
  checkGJKCollision 완료: 충돌 감지
      충돌 결과: 충돌함
      충돌 정보 객체에 추가
    쌍 87: 'Object10' 와 'Object14'
      narrowPhase 실행...
>> checkGJKCollision 시작: Object10 vs Object14
  볼록 껍질 개수: Object10=128, Object14=128
      충돌 감지됨! 충돌 정보 설정 중...
  checkGJKCollision 완료: 충돌 감지
      충돌 결과: 충돌함
      충돌 정보 객체에 추가
    쌍 88: 'Object10' 와 'Object15'
      narrowPhase 실행...
>> checkGJKCollision 시작: Object10 vs Object15
  볼록 껍질 개수: Object10=128, Object15=128
      충돌 감지됨! 충돌 정보 설정 중...
  checkGJKCollision 완료: 충돌 감지
      충돌 결과: 충돌함
      충돌 정보 객체에 추가
    쌍 89: 'Object10' 와 'Object17'
      narrowPhase 실행...
>> checkGJKCollision 시작: Object10 vs Object17
  볼록 껍질 개수: Object10=128, Object17=128
      충돌 감지됨! 충돌 정보 설정 중...
  checkGJKCollision 완료: 충돌 감지
      충돌 결과: 충돌함
      충돌 정보 객체에 추가
    쌍 90: 'Object10' 와 'Object20'
      narrowPhase 실행...
>> checkGJKCollision 시작: Object10 vs Object20
  볼록 껍질 개수: Object10=128, Object20=128
      충돌 감지됨! 충돌 정보 설정 중...
  checkGJKCollision 완료: 충돌 감지
      충돌 결과: 충돌함
      충돌 정보 객체에 추가
    쌍 91: 'Object11' 와 'Object12'
      narrowPhase 실행...
>> checkGJKCollision 시작: Object11 vs Object12
  볼록 껍질 개수: Object11=128, Object12=128
      충돌 감지됨! 충돌 정보 설정 중...
  checkGJKCollision 완료: 충돌 감지
      충돌 결과: 충돌함
      충돌 정보 객체에 추가
    쌍 92: 'Object11' 와 'Object14'
      narrowPhase 실행...
>> checkGJKCollision 시작: Object11 vs Object14
  볼록 껍질 개수: Object11=128, Object14=128
      충돌 감지됨! 충돌 정보 설정 중...
  checkGJKCollision 완료: 충돌 감지
      충돌 결과: 충돌함
      충돌 정보 객체에 추가
    쌍 93: 'Object11' 와 'Object15'
      narrowPhase 실행...
>> checkGJKCollision 시작: Object11 vs Object15
  볼록 껍질 개수: Object11=128, Object15=128
      충돌 감지됨! 충돌 정보 설정 중...
  checkGJKCollision 완료: 충돌 감지
      충돌 결과: 충돌함
      충돌 정보 객체에 추가
    쌍 94: 'Object11' 와 'Object17'
      narrowPhase 실행...
>> checkGJKCollision 시작: Object11 vs Object17
  볼록 껍질 개수: Object11=128, Object17=128
      충돌 감지됨! 충돌 정보 설정 중...
  checkGJKCollision 완료: 충돌 감지
      충돌 결과: 충돌함
      충돌 정보 객체에 추가
    쌍 95: 'Object11' 와 'Object20'
      narrowPhase 실행...
>> checkGJKCollision 시작: Object11 vs Object20
  볼록 껍질 개수: Object11=128, Object20=128
      충돌 감지됨! 충돌 정보 설정 중...
  checkGJKCollision 완료: 충돌 감지
      충돌 결과: 충돌함
      충돌 정보 객체에 추가
    쌍 96: 'Object12' 와 'Object14'
      narrowPhase 실행...
>> checkGJKCollision 시작: Object12 vs Object14
  볼록 껍질 개수: Object12=128, Object14=128
      충돌 감지됨! 충돌 정보 설정 중...
  checkGJKCollision 완료: 충돌 감지
      충돌 결과: 충돌함
      충돌 정보 객체에 추가
    쌍 97: 'Object12' 와 'Object15'
      narrowPhase 실행...
>> checkGJKCollision 시작: Object12 vs Object15
  볼록 껍질 개수: Object12=128, Object15=128
      충돌 감지됨! 충돌 정보 설정 중...
  checkGJKCollision 완료: 충돌 감지
      충돌 결과: 충돌함
      충돌 정보 객체에 추가
    쌍 98: 'Object12' 와 'Object17'
      narrowPhase 실행...
>> checkGJKCollision 시작: Object12 vs Object17
  볼록 껍질 개수: Object12=128, Object17=128
      충돌 감지됨! 충돌 정보 설정 중...
  checkGJKCollision 완료: 충돌 감지
      충돌 결과: 충돌함
      충돌 정보 객체에 추가
    쌍 99: 'Object12' 와 'Object20'
      narrowPhase 실행...
>> checkGJKCollision 시작: Object12 vs Object20
  볼록 껍질 개수: Object12=128, Object20=128
      충돌 감지됨! 충돌 정보 설정 중...
  checkGJKCollision 완료: 충돌 감지
      충돌 결과: 충돌함
      충돌 정보 객체에 추가
    쌍 100: 'Object14' 와 'Object15'
      narrowPhase 실행...
>> checkGJKCollision 시작: Object14 vs Object15
  볼록 껍질 개수: Object14=128, Object15=128
      충돌 감지됨! 충돌 정보 설정 중...
  checkGJKCollision 완료: 충돌 감지
      충돌 결과: 충돌함
      충돌 정보 객체에 추가
    쌍 101: 'Object14' 와 'Object17'
      narrowPhase 실행...
>> checkGJKCollision 시작: Object14 vs Object17
  볼록 껍질 개수: Object14=128, Object17=128
      충돌 감지됨! 충돌 정보 설정 중...
  checkGJKCollision 완료: 충돌 감지
      충돌 결과: 충돌함
      충돌 정보 객체에 추가
    쌍 102: 'Object14' 와 'Object20'
      narrowPhase 실행...
>> checkGJKCollision 시작: Object14 vs Object20
  볼록 껍질 개수: Object14=128, Object20=128
      충돌 감지됨! 충돌 정보 설정 중...
  checkGJKCollision 완료: 충돌 감지
      충돌 결과: 충돌함
      충돌 정보 객체에 추가
    쌍 103: 'Object15' 와 'Object17'
      narrowPhase 실행...
>> checkGJKCollision 시작: Object15 vs Object17
  볼록 껍질 개수: Object15=128, Object17=128
      충돌 감지됨! 충돌 정보 설정 중...
  checkGJKCollision 완료: 충돌 감지
      충돌 결과: 충돌함
      충돌 정보 객체에 추가
    쌍 104: 'Object15' 와 'Object20'
      narrowPhase 실행...
>> checkGJKCollision 시작: Object15 vs Object20
  볼록 껍질 개수: Object15=128, Object20=128
      충돌 감지됨! 충돌 정보 설정 중...
  checkGJKCollision 완료: 충돌 감지
      충돌 결과: 충돌함
      충돌 정보 객체에 추가
    쌍 105: 'Object17' 와 'Object20'
      narrowPhase 실행...
>> checkGJKCollision 시작: Object17 vs Object20
  볼록 껍질 개수: Object17=128, Object20=128
      충돌 감지됨! 충돌 정보 설정 중...
  checkGJKCollision 완료: 충돌 감지
      충돌 결과: 충돌함
      충돌 정보 객체에 추가
  이전 충돌 상태 정리 중...
  충돌 상태 맵 업데이트
CollisionManager::update() - 완료

--- Frame 92 ---
Object0 position: (-5.701328, 6.081399, -7.601739)
Updating objects...
Object1 position: (0.040158, -0.174017, -0.013386)
Updating objects...
Object2 position: (-0.210990, 0.180848, 0.045212)
Updating objects...
Object3 position: (0.011790, -0.027509, 0.055019)
Updating objects...
Object4 position: (-0.045212, -0.210990, -0.180848)
Updating objects...
Object5 position: (0.000976, -0.002929, -0.000488)
Updating objects...
Object6 position: (-0.825494, -0.339909, 0.291351)
Updating objects...
Object7 position: (-0.049630, 0.000000, 0.004963)
Updating objects...
Object8 position: (0.000000, 0.073258, -0.019535)
Updating objects...
Object9 position: (-0.057748, 0.086622, 0.115496)
Updating objects...
Object10 position: (0.015205, -0.060820, -0.030410)
Updating objects...
Object11 position: (0.009670, 0.000000, -0.082199)
Updating objects...
Object12 position: (2.053828, 0.845695, 1.208134)
Updating objects...
Object13 position: (0.002806, 0.042086, 0.011223)
Updating objects...
Object14 position: (-0.078686, -0.022482, -0.044963)
Updating objects...
Object15 position: (6.599607, -5.133029, 6.599607)
Updating objects...
Object16 position: (0.001378, 0.007580, 0.004824)
Updating objects...
Object17 position: (-2.447233, 0.287910, 1.871411)
Updating objects...
Object18 position: (1.718466, -6.530164, 6.873863)
Updating objects...
Object19 position: (0.133328, 0.066664, -0.133328)
Updating objects...
Running collision detection...
CollisionManager::update() - 시작 (프레임 92)
  객체 목록 크기: 20
  각 객체의 AABB 업데이트 중...
    객체 'Object1' 업데이트
    객체 'Object2' 업데이트
    객체 'Object3' 업데이트
    객체 'Object4' 업데이트
    객체 'Object5' 업데이트
    객체 'Object6' 업데이트
    객체 'Object7' 업데이트
    객체 'Object8' 업데이트
    객체 'Object9' 업데이트
    객체 'Object10' 업데이트
    객체 'Object11' 업데이트
    객체 'Object12' 업데이트
    객체 'Object13' 업데이트
    객체 'Object14' 업데이트
    객체 'Object15' 업데이트
    객체 'Object16' 업데이트
    객체 'Object17' 업데이트
    객체 'Object18' 업데이트
    객체 'Object19' 업데이트
    객체 'Object20' 업데이트
  대략적 충돌 감지(Broad Phase) 중...
    잠재적 충돌 쌍: 105개
  정밀 충돌 감지(Narrow Phase) 시작...
    쌍 1: 'Object2' 와 'Object3'
      narrowPhase 실행...
>> checkGJKCollision 시작: Object2 vs Object3
  볼록 껍질 개수: Object2=128, Object3=128
      충돌 감지됨! 충돌 정보 설정 중...
  checkGJKCollision 완료: 충돌 감지
      충돌 결과: 충돌함
      충돌 정보 객체에 추가
    쌍 2: 'Object2' 와 'Object4'
      narrowPhase 실행...
>> checkGJKCollision 시작: Object2 vs Object4
  볼록 껍질 개수: Object2=128, Object4=128
      충돌 감지됨! 충돌 정보 설정 중...
  checkGJKCollision 완료: 충돌 감지
      충돌 결과: 충돌함
      충돌 정보 객체에 추가
    쌍 3: 'Object2' 와 'Object5'
      narrowPhase 실행...
>> checkGJKCollision 시작: Object2 vs Object5
  볼록 껍질 개수: Object2=128, Object5=128
      충돌 감지됨! 충돌 정보 설정 중...
  checkGJKCollision 완료: 충돌 감지
      충돌 결과: 충돌함
      충돌 정보 객체에 추가
    쌍 4: 'Object2' 와 'Object6'
      narrowPhase 실행...
>> checkGJKCollision 시작: Object2 vs Object6
  볼록 껍질 개수: Object2=128, Object6=128
      충돌 감지됨! 충돌 정보 설정 중...
  checkGJKCollision 완료: 충돌 감지
      충돌 결과: 충돌함
      충돌 정보 객체에 추가
    쌍 5: 'Object2' 와 'Object7'
      narrowPhase 실행...
>> checkGJKCollision 시작: Object2 vs Object7
  볼록 껍질 개수: Object2=128, Object7=128
      충돌 감지됨! 충돌 정보 설정 중...
  checkGJKCollision 완료: 충돌 감지
      충돌 결과: 충돌함
      충돌 정보 객체에 추가
    쌍 6: 'Object2' 와 'Object8'
      narrowPhase 실행...
>> checkGJKCollision 시작: Object2 vs Object8
  볼록 껍질 개수: Object2=128, Object8=128
      충돌 감지됨! 충돌 정보 설정 중...
  checkGJKCollision 완료: 충돌 감지
      충돌 결과: 충돌함
      충돌 정보 객체에 추가
    쌍 7: 'Object2' 와 'Object9'
      narrowPhase 실행...
>> checkGJKCollision 시작: Object2 vs Object9
  볼록 껍질 개수: Object2=128, Object9=128
      충돌 감지됨! 충돌 정보 설정 중...
  checkGJKCollision 완료: 충돌 감지
      충돌 결과: 충돌함
      충돌 정보 객체에 추가
    쌍 8: 'Object2' 와 'Object10'
      narrowPhase 실행...
>> checkGJKCollision 시작: Object2 vs Object10
  볼록 껍질 개수: Object2=128, Object10=128
      충돌 감지됨! 충돌 정보 설정 중...
  checkGJKCollision 완료: 충돌 감지
      충돌 결과: 충돌함
      충돌 정보 객체에 추가
    쌍 9: 'Object2' 와 'Object11'
      narrowPhase 실행...
>> checkGJKCollision 시작: Object2 vs Object11
  볼록 껍질 개수: Object2=128, Object11=128
      충돌 감지됨! 충돌 정보 설정 중...
  checkGJKCollision 완료: 충돌 감지
      충돌 결과: 충돌함
      충돌 정보 객체에 추가
    쌍 10: 'Object2' 와 'Object12'
      narrowPhase 실행...
>> checkGJKCollision 시작: Object2 vs Object12
  볼록 껍질 개수: Object2=128, Object12=128
      충돌 감지됨! 충돌 정보 설정 중...
  checkGJKCollision 완료: 충돌 감지
      충돌 결과: 충돌함
      충돌 정보 객체에 추가
    쌍 11: 'Object2' 와 'Object14'
      narrowPhase 실행...
>> checkGJKCollision 시작: Object2 vs Object14
  볼록 껍질 개수: Object2=128, Object14=128
      충돌 감지됨! 충돌 정보 설정 중...
  checkGJKCollision 완료: 충돌 감지
      충돌 결과: 충돌함
      충돌 정보 객체에 추가
    쌍 12: 'Object2' 와 'Object15'
      narrowPhase 실행...
>> checkGJKCollision 시작: Object2 vs Object15
  볼록 껍질 개수: Object2=128, Object15=128
      충돌 감지됨! 충돌 정보 설정 중...
  checkGJKCollision 완료: 충돌 감지
      충돌 결과: 충돌함
      충돌 정보 객체에 추가
    쌍 13: 'Object2' 와 'Object17'
      narrowPhase 실행...
>> checkGJKCollision 시작: Object2 vs Object17
  볼록 껍질 개수: Object2=128, Object17=128
      충돌 감지됨! 충돌 정보 설정 중...
  checkGJKCollision 완료: 충돌 감지
      충돌 결과: 충돌함
      충돌 정보 객체에 추가
    쌍 14: 'Object2' 와 'Object20'
      narrowPhase 실행...
>> checkGJKCollision 시작: Object2 vs Object20
  볼록 껍질 개수: Object2=128, Object20=128
      충돌 감지됨! 충돌 정보 설정 중...
  checkGJKCollision 완료: 충돌 감지
      충돌 결과: 충돌함
      충돌 정보 객체에 추가
    쌍 15: 'Object3' 와 'Object4'
      narrowPhase 실행...
>> checkGJKCollision 시작: Object3 vs Object4
  볼록 껍질 개수: Object3=128, Object4=128
      충돌 감지됨! 충돌 정보 설정 중...
  checkGJKCollision 완료: 충돌 감지
      충돌 결과: 충돌함
      충돌 정보 객체에 추가
    쌍 16: 'Object3' 와 'Object5'
      narrowPhase 실행...
>> checkGJKCollision 시작: Object3 vs Object5
  볼록 껍질 개수: Object3=128, Object5=128
      충돌 감지됨! 충돌 정보 설정 중...
  checkGJKCollision 완료: 충돌 감지
      충돌 결과: 충돌함
      충돌 정보 객체에 추가
    쌍 17: 'Object3' 와 'Object6'
      narrowPhase 실행...
>> checkGJKCollision 시작: Object3 vs Object6
  볼록 껍질 개수: Object3=128, Object6=128
      충돌 감지됨! 충돌 정보 설정 중...
  checkGJKCollision 완료: 충돌 감지
      충돌 결과: 충돌함
      충돌 정보 객체에 추가
    쌍 18: 'Object3' 와 'Object7'
      narrowPhase 실행...
>> checkGJKCollision 시작: Object3 vs Object7
  볼록 껍질 개수: Object3=128, Object7=128
      충돌 감지됨! 충돌 정보 설정 중...
  checkGJKCollision 완료: 충돌 감지
      충돌 결과: 충돌함
      충돌 정보 객체에 추가
    쌍 19: 'Object3' 와 'Object8'
      narrowPhase 실행...
>> checkGJKCollision 시작: Object3 vs Object8
  볼록 껍질 개수: Object3=128, Object8=128
      충돌 감지됨! 충돌 정보 설정 중...
  checkGJKCollision 완료: 충돌 감지
      충돌 결과: 충돌함
      충돌 정보 객체에 추가
    쌍 20: 'Object3' 와 'Object9'
      narrowPhase 실행...
>> checkGJKCollision 시작: Object3 vs Object9
  볼록 껍질 개수: Object3=128, Object9=128
      충돌 감지됨! 충돌 정보 설정 중...
  checkGJKCollision 완료: 충돌 감지
      충돌 결과: 충돌함
      충돌 정보 객체에 추가
    쌍 21: 'Object3' 와 'Object10'
      narrowPhase 실행...
>> checkGJKCollision 시작: Object3 vs Object10
  볼록 껍질 개수: Object3=128, Object10=128
      충돌 감지됨! 충돌 정보 설정 중...
  checkGJKCollision 완료: 충돌 감지
      충돌 결과: 충돌함
      충돌 정보 객체에 추가
    쌍 22: 'Object3' 와 'Object11'
      narrowPhase 실행...
>> checkGJKCollision 시작: Object3 vs Object11
  볼록 껍질 개수: Object3=128, Object11=128
      충돌 감지됨! 충돌 정보 설정 중...
  checkGJKCollision 완료: 충돌 감지
      충돌 결과: 충돌함
      충돌 정보 객체에 추가
    쌍 23: 'Object3' 와 'Object12'
      narrowPhase 실행...
>> checkGJKCollision 시작: Object3 vs Object12
  볼록 껍질 개수: Object3=128, Object12=128
      충돌 감지됨! 충돌 정보 설정 중...
  checkGJKCollision 완료: 충돌 감지
      충돌 결과: 충돌함
      충돌 정보 객체에 추가
    쌍 24: 'Object3' 와 'Object14'
      narrowPhase 실행...
>> checkGJKCollision 시작: Object3 vs Object14
  볼록 껍질 개수: Object3=128, Object14=128
      충돌 감지됨! 충돌 정보 설정 중...
  checkGJKCollision 완료: 충돌 감지
      충돌 결과: 충돌함
      충돌 정보 객체에 추가
    쌍 25: 'Object3' 와 'Object15'
      narrowPhase 실행...
>> checkGJKCollision 시작: Object3 vs Object15
  볼록 껍질 개수: Object3=128, Object15=128
      충돌 감지됨! 충돌 정보 설정 중...
  checkGJKCollision 완료: 충돌 감지
      충돌 결과: 충돌함
      충돌 정보 객체에 추가
    쌍 26: 'Object3' 와 'Object17'
      narrowPhase 실행...
>> checkGJKCollision 시작: Object3 vs Object17
  볼록 껍질 개수: Object3=128, Object17=128
      충돌 감지됨! 충돌 정보 설정 중...
  checkGJKCollision 완료: 충돌 감지
      충돌 결과: 충돌함
      충돌 정보 객체에 추가
    쌍 27: 'Object3' 와 'Object20'
      narrowPhase 실행...
>> checkGJKCollision 시작: Object3 vs Object20
  볼록 껍질 개수: Object3=128, Object20=128
      충돌 감지됨! 충돌 정보 설정 중...
  checkGJKCollision 완료: 충돌 감지
      충돌 결과: 충돌함
      충돌 정보 객체에 추가
    쌍 28: 'Object4' 와 'Object5'
      narrowPhase 실행...
>> checkGJKCollision 시작: Object4 vs Object5
  볼록 껍질 개수: Object4=128, Object5=128
      충돌 감지됨! 충돌 정보 설정 중...
  checkGJKCollision 완료: 충돌 감지
      충돌 결과: 충돌함
      충돌 정보 객체에 추가
    쌍 29: 'Object4' 와 'Object6'
      narrowPhase 실행...
>> checkGJKCollision 시작: Object4 vs Object6
  볼록 껍질 개수: Object4=128, Object6=128
      충돌 감지됨! 충돌 정보 설정 중...
  checkGJKCollision 완료: 충돌 감지
      충돌 결과: 충돌함
      충돌 정보 객체에 추가
    쌍 30: 'Object4' 와 'Object7'
      narrowPhase 실행...
>> checkGJKCollision 시작: Object4 vs Object7
  볼록 껍질 개수: Object4=128, Object7=128
      충돌 감지됨! 충돌 정보 설정 중...
  checkGJKCollision 완료: 충돌 감지
      충돌 결과: 충돌함
      충돌 정보 객체에 추가
    쌍 31: 'Object4' 와 'Object8'
      narrowPhase 실행...
>> checkGJKCollision 시작: Object4 vs Object8
  볼록 껍질 개수: Object4=128, Object8=128
      충돌 감지됨! 충돌 정보 설정 중...
  checkGJKCollision 완료: 충돌 감지
      충돌 결과: 충돌함
      충돌 정보 객체에 추가
    쌍 32: 'Object4' 와 'Object9'
      narrowPhase 실행...
>> checkGJKCollision 시작: Object4 vs Object9
  볼록 껍질 개수: Object4=128, Object9=128
      충돌 감지됨! 충돌 정보 설정 중...
  checkGJKCollision 완료: 충돌 감지
      충돌 결과: 충돌함
      충돌 정보 객체에 추가
    쌍 33: 'Object4' 와 'Object10'
      narrowPhase 실행...
>> checkGJKCollision 시작: Object4 vs Object10
  볼록 껍질 개수: Object4=128, Object10=128
      충돌 감지됨! 충돌 정보 설정 중...
  checkGJKCollision 완료: 충돌 감지
      충돌 결과: 충돌함
      충돌 정보 객체에 추가
    쌍 34: 'Object4' 와 'Object11'
      narrowPhase 실행...
>> checkGJKCollision 시작: Object4 vs Object11
  볼록 껍질 개수: Object4=128, Object11=128
      충돌 감지됨! 충돌 정보 설정 중...
  checkGJKCollision 완료: 충돌 감지
      충돌 결과: 충돌함
      충돌 정보 객체에 추가
    쌍 35: 'Object4' 와 'Object12'
      narrowPhase 실행...
>> checkGJKCollision 시작: Object4 vs Object12
  볼록 껍질 개수: Object4=128, Object12=128
      충돌 감지됨! 충돌 정보 설정 중...
  checkGJKCollision 완료: 충돌 감지
      충돌 결과: 충돌함
      충돌 정보 객체에 추가
    쌍 36: 'Object4' 와 'Object14'
      narrowPhase 실행...
>> checkGJKCollision 시작: Object4 vs Object14
  볼록 껍질 개수: Object4=128, Object14=128
      충돌 감지됨! 충돌 정보 설정 중...
  checkGJKCollision 완료: 충돌 감지
      충돌 결과: 충돌함
      충돌 정보 객체에 추가
    쌍 37: 'Object4' 와 'Object15'
      narrowPhase 실행...
>> checkGJKCollision 시작: Object4 vs Object15
  볼록 껍질 개수: Object4=128, Object15=128
      충돌 감지됨! 충돌 정보 설정 중...
  checkGJKCollision 완료: 충돌 감지
      충돌 결과: 충돌함
      충돌 정보 객체에 추가
    쌍 38: 'Object4' 와 'Object17'
      narrowPhase 실행...
>> checkGJKCollision 시작: Object4 vs Object17
  볼록 껍질 개수: Object4=128, Object17=128
      충돌 감지됨! 충돌 정보 설정 중...
  checkGJKCollision 완료: 충돌 감지
      충돌 결과: 충돌함
      충돌 정보 객체에 추가
    쌍 39: 'Object4' 와 'Object20'
      narrowPhase 실행...
>> checkGJKCollision 시작: Object4 vs Object20
  볼록 껍질 개수: Object4=128, Object20=128
      충돌 감지됨! 충돌 정보 설정 중...
  checkGJKCollision 완료: 충돌 감지
      충돌 결과: 충돌함
      충돌 정보 객체에 추가
    쌍 40: 'Object5' 와 'Object6'
      narrowPhase 실행...
>> checkGJKCollision 시작: Object5 vs Object6
  볼록 껍질 개수: Object5=128, Object6=128
      충돌 감지됨! 충돌 정보 설정 중...
  checkGJKCollision 완료: 충돌 감지
      충돌 결과: 충돌함
      충돌 정보 객체에 추가
    쌍 41: 'Object5' 와 'Object7'
      narrowPhase 실행...
>> checkGJKCollision 시작: Object5 vs Object7
  볼록 껍질 개수: Object5=128, Object7=128
      충돌 감지됨! 충돌 정보 설정 중...
  checkGJKCollision 완료: 충돌 감지
      충돌 결과: 충돌함
      충돌 정보 객체에 추가
    쌍 42: 'Object5' 와 'Object8'
      narrowPhase 실행...
>> checkGJKCollision 시작: Object5 vs Object8
  볼록 껍질 개수: Object5=128, Object8=128
      충돌 감지됨! 충돌 정보 설정 중...
  checkGJKCollision 완료: 충돌 감지
      충돌 결과: 충돌함
      충돌 정보 객체에 추가
    쌍 43: 'Object5' 와 'Object9'
      narrowPhase 실행...
>> checkGJKCollision 시작: Object5 vs Object9
  볼록 껍질 개수: Object5=128, Object9=128
      충돌 감지됨! 충돌 정보 설정 중...
  checkGJKCollision 완료: 충돌 감지
      충돌 결과: 충돌함
      충돌 정보 객체에 추가
    쌍 44: 'Object5' 와 'Object10'
      narrowPhase 실행...
>> checkGJKCollision 시작: Object5 vs Object10
  볼록 껍질 개수: Object5=128, Object10=128
      충돌 감지됨! 충돌 정보 설정 중...
  checkGJKCollision 완료: 충돌 감지
      충돌 결과: 충돌함
      충돌 정보 객체에 추가
    쌍 45: 'Object5' 와 'Object11'
      narrowPhase 실행...
>> checkGJKCollision 시작: Object5 vs Object11
  볼록 껍질 개수: Object5=128, Object11=128
      충돌 감지됨! 충돌 정보 설정 중...
  checkGJKCollision 완료: 충돌 감지
      충돌 결과: 충돌함
      충돌 정보 객체에 추가
    쌍 46: 'Object5' 와 'Object12'
      narrowPhase 실행...
>> checkGJKCollision 시작: Object5 vs Object12
  볼록 껍질 개수: Object5=128, Object12=128
      충돌 감지됨! 충돌 정보 설정 중...
  checkGJKCollision 완료: 충돌 감지
      충돌 결과: 충돌함
      충돌 정보 객체에 추가
    쌍 47: 'Object5' 와 'Object14'
      narrowPhase 실행...
>> checkGJKCollision 시작: Object5 vs Object14
  볼록 껍질 개수: Object5=128, Object14=128
      충돌 감지됨! 충돌 정보 설정 중...
  checkGJKCollision 완료: 충돌 감지
      충돌 결과: 충돌함
      충돌 정보 객체에 추가
    쌍 48: 'Object5' 와 'Object15'
      narrowPhase 실행...
>> checkGJKCollision 시작: Object5 vs Object15
  볼록 껍질 개수: Object5=128, Object15=128
      충돌 감지됨! 충돌 정보 설정 중...
  checkGJKCollision 완료: 충돌 감지
      충돌 결과: 충돌함
      충돌 정보 객체에 추가
    쌍 49: 'Object5' 와 'Object17'
      narrowPhase 실행...
>> checkGJKCollision 시작: Object5 vs Object17
  볼록 껍질 개수: Object5=128, Object17=128
      충돌 감지됨! 충돌 정보 설정 중...
  checkGJKCollision 완료: 충돌 감지
      충돌 결과: 충돌함
      충돌 정보 객체에 추가
    쌍 50: 'Object5' 와 'Object20'
      narrowPhase 실행...
>> checkGJKCollision 시작: Object5 vs Object20
  볼록 껍질 개수: Object5=128, Object20=128
      충돌 감지됨! 충돌 정보 설정 중...
  checkGJKCollision 완료: 충돌 감지
      충돌 결과: 충돌함
      충돌 정보 객체에 추가
    쌍 51: 'Object6' 와 'Object7'
      narrowPhase 실행...
>> checkGJKCollision 시작: Object6 vs Object7
  볼록 껍질 개수: Object6=128, Object7=128
      충돌 감지됨! 충돌 정보 설정 중...
  checkGJKCollision 완료: 충돌 감지
      충돌 결과: 충돌함
      충돌 정보 객체에 추가
    쌍 52: 'Object6' 와 'Object8'
      narrowPhase 실행...
>> checkGJKCollision 시작: Object6 vs Object8
  볼록 껍질 개수: Object6=128, Object8=128
      충돌 감지됨! 충돌 정보 설정 중...
  checkGJKCollision 완료: 충돌 감지
      충돌 결과: 충돌함
      충돌 정보 객체에 추가
    쌍 53: 'Object6' 와 'Object9'
      narrowPhase 실행...
>> checkGJKCollision 시작: Object6 vs Object9
  볼록 껍질 개수: Object6=128, Object9=128
      충돌 감지됨! 충돌 정보 설정 중...
  checkGJKCollision 완료: 충돌 감지
      충돌 결과: 충돌함
      충돌 정보 객체에 추가
    쌍 54: 'Object6' 와 'Object10'
      narrowPhase 실행...
>> checkGJKCollision 시작: Object6 vs Object10
  볼록 껍질 개수: Object6=128, Object10=128
      충돌 감지됨! 충돌 정보 설정 중...
  checkGJKCollision 완료: 충돌 감지
      충돌 결과: 충돌함
      충돌 정보 객체에 추가
    쌍 55: 'Object6' 와 'Object11'
      narrowPhase 실행...
>> checkGJKCollision 시작: Object6 vs Object11
  볼록 껍질 개수: Object6=128, Object11=128
      충돌 감지됨! 충돌 정보 설정 중...
  checkGJKCollision 완료: 충돌 감지
      충돌 결과: 충돌함
      충돌 정보 객체에 추가
    쌍 56: 'Object6' 와 'Object12'
      narrowPhase 실행...
>> checkGJKCollision 시작: Object6 vs Object12
  볼록 껍질 개수: Object6=128, Object12=128
      충돌 감지됨! 충돌 정보 설정 중...
  checkGJKCollision 완료: 충돌 감지
      충돌 결과: 충돌함
      충돌 정보 객체에 추가
    쌍 57: 'Object6' 와 'Object14'
      narrowPhase 실행...
>> checkGJKCollision 시작: Object6 vs Object14
  볼록 껍질 개수: Object6=128, Object14=128
      충돌 감지됨! 충돌 정보 설정 중...
  checkGJKCollision 완료: 충돌 감지
      충돌 결과: 충돌함
      충돌 정보 객체에 추가
    쌍 58: 'Object6' 와 'Object15'
      narrowPhase 실행...
>> checkGJKCollision 시작: Object6 vs Object15
  볼록 껍질 개수: Object6=128, Object15=128
      충돌 감지됨! 충돌 정보 설정 중...
  checkGJKCollision 완료: 충돌 감지
      충돌 결과: 충돌함
      충돌 정보 객체에 추가
    쌍 59: 'Object6' 와 'Object17'
      narrowPhase 실행...
>> checkGJKCollision 시작: Object6 vs Object17
  볼록 껍질 개수: Object6=128, Object17=128
      충돌 감지됨! 충돌 정보 설정 중...
  checkGJKCollision 완료: 충돌 감지
      충돌 결과: 충돌함
      충돌 정보 객체에 추가
    쌍 60: 'Object6' 와 'Object20'
      narrowPhase 실행...
>> checkGJKCollision 시작: Object6 vs Object20
  볼록 껍질 개수: Object6=128, Object20=128
      충돌 감지됨! 충돌 정보 설정 중...
  checkGJKCollision 완료: 충돌 감지
      충돌 결과: 충돌함
      충돌 정보 객체에 추가
    쌍 61: 'Object7' 와 'Object8'
      narrowPhase 실행...
>> checkGJKCollision 시작: Object7 vs Object8
  볼록 껍질 개수: Object7=128, Object8=128
      충돌 감지됨! 충돌 정보 설정 중...
  checkGJKCollision 완료: 충돌 감지
      충돌 결과: 충돌함
      충돌 정보 객체에 추가
    쌍 62: 'Object7' 와 'Object9'
      narrowPhase 실행...
>> checkGJKCollision 시작: Object7 vs Object9
  볼록 껍질 개수: Object7=128, Object9=128
      충돌 감지됨! 충돌 정보 설정 중...
  checkGJKCollision 완료: 충돌 감지
      충돌 결과: 충돌함
      충돌 정보 객체에 추가
    쌍 63: 'Object7' 와 'Object10'
      narrowPhase 실행...
>> checkGJKCollision 시작: Object7 vs Object10
  볼록 껍질 개수: Object7=128, Object10=128
      충돌 감지됨! 충돌 정보 설정 중...
  checkGJKCollision 완료: 충돌 감지
      충돌 결과: 충돌함
      충돌 정보 객체에 추가
    쌍 64: 'Object7' 와 'Object11'
      narrowPhase 실행...
>> checkGJKCollision 시작: Object7 vs Object11
  볼록 껍질 개수: Object7=128, Object11=128
      충돌 감지됨! 충돌 정보 설정 중...
  checkGJKCollision 완료: 충돌 감지
      충돌 결과: 충돌함
      충돌 정보 객체에 추가
    쌍 65: 'Object7' 와 'Object12'
      narrowPhase 실행...
>> checkGJKCollision 시작: Object7 vs Object12
  볼록 껍질 개수: Object7=128, Object12=128
      충돌 감지됨! 충돌 정보 설정 중...
  checkGJKCollision 완료: 충돌 감지
      충돌 결과: 충돌함
      충돌 정보 객체에 추가
    쌍 66: 'Object7' 와 'Object14'
      narrowPhase 실행...
>> checkGJKCollision 시작: Object7 vs Object14
  볼록 껍질 개수: Object7=128, Object14=128
      충돌 감지됨! 충돌 정보 설정 중...
  checkGJKCollision 완료: 충돌 감지
      충돌 결과: 충돌함
      충돌 정보 객체에 추가
    쌍 67: 'Object7' 와 'Object15'
      narrowPhase 실행...
>> checkGJKCollision 시작: Object7 vs Object15
  볼록 껍질 개수: Object7=128, Object15=128
      충돌 감지됨! 충돌 정보 설정 중...
  checkGJKCollision 완료: 충돌 감지
      충돌 결과: 충돌함
      충돌 정보 객체에 추가
    쌍 68: 'Object7' 와 'Object17'
      narrowPhase 실행...
>> checkGJKCollision 시작: Object7 vs Object17
  볼록 껍질 개수: Object7=128, Object17=128
      충돌 감지됨! 충돌 정보 설정 중...
  checkGJKCollision 완료: 충돌 감지
      충돌 결과: 충돌함
      충돌 정보 객체에 추가
    쌍 69: 'Object7' 와 'Object20'
      narrowPhase 실행...
>> checkGJKCollision 시작: Object7 vs Object20
  볼록 껍질 개수: Object7=128, Object20=128
      충돌 감지됨! 충돌 정보 설정 중...
  checkGJKCollision 완료: 충돌 감지
      충돌 결과: 충돌함
      충돌 정보 객체에 추가
    쌍 70: 'Object8' 와 'Object9'
      narrowPhase 실행...
>> checkGJKCollision 시작: Object8 vs Object9
  볼록 껍질 개수: Object8=128, Object9=128
      충돌 감지됨! 충돌 정보 설정 중...
  checkGJKCollision 완료: 충돌 감지
      충돌 결과: 충돌함
      충돌 정보 객체에 추가
    쌍 71: 'Object8' 와 'Object10'
      narrowPhase 실행...
>> checkGJKCollision 시작: Object8 vs Object10
  볼록 껍질 개수: Object8=128, Object10=128
      충돌 감지됨! 충돌 정보 설정 중...
  checkGJKCollision 완료: 충돌 감지
      충돌 결과: 충돌함
      충돌 정보 객체에 추가
    쌍 72: 'Object8' 와 'Object11'
      narrowPhase 실행...
>> checkGJKCollision 시작: Object8 vs Object11
  볼록 껍질 개수: Object8=128, Object11=128
      충돌 감지됨! 충돌 정보 설정 중...
  checkGJKCollision 완료: 충돌 감지
      충돌 결과: 충돌함
      충돌 정보 객체에 추가
    쌍 73: 'Object8' 와 'Object12'
      narrowPhase 실행...
>> checkGJKCollision 시작: Object8 vs Object12
  볼록 껍질 개수: Object8=128, Object12=128
      충돌 감지됨! 충돌 정보 설정 중...
  checkGJKCollision 완료: 충돌 감지
      충돌 결과: 충돌함
      충돌 정보 객체에 추가
    쌍 74: 'Object8' 와 'Object14'
      narrowPhase 실행...
>> checkGJKCollision 시작: Object8 vs Object14
  볼록 껍질 개수: Object8=128, Object14=128
      충돌 감지됨! 충돌 정보 설정 중...
  checkGJKCollision 완료: 충돌 감지
      충돌 결과: 충돌함
      충돌 정보 객체에 추가
    쌍 75: 'Object8' 와 'Object15'
      narrowPhase 실행...
>> checkGJKCollision 시작: Object8 vs Object15
  볼록 껍질 개수: Object8=128, Object15=128
      충돌 감지됨! 충돌 정보 설정 중...
  checkGJKCollision 완료: 충돌 감지
      충돌 결과: 충돌함
      충돌 정보 객체에 추가
    쌍 76: 'Object8' 와 'Object17'
      narrowPhase 실행...
>> checkGJKCollision 시작: Object8 vs Object17
  볼록 껍질 개수: Object8=128, Object17=128
      충돌 감지됨! 충돌 정보 설정 중...
  checkGJKCollision 완료: 충돌 감지
      충돌 결과: 충돌함
      충돌 정보 객체에 추가
    쌍 77: 'Object8' 와 'Object20'
      narrowPhase 실행...
>> checkGJKCollision 시작: Object8 vs Object20
  볼록 껍질 개수: Object8=128, Object20=128
      충돌 감지됨! 충돌 정보 설정 중...
  checkGJKCollision 완료: 충돌 감지
      충돌 결과: 충돌함
      충돌 정보 객체에 추가
    쌍 78: 'Object9' 와 'Object10'
      narrowPhase 실행...
>> checkGJKCollision 시작: Object9 vs Object10
  볼록 껍질 개수: Object9=128, Object10=128
      충돌 감지됨! 충돌 정보 설정 중...
  checkGJKCollision 완료: 충돌 감지
      충돌 결과: 충돌함
      충돌 정보 객체에 추가
    쌍 79: 'Object9' 와 'Object11'
      narrowPhase 실행...
>> checkGJKCollision 시작: Object9 vs Object11
  볼록 껍질 개수: Object9=128, Object11=128
      충돌 감지됨! 충돌 정보 설정 중...
  checkGJKCollision 완료: 충돌 감지
      충돌 결과: 충돌함
      충돌 정보 객체에 추가
    쌍 80: 'Object9' 와 'Object12'
      narrowPhase 실행...
>> checkGJKCollision 시작: Object9 vs Object12
  볼록 껍질 개수: Object9=128, Object12=128
      충돌 감지됨! 충돌 정보 설정 중...
  checkGJKCollision 완료: 충돌 감지
      충돌 결과: 충돌함
      충돌 정보 객체에 추가
    쌍 81: 'Object9' 와 'Object14'
      narrowPhase 실행...
>> checkGJKCollision 시작: Object9 vs Object14
  볼록 껍질 개수: Object9=128, Object14=128
      충돌 감지됨! 충돌 정보 설정 중...
  checkGJKCollision 완료: 충돌 감지
      충돌 결과: 충돌함
      충돌 정보 객체에 추가
    쌍 82: 'Object9' 와 'Object15'
      narrowPhase 실행...
>> checkGJKCollision 시작: Object9 vs Object15
  볼록 껍질 개수: Object9=128, Object15=128
      충돌 감지됨! 충돌 정보 설정 중...
  checkGJKCollision 완료: 충돌 감지
      충돌 결과: 충돌함
      충돌 정보 객체에 추가
    쌍 83: 'Object9' 와 'Object17'
      narrowPhase 실행...
>> checkGJKCollision 시작: Object9 vs Object17
  볼록 껍질 개수: Object9=128, Object17=128
      충돌 감지됨! 충돌 정보 설정 중...
  checkGJKCollision 완료: 충돌 감지
      충돌 결과: 충돌함
      충돌 정보 객체에 추가
    쌍 84: 'Object9' 와 'Object20'
      narrowPhase 실행...
>> checkGJKCollision 시작: Object9 vs Object20
  볼록 껍질 개수: Object9=128, Object20=128
      충돌 감지됨! 충돌 정보 설정 중...
  checkGJKCollision 완료: 충돌 감지
      충돌 결과: 충돌함
      충돌 정보 객체에 추가
    쌍 85: 'Object10' 와 'Object11'
      narrowPhase 실행...
>> checkGJKCollision 시작: Object10 vs Object11
  볼록 껍질 개수: Object10=128, Object11=128
      충돌 감지됨! 충돌 정보 설정 중...
  checkGJKCollision 완료: 충돌 감지
      충돌 결과: 충돌함
      충돌 정보 객체에 추가
    쌍 86: 'Object10' 와 'Object12'
      narrowPhase 실행...
>> checkGJKCollision 시작: Object10 vs Object12
  볼록 껍질 개수: Object10=128, Object12=128
      충돌 감지됨! 충돌 정보 설정 중...
  checkGJKCollision 완료: 충돌 감지
      충돌 결과: 충돌함
      충돌 정보 객체에 추가
    쌍 87: 'Object10' 와 'Object14'
      narrowPhase 실행...
>> checkGJKCollision 시작: Object10 vs Object14
  볼록 껍질 개수: Object10=128, Object14=128
      충돌 감지됨! 충돌 정보 설정 중...
  checkGJKCollision 완료: 충돌 감지
      충돌 결과: 충돌함
      충돌 정보 객체에 추가
    쌍 88: 'Object10' 와 'Object15'
      narrowPhase 실행...
>> checkGJKCollision 시작: Object10 vs Object15
  볼록 껍질 개수: Object10=128, Object15=128
      충돌 감지됨! 충돌 정보 설정 중...
  checkGJKCollision 완료: 충돌 감지
      충돌 결과: 충돌함
      충돌 정보 객체에 추가
    쌍 89: 'Object10' 와 'Object17'
      narrowPhase 실행...
>> checkGJKCollision 시작: Object10 vs Object17
  볼록 껍질 개수: Object10=128, Object17=128
      충돌 감지됨! 충돌 정보 설정 중...
  checkGJKCollision 완료: 충돌 감지
      충돌 결과: 충돌함
      충돌 정보 객체에 추가
    쌍 90: 'Object10' 와 'Object20'
      narrowPhase 실행...
>> checkGJKCollision 시작: Object10 vs Object20
  볼록 껍질 개수: Object10=128, Object20=128
      충돌 감지됨! 충돌 정보 설정 중...
  checkGJKCollision 완료: 충돌 감지
      충돌 결과: 충돌함
      충돌 정보 객체에 추가
    쌍 91: 'Object11' 와 'Object12'
      narrowPhase 실행...
>> checkGJKCollision 시작: Object11 vs Object12
  볼록 껍질 개수: Object11=128, Object12=128
      충돌 감지됨! 충돌 정보 설정 중...
  checkGJKCollision 완료: 충돌 감지
      충돌 결과: 충돌함
      충돌 정보 객체에 추가
    쌍 92: 'Object11' 와 'Object14'
      narrowPhase 실행...
>> checkGJKCollision 시작: Object11 vs Object14
  볼록 껍질 개수: Object11=128, Object14=128
      충돌 감지됨! 충돌 정보 설정 중...
  checkGJKCollision 완료: 충돌 감지
      충돌 결과: 충돌함
      충돌 정보 객체에 추가
    쌍 93: 'Object11' 와 'Object15'
      narrowPhase 실행...
>> checkGJKCollision 시작: Object11 vs Object15
  볼록 껍질 개수: Object11=128, Object15=128
      충돌 감지됨! 충돌 정보 설정 중...
  checkGJKCollision 완료: 충돌 감지
      충돌 결과: 충돌함
      충돌 정보 객체에 추가
    쌍 94: 'Object11' 와 'Object17'
      narrowPhase 실행...
>> checkGJKCollision 시작: Object11 vs Object17
  볼록 껍질 개수: Object11=128, Object17=128
      충돌 감지됨! 충돌 정보 설정 중...
  checkGJKCollision 완료: 충돌 감지
      충돌 결과: 충돌함
      충돌 정보 객체에 추가
    쌍 95: 'Object11' 와 'Object20'
      narrowPhase 실행...
>> checkGJKCollision 시작: Object11 vs Object20
  볼록 껍질 개수: Object11=128, Object20=128
      충돌 감지됨! 충돌 정보 설정 중...
  checkGJKCollision 완료: 충돌 감지
      충돌 결과: 충돌함
      충돌 정보 객체에 추가
    쌍 96: 'Object12' 와 'Object14'
      narrowPhase 실행...
>> checkGJKCollision 시작: Object12 vs Object14
  볼록 껍질 개수: Object12=128, Object14=128
      충돌 감지됨! 충돌 정보 설정 중...
  checkGJKCollision 완료: 충돌 감지
      충돌 결과: 충돌함
      충돌 정보 객체에 추가
    쌍 97: 'Object12' 와 'Object15'
      narrowPhase 실행...
>> checkGJKCollision 시작: Object12 vs Object15
  볼록 껍질 개수: Object12=128, Object15=128
      충돌 감지됨! 충돌 정보 설정 중...
  checkGJKCollision 완료: 충돌 감지
      충돌 결과: 충돌함
      충돌 정보 객체에 추가
    쌍 98: 'Object12' 와 'Object17'
      narrowPhase 실행...
>> checkGJKCollision 시작: Object12 vs Object17
  볼록 껍질 개수: Object12=128, Object17=128
      충돌 감지됨! 충돌 정보 설정 중...
  checkGJKCollision 완료: 충돌 감지
      충돌 결과: 충돌함
      충돌 정보 객체에 추가
    쌍 99: 'Object12' 와 'Object20'
      narrowPhase 실행...
>> checkGJKCollision 시작: Object12 vs Object20
  볼록 껍질 개수: Object12=128, Object20=128
      충돌 감지됨! 충돌 정보 설정 중...
  checkGJKCollision 완료: 충돌 감지
      충돌 결과: 충돌함
      충돌 정보 객체에 추가
    쌍 100: 'Object14' 와 'Object15'
      narrowPhase 실행...
>> checkGJKCollision 시작: Object14 vs Object15
  볼록 껍질 개수: Object14=128, Object15=128
      충돌 감지됨! 충돌 정보 설정 중...
  checkGJKCollision 완료: 충돌 감지
      충돌 결과: 충돌함
      충돌 정보 객체에 추가
    쌍 101: 'Object14' 와 'Object17'
      narrowPhase 실행...
>> checkGJKCollision 시작: Object14 vs Object17
  볼록 껍질 개수: Object14=128, Object17=128
      충돌 감지됨! 충돌 정보 설정 중...
  checkGJKCollision 완료: 충돌 감지
      충돌 결과: 충돌함
      충돌 정보 객체에 추가
    쌍 102: 'Object14' 와 'Object20'
      narrowPhase 실행...
>> checkGJKCollision 시작: Object14 vs Object20
  볼록 껍질 개수: Object14=128, Object20=128
      충돌 감지됨! 충돌 정보 설정 중...
  checkGJKCollision 완료: 충돌 감지
      충돌 결과: 충돌함
      충돌 정보 객체에 추가
    쌍 103: 'Object15' 와 'Object17'
      narrowPhase 실행...
>> checkGJKCollision 시작: Object15 vs Object17
  볼록 껍질 개수: Object15=128, Object17=128
      충돌 감지됨! 충돌 정보 설정 중...
  checkGJKCollision 완료: 충돌 감지
      충돌 결과: 충돌함
      충돌 정보 객체에 추가
    쌍 104: 'Object15' 와 'Object20'
      narrowPhase 실행...
>> checkGJKCollision 시작: Object15 vs Object20
  볼록 껍질 개수: Object15=128, Object20=128
      충돌 감지됨! 충돌 정보 설정 중...
  checkGJKCollision 완료: 충돌 감지
      충돌 결과: 충돌함
      충돌 정보 객체에 추가
    쌍 105: 'Object17' 와 'Object20'
      narrowPhase 실행...
>> checkGJKCollision 시작: Object17 vs Object20
  볼록 껍질 개수: Object17=128, Object20=128
      충돌 감지됨! 충돌 정보 설정 중...
  checkGJKCollision 완료: 충돌 감지
      충돌 결과: 충돌함
      충돌 정보 객체에 추가
  이전 충돌 상태 정리 중...
  충돌 상태 맵 업데이트
CollisionManager::update() - 완료

--- Frame 93 ---
Object0 position: (-5.600255, 5.973588, -7.466976)
Updating objects...
Object1 position: (-0.004688, 0.020316, 0.001563)
Updating objects...
Object2 position: (-0.061109, 0.052379, 0.013095)
Updating objects...
Object3 position: (-0.025858, 0.060335, -0.120669)
Updating objects...
Object4 position: (-0.013095, -0.061109, -0.052379)
Updating objects...
Object5 position: (-0.061493, 0.184480, 0.030747)
Updating objects...
Object6 position: (-0.649684, -0.267517, 0.229300)
Updating objects...
Object7 position: (0.149378, 0.000000, -0.014938)
Updating objects...
Object8 position: (0.000000, -0.119989, 0.031997)
Updating objects...
Object9 position: (0.016530, -0.024795, -0.033060)
Updating objects...
Object10 position: (-0.028439, 0.113754, 0.056877)
Updating objects...
Object11 position: (-0.013698, 0.000000, 0.116431)
Updating objects...
Object12 position: (1.891370, 0.778800, 1.112571)
Updating objects...
Object13 position: (-0.010051, -0.150761, -0.040203)
Updating objects...
Object14 position: (0.089854, 0.025673, 0.051345)
Updating objects...
Object15 position: (6.475690, -5.036649, 6.475690)
Updating objects...
Object16 position: (-0.028946, -0.159202, -0.101310)
Updating objects...
Object17 position: (-2.289050, 0.269300, 1.750448)
Updating objects...
Object18 position: (1.682797, -6.394623, 6.731188)
Updating objects...
Object19 position: (-0.000005, -0.000002, 0.000005)
Updating objects...
Running collision detection...
CollisionManager::update() - 시작 (프레임 93)
  객체 목록 크기: 20
  각 객체의 AABB 업데이트 중...
    객체 'Object1' 업데이트
    객체 'Object2' 업데이트
    객체 'Object3' 업데이트
    객체 'Object4' 업데이트
    객체 'Object5' 업데이트
    객체 'Object6' 업데이트
    객체 'Object7' 업데이트
    객체 'Object8' 업데이트
    객체 'Object9' 업데이트
    객체 'Object10' 업데이트
    객체 'Object11' 업데이트
    객체 'Object12' 업데이트
    객체 'Object13' 업데이트
    객체 'Object14' 업데이트
    객체 'Object15' 업데이트
    객체 'Object16' 업데이트
    객체 'Object17' 업데이트
    객체 'Object18' 업데이트
    객체 'Object19' 업데이트
    객체 'Object20' 업데이트
  대략적 충돌 감지(Broad Phase) 중...
    잠재적 충돌 쌍: 105개
  정밀 충돌 감지(Narrow Phase) 시작...
    쌍 1: 'Object2' 와 'Object3'
      narrowPhase 실행...
>> checkGJKCollision 시작: Object2 vs Object3
  볼록 껍질 개수: Object2=128, Object3=128
      충돌 감지됨! 충돌 정보 설정 중...
  checkGJKCollision 완료: 충돌 감지
      충돌 결과: 충돌함
      충돌 정보 객체에 추가
    쌍 2: 'Object2' 와 'Object4'
      narrowPhase 실행...
>> checkGJKCollision 시작: Object2 vs Object4
  볼록 껍질 개수: Object2=128, Object4=128
      충돌 감지됨! 충돌 정보 설정 중...
  checkGJKCollision 완료: 충돌 감지
      충돌 결과: 충돌함
      충돌 정보 객체에 추가
    쌍 3: 'Object2' 와 'Object5'
      narrowPhase 실행...
>> checkGJKCollision 시작: Object2 vs Object5
  볼록 껍질 개수: Object2=128, Object5=128
      충돌 감지됨! 충돌 정보 설정 중...
  checkGJKCollision 완료: 충돌 감지
      충돌 결과: 충돌함
      충돌 정보 객체에 추가
    쌍 4: 'Object2' 와 'Object6'
      narrowPhase 실행...
>> checkGJKCollision 시작: Object2 vs Object6
  볼록 껍질 개수: Object2=128, Object6=128
      충돌 감지됨! 충돌 정보 설정 중...
  checkGJKCollision 완료: 충돌 감지
      충돌 결과: 충돌함
      충돌 정보 객체에 추가
    쌍 5: 'Object2' 와 'Object7'
      narrowPhase 실행...
>> checkGJKCollision 시작: Object2 vs Object7
  볼록 껍질 개수: Object2=128, Object7=128
      충돌 감지됨! 충돌 정보 설정 중...
  checkGJKCollision 완료: 충돌 감지
      충돌 결과: 충돌함
      충돌 정보 객체에 추가
    쌍 6: 'Object2' 와 'Object8'
      narrowPhase 실행...
>> checkGJKCollision 시작: Object2 vs Object8
  볼록 껍질 개수: Object2=128, Object8=128
      충돌 감지됨! 충돌 정보 설정 중...
  checkGJKCollision 완료: 충돌 감지
      충돌 결과: 충돌함
      충돌 정보 객체에 추가
    쌍 7: 'Object2' 와 'Object9'
      narrowPhase 실행...
>> checkGJKCollision 시작: Object2 vs Object9
  볼록 껍질 개수: Object2=128, Object9=128
      충돌 감지됨! 충돌 정보 설정 중...
  checkGJKCollision 완료: 충돌 감지
      충돌 결과: 충돌함
      충돌 정보 객체에 추가
    쌍 8: 'Object2' 와 'Object10'
      narrowPhase 실행...
>> checkGJKCollision 시작: Object2 vs Object10
  볼록 껍질 개수: Object2=128, Object10=128
      충돌 감지됨! 충돌 정보 설정 중...
  checkGJKCollision 완료: 충돌 감지
      충돌 결과: 충돌함
      충돌 정보 객체에 추가
    쌍 9: 'Object2' 와 'Object11'
      narrowPhase 실행...
>> checkGJKCollision 시작: Object2 vs Object11
  볼록 껍질 개수: Object2=128, Object11=128
      충돌 감지됨! 충돌 정보 설정 중...
  checkGJKCollision 완료: 충돌 감지
      충돌 결과: 충돌함
      충돌 정보 객체에 추가
    쌍 10: 'Object2' 와 'Object12'
      narrowPhase 실행...
>> checkGJKCollision 시작: Object2 vs Object12
  볼록 껍질 개수: Object2=128, Object12=128
      충돌 감지됨! 충돌 정보 설정 중...
  checkGJKCollision 완료: 충돌 감지
      충돌 결과: 충돌함
      충돌 정보 객체에 추가
    쌍 11: 'Object2' 와 'Object14'
      narrowPhase 실행...
>> checkGJKCollision 시작: Object2 vs Object14
  볼록 껍질 개수: Object2=128, Object14=128
      충돌 감지됨! 충돌 정보 설정 중...
  checkGJKCollision 완료: 충돌 감지
      충돌 결과: 충돌함
      충돌 정보 객체에 추가
    쌍 12: 'Object2' 와 'Object15'
      narrowPhase 실행...
>> checkGJKCollision 시작: Object2 vs Object15
  볼록 껍질 개수: Object2=128, Object15=128
      충돌 감지됨! 충돌 정보 설정 중...
  checkGJKCollision 완료: 충돌 감지
      충돌 결과: 충돌함
      충돌 정보 객체에 추가
    쌍 13: 'Object2' 와 'Object17'
      narrowPhase 실행...
>> checkGJKCollision 시작: Object2 vs Object17
  볼록 껍질 개수: Object2=128, Object17=128
      충돌 감지됨! 충돌 정보 설정 중...
  checkGJKCollision 완료: 충돌 감지
      충돌 결과: 충돌함
      충돌 정보 객체에 추가
    쌍 14: 'Object2' 와 'Object20'
      narrowPhase 실행...
>> checkGJKCollision 시작: Object2 vs Object20
  볼록 껍질 개수: Object2=128, Object20=128
      충돌 감지됨! 충돌 정보 설정 중...
  checkGJKCollision 완료: 충돌 감지
      충돌 결과: 충돌함
      충돌 정보 객체에 추가
    쌍 15: 'Object3' 와 'Object4'
      narrowPhase 실행...
>> checkGJKCollision 시작: Object3 vs Object4
  볼록 껍질 개수: Object3=128, Object4=128
      충돌 감지됨! 충돌 정보 설정 중...
  checkGJKCollision 완료: 충돌 감지
      충돌 결과: 충돌함
      충돌 정보 객체에 추가
    쌍 16: 'Object3' 와 'Object5'
      narrowPhase 실행...
>> checkGJKCollision 시작: Object3 vs Object5
  볼록 껍질 개수: Object3=128, Object5=128
      충돌 감지됨! 충돌 정보 설정 중...
  checkGJKCollision 완료: 충돌 감지
      충돌 결과: 충돌함
      충돌 정보 객체에 추가
    쌍 17: 'Object3' 와 'Object6'
      narrowPhase 실행...
>> checkGJKCollision 시작: Object3 vs Object6
  볼록 껍질 개수: Object3=128, Object6=128
      충돌 감지됨! 충돌 정보 설정 중...
  checkGJKCollision 완료: 충돌 감지
      충돌 결과: 충돌함
      충돌 정보 객체에 추가
    쌍 18: 'Object3' 와 'Object7'
      narrowPhase 실행...
>> checkGJKCollision 시작: Object3 vs Object7
  볼록 껍질 개수: Object3=128, Object7=128
      충돌 감지됨! 충돌 정보 설정 중...
  checkGJKCollision 완료: 충돌 감지
      충돌 결과: 충돌함
      충돌 정보 객체에 추가
    쌍 19: 'Object3' 와 'Object8'
      narrowPhase 실행...
>> checkGJKCollision 시작: Object3 vs Object8
  볼록 껍질 개수: Object3=128, Object8=128
      충돌 감지됨! 충돌 정보 설정 중...
  checkGJKCollision 완료: 충돌 감지
      충돌 결과: 충돌함
      충돌 정보 객체에 추가
    쌍 20: 'Object3' 와 'Object9'
      narrowPhase 실행...
>> checkGJKCollision 시작: Object3 vs Object9
  볼록 껍질 개수: Object3=128, Object9=128
      충돌 감지됨! 충돌 정보 설정 중...
  checkGJKCollision 완료: 충돌 감지
      충돌 결과: 충돌함
      충돌 정보 객체에 추가
    쌍 21: 'Object3' 와 'Object10'
      narrowPhase 실행...
>> checkGJKCollision 시작: Object3 vs Object10
  볼록 껍질 개수: Object3=128, Object10=128
      충돌 감지됨! 충돌 정보 설정 중...
  checkGJKCollision 완료: 충돌 감지
      충돌 결과: 충돌함
      충돌 정보 객체에 추가
    쌍 22: 'Object3' 와 'Object11'
      narrowPhase 실행...
>> checkGJKCollision 시작: Object3 vs Object11
  볼록 껍질 개수: Object3=128, Object11=128
      충돌 감지됨! 충돌 정보 설정 중...
  checkGJKCollision 완료: 충돌 감지
      충돌 결과: 충돌함
      충돌 정보 객체에 추가
    쌍 23: 'Object3' 와 'Object12'
      narrowPhase 실행...
>> checkGJKCollision 시작: Object3 vs Object12
  볼록 껍질 개수: Object3=128, Object12=128
      충돌 감지됨! 충돌 정보 설정 중...
  checkGJKCollision 완료: 충돌 감지
      충돌 결과: 충돌함
      충돌 정보 객체에 추가
    쌍 24: 'Object3' 와 'Object14'
      narrowPhase 실행...
>> checkGJKCollision 시작: Object3 vs Object14
  볼록 껍질 개수: Object3=128, Object14=128
      충돌 감지됨! 충돌 정보 설정 중...
  checkGJKCollision 완료: 충돌 감지
      충돌 결과: 충돌함
      충돌 정보 객체에 추가
    쌍 25: 'Object3' 와 'Object15'
      narrowPhase 실행...
>> checkGJKCollision 시작: Object3 vs Object15
  볼록 껍질 개수: Object3=128, Object15=128
      충돌 감지됨! 충돌 정보 설정 중...
  checkGJKCollision 완료: 충돌 감지
      충돌 결과: 충돌함
      충돌 정보 객체에 추가
    쌍 26: 'Object3' 와 'Object17'
      narrowPhase 실행...
>> checkGJKCollision 시작: Object3 vs Object17
  볼록 껍질 개수: Object3=128, Object17=128
      충돌 감지됨! 충돌 정보 설정 중...
  checkGJKCollision 완료: 충돌 감지
      충돌 결과: 충돌함
      충돌 정보 객체에 추가
    쌍 27: 'Object3' 와 'Object20'
      narrowPhase 실행...
>> checkGJKCollision 시작: Object3 vs Object20
  볼록 껍질 개수: Object3=128, Object20=128
      충돌 감지됨! 충돌 정보 설정 중...
  checkGJKCollision 완료: 충돌 감지
      충돌 결과: 충돌함
      충돌 정보 객체에 추가
    쌍 28: 'Object4' 와 'Object5'
      narrowPhase 실행...
>> checkGJKCollision 시작: Object4 vs Object5
  볼록 껍질 개수: Object4=128, Object5=128
      충돌 감지됨! 충돌 정보 설정 중...
  checkGJKCollision 완료: 충돌 감지
      충돌 결과: 충돌함
      충돌 정보 객체에 추가
    쌍 29: 'Object4' 와 'Object6'
      narrowPhase 실행...
>> checkGJKCollision 시작: Object4 vs Object6
  볼록 껍질 개수: Object4=128, Object6=128
      충돌 감지됨! 충돌 정보 설정 중...
  checkGJKCollision 완료: 충돌 감지
      충돌 결과: 충돌함
      충돌 정보 객체에 추가
    쌍 30: 'Object4' 와 'Object7'
      narrowPhase 실행...
>> checkGJKCollision 시작: Object4 vs Object7
  볼록 껍질 개수: Object4=128, Object7=128
      충돌 감지됨! 충돌 정보 설정 중...
  checkGJKCollision 완료: 충돌 감지
      충돌 결과: 충돌함
      충돌 정보 객체에 추가
    쌍 31: 'Object4' 와 'Object8'
      narrowPhase 실행...
>> checkGJKCollision 시작: Object4 vs Object8
  볼록 껍질 개수: Object4=128, Object8=128
      충돌 감지됨! 충돌 정보 설정 중...
  checkGJKCollision 완료: 충돌 감지
      충돌 결과: 충돌함
      충돌 정보 객체에 추가
    쌍 32: 'Object4' 와 'Object9'
      narrowPhase 실행...
>> checkGJKCollision 시작: Object4 vs Object9
  볼록 껍질 개수: Object4=128, Object9=128
      충돌 감지됨! 충돌 정보 설정 중...
  checkGJKCollision 완료: 충돌 감지
      충돌 결과: 충돌함
      충돌 정보 객체에 추가
    쌍 33: 'Object4' 와 'Object10'
      narrowPhase 실행...
>> checkGJKCollision 시작: Object4 vs Object10
  볼록 껍질 개수: Object4=128, Object10=128
      충돌 감지됨! 충돌 정보 설정 중...
  checkGJKCollision 완료: 충돌 감지
      충돌 결과: 충돌함
      충돌 정보 객체에 추가
    쌍 34: 'Object4' 와 'Object11'
      narrowPhase 실행...
>> checkGJKCollision 시작: Object4 vs Object11
  볼록 껍질 개수: Object4=128, Object11=128
      충돌 감지됨! 충돌 정보 설정 중...
  checkGJKCollision 완료: 충돌 감지
      충돌 결과: 충돌함
      충돌 정보 객체에 추가
    쌍 35: 'Object4' 와 'Object12'
      narrowPhase 실행...
>> checkGJKCollision 시작: Object4 vs Object12
  볼록 껍질 개수: Object4=128, Object12=128
      충돌 감지됨! 충돌 정보 설정 중...
  checkGJKCollision 완료: 충돌 감지
      충돌 결과: 충돌함
      충돌 정보 객체에 추가
    쌍 36: 'Object4' 와 'Object14'
      narrowPhase 실행...
>> checkGJKCollision 시작: Object4 vs Object14
  볼록 껍질 개수: Object4=128, Object14=128
      충돌 감지됨! 충돌 정보 설정 중...
  checkGJKCollision 완료: 충돌 감지
      충돌 결과: 충돌함
      충돌 정보 객체에 추가
    쌍 37: 'Object4' 와 'Object15'
      narrowPhase 실행...
>> checkGJKCollision 시작: Object4 vs Object15
  볼록 껍질 개수: Object4=128, Object15=128
      충돌 감지됨! 충돌 정보 설정 중...
  checkGJKCollision 완료: 충돌 감지
      충돌 결과: 충돌함
      충돌 정보 객체에 추가
    쌍 38: 'Object4' 와 'Object17'
      narrowPhase 실행...
>> checkGJKCollision 시작: Object4 vs Object17
  볼록 껍질 개수: Object4=128, Object17=128
      충돌 감지됨! 충돌 정보 설정 중...
  checkGJKCollision 완료: 충돌 감지
      충돌 결과: 충돌함
      충돌 정보 객체에 추가
    쌍 39: 'Object4' 와 'Object20'
      narrowPhase 실행...
>> checkGJKCollision 시작: Object4 vs Object20
  볼록 껍질 개수: Object4=128, Object20=128
      충돌 감지됨! 충돌 정보 설정 중...
  checkGJKCollision 완료: 충돌 감지
      충돌 결과: 충돌함
      충돌 정보 객체에 추가
    쌍 40: 'Object5' 와 'Object6'
      narrowPhase 실행...
>> checkGJKCollision 시작: Object5 vs Object6
  볼록 껍질 개수: Object5=128, Object6=128
      충돌 감지됨! 충돌 정보 설정 중...
  checkGJKCollision 완료: 충돌 감지
      충돌 결과: 충돌함
      충돌 정보 객체에 추가
    쌍 41: 'Object5' 와 'Object7'
      narrowPhase 실행...
>> checkGJKCollision 시작: Object5 vs Object7
  볼록 껍질 개수: Object5=128, Object7=128
      충돌 감지됨! 충돌 정보 설정 중...
  checkGJKCollision 완료: 충돌 감지
      충돌 결과: 충돌함
      충돌 정보 객체에 추가
    쌍 42: 'Object5' 와 'Object8'
      narrowPhase 실행...
>> checkGJKCollision 시작: Object5 vs Object8
  볼록 껍질 개수: Object5=128, Object8=128
      충돌 감지됨! 충돌 정보 설정 중...
  checkGJKCollision 완료: 충돌 감지
      충돌 결과: 충돌함
      충돌 정보 객체에 추가
    쌍 43: 'Object5' 와 'Object9'
      narrowPhase 실행...
>> checkGJKCollision 시작: Object5 vs Object9
  볼록 껍질 개수: Object5=128, Object9=128
      충돌 감지됨! 충돌 정보 설정 중...
  checkGJKCollision 완료: 충돌 감지
      충돌 결과: 충돌함
      충돌 정보 객체에 추가
    쌍 44: 'Object5' 와 'Object10'
      narrowPhase 실행...
>> checkGJKCollision 시작: Object5 vs Object10
  볼록 껍질 개수: Object5=128, Object10=128
      충돌 감지됨! 충돌 정보 설정 중...
  checkGJKCollision 완료: 충돌 감지
      충돌 결과: 충돌함
      충돌 정보 객체에 추가
    쌍 45: 'Object5' 와 'Object11'
      narrowPhase 실행...
>> checkGJKCollision 시작: Object5 vs Object11
  볼록 껍질 개수: Object5=128, Object11=128
      충돌 감지됨! 충돌 정보 설정 중...
  checkGJKCollision 완료: 충돌 감지
      충돌 결과: 충돌함
      충돌 정보 객체에 추가
    쌍 46: 'Object5' 와 'Object12'
      narrowPhase 실행...
>> checkGJKCollision 시작: Object5 vs Object12
  볼록 껍질 개수: Object5=128, Object12=128
      충돌 감지됨! 충돌 정보 설정 중...
  checkGJKCollision 완료: 충돌 감지
      충돌 결과: 충돌함
      충돌 정보 객체에 추가
    쌍 47: 'Object5' 와 'Object14'
      narrowPhase 실행...
>> checkGJKCollision 시작: Object5 vs Object14
  볼록 껍질 개수: Object5=128, Object14=128
      충돌 감지됨! 충돌 정보 설정 중...
  checkGJKCollision 완료: 충돌 감지
      충돌 결과: 충돌함
      충돌 정보 객체에 추가
    쌍 48: 'Object5' 와 'Object15'
      narrowPhase 실행...
>> checkGJKCollision 시작: Object5 vs Object15
  볼록 껍질 개수: Object5=128, Object15=128
      충돌 감지됨! 충돌 정보 설정 중...
  checkGJKCollision 완료: 충돌 감지
      충돌 결과: 충돌함
      충돌 정보 객체에 추가
    쌍 49: 'Object5' 와 'Object17'
      narrowPhase 실행...
>> checkGJKCollision 시작: Object5 vs Object17
  볼록 껍질 개수: Object5=128, Object17=128
      충돌 감지됨! 충돌 정보 설정 중...
  checkGJKCollision 완료: 충돌 감지
      충돌 결과: 충돌함
      충돌 정보 객체에 추가
    쌍 50: 'Object5' 와 'Object20'
      narrowPhase 실행...
>> checkGJKCollision 시작: Object5 vs Object20
  볼록 껍질 개수: Object5=128, Object20=128
      충돌 감지됨! 충돌 정보 설정 중...
  checkGJKCollision 완료: 충돌 감지
      충돌 결과: 충돌함
      충돌 정보 객체에 추가
    쌍 51: 'Object6' 와 'Object7'
      narrowPhase 실행...
>> checkGJKCollision 시작: Object6 vs Object7
  볼록 껍질 개수: Object6=128, Object7=128
      충돌 감지됨! 충돌 정보 설정 중...
  checkGJKCollision 완료: 충돌 감지
      충돌 결과: 충돌함
      충돌 정보 객체에 추가
    쌍 52: 'Object6' 와 'Object8'
      narrowPhase 실행...
>> checkGJKCollision 시작: Object6 vs Object8
  볼록 껍질 개수: Object6=128, Object8=128
      충돌 감지됨! 충돌 정보 설정 중...
  checkGJKCollision 완료: 충돌 감지
      충돌 결과: 충돌함
      충돌 정보 객체에 추가
    쌍 53: 'Object6' 와 'Object9'
      narrowPhase 실행...
>> checkGJKCollision 시작: Object6 vs Object9
  볼록 껍질 개수: Object6=128, Object9=128
      충돌 감지됨! 충돌 정보 설정 중...
  checkGJKCollision 완료: 충돌 감지
      충돌 결과: 충돌함
      충돌 정보 객체에 추가
    쌍 54: 'Object6' 와 'Object10'
      narrowPhase 실행...
>> checkGJKCollision 시작: Object6 vs Object10
  볼록 껍질 개수: Object6=128, Object10=128
      충돌 감지됨! 충돌 정보 설정 중...
  checkGJKCollision 완료: 충돌 감지
      충돌 결과: 충돌함
      충돌 정보 객체에 추가
    쌍 55: 'Object6' 와 'Object11'
      narrowPhase 실행...
>> checkGJKCollision 시작: Object6 vs Object11
  볼록 껍질 개수: Object6=128, Object11=128
      충돌 감지됨! 충돌 정보 설정 중...
  checkGJKCollision 완료: 충돌 감지
      충돌 결과: 충돌함
      충돌 정보 객체에 추가
    쌍 56: 'Object6' 와 'Object12'
      narrowPhase 실행...
>> checkGJKCollision 시작: Object6 vs Object12
  볼록 껍질 개수: Object6=128, Object12=128
      충돌 감지됨! 충돌 정보 설정 중...
  checkGJKCollision 완료: 충돌 감지
      충돌 결과: 충돌함
      충돌 정보 객체에 추가
    쌍 57: 'Object6' 와 'Object14'
      narrowPhase 실행...
>> checkGJKCollision 시작: Object6 vs Object14
  볼록 껍질 개수: Object6=128, Object14=128
      충돌 감지됨! 충돌 정보 설정 중...
  checkGJKCollision 완료: 충돌 감지
      충돌 결과: 충돌함
      충돌 정보 객체에 추가
    쌍 58: 'Object6' 와 'Object15'
      narrowPhase 실행...
>> checkGJKCollision 시작: Object6 vs Object15
  볼록 껍질 개수: Object6=128, Object15=128
      충돌 감지됨! 충돌 정보 설정 중...
  checkGJKCollision 완료: 충돌 감지
      충돌 결과: 충돌함
      충돌 정보 객체에 추가
    쌍 59: 'Object6' 와 'Object17'
      narrowPhase 실행...
>> checkGJKCollision 시작: Object6 vs Object17
  볼록 껍질 개수: Object6=128, Object17=128
      충돌 감지됨! 충돌 정보 설정 중...
  checkGJKCollision 완료: 충돌 감지
      충돌 결과: 충돌함
      충돌 정보 객체에 추가
    쌍 60: 'Object6' 와 'Object20'
      narrowPhase 실행...
>> checkGJKCollision 시작: Object6 vs Object20
  볼록 껍질 개수: Object6=128, Object20=128
      충돌 감지됨! 충돌 정보 설정 중...
  checkGJKCollision 완료: 충돌 감지
      충돌 결과: 충돌함
      충돌 정보 객체에 추가
    쌍 61: 'Object7' 와 'Object8'
      narrowPhase 실행...
>> checkGJKCollision 시작: Object7 vs Object8
  볼록 껍질 개수: Object7=128, Object8=128
      충돌 감지됨! 충돌 정보 설정 중...
  checkGJKCollision 완료: 충돌 감지
      충돌 결과: 충돌함
      충돌 정보 객체에 추가
    쌍 62: 'Object7' 와 'Object9'
      narrowPhase 실행...
>> checkGJKCollision 시작: Object7 vs Object9
  볼록 껍질 개수: Object7=128, Object9=128
      충돌 감지됨! 충돌 정보 설정 중...
  checkGJKCollision 완료: 충돌 감지
      충돌 결과: 충돌함
      충돌 정보 객체에 추가
    쌍 63: 'Object7' 와 'Object10'
      narrowPhase 실행...
>> checkGJKCollision 시작: Object7 vs Object10
  볼록 껍질 개수: Object7=128, Object10=128
      충돌 감지됨! 충돌 정보 설정 중...
  checkGJKCollision 완료: 충돌 감지
      충돌 결과: 충돌함
      충돌 정보 객체에 추가
    쌍 64: 'Object7' 와 'Object11'
      narrowPhase 실행...
>> checkGJKCollision 시작: Object7 vs Object11
  볼록 껍질 개수: Object7=128, Object11=128
      충돌 감지됨! 충돌 정보 설정 중...
  checkGJKCollision 완료: 충돌 감지
      충돌 결과: 충돌함
      충돌 정보 객체에 추가
    쌍 65: 'Object7' 와 'Object12'
      narrowPhase 실행...
>> checkGJKCollision 시작: Object7 vs Object12
  볼록 껍질 개수: Object7=128, Object12=128
      충돌 감지됨! 충돌 정보 설정 중...
  checkGJKCollision 완료: 충돌 감지
      충돌 결과: 충돌함
      충돌 정보 객체에 추가
    쌍 66: 'Object7' 와 'Object14'
      narrowPhase 실행...
>> checkGJKCollision 시작: Object7 vs Object14
  볼록 껍질 개수: Object7=128, Object14=128
      충돌 감지됨! 충돌 정보 설정 중...
  checkGJKCollision 완료: 충돌 감지
      충돌 결과: 충돌함
      충돌 정보 객체에 추가
    쌍 67: 'Object7' 와 'Object15'
      narrowPhase 실행...
>> checkGJKCollision 시작: Object7 vs Object15
  볼록 껍질 개수: Object7=128, Object15=128
      충돌 감지됨! 충돌 정보 설정 중...
  checkGJKCollision 완료: 충돌 감지
      충돌 결과: 충돌함
      충돌 정보 객체에 추가
    쌍 68: 'Object7' 와 'Object17'
      narrowPhase 실행...
>> checkGJKCollision 시작: Object7 vs Object17
  볼록 껍질 개수: Object7=128, Object17=128
      충돌 감지됨! 충돌 정보 설정 중...
  checkGJKCollision 완료: 충돌 감지
      충돌 결과: 충돌함
      충돌 정보 객체에 추가
    쌍 69: 'Object7' 와 'Object20'
      narrowPhase 실행...
>> checkGJKCollision 시작: Object7 vs Object20
  볼록 껍질 개수: Object7=128, Object20=128
      충돌 감지됨! 충돌 정보 설정 중...
  checkGJKCollision 완료: 충돌 감지
      충돌 결과: 충돌함
      충돌 정보 객체에 추가
    쌍 70: 'Object8' 와 'Object9'
      narrowPhase 실행...
>> checkGJKCollision 시작: Object8 vs Object9
  볼록 껍질 개수: Object8=128, Object9=128
      충돌 감지됨! 충돌 정보 설정 중...
  checkGJKCollision 완료: 충돌 감지
      충돌 결과: 충돌함
      충돌 정보 객체에 추가
    쌍 71: 'Object8' 와 'Object10'
      narrowPhase 실행...
>> checkGJKCollision 시작: Object8 vs Object10
  볼록 껍질 개수: Object8=128, Object10=128
      충돌 감지됨! 충돌 정보 설정 중...
  checkGJKCollision 완료: 충돌 감지
      충돌 결과: 충돌함
      충돌 정보 객체에 추가
    쌍 72: 'Object8' 와 'Object11'
      narrowPhase 실행...
>> checkGJKCollision 시작: Object8 vs Object11
  볼록 껍질 개수: Object8=128, Object11=128
      충돌 감지됨! 충돌 정보 설정 중...
  checkGJKCollision 완료: 충돌 감지
      충돌 결과: 충돌함
      충돌 정보 객체에 추가
    쌍 73: 'Object8' 와 'Object12'
      narrowPhase 실행...
>> checkGJKCollision 시작: Object8 vs Object12
  볼록 껍질 개수: Object8=128, Object12=128
      충돌 감지됨! 충돌 정보 설정 중...
  checkGJKCollision 완료: 충돌 감지
      충돌 결과: 충돌함
      충돌 정보 객체에 추가
    쌍 74: 'Object8' 와 'Object14'
      narrowPhase 실행...
>> checkGJKCollision 시작: Object8 vs Object14
  볼록 껍질 개수: Object8=128, Object14=128
      충돌 감지됨! 충돌 정보 설정 중...
  checkGJKCollision 완료: 충돌 감지
      충돌 결과: 충돌함
      충돌 정보 객체에 추가
    쌍 75: 'Object8' 와 'Object15'
      narrowPhase 실행...
>> checkGJKCollision 시작: Object8 vs Object15
  볼록 껍질 개수: Object8=128, Object15=128
      충돌 감지됨! 충돌 정보 설정 중...
  checkGJKCollision 완료: 충돌 감지
      충돌 결과: 충돌함
      충돌 정보 객체에 추가
    쌍 76: 'Object8' 와 'Object17'
      narrowPhase 실행...
>> checkGJKCollision 시작: Object8 vs Object17
  볼록 껍질 개수: Object8=128, Object17=128
      충돌 감지됨! 충돌 정보 설정 중...
  checkGJKCollision 완료: 충돌 감지
      충돌 결과: 충돌함
      충돌 정보 객체에 추가
    쌍 77: 'Object8' 와 'Object20'
      narrowPhase 실행...
>> checkGJKCollision 시작: Object8 vs Object20
  볼록 껍질 개수: Object8=128, Object20=128
      충돌 감지됨! 충돌 정보 설정 중...
  checkGJKCollision 완료: 충돌 감지
      충돌 결과: 충돌함
      충돌 정보 객체에 추가
    쌍 78: 'Object9' 와 'Object10'
      narrowPhase 실행...
>> checkGJKCollision 시작: Object9 vs Object10
  볼록 껍질 개수: Object9=128, Object10=128
      충돌 감지됨! 충돌 정보 설정 중...
  checkGJKCollision 완료: 충돌 감지
      충돌 결과: 충돌함
      충돌 정보 객체에 추가
    쌍 79: 'Object9' 와 'Object11'
      narrowPhase 실행...
>> checkGJKCollision 시작: Object9 vs Object11
  볼록 껍질 개수: Object9=128, Object11=128
      충돌 감지됨! 충돌 정보 설정 중...
  checkGJKCollision 완료: 충돌 감지
      충돌 결과: 충돌함
      충돌 정보 객체에 추가
    쌍 80: 'Object9' 와 'Object12'
      narrowPhase 실행...
>> checkGJKCollision 시작: Object9 vs Object12
  볼록 껍질 개수: Object9=128, Object12=128
      충돌 감지됨! 충돌 정보 설정 중...
  checkGJKCollision 완료: 충돌 감지
      충돌 결과: 충돌함
      충돌 정보 객체에 추가
    쌍 81: 'Object9' 와 'Object14'
      narrowPhase 실행...
>> checkGJKCollision 시작: Object9 vs Object14
  볼록 껍질 개수: Object9=128, Object14=128
      충돌 감지됨! 충돌 정보 설정 중...
  checkGJKCollision 완료: 충돌 감지
      충돌 결과: 충돌함
      충돌 정보 객체에 추가
    쌍 82: 'Object9' 와 'Object15'
      narrowPhase 실행...
>> checkGJKCollision 시작: Object9 vs Object15
  볼록 껍질 개수: Object9=128, Object15=128
      충돌 감지됨! 충돌 정보 설정 중...
  checkGJKCollision 완료: 충돌 감지
      충돌 결과: 충돌함
      충돌 정보 객체에 추가
    쌍 83: 'Object9' 와 'Object17'
      narrowPhase 실행...
>> checkGJKCollision 시작: Object9 vs Object17
  볼록 껍질 개수: Object9=128, Object17=128
      충돌 감지됨! 충돌 정보 설정 중...
  checkGJKCollision 완료: 충돌 감지
      충돌 결과: 충돌함
      충돌 정보 객체에 추가
    쌍 84: 'Object9' 와 'Object20'
      narrowPhase 실행...
>> checkGJKCollision 시작: Object9 vs Object20
  볼록 껍질 개수: Object9=128, Object20=128
      충돌 감지됨! 충돌 정보 설정 중...
  checkGJKCollision 완료: 충돌 감지
      충돌 결과: 충돌함
      충돌 정보 객체에 추가
    쌍 85: 'Object10' 와 'Object11'
      narrowPhase 실행...
>> checkGJKCollision 시작: Object10 vs Object11
  볼록 껍질 개수: Object10=128, Object11=128
      충돌 감지됨! 충돌 정보 설정 중...
  checkGJKCollision 완료: 충돌 감지
      충돌 결과: 충돌함
      충돌 정보 객체에 추가
    쌍 86: 'Object10' 와 'Object12'
      narrowPhase 실행...
>> checkGJKCollision 시작: Object10 vs Object12
  볼록 껍질 개수: Object10=128, Object12=128
      충돌 감지됨! 충돌 정보 설정 중...
  checkGJKCollision 완료: 충돌 감지
      충돌 결과: 충돌함
      충돌 정보 객체에 추가
    쌍 87: 'Object10' 와 'Object14'
      narrowPhase 실행...
>> checkGJKCollision 시작: Object10 vs Object14
  볼록 껍질 개수: Object10=128, Object14=128
      충돌 감지됨! 충돌 정보 설정 중...
  checkGJKCollision 완료: 충돌 감지
      충돌 결과: 충돌함
      충돌 정보 객체에 추가
    쌍 88: 'Object10' 와 'Object15'
      narrowPhase 실행...
>> checkGJKCollision 시작: Object10 vs Object15
  볼록 껍질 개수: Object10=128, Object15=128
      충돌 감지됨! 충돌 정보 설정 중...
  checkGJKCollision 완료: 충돌 감지
      충돌 결과: 충돌함
      충돌 정보 객체에 추가
    쌍 89: 'Object10' 와 'Object17'
      narrowPhase 실행...
>> checkGJKCollision 시작: Object10 vs Object17
  볼록 껍질 개수: Object10=128, Object17=128
      충돌 감지됨! 충돌 정보 설정 중...
  checkGJKCollision 완료: 충돌 감지
      충돌 결과: 충돌함
      충돌 정보 객체에 추가
    쌍 90: 'Object10' 와 'Object20'
      narrowPhase 실행...
>> checkGJKCollision 시작: Object10 vs Object20
  볼록 껍질 개수: Object10=128, Object20=128
      충돌 감지됨! 충돌 정보 설정 중...
  checkGJKCollision 완료: 충돌 감지
      충돌 결과: 충돌함
      충돌 정보 객체에 추가
    쌍 91: 'Object11' 와 'Object12'
      narrowPhase 실행...
>> checkGJKCollision 시작: Object11 vs Object12
  볼록 껍질 개수: Object11=128, Object12=128
      충돌 감지됨! 충돌 정보 설정 중...
  checkGJKCollision 완료: 충돌 감지
      충돌 결과: 충돌함
      충돌 정보 객체에 추가
    쌍 92: 'Object11' 와 'Object14'
      narrowPhase 실행...
>> checkGJKCollision 시작: Object11 vs Object14
  볼록 껍질 개수: Object11=128, Object14=128
      충돌 감지됨! 충돌 정보 설정 중...
  checkGJKCollision 완료: 충돌 감지
      충돌 결과: 충돌함
      충돌 정보 객체에 추가
    쌍 93: 'Object11' 와 'Object15'
      narrowPhase 실행...
>> checkGJKCollision 시작: Object11 vs Object15
  볼록 껍질 개수: Object11=128, Object15=128
      충돌 감지됨! 충돌 정보 설정 중...
  checkGJKCollision 완료: 충돌 감지
      충돌 결과: 충돌함
      충돌 정보 객체에 추가
    쌍 94: 'Object11' 와 'Object17'
      narrowPhase 실행...
>> checkGJKCollision 시작: Object11 vs Object17
  볼록 껍질 개수: Object11=128, Object17=128
      충돌 감지됨! 충돌 정보 설정 중...
  checkGJKCollision 완료: 충돌 감지
      충돌 결과: 충돌함
      충돌 정보 객체에 추가
    쌍 95: 'Object11' 와 'Object20'
      narrowPhase 실행...
>> checkGJKCollision 시작: Object11 vs Object20
  볼록 껍질 개수: Object11=128, Object20=128
      충돌 감지됨! 충돌 정보 설정 중...
  checkGJKCollision 완료: 충돌 감지
      충돌 결과: 충돌함
      충돌 정보 객체에 추가
    쌍 96: 'Object12' 와 'Object14'
      narrowPhase 실행...
>> checkGJKCollision 시작: Object12 vs Object14
  볼록 껍질 개수: Object12=128, Object14=128
      충돌 감지됨! 충돌 정보 설정 중...
  checkGJKCollision 완료: 충돌 감지
      충돌 결과: 충돌함
      충돌 정보 객체에 추가
    쌍 97: 'Object12' 와 'Object15'
      narrowPhase 실행...
>> checkGJKCollision 시작: Object12 vs Object15
  볼록 껍질 개수: Object12=128, Object15=128
      충돌 감지됨! 충돌 정보 설정 중...
  checkGJKCollision 완료: 충돌 감지
      충돌 결과: 충돌함
      충돌 정보 객체에 추가
    쌍 98: 'Object12' 와 'Object17'
      narrowPhase 실행...
>> checkGJKCollision 시작: Object12 vs Object17
  볼록 껍질 개수: Object12=128, Object17=128
      충돌 감지됨! 충돌 정보 설정 중...
  checkGJKCollision 완료: 충돌 감지
      충돌 결과: 충돌함
      충돌 정보 객체에 추가
    쌍 99: 'Object12' 와 'Object20'
      narrowPhase 실행...
>> checkGJKCollision 시작: Object12 vs Object20
  볼록 껍질 개수: Object12=128, Object20=128
      충돌 감지됨! 충돌 정보 설정 중...
  checkGJKCollision 완료: 충돌 감지
      충돌 결과: 충돌함
      충돌 정보 객체에 추가
    쌍 100: 'Object14' 와 'Object15'
      narrowPhase 실행...
>> checkGJKCollision 시작: Object14 vs Object15
  볼록 껍질 개수: Object14=128, Object15=128
      충돌 감지됨! 충돌 정보 설정 중...
  checkGJKCollision 완료: 충돌 감지
      충돌 결과: 충돌함
      충돌 정보 객체에 추가
    쌍 101: 'Object14' 와 'Object17'
      narrowPhase 실행...
>> checkGJKCollision 시작: Object14 vs Object17
  볼록 껍질 개수: Object14=128, Object17=128
      충돌 감지됨! 충돌 정보 설정 중...
  checkGJKCollision 완료: 충돌 감지
      충돌 결과: 충돌함
      충돌 정보 객체에 추가
    쌍 102: 'Object14' 와 'Object20'
      narrowPhase 실행...
>> checkGJKCollision 시작: Object14 vs Object20
  볼록 껍질 개수: Object14=128, Object20=128
      충돌 감지됨! 충돌 정보 설정 중...
  checkGJKCollision 완료: 충돌 감지
      충돌 결과: 충돌함
      충돌 정보 객체에 추가
    쌍 103: 'Object15' 와 'Object17'
      narrowPhase 실행...
>> checkGJKCollision 시작: Object15 vs Object17
  볼록 껍질 개수: Object15=128, Object17=128
      충돌 감지됨! 충돌 정보 설정 중...
  checkGJKCollision 완료: 충돌 감지
      충돌 결과: 충돌함
      충돌 정보 객체에 추가
    쌍 104: 'Object15' 와 'Object20'
      narrowPhase 실행...
>> checkGJKCollision 시작: Object15 vs Object20
  볼록 껍질 개수: Object15=128, Object20=128
      충돌 감지됨! 충돌 정보 설정 중...
  checkGJKCollision 완료: 충돌 감지
      충돌 결과: 충돌함
      충돌 정보 객체에 추가
    쌍 105: 'Object17' 와 'Object20'
      narrowPhase 실행...
>> checkGJKCollision 시작: Object17 vs Object20
  볼록 껍질 개수: Object17=128, Object20=128
      충돌 감지됨! 충돌 정보 설정 중...
  checkGJKCollision 완료: 충돌 감지
      충돌 결과: 충돌함
      충돌 정보 객체에 추가
  이전 충돌 상태 정리 중...
  충돌 상태 맵 업데이트
CollisionManager::update() - 완료

--- Frame 94 ---
Object0 position: (-5.499182, 5.865778, -7.332213)
Updating objects...
Object1 position: (0.040158, -0.174017, -0.013386)
Updating objects...
Object2 position: (0.088771, -0.076090, -0.019022)
Updating objects...
Object3 position: (0.011790, -0.027509, 0.055019)
Updating objects...
Object4 position: (0.019022, 0.088771, 0.076090)
Updating objects...
Object5 position: (0.000976, -0.002929, -0.000488)
Updating objects...
Object6 position: (-0.473874, -0.195124, 0.167250)
Updating objects...
Object7 position: (-0.049630, 0.000000, 0.004963)
Updating objects...
Object8 position: (0.000000, 0.073258, -0.019535)
Updating objects...
Object9 position: (-0.057748, 0.086622, 0.115496)
Updating objects...
Object10 position: (0.015205, -0.060820, -0.030410)
Updating objects...
Object11 position: (0.009670, 0.000000, -0.082199)
Updating objects...
Object12 position: (1.728912, 0.711905, 1.017007)
Updating objects...
Object13 position: (0.002806, 0.042086, 0.011223)
Updating objects...
Object14 position: (-0.078686, -0.022482, -0.044963)
Updating objects...
Object15 position: (6.351773, -4.940269, 6.351773)
Updating objects...
Object16 position: (0.001378, 0.007580, 0.004824)
Updating objects...
Object17 position: (-2.130868, 0.250690, 1.629485)
Updating objects...
Object18 position: (1.647128, -6.259081, 6.588512)
Updating objects...
Object19 position: (0.133328, 0.066664, -0.133328)
Updating objects...
Running collision detection...
CollisionManager::update() - 시작 (프레임 94)
  객체 목록 크기: 20
  각 객체의 AABB 업데이트 중...
    객체 'Object1' 업데이트
    객체 'Object2' 업데이트
    객체 'Object3' 업데이트
    객체 'Object4' 업데이트
    객체 'Object5' 업데이트
    객체 'Object6' 업데이트
    객체 'Object7' 업데이트
    객체 'Object8' 업데이트
    객체 'Object9' 업데이트
    객체 'Object10' 업데이트
    객체 'Object11' 업데이트
    객체 'Object12' 업데이트
    객체 'Object13' 업데이트
    객체 'Object14' 업데이트
    객체 'Object15' 업데이트
    객체 'Object16' 업데이트
    객체 'Object17' 업데이트
    객체 'Object18' 업데이트
    객체 'Object19' 업데이트
    객체 'Object20' 업데이트
  대략적 충돌 감지(Broad Phase) 중...
    잠재적 충돌 쌍: 108개
  정밀 충돌 감지(Narrow Phase) 시작...
    쌍 1: 'Object2' 와 'Object3'
      narrowPhase 실행...
>> checkGJKCollision 시작: Object2 vs Object3
  볼록 껍질 개수: Object2=128, Object3=128
      충돌 감지됨! 충돌 정보 설정 중...
  checkGJKCollision 완료: 충돌 감지
      충돌 결과: 충돌함
      충돌 정보 객체에 추가
    쌍 2: 'Object2' 와 'Object4'
      narrowPhase 실행...
>> checkGJKCollision 시작: Object2 vs Object4
  볼록 껍질 개수: Object2=128, Object4=128
      충돌 감지됨! 충돌 정보 설정 중...
  checkGJKCollision 완료: 충돌 감지
      충돌 결과: 충돌함
      충돌 정보 객체에 추가
    쌍 3: 'Object2' 와 'Object5'
      narrowPhase 실행...
>> checkGJKCollision 시작: Object2 vs Object5
  볼록 껍질 개수: Object2=128, Object5=128
      충돌 감지됨! 충돌 정보 설정 중...
  checkGJKCollision 완료: 충돌 감지
      충돌 결과: 충돌함
      충돌 정보 객체에 추가
    쌍 4: 'Object2' 와 'Object6'
      narrowPhase 실행...
>> checkGJKCollision 시작: Object2 vs Object6
  볼록 껍질 개수: Object2=128, Object6=128
      충돌 감지됨! 충돌 정보 설정 중...
  checkGJKCollision 완료: 충돌 감지
      충돌 결과: 충돌함
      충돌 정보 객체에 추가
    쌍 5: 'Object2' 와 'Object7'
      narrowPhase 실행...
>> checkGJKCollision 시작: Object2 vs Object7
  볼록 껍질 개수: Object2=128, Object7=128
      충돌 감지됨! 충돌 정보 설정 중...
  checkGJKCollision 완료: 충돌 감지
      충돌 결과: 충돌함
      충돌 정보 객체에 추가
    쌍 6: 'Object2' 와 'Object8'
      narrowPhase 실행...
>> checkGJKCollision 시작: Object2 vs Object8
  볼록 껍질 개수: Object2=128, Object8=128
      충돌 감지됨! 충돌 정보 설정 중...
  checkGJKCollision 완료: 충돌 감지
      충돌 결과: 충돌함
      충돌 정보 객체에 추가
    쌍 7: 'Object2' 와 'Object9'
      narrowPhase 실행...
>> checkGJKCollision 시작: Object2 vs Object9
  볼록 껍질 개수: Object2=128, Object9=128
      충돌 감지됨! 충돌 정보 설정 중...
  checkGJKCollision 완료: 충돌 감지
      충돌 결과: 충돌함
      충돌 정보 객체에 추가
    쌍 8: 'Object2' 와 'Object10'
      narrowPhase 실행...
>> checkGJKCollision 시작: Object2 vs Object10
  볼록 껍질 개수: Object2=128, Object10=128
      충돌 감지됨! 충돌 정보 설정 중...
  checkGJKCollision 완료: 충돌 감지
      충돌 결과: 충돌함
      충돌 정보 객체에 추가
    쌍 9: 'Object2' 와 'Object11'
      narrowPhase 실행...
>> checkGJKCollision 시작: Object2 vs Object11
  볼록 껍질 개수: Object2=128, Object11=128
      충돌 감지됨! 충돌 정보 설정 중...
  checkGJKCollision 완료: 충돌 감지
      충돌 결과: 충돌함
      충돌 정보 객체에 추가
    쌍 10: 'Object2' 와 'Object12'
      narrowPhase 실행...
>> checkGJKCollision 시작: Object2 vs Object12
  볼록 껍질 개수: Object2=128, Object12=128
      충돌 감지됨! 충돌 정보 설정 중...
  checkGJKCollision 완료: 충돌 감지
      충돌 결과: 충돌함
      충돌 정보 객체에 추가
    쌍 11: 'Object2' 와 'Object13'
      narrowPhase 실행...
>> checkGJKCollision 시작: Object2 vs Object13
  볼록 껍질 개수: Object2=128, Object13=128
  모든 볼록 껍질 쌍 검사 완료, 충돌 없음
      충돌 결과: 충돌 없음
    쌍 12: 'Object2' 와 'Object14'
      narrowPhase 실행...
>> checkGJKCollision 시작: Object2 vs Object14
  볼록 껍질 개수: Object2=128, Object14=128
      충돌 감지됨! 충돌 정보 설정 중...
  checkGJKCollision 완료: 충돌 감지
      충돌 결과: 충돌함
      충돌 정보 객체에 추가
    쌍 13: 'Object2' 와 'Object15'
      narrowPhase 실행...
>> checkGJKCollision 시작: Object2 vs Object15
  볼록 껍질 개수: Object2=128, Object15=128
      충돌 감지됨! 충돌 정보 설정 중...
  checkGJKCollision 완료: 충돌 감지
      충돌 결과: 충돌함
      충돌 정보 객체에 추가
    쌍 14: 'Object2' 와 'Object17'
      narrowPhase 실행...
>> checkGJKCollision 시작: Object2 vs Object17
  볼록 껍질 개수: Object2=128, Object17=128
      충돌 감지됨! 충돌 정보 설정 중...
  checkGJKCollision 완료: 충돌 감지
      충돌 결과: 충돌함
      충돌 정보 객체에 추가
    쌍 15: 'Object2' 와 'Object20'
      narrowPhase 실행...
>> checkGJKCollision 시작: Object2 vs Object20
  볼록 껍질 개수: Object2=128, Object20=128
      충돌 감지됨! 충돌 정보 설정 중...
  checkGJKCollision 완료: 충돌 감지
      충돌 결과: 충돌함
      충돌 정보 객체에 추가
    쌍 16: 'Object3' 와 'Object4'
      narrowPhase 실행...
>> checkGJKCollision 시작: Object3 vs Object4
  볼록 껍질 개수: Object3=128, Object4=128
      충돌 감지됨! 충돌 정보 설정 중...
  checkGJKCollision 완료: 충돌 감지
      충돌 결과: 충돌함
      충돌 정보 객체에 추가
    쌍 17: 'Object3' 와 'Object5'
      narrowPhase 실행...
>> checkGJKCollision 시작: Object3 vs Object5
  볼록 껍질 개수: Object3=128, Object5=128
      충돌 감지됨! 충돌 정보 설정 중...
  checkGJKCollision 완료: 충돌 감지
      충돌 결과: 충돌함
      충돌 정보 객체에 추가
    쌍 18: 'Object3' 와 'Object6'
      narrowPhase 실행...
>> checkGJKCollision 시작: Object3 vs Object6
  볼록 껍질 개수: Object3=128, Object6=128
      충돌 감지됨! 충돌 정보 설정 중...
  checkGJKCollision 완료: 충돌 감지
      충돌 결과: 충돌함
      충돌 정보 객체에 추가
    쌍 19: 'Object3' 와 'Object7'
      narrowPhase 실행...
>> checkGJKCollision 시작: Object3 vs Object7
  볼록 껍질 개수: Object3=128, Object7=128
      충돌 감지됨! 충돌 정보 설정 중...
  checkGJKCollision 완료: 충돌 감지
      충돌 결과: 충돌함
      충돌 정보 객체에 추가
    쌍 20: 'Object3' 와 'Object8'
      narrowPhase 실행...
>> checkGJKCollision 시작: Object3 vs Object8
  볼록 껍질 개수: Object3=128, Object8=128
      충돌 감지됨! 충돌 정보 설정 중...
  checkGJKCollision 완료: 충돌 감지
      충돌 결과: 충돌함
      충돌 정보 객체에 추가
    쌍 21: 'Object3' 와 'Object9'
      narrowPhase 실행...
>> checkGJKCollision 시작: Object3 vs Object9
  볼록 껍질 개수: Object3=128, Object9=128
      충돌 감지됨! 충돌 정보 설정 중...
  checkGJKCollision 완료: 충돌 감지
      충돌 결과: 충돌함
      충돌 정보 객체에 추가
    쌍 22: 'Object3' 와 'Object10'
      narrowPhase 실행...
>> checkGJKCollision 시작: Object3 vs Object10
  볼록 껍질 개수: Object3=128, Object10=128
      충돌 감지됨! 충돌 정보 설정 중...
  checkGJKCollision 완료: 충돌 감지
      충돌 결과: 충돌함
      충돌 정보 객체에 추가
    쌍 23: 'Object3' 와 'Object11'
      narrowPhase 실행...
>> checkGJKCollision 시작: Object3 vs Object11
  볼록 껍질 개수: Object3=128, Object11=128
      충돌 감지됨! 충돌 정보 설정 중...
  checkGJKCollision 완료: 충돌 감지
      충돌 결과: 충돌함
      충돌 정보 객체에 추가
    쌍 24: 'Object3' 와 'Object12'
      narrowPhase 실행...
>> checkGJKCollision 시작: Object3 vs Object12
  볼록 껍질 개수: Object3=128, Object12=128
      충돌 감지됨! 충돌 정보 설정 중...
  checkGJKCollision 완료: 충돌 감지
      충돌 결과: 충돌함
      충돌 정보 객체에 추가
    쌍 25: 'Object3' 와 'Object13'
      narrowPhase 실행...
>> checkGJKCollision 시작: Object3 vs Object13
  볼록 껍질 개수: Object3=128, Object13=128
  모든 볼록 껍질 쌍 검사 완료, 충돌 없음
      충돌 결과: 충돌 없음
    쌍 26: 'Object3' 와 'Object14'
      narrowPhase 실행...
>> checkGJKCollision 시작: Object3 vs Object14
  볼록 껍질 개수: Object3=128, Object14=128
      충돌 감지됨! 충돌 정보 설정 중...
  checkGJKCollision 완료: 충돌 감지
      충돌 결과: 충돌함
      충돌 정보 객체에 추가
    쌍 27: 'Object3' 와 'Object15'
      narrowPhase 실행...
>> checkGJKCollision 시작: Object3 vs Object15
  볼록 껍질 개수: Object3=128, Object15=128
      충돌 감지됨! 충돌 정보 설정 중...
  checkGJKCollision 완료: 충돌 감지
      충돌 결과: 충돌함
      충돌 정보 객체에 추가
    쌍 28: 'Object3' 와 'Object17'
      narrowPhase 실행...
>> checkGJKCollision 시작: Object3 vs Object17
  볼록 껍질 개수: Object3=128, Object17=128
      충돌 감지됨! 충돌 정보 설정 중...
  checkGJKCollision 완료: 충돌 감지
      충돌 결과: 충돌함
      충돌 정보 객체에 추가
    쌍 29: 'Object3' 와 'Object20'
      narrowPhase 실행...
>> checkGJKCollision 시작: Object3 vs Object20
  볼록 껍질 개수: Object3=128, Object20=128
      충돌 감지됨! 충돌 정보 설정 중...
  checkGJKCollision 완료: 충돌 감지
      충돌 결과: 충돌함
      충돌 정보 객체에 추가
    쌍 30: 'Object4' 와 'Object5'
      narrowPhase 실행...
>> checkGJKCollision 시작: Object4 vs Object5
  볼록 껍질 개수: Object4=128, Object5=128
      충돌 감지됨! 충돌 정보 설정 중...
  checkGJKCollision 완료: 충돌 감지
      충돌 결과: 충돌함
      충돌 정보 객체에 추가
    쌍 31: 'Object4' 와 'Object6'
      narrowPhase 실행...
>> checkGJKCollision 시작: Object4 vs Object6
  볼록 껍질 개수: Object4=128, Object6=128
      충돌 감지됨! 충돌 정보 설정 중...
  checkGJKCollision 완료: 충돌 감지
      충돌 결과: 충돌함
      충돌 정보 객체에 추가
    쌍 32: 'Object4' 와 'Object7'
      narrowPhase 실행...
>> checkGJKCollision 시작: Object4 vs Object7
  볼록 껍질 개수: Object4=128, Object7=128
      충돌 감지됨! 충돌 정보 설정 중...
  checkGJKCollision 완료: 충돌 감지
      충돌 결과: 충돌함
      충돌 정보 객체에 추가
    쌍 33: 'Object4' 와 'Object8'
      narrowPhase 실행...
>> checkGJKCollision 시작: Object4 vs Object8
  볼록 껍질 개수: Object4=128, Object8=128
      충돌 감지됨! 충돌 정보 설정 중...
  checkGJKCollision 완료: 충돌 감지
      충돌 결과: 충돌함
      충돌 정보 객체에 추가
    쌍 34: 'Object4' 와 'Object9'
      narrowPhase 실행...
>> checkGJKCollision 시작: Object4 vs Object9
  볼록 껍질 개수: Object4=128, Object9=128
      충돌 감지됨! 충돌 정보 설정 중...
  checkGJKCollision 완료: 충돌 감지
      충돌 결과: 충돌함
      충돌 정보 객체에 추가
    쌍 35: 'Object4' 와 'Object10'
      narrowPhase 실행...
>> checkGJKCollision 시작: Object4 vs Object10
  볼록 껍질 개수: Object4=128, Object10=128
      충돌 감지됨! 충돌 정보 설정 중...
  checkGJKCollision 완료: 충돌 감지
      충돌 결과: 충돌함
      충돌 정보 객체에 추가
    쌍 36: 'Object4' 와 'Object11'
      narrowPhase 실행...
>> checkGJKCollision 시작: Object4 vs Object11
  볼록 껍질 개수: Object4=128, Object11=128
      충돌 감지됨! 충돌 정보 설정 중...
  checkGJKCollision 완료: 충돌 감지
      충돌 결과: 충돌함
      충돌 정보 객체에 추가
    쌍 37: 'Object4' 와 'Object12'
      narrowPhase 실행...
>> checkGJKCollision 시작: Object4 vs Object12
  볼록 껍질 개수: Object4=128, Object12=128
      충돌 감지됨! 충돌 정보 설정 중...
  checkGJKCollision 완료: 충돌 감지
      충돌 결과: 충돌함
      충돌 정보 객체에 추가
    쌍 38: 'Object4' 와 'Object14'
      narrowPhase 실행...
>> checkGJKCollision 시작: Object4 vs Object14
  볼록 껍질 개수: Object4=128, Object14=128
      충돌 감지됨! 충돌 정보 설정 중...
  checkGJKCollision 완료: 충돌 감지
      충돌 결과: 충돌함
      충돌 정보 객체에 추가
    쌍 39: 'Object4' 와 'Object15'
      narrowPhase 실행...
>> checkGJKCollision 시작: Object4 vs Object15
  볼록 껍질 개수: Object4=128, Object15=128
      충돌 감지됨! 충돌 정보 설정 중...
  checkGJKCollision 완료: 충돌 감지
      충돌 결과: 충돌함
      충돌 정보 객체에 추가
    쌍 40: 'Object4' 와 'Object17'
      narrowPhase 실행...
>> checkGJKCollision 시작: Object4 vs Object17
  볼록 껍질 개수: Object4=128, Object17=128
      충돌 감지됨! 충돌 정보 설정 중...
  checkGJKCollision 완료: 충돌 감지
      충돌 결과: 충돌함
      충돌 정보 객체에 추가
    쌍 41: 'Object4' 와 'Object20'
      narrowPhase 실행...
>> checkGJKCollision 시작: Object4 vs Object20
  볼록 껍질 개수: Object4=128, Object20=128
      충돌 감지됨! 충돌 정보 설정 중...
  checkGJKCollision 완료: 충돌 감지
      충돌 결과: 충돌함
      충돌 정보 객체에 추가
    쌍 42: 'Object5' 와 'Object6'
      narrowPhase 실행...
>> checkGJKCollision 시작: Object5 vs Object6
  볼록 껍질 개수: Object5=128, Object6=128
      충돌 감지됨! 충돌 정보 설정 중...
  checkGJKCollision 완료: 충돌 감지
      충돌 결과: 충돌함
      충돌 정보 객체에 추가
    쌍 43: 'Object5' 와 'Object7'
      narrowPhase 실행...
>> checkGJKCollision 시작: Object5 vs Object7
  볼록 껍질 개수: Object5=128, Object7=128
      충돌 감지됨! 충돌 정보 설정 중...
  checkGJKCollision 완료: 충돌 감지
      충돌 결과: 충돌함
      충돌 정보 객체에 추가
    쌍 44: 'Object5' 와 'Object8'
      narrowPhase 실행...
>> checkGJKCollision 시작: Object5 vs Object8
  볼록 껍질 개수: Object5=128, Object8=128
      충돌 감지됨! 충돌 정보 설정 중...
  checkGJKCollision 완료: 충돌 감지
      충돌 결과: 충돌함
      충돌 정보 객체에 추가
    쌍 45: 'Object5' 와 'Object9'
      narrowPhase 실행...
>> checkGJKCollision 시작: Object5 vs Object9
  볼록 껍질 개수: Object5=128, Object9=128
      충돌 감지됨! 충돌 정보 설정 중...
  checkGJKCollision 완료: 충돌 감지
      충돌 결과: 충돌함
      충돌 정보 객체에 추가
    쌍 46: 'Object5' 와 'Object10'
      narrowPhase 실행...
>> checkGJKCollision 시작: Object5 vs Object10
  볼록 껍질 개수: Object5=128, Object10=128
      충돌 감지됨! 충돌 정보 설정 중...
  checkGJKCollision 완료: 충돌 감지
      충돌 결과: 충돌함
      충돌 정보 객체에 추가
    쌍 47: 'Object5' 와 'Object11'
      narrowPhase 실행...
>> checkGJKCollision 시작: Object5 vs Object11
  볼록 껍질 개수: Object5=128, Object11=128
      충돌 감지됨! 충돌 정보 설정 중...
  checkGJKCollision 완료: 충돌 감지
      충돌 결과: 충돌함
      충돌 정보 객체에 추가
    쌍 48: 'Object5' 와 'Object12'
      narrowPhase 실행...
>> checkGJKCollision 시작: Object5 vs Object12
  볼록 껍질 개수: Object5=128, Object12=128
      충돌 감지됨! 충돌 정보 설정 중...
  checkGJKCollision 완료: 충돌 감지
      충돌 결과: 충돌함
      충돌 정보 객체에 추가
    쌍 49: 'Object5' 와 'Object14'
      narrowPhase 실행...
>> checkGJKCollision 시작: Object5 vs Object14
  볼록 껍질 개수: Object5=128, Object14=128
      충돌 감지됨! 충돌 정보 설정 중...
  checkGJKCollision 완료: 충돌 감지
      충돌 결과: 충돌함
      충돌 정보 객체에 추가
    쌍 50: 'Object5' 와 'Object15'
      narrowPhase 실행...
>> checkGJKCollision 시작: Object5 vs Object15
  볼록 껍질 개수: Object5=128, Object15=128
      충돌 감지됨! 충돌 정보 설정 중...
  checkGJKCollision 완료: 충돌 감지
      충돌 결과: 충돌함
      충돌 정보 객체에 추가
    쌍 51: 'Object5' 와 'Object17'
      narrowPhase 실행...
>> checkGJKCollision 시작: Object5 vs Object17
  볼록 껍질 개수: Object5=128, Object17=128
      충돌 감지됨! 충돌 정보 설정 중...
  checkGJKCollision 완료: 충돌 감지
      충돌 결과: 충돌함
      충돌 정보 객체에 추가
    쌍 52: 'Object5' 와 'Object20'
      narrowPhase 실행...
>> checkGJKCollision 시작: Object5 vs Object20
  볼록 껍질 개수: Object5=128, Object20=128
      충돌 감지됨! 충돌 정보 설정 중...
  checkGJKCollision 완료: 충돌 감지
      충돌 결과: 충돌함
      충돌 정보 객체에 추가
    쌍 53: 'Object6' 와 'Object7'
      narrowPhase 실행...
>> checkGJKCollision 시작: Object6 vs Object7
  볼록 껍질 개수: Object6=128, Object7=128
      충돌 감지됨! 충돌 정보 설정 중...
  checkGJKCollision 완료: 충돌 감지
      충돌 결과: 충돌함
      충돌 정보 객체에 추가
    쌍 54: 'Object6' 와 'Object8'
      narrowPhase 실행...
>> checkGJKCollision 시작: Object6 vs Object8
  볼록 껍질 개수: Object6=128, Object8=128
      충돌 감지됨! 충돌 정보 설정 중...
  checkGJKCollision 완료: 충돌 감지
      충돌 결과: 충돌함
      충돌 정보 객체에 추가
    쌍 55: 'Object6' 와 'Object9'
      narrowPhase 실행...
>> checkGJKCollision 시작: Object6 vs Object9
  볼록 껍질 개수: Object6=128, Object9=128
      충돌 감지됨! 충돌 정보 설정 중...
  checkGJKCollision 완료: 충돌 감지
      충돌 결과: 충돌함
      충돌 정보 객체에 추가
    쌍 56: 'Object6' 와 'Object10'
      narrowPhase 실행...
>> checkGJKCollision 시작: Object6 vs Object10
  볼록 껍질 개수: Object6=128, Object10=128
      충돌 감지됨! 충돌 정보 설정 중...
  checkGJKCollision 완료: 충돌 감지
      충돌 결과: 충돌함
      충돌 정보 객체에 추가
    쌍 57: 'Object6' 와 'Object11'
      narrowPhase 실행...
>> checkGJKCollision 시작: Object6 vs Object11
  볼록 껍질 개수: Object6=128, Object11=128
      충돌 감지됨! 충돌 정보 설정 중...
  checkGJKCollision 완료: 충돌 감지
      충돌 결과: 충돌함
      충돌 정보 객체에 추가
    쌍 58: 'Object6' 와 'Object12'
      narrowPhase 실행...
>> checkGJKCollision 시작: Object6 vs Object12
  볼록 껍질 개수: Object6=128, Object12=128
      충돌 감지됨! 충돌 정보 설정 중...
  checkGJKCollision 완료: 충돌 감지
      충돌 결과: 충돌함
      충돌 정보 객체에 추가
    쌍 59: 'Object6' 와 'Object14'
      narrowPhase 실행...
>> checkGJKCollision 시작: Object6 vs Object14
  볼록 껍질 개수: Object6=128, Object14=128
      충돌 감지됨! 충돌 정보 설정 중...
  checkGJKCollision 완료: 충돌 감지
      충돌 결과: 충돌함
      충돌 정보 객체에 추가
    쌍 60: 'Object6' 와 'Object15'
      narrowPhase 실행...
>> checkGJKCollision 시작: Object6 vs Object15
  볼록 껍질 개수: Object6=128, Object15=128
      충돌 감지됨! 충돌 정보 설정 중...
  checkGJKCollision 완료: 충돌 감지
      충돌 결과: 충돌함
      충돌 정보 객체에 추가
    쌍 61: 'Object6' 와 'Object17'
      narrowPhase 실행...
>> checkGJKCollision 시작: Object6 vs Object17
  볼록 껍질 개수: Object6=128, Object17=128
      충돌 감지됨! 충돌 정보 설정 중...
  checkGJKCollision 완료: 충돌 감지
      충돌 결과: 충돌함
      충돌 정보 객체에 추가
    쌍 62: 'Object6' 와 'Object20'
      narrowPhase 실행...
>> checkGJKCollision 시작: Object6 vs Object20
  볼록 껍질 개수: Object6=128, Object20=128
      충돌 감지됨! 충돌 정보 설정 중...
  checkGJKCollision 완료: 충돌 감지
      충돌 결과: 충돌함
      충돌 정보 객체에 추가
    쌍 63: 'Object7' 와 'Object8'
      narrowPhase 실행...
>> checkGJKCollision 시작: Object7 vs Object8
  볼록 껍질 개수: Object7=128, Object8=128
      충돌 감지됨! 충돌 정보 설정 중...
  checkGJKCollision 완료: 충돌 감지
      충돌 결과: 충돌함
      충돌 정보 객체에 추가
    쌍 64: 'Object7' 와 'Object9'
      narrowPhase 실행...
>> checkGJKCollision 시작: Object7 vs Object9
  볼록 껍질 개수: Object7=128, Object9=128
      충돌 감지됨! 충돌 정보 설정 중...
  checkGJKCollision 완료: 충돌 감지
      충돌 결과: 충돌함
      충돌 정보 객체에 추가
    쌍 65: 'Object7' 와 'Object10'
      narrowPhase 실행...
>> checkGJKCollision 시작: Object7 vs Object10
  볼록 껍질 개수: Object7=128, Object10=128
      충돌 감지됨! 충돌 정보 설정 중...
  checkGJKCollision 완료: 충돌 감지
      충돌 결과: 충돌함
      충돌 정보 객체에 추가
    쌍 66: 'Object7' 와 'Object11'
      narrowPhase 실행...
>> checkGJKCollision 시작: Object7 vs Object11
  볼록 껍질 개수: Object7=128, Object11=128
      충돌 감지됨! 충돌 정보 설정 중...
  checkGJKCollision 완료: 충돌 감지
      충돌 결과: 충돌함
      충돌 정보 객체에 추가
    쌍 67: 'Object7' 와 'Object12'
      narrowPhase 실행...
>> checkGJKCollision 시작: Object7 vs Object12
  볼록 껍질 개수: Object7=128, Object12=128
      충돌 감지됨! 충돌 정보 설정 중...
  checkGJKCollision 완료: 충돌 감지
      충돌 결과: 충돌함
      충돌 정보 객체에 추가
    쌍 68: 'Object7' 와 'Object14'
      narrowPhase 실행...
>> checkGJKCollision 시작: Object7 vs Object14
  볼록 껍질 개수: Object7=128, Object14=128
      충돌 감지됨! 충돌 정보 설정 중...
  checkGJKCollision 완료: 충돌 감지
      충돌 결과: 충돌함
      충돌 정보 객체에 추가
    쌍 69: 'Object7' 와 'Object15'
      narrowPhase 실행...
>> checkGJKCollision 시작: Object7 vs Object15
  볼록 껍질 개수: Object7=128, Object15=128
      충돌 감지됨! 충돌 정보 설정 중...
  checkGJKCollision 완료: 충돌 감지
      충돌 결과: 충돌함
      충돌 정보 객체에 추가
    쌍 70: 'Object7' 와 'Object17'
      narrowPhase 실행...
>> checkGJKCollision 시작: Object7 vs Object17
  볼록 껍질 개수: Object7=128, Object17=128
      충돌 감지됨! 충돌 정보 설정 중...
  checkGJKCollision 완료: 충돌 감지
      충돌 결과: 충돌함
      충돌 정보 객체에 추가
    쌍 71: 'Object7' 와 'Object20'
      narrowPhase 실행...
>> checkGJKCollision 시작: Object7 vs Object20
  볼록 껍질 개수: Object7=128, Object20=128
      충돌 감지됨! 충돌 정보 설정 중...
  checkGJKCollision 완료: 충돌 감지
      충돌 결과: 충돌함
      충돌 정보 객체에 추가
    쌍 72: 'Object8' 와 'Object9'
      narrowPhase 실행...
>> checkGJKCollision 시작: Object8 vs Object9
  볼록 껍질 개수: Object8=128, Object9=128
      충돌 감지됨! 충돌 정보 설정 중...
  checkGJKCollision 완료: 충돌 감지
      충돌 결과: 충돌함
      충돌 정보 객체에 추가
    쌍 73: 'Object8' 와 'Object10'
      narrowPhase 실행...
>> checkGJKCollision 시작: Object8 vs Object10
  볼록 껍질 개수: Object8=128, Object10=128
      충돌 감지됨! 충돌 정보 설정 중...
  checkGJKCollision 완료: 충돌 감지
      충돌 결과: 충돌함
      충돌 정보 객체에 추가
    쌍 74: 'Object8' 와 'Object11'
      narrowPhase 실행...
>> checkGJKCollision 시작: Object8 vs Object11
  볼록 껍질 개수: Object8=128, Object11=128
      충돌 감지됨! 충돌 정보 설정 중...
  checkGJKCollision 완료: 충돌 감지
      충돌 결과: 충돌함
      충돌 정보 객체에 추가
    쌍 75: 'Object8' 와 'Object12'
      narrowPhase 실행...
>> checkGJKCollision 시작: Object8 vs Object12
  볼록 껍질 개수: Object8=128, Object12=128
      충돌 감지됨! 충돌 정보 설정 중...
  checkGJKCollision 완료: 충돌 감지
      충돌 결과: 충돌함
      충돌 정보 객체에 추가
    쌍 76: 'Object8' 와 'Object14'
      narrowPhase 실행...
>> checkGJKCollision 시작: Object8 vs Object14
  볼록 껍질 개수: Object8=128, Object14=128
      충돌 감지됨! 충돌 정보 설정 중...
  checkGJKCollision 완료: 충돌 감지
      충돌 결과: 충돌함
      충돌 정보 객체에 추가
    쌍 77: 'Object8' 와 'Object15'
      narrowPhase 실행...
>> checkGJKCollision 시작: Object8 vs Object15
  볼록 껍질 개수: Object8=128, Object15=128
      충돌 감지됨! 충돌 정보 설정 중...
  checkGJKCollision 완료: 충돌 감지
      충돌 결과: 충돌함
      충돌 정보 객체에 추가
    쌍 78: 'Object8' 와 'Object17'
      narrowPhase 실행...
>> checkGJKCollision 시작: Object8 vs Object17
  볼록 껍질 개수: Object8=128, Object17=128
      충돌 감지됨! 충돌 정보 설정 중...
  checkGJKCollision 완료: 충돌 감지
      충돌 결과: 충돌함
      충돌 정보 객체에 추가
    쌍 79: 'Object8' 와 'Object20'
      narrowPhase 실행...
>> checkGJKCollision 시작: Object8 vs Object20
  볼록 껍질 개수: Object8=128, Object20=128
      충돌 감지됨! 충돌 정보 설정 중...
  checkGJKCollision 완료: 충돌 감지
      충돌 결과: 충돌함
      충돌 정보 객체에 추가
    쌍 80: 'Object9' 와 'Object10'
      narrowPhase 실행...
>> checkGJKCollision 시작: Object9 vs Object10
  볼록 껍질 개수: Object9=128, Object10=128
      충돌 감지됨! 충돌 정보 설정 중...
  checkGJKCollision 완료: 충돌 감지
      충돌 결과: 충돌함
      충돌 정보 객체에 추가
    쌍 81: 'Object9' 와 'Object11'
      narrowPhase 실행...
>> checkGJKCollision 시작: Object9 vs Object11
  볼록 껍질 개수: Object9=128, Object11=128
      충돌 감지됨! 충돌 정보 설정 중...
  checkGJKCollision 완료: 충돌 감지
      충돌 결과: 충돌함
      충돌 정보 객체에 추가
    쌍 82: 'Object9' 와 'Object12'
      narrowPhase 실행...
>> checkGJKCollision 시작: Object9 vs Object12
  볼록 껍질 개수: Object9=128, Object12=128
      충돌 감지됨! 충돌 정보 설정 중...
  checkGJKCollision 완료: 충돌 감지
      충돌 결과: 충돌함
      충돌 정보 객체에 추가
    쌍 83: 'Object9' 와 'Object14'
      narrowPhase 실행...
>> checkGJKCollision 시작: Object9 vs Object14
  볼록 껍질 개수: Object9=128, Object14=128
      충돌 감지됨! 충돌 정보 설정 중...
  checkGJKCollision 완료: 충돌 감지
      충돌 결과: 충돌함
      충돌 정보 객체에 추가
    쌍 84: 'Object9' 와 'Object15'
      narrowPhase 실행...
>> checkGJKCollision 시작: Object9 vs Object15
  볼록 껍질 개수: Object9=128, Object15=128
      충돌 감지됨! 충돌 정보 설정 중...
  checkGJKCollision 완료: 충돌 감지
      충돌 결과: 충돌함
      충돌 정보 객체에 추가
    쌍 85: 'Object9' 와 'Object17'
      narrowPhase 실행...
>> checkGJKCollision 시작: Object9 vs Object17
  볼록 껍질 개수: Object9=128, Object17=128
      충돌 감지됨! 충돌 정보 설정 중...
  checkGJKCollision 완료: 충돌 감지
      충돌 결과: 충돌함
      충돌 정보 객체에 추가
    쌍 86: 'Object9' 와 'Object20'
      narrowPhase 실행...
>> checkGJKCollision 시작: Object9 vs Object20
  볼록 껍질 개수: Object9=128, Object20=128
      충돌 감지됨! 충돌 정보 설정 중...
  checkGJKCollision 완료: 충돌 감지
      충돌 결과: 충돌함
      충돌 정보 객체에 추가
    쌍 87: 'Object10' 와 'Object11'
      narrowPhase 실행...
>> checkGJKCollision 시작: Object10 vs Object11
  볼록 껍질 개수: Object10=128, Object11=128
      충돌 감지됨! 충돌 정보 설정 중...
  checkGJKCollision 완료: 충돌 감지
      충돌 결과: 충돌함
      충돌 정보 객체에 추가
    쌍 88: 'Object10' 와 'Object12'
      narrowPhase 실행...
>> checkGJKCollision 시작: Object10 vs Object12
  볼록 껍질 개수: Object10=128, Object12=128
      충돌 감지됨! 충돌 정보 설정 중...
  checkGJKCollision 완료: 충돌 감지
      충돌 결과: 충돌함
      충돌 정보 객체에 추가
    쌍 89: 'Object10' 와 'Object14'
      narrowPhase 실행...
>> checkGJKCollision 시작: Object10 vs Object14
  볼록 껍질 개수: Object10=128, Object14=128
      충돌 감지됨! 충돌 정보 설정 중...
  checkGJKCollision 완료: 충돌 감지
      충돌 결과: 충돌함
      충돌 정보 객체에 추가
    쌍 90: 'Object10' 와 'Object15'
      narrowPhase 실행...
>> checkGJKCollision 시작: Object10 vs Object15
  볼록 껍질 개수: Object10=128, Object15=128
      충돌 감지됨! 충돌 정보 설정 중...
  checkGJKCollision 완료: 충돌 감지
      충돌 결과: 충돌함
      충돌 정보 객체에 추가
    쌍 91: 'Object10' 와 'Object17'
      narrowPhase 실행...
>> checkGJKCollision 시작: Object10 vs Object17
  볼록 껍질 개수: Object10=128, Object17=128
      충돌 감지됨! 충돌 정보 설정 중...
  checkGJKCollision 완료: 충돌 감지
      충돌 결과: 충돌함
      충돌 정보 객체에 추가
    쌍 92: 'Object10' 와 'Object20'
      narrowPhase 실행...
>> checkGJKCollision 시작: Object10 vs Object20
  볼록 껍질 개수: Object10=128, Object20=128
      충돌 감지됨! 충돌 정보 설정 중...
  checkGJKCollision 완료: 충돌 감지
      충돌 결과: 충돌함
      충돌 정보 객체에 추가
    쌍 93: 'Object11' 와 'Object12'
      narrowPhase 실행...
>> checkGJKCollision 시작: Object11 vs Object12
  볼록 껍질 개수: Object11=128, Object12=128
      충돌 감지됨! 충돌 정보 설정 중...
  checkGJKCollision 완료: 충돌 감지
      충돌 결과: 충돌함
      충돌 정보 객체에 추가
    쌍 94: 'Object11' 와 'Object14'
      narrowPhase 실행...
>> checkGJKCollision 시작: Object11 vs Object14
  볼록 껍질 개수: Object11=128, Object14=128
      충돌 감지됨! 충돌 정보 설정 중...
  checkGJKCollision 완료: 충돌 감지
      충돌 결과: 충돌함
      충돌 정보 객체에 추가
    쌍 95: 'Object11' 와 'Object15'
      narrowPhase 실행...
>> checkGJKCollision 시작: Object11 vs Object15
  볼록 껍질 개수: Object11=128, Object15=128
      충돌 감지됨! 충돌 정보 설정 중...
  checkGJKCollision 완료: 충돌 감지
      충돌 결과: 충돌함
      충돌 정보 객체에 추가
    쌍 96: 'Object11' 와 'Object17'
      narrowPhase 실행...
>> checkGJKCollision 시작: Object11 vs Object17
  볼록 껍질 개수: Object11=128, Object17=128
      충돌 감지됨! 충돌 정보 설정 중...
  checkGJKCollision 완료: 충돌 감지
      충돌 결과: 충돌함
      충돌 정보 객체에 추가
    쌍 97: 'Object11' 와 'Object20'
      narrowPhase 실행...
>> checkGJKCollision 시작: Object11 vs Object20
  볼록 껍질 개수: Object11=128, Object20=128
      충돌 감지됨! 충돌 정보 설정 중...
  checkGJKCollision 완료: 충돌 감지
      충돌 결과: 충돌함
      충돌 정보 객체에 추가
    쌍 98: 'Object12' 와 'Object14'
      narrowPhase 실행...
>> checkGJKCollision 시작: Object12 vs Object14
  볼록 껍질 개수: Object12=128, Object14=128
      충돌 감지됨! 충돌 정보 설정 중...
  checkGJKCollision 완료: 충돌 감지
      충돌 결과: 충돌함
      충돌 정보 객체에 추가
    쌍 99: 'Object12' 와 'Object15'
      narrowPhase 실행...
>> checkGJKCollision 시작: Object12 vs Object15
  볼록 껍질 개수: Object12=128, Object15=128
      충돌 감지됨! 충돌 정보 설정 중...
  checkGJKCollision 완료: 충돌 감지
      충돌 결과: 충돌함
      충돌 정보 객체에 추가
    쌍 100: 'Object12' 와 'Object17'
      narrowPhase 실행...
>> checkGJKCollision 시작: Object12 vs Object17
  볼록 껍질 개수: Object12=128, Object17=128
      충돌 감지됨! 충돌 정보 설정 중...
  checkGJKCollision 완료: 충돌 감지
      충돌 결과: 충돌함
      충돌 정보 객체에 추가
    쌍 101: 'Object12' 와 'Object20'
      narrowPhase 실행...
>> checkGJKCollision 시작: Object12 vs Object20
  볼록 껍질 개수: Object12=128, Object20=128
      충돌 감지됨! 충돌 정보 설정 중...
  checkGJKCollision 완료: 충돌 감지
      충돌 결과: 충돌함
      충돌 정보 객체에 추가
    쌍 102: 'Object13' 와 'Object20'
      narrowPhase 실행...
>> checkGJKCollision 시작: Object13 vs Object20
  볼록 껍질 개수: Object13=128, Object20=128
  모든 볼록 껍질 쌍 검사 완료, 충돌 없음
      충돌 결과: 충돌 없음
    쌍 103: 'Object14' 와 'Object15'
      narrowPhase 실행...
>> checkGJKCollision 시작: Object14 vs Object15
  볼록 껍질 개수: Object14=128, Object15=128
      충돌 감지됨! 충돌 정보 설정 중...
  checkGJKCollision 완료: 충돌 감지
      충돌 결과: 충돌함
      충돌 정보 객체에 추가
    쌍 104: 'Object14' 와 'Object17'
      narrowPhase 실행...
>> checkGJKCollision 시작: Object14 vs Object17
  볼록 껍질 개수: Object14=128, Object17=128
      충돌 감지됨! 충돌 정보 설정 중...
  checkGJKCollision 완료: 충돌 감지
      충돌 결과: 충돌함
      충돌 정보 객체에 추가
    쌍 105: 'Object14' 와 'Object20'
      narrowPhase 실행...
>> checkGJKCollision 시작: Object14 vs Object20
  볼록 껍질 개수: Object14=128, Object20=128
      충돌 감지됨! 충돌 정보 설정 중...
  checkGJKCollision 완료: 충돌 감지
      충돌 결과: 충돌함
      충돌 정보 객체에 추가
    쌍 106: 'Object15' 와 'Object17'
      narrowPhase 실행...
>> checkGJKCollision 시작: Object15 vs Object17
  볼록 껍질 개수: Object15=128, Object17=128
      충돌 감지됨! 충돌 정보 설정 중...
  checkGJKCollision 완료: 충돌 감지
      충돌 결과: 충돌함
      충돌 정보 객체에 추가
    쌍 107: 'Object15' 와 'Object20'
      narrowPhase 실행...
>> checkGJKCollision 시작: Object15 vs Object20
  볼록 껍질 개수: Object15=128, Object20=128
      충돌 감지됨! 충돌 정보 설정 중...
  checkGJKCollision 완료: 충돌 감지
      충돌 결과: 충돌함
      충돌 정보 객체에 추가
    쌍 108: 'Object17' 와 'Object20'
      narrowPhase 실행...
>> checkGJKCollision 시작: Object17 vs Object20
  볼록 껍질 개수: Object17=128, Object20=128
      충돌 감지됨! 충돌 정보 설정 중...
  checkGJKCollision 완료: 충돌 감지
      충돌 결과: 충돌함
      충돌 정보 객체에 추가
  이전 충돌 상태 정리 중...
  충돌 상태 맵 업데이트
CollisionManager::update() - 완료

--- Frame 95 ---
Object0 position: (-5.398109, 5.757967, -7.197450)
Updating objects...
Object1 position: (-0.004688, 0.020316, 0.001563)
Updating objects...
Object2 position: (-0.061109, 0.052379, 0.013095)
Updating objects...
Object3 position: (-0.025858, 0.060335, -0.120669)
Updating objects...
Object4 position: (-0.013095, -0.061109, -0.052379)
Updating objects...
Object5 position: (-0.061493, 0.184480, 0.030747)
Updating objects...
Object6 position: (-0.298064, -0.122732, 0.105199)
Updating objects...
Object7 position: (0.149378, 0.000000, -0.014938)
Updating objects...
Object8 position: (0.000000, -0.119989, 0.031997)
Updating objects...
Object9 position: (0.016530, -0.024795, -0.033060)
Updating objects...
Object10 position: (-0.028439, 0.113754, 0.056877)
Updating objects...
Object11 position: (-0.013698, 0.000000, 0.116431)
Updating objects...
Object12 position: (1.566453, 0.645011, 0.921443)
Updating objects...
Object13 position: (-0.010051, -0.150761, -0.040203)
Updating objects...
Object14 position: (0.089854, 0.025673, 0.051345)
Updating objects...
Object15 position: (6.227856, -4.843889, 6.227856)
Updating objects...
Object16 position: (-0.028946, -0.159202, -0.101310)
Updating objects...
Object17 position: (-1.972686, 0.232081, 1.508522)
Updating objects...
Object18 position: (1.611459, -6.123540, 6.445837)
Updating objects...
Object19 position: (-0.000005, -0.000002, 0.000005)
Updating objects...
Running collision detection...
CollisionManager::update() - 시작 (프레임 95)
  객체 목록 크기: 20
  각 객체의 AABB 업데이트 중...
    객체 'Object1' 업데이트
    객체 'Object2' 업데이트
    객체 'Object3' 업데이트
    객체 'Object4' 업데이트
    객체 'Object5' 업데이트
    객체 'Object6' 업데이트
    객체 'Object7' 업데이트
    객체 'Object8' 업데이트
    객체 'Object9' 업데이트
    객체 'Object10' 업데이트
    객체 'Object11' 업데이트
    객체 'Object12' 업데이트
    객체 'Object13' 업데이트
    객체 'Object14' 업데이트
    객체 'Object15' 업데이트
    객체 'Object16' 업데이트
    객체 'Object17' 업데이트
    객체 'Object18' 업데이트
    객체 'Object19' 업데이트
    객체 'Object20' 업데이트
  대략적 충돌 감지(Broad Phase) 중...
    잠재적 충돌 쌍: 119개
  정밀 충돌 감지(Narrow Phase) 시작...
    쌍 1: 'Object2' 와 'Object3'
      narrowPhase 실행...
>> checkGJKCollision 시작: Object2 vs Object3
  볼록 껍질 개수: Object2=128, Object3=128
      충돌 감지됨! 충돌 정보 설정 중...
  checkGJKCollision 완료: 충돌 감지
      충돌 결과: 충돌함
      충돌 정보 객체에 추가
    쌍 2: 'Object2' 와 'Object4'
      narrowPhase 실행...
>> checkGJKCollision 시작: Object2 vs Object4
  볼록 껍질 개수: Object2=128, Object4=128
      충돌 감지됨! 충돌 정보 설정 중...
  checkGJKCollision 완료: 충돌 감지
      충돌 결과: 충돌함
      충돌 정보 객체에 추가
    쌍 3: 'Object2' 와 'Object5'
      narrowPhase 실행...
>> checkGJKCollision 시작: Object2 vs Object5
  볼록 껍질 개수: Object2=128, Object5=128
      충돌 감지됨! 충돌 정보 설정 중...
  checkGJKCollision 완료: 충돌 감지
      충돌 결과: 충돌함
      충돌 정보 객체에 추가
    쌍 4: 'Object2' 와 'Object6'
      narrowPhase 실행...
>> checkGJKCollision 시작: Object2 vs Object6
  볼록 껍질 개수: Object2=128, Object6=128
      충돌 감지됨! 충돌 정보 설정 중...
  checkGJKCollision 완료: 충돌 감지
      충돌 결과: 충돌함
      충돌 정보 객체에 추가
    쌍 5: 'Object2' 와 'Object7'
      narrowPhase 실행...
>> checkGJKCollision 시작: Object2 vs Object7
  볼록 껍질 개수: Object2=128, Object7=128
      충돌 감지됨! 충돌 정보 설정 중...
  checkGJKCollision 완료: 충돌 감지
      충돌 결과: 충돌함
      충돌 정보 객체에 추가
    쌍 6: 'Object2' 와 'Object8'
      narrowPhase 실행...
>> checkGJKCollision 시작: Object2 vs Object8
  볼록 껍질 개수: Object2=128, Object8=128
      충돌 감지됨! 충돌 정보 설정 중...
  checkGJKCollision 완료: 충돌 감지
      충돌 결과: 충돌함
      충돌 정보 객체에 추가
    쌍 7: 'Object2' 와 'Object9'
      narrowPhase 실행...
>> checkGJKCollision 시작: Object2 vs Object9
  볼록 껍질 개수: Object2=128, Object9=128
      충돌 감지됨! 충돌 정보 설정 중...
  checkGJKCollision 완료: 충돌 감지
      충돌 결과: 충돌함
      충돌 정보 객체에 추가
    쌍 8: 'Object2' 와 'Object10'
      narrowPhase 실행...
>> checkGJKCollision 시작: Object2 vs Object10
  볼록 껍질 개수: Object2=128, Object10=128
      충돌 감지됨! 충돌 정보 설정 중...
  checkGJKCollision 완료: 충돌 감지
      충돌 결과: 충돌함
      충돌 정보 객체에 추가
    쌍 9: 'Object2' 와 'Object11'
      narrowPhase 실행...
>> checkGJKCollision 시작: Object2 vs Object11
  볼록 껍질 개수: Object2=128, Object11=128
      충돌 감지됨! 충돌 정보 설정 중...
  checkGJKCollision 완료: 충돌 감지
      충돌 결과: 충돌함
      충돌 정보 객체에 추가
    쌍 10: 'Object2' 와 'Object12'
      narrowPhase 실행...
>> checkGJKCollision 시작: Object2 vs Object12
  볼록 껍질 개수: Object2=128, Object12=128
      충돌 감지됨! 충돌 정보 설정 중...
  checkGJKCollision 완료: 충돌 감지
      충돌 결과: 충돌함
      충돌 정보 객체에 추가
    쌍 11: 'Object2' 와 'Object13'
      narrowPhase 실행...
>> checkGJKCollision 시작: Object2 vs Object13
  볼록 껍질 개수: Object2=128, Object13=128
  모든 볼록 껍질 쌍 검사 완료, 충돌 없음
      충돌 결과: 충돌 없음
    쌍 12: 'Object2' 와 'Object14'
      narrowPhase 실행...
>> checkGJKCollision 시작: Object2 vs Object14
  볼록 껍질 개수: Object2=128, Object14=128
      충돌 감지됨! 충돌 정보 설정 중...
  checkGJKCollision 완료: 충돌 감지
      충돌 결과: 충돌함
      충돌 정보 객체에 추가
    쌍 13: 'Object2' 와 'Object15'
      narrowPhase 실행...
>> checkGJKCollision 시작: Object2 vs Object15
  볼록 껍질 개수: Object2=128, Object15=128
      충돌 감지됨! 충돌 정보 설정 중...
  checkGJKCollision 완료: 충돌 감지
      충돌 결과: 충돌함
      충돌 정보 객체에 추가
    쌍 14: 'Object2' 와 'Object17'
      narrowPhase 실행...
>> checkGJKCollision 시작: Object2 vs Object17
  볼록 껍질 개수: Object2=128, Object17=128
      충돌 감지됨! 충돌 정보 설정 중...
  checkGJKCollision 완료: 충돌 감지
      충돌 결과: 충돌함
      충돌 정보 객체에 추가
    쌍 15: 'Object2' 와 'Object20'
      narrowPhase 실행...
>> checkGJKCollision 시작: Object2 vs Object20
  볼록 껍질 개수: Object2=128, Object20=128
      충돌 감지됨! 충돌 정보 설정 중...
  checkGJKCollision 완료: 충돌 감지
      충돌 결과: 충돌함
      충돌 정보 객체에 추가
    쌍 16: 'Object3' 와 'Object4'
      narrowPhase 실행...
>> checkGJKCollision 시작: Object3 vs Object4
  볼록 껍질 개수: Object3=128, Object4=128
      충돌 감지됨! 충돌 정보 설정 중...
  checkGJKCollision 완료: 충돌 감지
      충돌 결과: 충돌함
      충돌 정보 객체에 추가
    쌍 17: 'Object3' 와 'Object5'
      narrowPhase 실행...
>> checkGJKCollision 시작: Object3 vs Object5
  볼록 껍질 개수: Object3=128, Object5=128
      충돌 감지됨! 충돌 정보 설정 중...
  checkGJKCollision 완료: 충돌 감지
      충돌 결과: 충돌함
      충돌 정보 객체에 추가
    쌍 18: 'Object3' 와 'Object6'
      narrowPhase 실행...
>> checkGJKCollision 시작: Object3 vs Object6
  볼록 껍질 개수: Object3=128, Object6=128
      충돌 감지됨! 충돌 정보 설정 중...
  checkGJKCollision 완료: 충돌 감지
      충돌 결과: 충돌함
      충돌 정보 객체에 추가
    쌍 19: 'Object3' 와 'Object7'
      narrowPhase 실행...
>> checkGJKCollision 시작: Object3 vs Object7
  볼록 껍질 개수: Object3=128, Object7=128
      충돌 감지됨! 충돌 정보 설정 중...
  checkGJKCollision 완료: 충돌 감지
      충돌 결과: 충돌함
      충돌 정보 객체에 추가
    쌍 20: 'Object3' 와 'Object8'
      narrowPhase 실행...
>> checkGJKCollision 시작: Object3 vs Object8
  볼록 껍질 개수: Object3=128, Object8=128
      충돌 감지됨! 충돌 정보 설정 중...
  checkGJKCollision 완료: 충돌 감지
      충돌 결과: 충돌함
      충돌 정보 객체에 추가
    쌍 21: 'Object3' 와 'Object9'
      narrowPhase 실행...
>> checkGJKCollision 시작: Object3 vs Object9
  볼록 껍질 개수: Object3=128, Object9=128
      충돌 감지됨! 충돌 정보 설정 중...
  checkGJKCollision 완료: 충돌 감지
      충돌 결과: 충돌함
      충돌 정보 객체에 추가
    쌍 22: 'Object3' 와 'Object10'
      narrowPhase 실행...
>> checkGJKCollision 시작: Object3 vs Object10
  볼록 껍질 개수: Object3=128, Object10=128
      충돌 감지됨! 충돌 정보 설정 중...
  checkGJKCollision 완료: 충돌 감지
      충돌 결과: 충돌함
      충돌 정보 객체에 추가
    쌍 23: 'Object3' 와 'Object11'
      narrowPhase 실행...
>> checkGJKCollision 시작: Object3 vs Object11
  볼록 껍질 개수: Object3=128, Object11=128
      충돌 감지됨! 충돌 정보 설정 중...
  checkGJKCollision 완료: 충돌 감지
      충돌 결과: 충돌함
      충돌 정보 객체에 추가
    쌍 24: 'Object3' 와 'Object12'
      narrowPhase 실행...
>> checkGJKCollision 시작: Object3 vs Object12
  볼록 껍질 개수: Object3=128, Object12=128
      충돌 감지됨! 충돌 정보 설정 중...
  checkGJKCollision 완료: 충돌 감지
      충돌 결과: 충돌함
      충돌 정보 객체에 추가
    쌍 25: 'Object3' 와 'Object13'
      narrowPhase 실행...
>> checkGJKCollision 시작: Object3 vs Object13
  볼록 껍질 개수: Object3=128, Object13=128
  모든 볼록 껍질 쌍 검사 완료, 충돌 없음
      충돌 결과: 충돌 없음
    쌍 26: 'Object3' 와 'Object14'
      narrowPhase 실행...
>> checkGJKCollision 시작: Object3 vs Object14
  볼록 껍질 개수: Object3=128, Object14=128
      충돌 감지됨! 충돌 정보 설정 중...
  checkGJKCollision 완료: 충돌 감지
      충돌 결과: 충돌함
      충돌 정보 객체에 추가
    쌍 27: 'Object3' 와 'Object15'
      narrowPhase 실행...
>> checkGJKCollision 시작: Object3 vs Object15
  볼록 껍질 개수: Object3=128, Object15=128
      충돌 감지됨! 충돌 정보 설정 중...
  checkGJKCollision 완료: 충돌 감지
      충돌 결과: 충돌함
      충돌 정보 객체에 추가
    쌍 28: 'Object3' 와 'Object17'
      narrowPhase 실행...
>> checkGJKCollision 시작: Object3 vs Object17
  볼록 껍질 개수: Object3=128, Object17=128
      충돌 감지됨! 충돌 정보 설정 중...
  checkGJKCollision 완료: 충돌 감지
      충돌 결과: 충돌함
      충돌 정보 객체에 추가
    쌍 29: 'Object3' 와 'Object20'
      narrowPhase 실행...
>> checkGJKCollision 시작: Object3 vs Object20
  볼록 껍질 개수: Object3=128, Object20=128
      충돌 감지됨! 충돌 정보 설정 중...
  checkGJKCollision 완료: 충돌 감지
      충돌 결과: 충돌함
      충돌 정보 객체에 추가
    쌍 30: 'Object4' 와 'Object5'
      narrowPhase 실행...
>> checkGJKCollision 시작: Object4 vs Object5
  볼록 껍질 개수: Object4=128, Object5=128
      충돌 감지됨! 충돌 정보 설정 중...
  checkGJKCollision 완료: 충돌 감지
      충돌 결과: 충돌함
      충돌 정보 객체에 추가
    쌍 31: 'Object4' 와 'Object6'
      narrowPhase 실행...
>> checkGJKCollision 시작: Object4 vs Object6
  볼록 껍질 개수: Object4=128, Object6=128
      충돌 감지됨! 충돌 정보 설정 중...
  checkGJKCollision 완료: 충돌 감지
      충돌 결과: 충돌함
      충돌 정보 객체에 추가
    쌍 32: 'Object4' 와 'Object7'
      narrowPhase 실행...
>> checkGJKCollision 시작: Object4 vs Object7
  볼록 껍질 개수: Object4=128, Object7=128
      충돌 감지됨! 충돌 정보 설정 중...
  checkGJKCollision 완료: 충돌 감지
      충돌 결과: 충돌함
      충돌 정보 객체에 추가
    쌍 33: 'Object4' 와 'Object8'
      narrowPhase 실행...
>> checkGJKCollision 시작: Object4 vs Object8
  볼록 껍질 개수: Object4=128, Object8=128
      충돌 감지됨! 충돌 정보 설정 중...
  checkGJKCollision 완료: 충돌 감지
      충돌 결과: 충돌함
      충돌 정보 객체에 추가
    쌍 34: 'Object4' 와 'Object9'
      narrowPhase 실행...
>> checkGJKCollision 시작: Object4 vs Object9
  볼록 껍질 개수: Object4=128, Object9=128
      충돌 감지됨! 충돌 정보 설정 중...
  checkGJKCollision 완료: 충돌 감지
      충돌 결과: 충돌함
      충돌 정보 객체에 추가
    쌍 35: 'Object4' 와 'Object10'
      narrowPhase 실행...
>> checkGJKCollision 시작: Object4 vs Object10
  볼록 껍질 개수: Object4=128, Object10=128
      충돌 감지됨! 충돌 정보 설정 중...
  checkGJKCollision 완료: 충돌 감지
      충돌 결과: 충돌함
      충돌 정보 객체에 추가
    쌍 36: 'Object4' 와 'Object11'
      narrowPhase 실행...
>> checkGJKCollision 시작: Object4 vs Object11
  볼록 껍질 개수: Object4=128, Object11=128
      충돌 감지됨! 충돌 정보 설정 중...
  checkGJKCollision 완료: 충돌 감지
      충돌 결과: 충돌함
      충돌 정보 객체에 추가
    쌍 37: 'Object4' 와 'Object12'
      narrowPhase 실행...
>> checkGJKCollision 시작: Object4 vs Object12
  볼록 껍질 개수: Object4=128, Object12=128
      충돌 감지됨! 충돌 정보 설정 중...
  checkGJKCollision 완료: 충돌 감지
      충돌 결과: 충돌함
      충돌 정보 객체에 추가
    쌍 38: 'Object4' 와 'Object13'
      narrowPhase 실행...
>> checkGJKCollision 시작: Object4 vs Object13
  볼록 껍질 개수: Object4=128, Object13=128
  모든 볼록 껍질 쌍 검사 완료, 충돌 없음
      충돌 결과: 충돌 없음
    쌍 39: 'Object4' 와 'Object14'
      narrowPhase 실행...
>> checkGJKCollision 시작: Object4 vs Object14
  볼록 껍질 개수: Object4=128, Object14=128
      충돌 감지됨! 충돌 정보 설정 중...
  checkGJKCollision 완료: 충돌 감지
      충돌 결과: 충돌함
      충돌 정보 객체에 추가
    쌍 40: 'Object4' 와 'Object15'
      narrowPhase 실행...
>> checkGJKCollision 시작: Object4 vs Object15
  볼록 껍질 개수: Object4=128, Object15=128
      충돌 감지됨! 충돌 정보 설정 중...
  checkGJKCollision 완료: 충돌 감지
      충돌 결과: 충돌함
      충돌 정보 객체에 추가
    쌍 41: 'Object4' 와 'Object17'
      narrowPhase 실행...
>> checkGJKCollision 시작: Object4 vs Object17
  볼록 껍질 개수: Object4=128, Object17=128
      충돌 감지됨! 충돌 정보 설정 중...
  checkGJKCollision 완료: 충돌 감지
      충돌 결과: 충돌함
      충돌 정보 객체에 추가
    쌍 42: 'Object4' 와 'Object20'
      narrowPhase 실행...
>> checkGJKCollision 시작: Object4 vs Object20
  볼록 껍질 개수: Object4=128, Object20=128
      충돌 감지됨! 충돌 정보 설정 중...
  checkGJKCollision 완료: 충돌 감지
      충돌 결과: 충돌함
      충돌 정보 객체에 추가
    쌍 43: 'Object5' 와 'Object6'
      narrowPhase 실행...
>> checkGJKCollision 시작: Object5 vs Object6
  볼록 껍질 개수: Object5=128, Object6=128
      충돌 감지됨! 충돌 정보 설정 중...
  checkGJKCollision 완료: 충돌 감지
      충돌 결과: 충돌함
      충돌 정보 객체에 추가
    쌍 44: 'Object5' 와 'Object7'
      narrowPhase 실행...
>> checkGJKCollision 시작: Object5 vs Object7
  볼록 껍질 개수: Object5=128, Object7=128
      충돌 감지됨! 충돌 정보 설정 중...
  checkGJKCollision 완료: 충돌 감지
      충돌 결과: 충돌함
      충돌 정보 객체에 추가
    쌍 45: 'Object5' 와 'Object8'
      narrowPhase 실행...
>> checkGJKCollision 시작: Object5 vs Object8
  볼록 껍질 개수: Object5=128, Object8=128
      충돌 감지됨! 충돌 정보 설정 중...
  checkGJKCollision 완료: 충돌 감지
      충돌 결과: 충돌함
      충돌 정보 객체에 추가
    쌍 46: 'Object5' 와 'Object9'
      narrowPhase 실행...
>> checkGJKCollision 시작: Object5 vs Object9
  볼록 껍질 개수: Object5=128, Object9=128
      충돌 감지됨! 충돌 정보 설정 중...
  checkGJKCollision 완료: 충돌 감지
      충돌 결과: 충돌함
      충돌 정보 객체에 추가
    쌍 47: 'Object5' 와 'Object10'
      narrowPhase 실행...
>> checkGJKCollision 시작: Object5 vs Object10
  볼록 껍질 개수: Object5=128, Object10=128
      충돌 감지됨! 충돌 정보 설정 중...
  checkGJKCollision 완료: 충돌 감지
      충돌 결과: 충돌함
      충돌 정보 객체에 추가
    쌍 48: 'Object5' 와 'Object11'
      narrowPhase 실행...
>> checkGJKCollision 시작: Object5 vs Object11
  볼록 껍질 개수: Object5=128, Object11=128
      충돌 감지됨! 충돌 정보 설정 중...
  checkGJKCollision 완료: 충돌 감지
      충돌 결과: 충돌함
      충돌 정보 객체에 추가
    쌍 49: 'Object5' 와 'Object12'
      narrowPhase 실행...
>> checkGJKCollision 시작: Object5 vs Object12
  볼록 껍질 개수: Object5=128, Object12=128
      충돌 감지됨! 충돌 정보 설정 중...
  checkGJKCollision 완료: 충돌 감지
      충돌 결과: 충돌함
      충돌 정보 객체에 추가
    쌍 50: 'Object5' 와 'Object13'
      narrowPhase 실행...
>> checkGJKCollision 시작: Object5 vs Object13
  볼록 껍질 개수: Object5=128, Object13=128
  모든 볼록 껍질 쌍 검사 완료, 충돌 없음
      충돌 결과: 충돌 없음
    쌍 51: 'Object5' 와 'Object14'
      narrowPhase 실행...
>> checkGJKCollision 시작: Object5 vs Object14
  볼록 껍질 개수: Object5=128, Object14=128
      충돌 감지됨! 충돌 정보 설정 중...
  checkGJKCollision 완료: 충돌 감지
      충돌 결과: 충돌함
      충돌 정보 객체에 추가
    쌍 52: 'Object5' 와 'Object15'
      narrowPhase 실행...
>> checkGJKCollision 시작: Object5 vs Object15
  볼록 껍질 개수: Object5=128, Object15=128
      충돌 감지됨! 충돌 정보 설정 중...
  checkGJKCollision 완료: 충돌 감지
      충돌 결과: 충돌함
      충돌 정보 객체에 추가
    쌍 53: 'Object5' 와 'Object17'
      narrowPhase 실행...
>> checkGJKCollision 시작: Object5 vs Object17
  볼록 껍질 개수: Object5=128, Object17=128
      충돌 감지됨! 충돌 정보 설정 중...
  checkGJKCollision 완료: 충돌 감지
      충돌 결과: 충돌함
      충돌 정보 객체에 추가
    쌍 54: 'Object5' 와 'Object20'
      narrowPhase 실행...
>> checkGJKCollision 시작: Object5 vs Object20
  볼록 껍질 개수: Object5=128, Object20=128
      충돌 감지됨! 충돌 정보 설정 중...
  checkGJKCollision 완료: 충돌 감지
      충돌 결과: 충돌함
      충돌 정보 객체에 추가
    쌍 55: 'Object6' 와 'Object7'
      narrowPhase 실행...
>> checkGJKCollision 시작: Object6 vs Object7
  볼록 껍질 개수: Object6=128, Object7=128
      충돌 감지됨! 충돌 정보 설정 중...
  checkGJKCollision 완료: 충돌 감지
      충돌 결과: 충돌함
      충돌 정보 객체에 추가
    쌍 56: 'Object6' 와 'Object8'
      narrowPhase 실행...
>> checkGJKCollision 시작: Object6 vs Object8
  볼록 껍질 개수: Object6=128, Object8=128
      충돌 감지됨! 충돌 정보 설정 중...
  checkGJKCollision 완료: 충돌 감지
      충돌 결과: 충돌함
      충돌 정보 객체에 추가
    쌍 57: 'Object6' 와 'Object9'
      narrowPhase 실행...
>> checkGJKCollision 시작: Object6 vs Object9
  볼록 껍질 개수: Object6=128, Object9=128
      충돌 감지됨! 충돌 정보 설정 중...
  checkGJKCollision 완료: 충돌 감지
      충돌 결과: 충돌함
      충돌 정보 객체에 추가
    쌍 58: 'Object6' 와 'Object10'
      narrowPhase 실행...
>> checkGJKCollision 시작: Object6 vs Object10
  볼록 껍질 개수: Object6=128, Object10=128
      충돌 감지됨! 충돌 정보 설정 중...
  checkGJKCollision 완료: 충돌 감지
      충돌 결과: 충돌함
      충돌 정보 객체에 추가
    쌍 59: 'Object6' 와 'Object11'
      narrowPhase 실행...
>> checkGJKCollision 시작: Object6 vs Object11
  볼록 껍질 개수: Object6=128, Object11=128
      충돌 감지됨! 충돌 정보 설정 중...
  checkGJKCollision 완료: 충돌 감지
      충돌 결과: 충돌함
      충돌 정보 객체에 추가
    쌍 60: 'Object6' 와 'Object12'
      narrowPhase 실행...
>> checkGJKCollision 시작: Object6 vs Object12
  볼록 껍질 개수: Object6=128, Object12=128
      충돌 감지됨! 충돌 정보 설정 중...
  checkGJKCollision 완료: 충돌 감지
      충돌 결과: 충돌함
      충돌 정보 객체에 추가
    쌍 61: 'Object6' 와 'Object13'
      narrowPhase 실행...
>> checkGJKCollision 시작: Object6 vs Object13
  볼록 껍질 개수: Object6=128, Object13=128
  모든 볼록 껍질 쌍 검사 완료, 충돌 없음
      충돌 결과: 충돌 없음
    쌍 62: 'Object6' 와 'Object14'
      narrowPhase 실행...
>> checkGJKCollision 시작: Object6 vs Object14
  볼록 껍질 개수: Object6=128, Object14=128
      충돌 감지됨! 충돌 정보 설정 중...
  checkGJKCollision 완료: 충돌 감지
      충돌 결과: 충돌함
      충돌 정보 객체에 추가
    쌍 63: 'Object6' 와 'Object15'
      narrowPhase 실행...
>> checkGJKCollision 시작: Object6 vs Object15
  볼록 껍질 개수: Object6=128, Object15=128
      충돌 감지됨! 충돌 정보 설정 중...
  checkGJKCollision 완료: 충돌 감지
      충돌 결과: 충돌함
      충돌 정보 객체에 추가
    쌍 64: 'Object6' 와 'Object17'
      narrowPhase 실행...
>> checkGJKCollision 시작: Object6 vs Object17
  볼록 껍질 개수: Object6=128, Object17=128
      충돌 감지됨! 충돌 정보 설정 중...
  checkGJKCollision 완료: 충돌 감지
      충돌 결과: 충돌함
      충돌 정보 객체에 추가
    쌍 65: 'Object6' 와 'Object20'
      narrowPhase 실행...
>> checkGJKCollision 시작: Object6 vs Object20
  볼록 껍질 개수: Object6=128, Object20=128
      충돌 감지됨! 충돌 정보 설정 중...
  checkGJKCollision 완료: 충돌 감지
      충돌 결과: 충돌함
      충돌 정보 객체에 추가
    쌍 66: 'Object7' 와 'Object8'
      narrowPhase 실행...
>> checkGJKCollision 시작: Object7 vs Object8
  볼록 껍질 개수: Object7=128, Object8=128
      충돌 감지됨! 충돌 정보 설정 중...
  checkGJKCollision 완료: 충돌 감지
      충돌 결과: 충돌함
      충돌 정보 객체에 추가
    쌍 67: 'Object7' 와 'Object9'
      narrowPhase 실행...
>> checkGJKCollision 시작: Object7 vs Object9
  볼록 껍질 개수: Object7=128, Object9=128
      충돌 감지됨! 충돌 정보 설정 중...
  checkGJKCollision 완료: 충돌 감지
      충돌 결과: 충돌함
      충돌 정보 객체에 추가
    쌍 68: 'Object7' 와 'Object10'
      narrowPhase 실행...
>> checkGJKCollision 시작: Object7 vs Object10
  볼록 껍질 개수: Object7=128, Object10=128
      충돌 감지됨! 충돌 정보 설정 중...
  checkGJKCollision 완료: 충돌 감지
      충돌 결과: 충돌함
      충돌 정보 객체에 추가
    쌍 69: 'Object7' 와 'Object11'
      narrowPhase 실행...
>> checkGJKCollision 시작: Object7 vs Object11
  볼록 껍질 개수: Object7=128, Object11=128
      충돌 감지됨! 충돌 정보 설정 중...
  checkGJKCollision 완료: 충돌 감지
      충돌 결과: 충돌함
      충돌 정보 객체에 추가
    쌍 70: 'Object7' 와 'Object12'
      narrowPhase 실행...
>> checkGJKCollision 시작: Object7 vs Object12
  볼록 껍질 개수: Object7=128, Object12=128
      충돌 감지됨! 충돌 정보 설정 중...
  checkGJKCollision 완료: 충돌 감지
      충돌 결과: 충돌함
      충돌 정보 객체에 추가
    쌍 71: 'Object7' 와 'Object14'
      narrowPhase 실행...
>> checkGJKCollision 시작: Object7 vs Object14
  볼록 껍질 개수: Object7=128, Object14=128
      충돌 감지됨! 충돌 정보 설정 중...
  checkGJKCollision 완료: 충돌 감지
      충돌 결과: 충돌함
      충돌 정보 객체에 추가
    쌍 72: 'Object7' 와 'Object15'
      narrowPhase 실행...
>> checkGJKCollision 시작: Object7 vs Object15
  볼록 껍질 개수: Object7=128, Object15=128
      충돌 감지됨! 충돌 정보 설정 중...
  checkGJKCollision 완료: 충돌 감지
      충돌 결과: 충돌함
      충돌 정보 객체에 추가
    쌍 73: 'Object7' 와 'Object17'
      narrowPhase 실행...
>> checkGJKCollision 시작: Object7 vs Object17
  볼록 껍질 개수: Object7=128, Object17=128
      충돌 감지됨! 충돌 정보 설정 중...
  checkGJKCollision 완료: 충돌 감지
      충돌 결과: 충돌함
      충돌 정보 객체에 추가
    쌍 74: 'Object7' 와 'Object20'
      narrowPhase 실행...
>> checkGJKCollision 시작: Object7 vs Object20
  볼록 껍질 개수: Object7=128, Object20=128
      충돌 감지됨! 충돌 정보 설정 중...
  checkGJKCollision 완료: 충돌 감지
      충돌 결과: 충돌함
      충돌 정보 객체에 추가
    쌍 75: 'Object8' 와 'Object9'
      narrowPhase 실행...
>> checkGJKCollision 시작: Object8 vs Object9
  볼록 껍질 개수: Object8=128, Object9=128
      충돌 감지됨! 충돌 정보 설정 중...
  checkGJKCollision 완료: 충돌 감지
      충돌 결과: 충돌함
      충돌 정보 객체에 추가
    쌍 76: 'Object8' 와 'Object10'
      narrowPhase 실행...
>> checkGJKCollision 시작: Object8 vs Object10
  볼록 껍질 개수: Object8=128, Object10=128
      충돌 감지됨! 충돌 정보 설정 중...
  checkGJKCollision 완료: 충돌 감지
      충돌 결과: 충돌함
      충돌 정보 객체에 추가
    쌍 77: 'Object8' 와 'Object11'
      narrowPhase 실행...
>> checkGJKCollision 시작: Object8 vs Object11
  볼록 껍질 개수: Object8=128, Object11=128
      충돌 감지됨! 충돌 정보 설정 중...
  checkGJKCollision 완료: 충돌 감지
      충돌 결과: 충돌함
      충돌 정보 객체에 추가
    쌍 78: 'Object8' 와 'Object12'
      narrowPhase 실행...
>> checkGJKCollision 시작: Object8 vs Object12
  볼록 껍질 개수: Object8=128, Object12=128
      충돌 감지됨! 충돌 정보 설정 중...
  checkGJKCollision 완료: 충돌 감지
      충돌 결과: 충돌함
      충돌 정보 객체에 추가
    쌍 79: 'Object8' 와 'Object13'
      narrowPhase 실행...
>> checkGJKCollision 시작: Object8 vs Object13
  볼록 껍질 개수: Object8=128, Object13=128
  모든 볼록 껍질 쌍 검사 완료, 충돌 없음
      충돌 결과: 충돌 없음
    쌍 80: 'Object8' 와 'Object14'
      narrowPhase 실행...
>> checkGJKCollision 시작: Object8 vs Object14
  볼록 껍질 개수: Object8=128, Object14=128
      충돌 감지됨! 충돌 정보 설정 중...
  checkGJKCollision 완료: 충돌 감지
      충돌 결과: 충돌함
      충돌 정보 객체에 추가
    쌍 81: 'Object8' 와 'Object15'
      narrowPhase 실행...
>> checkGJKCollision 시작: Object8 vs Object15
  볼록 껍질 개수: Object8=128, Object15=128
      충돌 감지됨! 충돌 정보 설정 중...
  checkGJKCollision 완료: 충돌 감지
      충돌 결과: 충돌함
      충돌 정보 객체에 추가
    쌍 82: 'Object8' 와 'Object17'
      narrowPhase 실행...
>> checkGJKCollision 시작: Object8 vs Object17
  볼록 껍질 개수: Object8=128, Object17=128
      충돌 감지됨! 충돌 정보 설정 중...
  checkGJKCollision 완료: 충돌 감지
      충돌 결과: 충돌함
      충돌 정보 객체에 추가
    쌍 83: 'Object8' 와 'Object20'
      narrowPhase 실행...
>> checkGJKCollision 시작: Object8 vs Object20
  볼록 껍질 개수: Object8=128, Object20=128
      충돌 감지됨! 충돌 정보 설정 중...
  checkGJKCollision 완료: 충돌 감지
      충돌 결과: 충돌함
      충돌 정보 객체에 추가
    쌍 84: 'Object9' 와 'Object10'
      narrowPhase 실행...
>> checkGJKCollision 시작: Object9 vs Object10
  볼록 껍질 개수: Object9=128, Object10=128
      충돌 감지됨! 충돌 정보 설정 중...
  checkGJKCollision 완료: 충돌 감지
      충돌 결과: 충돌함
      충돌 정보 객체에 추가
    쌍 85: 'Object9' 와 'Object11'
      narrowPhase 실행...
>> checkGJKCollision 시작: Object9 vs Object11
  볼록 껍질 개수: Object9=128, Object11=128
      충돌 감지됨! 충돌 정보 설정 중...
  checkGJKCollision 완료: 충돌 감지
      충돌 결과: 충돌함
      충돌 정보 객체에 추가
    쌍 86: 'Object9' 와 'Object12'
      narrowPhase 실행...
>> checkGJKCollision 시작: Object9 vs Object12
  볼록 껍질 개수: Object9=128, Object12=128
      충돌 감지됨! 충돌 정보 설정 중...
  checkGJKCollision 완료: 충돌 감지
      충돌 결과: 충돌함
      충돌 정보 객체에 추가
    쌍 87: 'Object9' 와 'Object13'
      narrowPhase 실행...
>> checkGJKCollision 시작: Object9 vs Object13
  볼록 껍질 개수: Object9=128, Object13=128
  모든 볼록 껍질 쌍 검사 완료, 충돌 없음
      충돌 결과: 충돌 없음
    쌍 88: 'Object9' 와 'Object14'
      narrowPhase 실행...
>> checkGJKCollision 시작: Object9 vs Object14
  볼록 껍질 개수: Object9=128, Object14=128
      충돌 감지됨! 충돌 정보 설정 중...
  checkGJKCollision 완료: 충돌 감지
      충돌 결과: 충돌함
      충돌 정보 객체에 추가
    쌍 89: 'Object9' 와 'Object15'
      narrowPhase 실행...
>> checkGJKCollision 시작: Object9 vs Object15
  볼록 껍질 개수: Object9=128, Object15=128
      충돌 감지됨! 충돌 정보 설정 중...
  checkGJKCollision 완료: 충돌 감지
      충돌 결과: 충돌함
      충돌 정보 객체에 추가
    쌍 90: 'Object9' 와 'Object17'
      narrowPhase 실행...
>> checkGJKCollision 시작: Object9 vs Object17
  볼록 껍질 개수: Object9=128, Object17=128
      충돌 감지됨! 충돌 정보 설정 중...
  checkGJKCollision 완료: 충돌 감지
      충돌 결과: 충돌함
      충돌 정보 객체에 추가
    쌍 91: 'Object9' 와 'Object20'
      narrowPhase 실행...
>> checkGJKCollision 시작: Object9 vs Object20
  볼록 껍질 개수: Object9=128, Object20=128
      충돌 감지됨! 충돌 정보 설정 중...
  checkGJKCollision 완료: 충돌 감지
      충돌 결과: 충돌함
      충돌 정보 객체에 추가
    쌍 92: 'Object10' 와 'Object11'
      narrowPhase 실행...
>> checkGJKCollision 시작: Object10 vs Object11
  볼록 껍질 개수: Object10=128, Object11=128
      충돌 감지됨! 충돌 정보 설정 중...
  checkGJKCollision 완료: 충돌 감지
      충돌 결과: 충돌함
      충돌 정보 객체에 추가
    쌍 93: 'Object10' 와 'Object12'
      narrowPhase 실행...
>> checkGJKCollision 시작: Object10 vs Object12
  볼록 껍질 개수: Object10=128, Object12=128
      충돌 감지됨! 충돌 정보 설정 중...
  checkGJKCollision 완료: 충돌 감지
      충돌 결과: 충돌함
      충돌 정보 객체에 추가
    쌍 94: 'Object10' 와 'Object13'
      narrowPhase 실행...
>> checkGJKCollision 시작: Object10 vs Object13
  볼록 껍질 개수: Object10=128, Object13=128
  모든 볼록 껍질 쌍 검사 완료, 충돌 없음
      충돌 결과: 충돌 없음
    쌍 95: 'Object10' 와 'Object14'
      narrowPhase 실행...
>> checkGJKCollision 시작: Object10 vs Object14
  볼록 껍질 개수: Object10=128, Object14=128
      충돌 감지됨! 충돌 정보 설정 중...
  checkGJKCollision 완료: 충돌 감지
      충돌 결과: 충돌함
      충돌 정보 객체에 추가
    쌍 96: 'Object10' 와 'Object15'
      narrowPhase 실행...
>> checkGJKCollision 시작: Object10 vs Object15
  볼록 껍질 개수: Object10=128, Object15=128
      충돌 감지됨! 충돌 정보 설정 중...
  checkGJKCollision 완료: 충돌 감지
      충돌 결과: 충돌함
      충돌 정보 객체에 추가
    쌍 97: 'Object10' 와 'Object17'
      narrowPhase 실행...
>> checkGJKCollision 시작: Object10 vs Object17
  볼록 껍질 개수: Object10=128, Object17=128
      충돌 감지됨! 충돌 정보 설정 중...
  checkGJKCollision 완료: 충돌 감지
      충돌 결과: 충돌함
      충돌 정보 객체에 추가
    쌍 98: 'Object10' 와 'Object20'
      narrowPhase 실행...
>> checkGJKCollision 시작: Object10 vs Object20
  볼록 껍질 개수: Object10=128, Object20=128
      충돌 감지됨! 충돌 정보 설정 중...
  checkGJKCollision 완료: 충돌 감지
      충돌 결과: 충돌함
      충돌 정보 객체에 추가
    쌍 99: 'Object11' 와 'Object12'
      narrowPhase 실행...
>> checkGJKCollision 시작: Object11 vs Object12
  볼록 껍질 개수: Object11=128, Object12=128
      충돌 감지됨! 충돌 정보 설정 중...
  checkGJKCollision 완료: 충돌 감지
      충돌 결과: 충돌함
      충돌 정보 객체에 추가
    쌍 100: 'Object11' 와 'Object13'
      narrowPhase 실행...
>> checkGJKCollision 시작: Object11 vs Object13
  볼록 껍질 개수: Object11=128, Object13=128
  모든 볼록 껍질 쌍 검사 완료, 충돌 없음
      충돌 결과: 충돌 없음
    쌍 101: 'Object11' 와 'Object14'
      narrowPhase 실행...
>> checkGJKCollision 시작: Object11 vs Object14
  볼록 껍질 개수: Object11=128, Object14=128
      충돌 감지됨! 충돌 정보 설정 중...
  checkGJKCollision 완료: 충돌 감지
      충돌 결과: 충돌함
      충돌 정보 객체에 추가
    쌍 102: 'Object11' 와 'Object15'
      narrowPhase 실행...
>> checkGJKCollision 시작: Object11 vs Object15
  볼록 껍질 개수: Object11=128, Object15=128
      충돌 감지됨! 충돌 정보 설정 중...
  checkGJKCollision 완료: 충돌 감지
      충돌 결과: 충돌함
      충돌 정보 객체에 추가
    쌍 103: 'Object11' 와 'Object17'
      narrowPhase 실행...
>> checkGJKCollision 시작: Object11 vs Object17
  볼록 껍질 개수: Object11=128, Object17=128
      충돌 감지됨! 충돌 정보 설정 중...
  checkGJKCollision 완료: 충돌 감지
      충돌 결과: 충돌함
      충돌 정보 객체에 추가
    쌍 104: 'Object11' 와 'Object20'
      narrowPhase 실행...
>> checkGJKCollision 시작: Object11 vs Object20
  볼록 껍질 개수: Object11=128, Object20=128
      충돌 감지됨! 충돌 정보 설정 중...
  checkGJKCollision 완료: 충돌 감지
      충돌 결과: 충돌함
      충돌 정보 객체에 추가
    쌍 105: 'Object12' 와 'Object13'
      narrowPhase 실행...
>> checkGJKCollision 시작: Object12 vs Object13
  볼록 껍질 개수: Object12=128, Object13=128
  모든 볼록 껍질 쌍 검사 완료, 충돌 없음
      충돌 결과: 충돌 없음
    쌍 106: 'Object12' 와 'Object14'
      narrowPhase 실행...
>> checkGJKCollision 시작: Object12 vs Object14
  볼록 껍질 개수: Object12=128, Object14=128
      충돌 감지됨! 충돌 정보 설정 중...
  checkGJKCollision 완료: 충돌 감지
      충돌 결과: 충돌함
      충돌 정보 객체에 추가
    쌍 107: 'Object12' 와 'Object15'
      narrowPhase 실행...
>> checkGJKCollision 시작: Object12 vs Object15
  볼록 껍질 개수: Object12=128, Object15=128
      충돌 감지됨! 충돌 정보 설정 중...
  checkGJKCollision 완료: 충돌 감지
      충돌 결과: 충돌함
      충돌 정보 객체에 추가
    쌍 108: 'Object12' 와 'Object17'
      narrowPhase 실행...
>> checkGJKCollision 시작: Object12 vs Object17
  볼록 껍질 개수: Object12=128, Object17=128
      충돌 감지됨! 충돌 정보 설정 중...
  checkGJKCollision 완료: 충돌 감지
      충돌 결과: 충돌함
      충돌 정보 객체에 추가
    쌍 109: 'Object12' 와 'Object20'
      narrowPhase 실행...
>> checkGJKCollision 시작: Object12 vs Object20
  볼록 껍질 개수: Object12=128, Object20=128
      충돌 감지됨! 충돌 정보 설정 중...
  checkGJKCollision 완료: 충돌 감지
      충돌 결과: 충돌함
      충돌 정보 객체에 추가
    쌍 110: 'Object13' 와 'Object14'
      narrowPhase 실행...
>> checkGJKCollision 시작: Object13 vs Object14
  볼록 껍질 개수: Object13=128, Object14=128
  모든 볼록 껍질 쌍 검사 완료, 충돌 없음
      충돌 결과: 충돌 없음
    쌍 111: 'Object13' 와 'Object15'
      narrowPhase 실행...
>> checkGJKCollision 시작: Object13 vs Object15
  볼록 껍질 개수: Object13=128, Object15=128
  모든 볼록 껍질 쌍 검사 완료, 충돌 없음
      충돌 결과: 충돌 없음
    쌍 112: 'Object13' 와 'Object17'
      narrowPhase 실행...
>> checkGJKCollision 시작: Object13 vs Object17
  볼록 껍질 개수: Object13=128, Object17=128
  모든 볼록 껍질 쌍 검사 완료, 충돌 없음
      충돌 결과: 충돌 없음
    쌍 113: 'Object13' 와 'Object20'
      narrowPhase 실행...
>> checkGJKCollision 시작: Object13 vs Object20
  볼록 껍질 개수: Object13=128, Object20=128
  모든 볼록 껍질 쌍 검사 완료, 충돌 없음
      충돌 결과: 충돌 없음
    쌍 114: 'Object14' 와 'Object15'
      narrowPhase 실행...
>> checkGJKCollision 시작: Object14 vs Object15
  볼록 껍질 개수: Object14=128, Object15=128
      충돌 감지됨! 충돌 정보 설정 중...
  checkGJKCollision 완료: 충돌 감지
      충돌 결과: 충돌함
      충돌 정보 객체에 추가
    쌍 115: 'Object14' 와 'Object17'
      narrowPhase 실행...
>> checkGJKCollision 시작: Object14 vs Object17
  볼록 껍질 개수: Object14=128, Object17=128
      충돌 감지됨! 충돌 정보 설정 중...
  checkGJKCollision 완료: 충돌 감지
      충돌 결과: 충돌함
      충돌 정보 객체에 추가
    쌍 116: 'Object14' 와 'Object20'
      narrowPhase 실행...
>> checkGJKCollision 시작: Object14 vs Object20
  볼록 껍질 개수: Object14=128, Object20=128
      충돌 감지됨! 충돌 정보 설정 중...
  checkGJKCollision 완료: 충돌 감지
      충돌 결과: 충돌함
      충돌 정보 객체에 추가
    쌍 117: 'Object15' 와 'Object17'
      narrowPhase 실행...
>> checkGJKCollision 시작: Object15 vs Object17
  볼록 껍질 개수: Object15=128, Object17=128
      충돌 감지됨! 충돌 정보 설정 중...
  checkGJKCollision 완료: 충돌 감지
      충돌 결과: 충돌함
      충돌 정보 객체에 추가
    쌍 118: 'Object15' 와 'Object20'
      narrowPhase 실행...
>> checkGJKCollision 시작: Object15 vs Object20
  볼록 껍질 개수: Object15=128, Object20=128
      충돌 감지됨! 충돌 정보 설정 중...
  checkGJKCollision 완료: 충돌 감지
      충돌 결과: 충돌함
      충돌 정보 객체에 추가
    쌍 119: 'Object17' 와 'Object20'
      narrowPhase 실행...
>> checkGJKCollision 시작: Object17 vs Object20
  볼록 껍질 개수: Object17=128, Object20=128
      충돌 감지됨! 충돌 정보 설정 중...
  checkGJKCollision 완료: 충돌 감지
      충돌 결과: 충돌함
      충돌 정보 객체에 추가
  이전 충돌 상태 정리 중...
  충돌 상태 맵 업데이트
CollisionManager::update() - 완료

--- Frame 96 ---
Object0 position: (-5.297037, 5.650157, -7.062686)
Updating objects...
Object1 position: (0.040158, -0.174017, -0.013386)
Updating objects...
Object2 position: (0.088771, -0.076090, -0.019022)
Updating objects...
Object3 position: (0.011790, -0.027509, 0.055019)
Updating objects...
Object4 position: (0.019022, 0.088771, 0.076090)
Updating objects...
Object5 position: (0.000976, -0.002929, -0.000488)
Updating objects...
Object6 position: (-0.122254, -0.050340, 0.043149)
Updating objects...
Object7 position: (-0.049630, 0.000000, 0.004963)
Updating objects...
Object8 position: (0.000000, 0.073258, -0.019535)
Updating objects...
Object9 position: (-0.057748, 0.086622, 0.115496)
Updating objects...
Object10 position: (0.015205, -0.060820, -0.030410)
Updating objects...
Object11 position: (0.009670, 0.000000, -0.082199)
Updating objects...
Object12 position: (1.403995, 0.578116, 0.825879)
Updating objects...
Object13 position: (0.002806, 0.042086, 0.011223)
Updating objects...
Object14 position: (-0.078686, -0.022482, -0.044963)
Updating objects...
Object15 position: (6.103939, -4.747509, 6.103939)
Updating objects...
Object16 position: (0.001378, 0.007580, 0.004824)
Updating objects...
Object17 position: (-1.814503, 0.213471, 1.387559)
Updating objects...
Object18 position: (1.575790, -5.987998, 6.303162)
Updating objects...
Object19 position: (0.133328, 0.066664, -0.133328)
Updating objects...
Running collision detection...
CollisionManager::update() - 시작 (프레임 96)
  객체 목록 크기: 20
  각 객체의 AABB 업데이트 중...
    객체 'Object1' 업데이트
    객체 'Object2' 업데이트
    객체 'Object3' 업데이트
    객체 'Object4' 업데이트
    객체 'Object5' 업데이트
    객체 'Object6' 업데이트
    객체 'Object7' 업데이트
    객체 'Object8' 업데이트
    객체 'Object9' 업데이트
    객체 'Object10' 업데이트
    객체 'Object11' 업데이트
    객체 'Object12' 업데이트
    객체 'Object13' 업데이트
    객체 'Object14' 업데이트
    객체 'Object15' 업데이트
    객체 'Object16' 업데이트
    객체 'Object17' 업데이트
    객체 'Object18' 업데이트
    객체 'Object19' 업데이트
    객체 'Object20' 업데이트
  대략적 충돌 감지(Broad Phase) 중...
    잠재적 충돌 쌍: 120개
  정밀 충돌 감지(Narrow Phase) 시작...
    쌍 1: 'Object2' 와 'Object3'
      narrowPhase 실행...
>> checkGJKCollision 시작: Object2 vs Object3
  볼록 껍질 개수: Object2=128, Object3=128
      충돌 감지됨! 충돌 정보 설정 중...
  checkGJKCollision 완료: 충돌 감지
      충돌 결과: 충돌함
      충돌 정보 객체에 추가
    쌍 2: 'Object2' 와 'Object4'
      narrowPhase 실행...
>> checkGJKCollision 시작: Object2 vs Object4
  볼록 껍질 개수: Object2=128, Object4=128
      충돌 감지됨! 충돌 정보 설정 중...
  checkGJKCollision 완료: 충돌 감지
      충돌 결과: 충돌함
      충돌 정보 객체에 추가
    쌍 3: 'Object2' 와 'Object5'
      narrowPhase 실행...
>> checkGJKCollision 시작: Object2 vs Object5
  볼록 껍질 개수: Object2=128, Object5=128
      충돌 감지됨! 충돌 정보 설정 중...
  checkGJKCollision 완료: 충돌 감지
      충돌 결과: 충돌함
      충돌 정보 객체에 추가
    쌍 4: 'Object2' 와 'Object6'
      narrowPhase 실행...
>> checkGJKCollision 시작: Object2 vs Object6
  볼록 껍질 개수: Object2=128, Object6=128
      충돌 감지됨! 충돌 정보 설정 중...
  checkGJKCollision 완료: 충돌 감지
      충돌 결과: 충돌함
      충돌 정보 객체에 추가
    쌍 5: 'Object2' 와 'Object7'
      narrowPhase 실행...
>> checkGJKCollision 시작: Object2 vs Object7
  볼록 껍질 개수: Object2=128, Object7=128
      충돌 감지됨! 충돌 정보 설정 중...
  checkGJKCollision 완료: 충돌 감지
      충돌 결과: 충돌함
      충돌 정보 객체에 추가
    쌍 6: 'Object2' 와 'Object8'
      narrowPhase 실행...
>> checkGJKCollision 시작: Object2 vs Object8
  볼록 껍질 개수: Object2=128, Object8=128
      충돌 감지됨! 충돌 정보 설정 중...
  checkGJKCollision 완료: 충돌 감지
      충돌 결과: 충돌함
      충돌 정보 객체에 추가
    쌍 7: 'Object2' 와 'Object9'
      narrowPhase 실행...
>> checkGJKCollision 시작: Object2 vs Object9
  볼록 껍질 개수: Object2=128, Object9=128
      충돌 감지됨! 충돌 정보 설정 중...
  checkGJKCollision 완료: 충돌 감지
      충돌 결과: 충돌함
      충돌 정보 객체에 추가
    쌍 8: 'Object2' 와 'Object10'
      narrowPhase 실행...
>> checkGJKCollision 시작: Object2 vs Object10
  볼록 껍질 개수: Object2=128, Object10=128
      충돌 감지됨! 충돌 정보 설정 중...
  checkGJKCollision 완료: 충돌 감지
      충돌 결과: 충돌함
      충돌 정보 객체에 추가
    쌍 9: 'Object2' 와 'Object11'
      narrowPhase 실행...
>> checkGJKCollision 시작: Object2 vs Object11
  볼록 껍질 개수: Object2=128, Object11=128
      충돌 감지됨! 충돌 정보 설정 중...
  checkGJKCollision 완료: 충돌 감지
      충돌 결과: 충돌함
      충돌 정보 객체에 추가
    쌍 10: 'Object2' 와 'Object12'
      narrowPhase 실행...
>> checkGJKCollision 시작: Object2 vs Object12
  볼록 껍질 개수: Object2=128, Object12=128
      충돌 감지됨! 충돌 정보 설정 중...
  checkGJKCollision 완료: 충돌 감지
      충돌 결과: 충돌함
      충돌 정보 객체에 추가
    쌍 11: 'Object2' 와 'Object13'
      narrowPhase 실행...
>> checkGJKCollision 시작: Object2 vs Object13
  볼록 껍질 개수: Object2=128, Object13=128
  모든 볼록 껍질 쌍 검사 완료, 충돌 없음
      충돌 결과: 충돌 없음
    쌍 12: 'Object2' 와 'Object14'
      narrowPhase 실행...
>> checkGJKCollision 시작: Object2 vs Object14
  볼록 껍질 개수: Object2=128, Object14=128
      충돌 감지됨! 충돌 정보 설정 중...
  checkGJKCollision 완료: 충돌 감지
      충돌 결과: 충돌함
      충돌 정보 객체에 추가
    쌍 13: 'Object2' 와 'Object15'
      narrowPhase 실행...
>> checkGJKCollision 시작: Object2 vs Object15
  볼록 껍질 개수: Object2=128, Object15=128
      충돌 감지됨! 충돌 정보 설정 중...
  checkGJKCollision 완료: 충돌 감지
      충돌 결과: 충돌함
      충돌 정보 객체에 추가
    쌍 14: 'Object2' 와 'Object17'
      narrowPhase 실행...
>> checkGJKCollision 시작: Object2 vs Object17
  볼록 껍질 개수: Object2=128, Object17=128
      충돌 감지됨! 충돌 정보 설정 중...
  checkGJKCollision 완료: 충돌 감지
      충돌 결과: 충돌함
      충돌 정보 객체에 추가
    쌍 15: 'Object2' 와 'Object20'
      narrowPhase 실행...
>> checkGJKCollision 시작: Object2 vs Object20
  볼록 껍질 개수: Object2=128, Object20=128
      충돌 감지됨! 충돌 정보 설정 중...
  checkGJKCollision 완료: 충돌 감지
      충돌 결과: 충돌함
      충돌 정보 객체에 추가
    쌍 16: 'Object3' 와 'Object4'
      narrowPhase 실행...
>> checkGJKCollision 시작: Object3 vs Object4
  볼록 껍질 개수: Object3=128, Object4=128
      충돌 감지됨! 충돌 정보 설정 중...
  checkGJKCollision 완료: 충돌 감지
      충돌 결과: 충돌함
      충돌 정보 객체에 추가
    쌍 17: 'Object3' 와 'Object5'
      narrowPhase 실행...
>> checkGJKCollision 시작: Object3 vs Object5
  볼록 껍질 개수: Object3=128, Object5=128
      충돌 감지됨! 충돌 정보 설정 중...
  checkGJKCollision 완료: 충돌 감지
      충돌 결과: 충돌함
      충돌 정보 객체에 추가
    쌍 18: 'Object3' 와 'Object6'
      narrowPhase 실행...
>> checkGJKCollision 시작: Object3 vs Object6
  볼록 껍질 개수: Object3=128, Object6=128
      충돌 감지됨! 충돌 정보 설정 중...
  checkGJKCollision 완료: 충돌 감지
      충돌 결과: 충돌함
      충돌 정보 객체에 추가
    쌍 19: 'Object3' 와 'Object7'
      narrowPhase 실행...
>> checkGJKCollision 시작: Object3 vs Object7
  볼록 껍질 개수: Object3=128, Object7=128
      충돌 감지됨! 충돌 정보 설정 중...
  checkGJKCollision 완료: 충돌 감지
      충돌 결과: 충돌함
      충돌 정보 객체에 추가
    쌍 20: 'Object3' 와 'Object8'
      narrowPhase 실행...
>> checkGJKCollision 시작: Object3 vs Object8
  볼록 껍질 개수: Object3=128, Object8=128
      충돌 감지됨! 충돌 정보 설정 중...
  checkGJKCollision 완료: 충돌 감지
      충돌 결과: 충돌함
      충돌 정보 객체에 추가
    쌍 21: 'Object3' 와 'Object9'
      narrowPhase 실행...
>> checkGJKCollision 시작: Object3 vs Object9
  볼록 껍질 개수: Object3=128, Object9=128
      충돌 감지됨! 충돌 정보 설정 중...
  checkGJKCollision 완료: 충돌 감지
      충돌 결과: 충돌함
      충돌 정보 객체에 추가
    쌍 22: 'Object3' 와 'Object10'
      narrowPhase 실행...
>> checkGJKCollision 시작: Object3 vs Object10
  볼록 껍질 개수: Object3=128, Object10=128
      충돌 감지됨! 충돌 정보 설정 중...
  checkGJKCollision 완료: 충돌 감지
      충돌 결과: 충돌함
      충돌 정보 객체에 추가
    쌍 23: 'Object3' 와 'Object11'
      narrowPhase 실행...
>> checkGJKCollision 시작: Object3 vs Object11
  볼록 껍질 개수: Object3=128, Object11=128
      충돌 감지됨! 충돌 정보 설정 중...
  checkGJKCollision 완료: 충돌 감지
      충돌 결과: 충돌함
      충돌 정보 객체에 추가
    쌍 24: 'Object3' 와 'Object12'
      narrowPhase 실행...
>> checkGJKCollision 시작: Object3 vs Object12
  볼록 껍질 개수: Object3=128, Object12=128
      충돌 감지됨! 충돌 정보 설정 중...
  checkGJKCollision 완료: 충돌 감지
      충돌 결과: 충돌함
      충돌 정보 객체에 추가
    쌍 25: 'Object3' 와 'Object13'
      narrowPhase 실행...
>> checkGJKCollision 시작: Object3 vs Object13
  볼록 껍질 개수: Object3=128, Object13=128
  모든 볼록 껍질 쌍 검사 완료, 충돌 없음
      충돌 결과: 충돌 없음
    쌍 26: 'Object3' 와 'Object14'
      narrowPhase 실행...
>> checkGJKCollision 시작: Object3 vs Object14
  볼록 껍질 개수: Object3=128, Object14=128
      충돌 감지됨! 충돌 정보 설정 중...
  checkGJKCollision 완료: 충돌 감지
      충돌 결과: 충돌함
      충돌 정보 객체에 추가
    쌍 27: 'Object3' 와 'Object15'
      narrowPhase 실행...
>> checkGJKCollision 시작: Object3 vs Object15
  볼록 껍질 개수: Object3=128, Object15=128
      충돌 감지됨! 충돌 정보 설정 중...
  checkGJKCollision 완료: 충돌 감지
      충돌 결과: 충돌함
      충돌 정보 객체에 추가
    쌍 28: 'Object3' 와 'Object17'
      narrowPhase 실행...
>> checkGJKCollision 시작: Object3 vs Object17
  볼록 껍질 개수: Object3=128, Object17=128
      충돌 감지됨! 충돌 정보 설정 중...
  checkGJKCollision 완료: 충돌 감지
      충돌 결과: 충돌함
      충돌 정보 객체에 추가
    쌍 29: 'Object3' 와 'Object20'
      narrowPhase 실행...
>> checkGJKCollision 시작: Object3 vs Object20
  볼록 껍질 개수: Object3=128, Object20=128
      충돌 감지됨! 충돌 정보 설정 중...
  checkGJKCollision 완료: 충돌 감지
      충돌 결과: 충돌함
      충돌 정보 객체에 추가
    쌍 30: 'Object4' 와 'Object5'
      narrowPhase 실행...
>> checkGJKCollision 시작: Object4 vs Object5
  볼록 껍질 개수: Object4=128, Object5=128
      충돌 감지됨! 충돌 정보 설정 중...
  checkGJKCollision 완료: 충돌 감지
      충돌 결과: 충돌함
      충돌 정보 객체에 추가
    쌍 31: 'Object4' 와 'Object6'
      narrowPhase 실행...
>> checkGJKCollision 시작: Object4 vs Object6
  볼록 껍질 개수: Object4=128, Object6=128
      충돌 감지됨! 충돌 정보 설정 중...
  checkGJKCollision 완료: 충돌 감지
      충돌 결과: 충돌함
      충돌 정보 객체에 추가
    쌍 32: 'Object4' 와 'Object7'
      narrowPhase 실행...
>> checkGJKCollision 시작: Object4 vs Object7
  볼록 껍질 개수: Object4=128, Object7=128
      충돌 감지됨! 충돌 정보 설정 중...
  checkGJKCollision 완료: 충돌 감지
      충돌 결과: 충돌함
      충돌 정보 객체에 추가
    쌍 33: 'Object4' 와 'Object8'
      narrowPhase 실행...
>> checkGJKCollision 시작: Object4 vs Object8
  볼록 껍질 개수: Object4=128, Object8=128
      충돌 감지됨! 충돌 정보 설정 중...
  checkGJKCollision 완료: 충돌 감지
      충돌 결과: 충돌함
      충돌 정보 객체에 추가
    쌍 34: 'Object4' 와 'Object9'
      narrowPhase 실행...
>> checkGJKCollision 시작: Object4 vs Object9
  볼록 껍질 개수: Object4=128, Object9=128
      충돌 감지됨! 충돌 정보 설정 중...
  checkGJKCollision 완료: 충돌 감지
      충돌 결과: 충돌함
      충돌 정보 객체에 추가
    쌍 35: 'Object4' 와 'Object10'
      narrowPhase 실행...
>> checkGJKCollision 시작: Object4 vs Object10
  볼록 껍질 개수: Object4=128, Object10=128
      충돌 감지됨! 충돌 정보 설정 중...
  checkGJKCollision 완료: 충돌 감지
      충돌 결과: 충돌함
      충돌 정보 객체에 추가
    쌍 36: 'Object4' 와 'Object11'
      narrowPhase 실행...
>> checkGJKCollision 시작: Object4 vs Object11
  볼록 껍질 개수: Object4=128, Object11=128
      충돌 감지됨! 충돌 정보 설정 중...
  checkGJKCollision 완료: 충돌 감지
      충돌 결과: 충돌함
      충돌 정보 객체에 추가
    쌍 37: 'Object4' 와 'Object12'
      narrowPhase 실행...
>> checkGJKCollision 시작: Object4 vs Object12
  볼록 껍질 개수: Object4=128, Object12=128
      충돌 감지됨! 충돌 정보 설정 중...
  checkGJKCollision 완료: 충돌 감지
      충돌 결과: 충돌함
      충돌 정보 객체에 추가
    쌍 38: 'Object4' 와 'Object13'
      narrowPhase 실행...
>> checkGJKCollision 시작: Object4 vs Object13
  볼록 껍질 개수: Object4=128, Object13=128
  모든 볼록 껍질 쌍 검사 완료, 충돌 없음
      충돌 결과: 충돌 없음
    쌍 39: 'Object4' 와 'Object14'
      narrowPhase 실행...
>> checkGJKCollision 시작: Object4 vs Object14
  볼록 껍질 개수: Object4=128, Object14=128
      충돌 감지됨! 충돌 정보 설정 중...
  checkGJKCollision 완료: 충돌 감지
      충돌 결과: 충돌함
      충돌 정보 객체에 추가
    쌍 40: 'Object4' 와 'Object15'
      narrowPhase 실행...
>> checkGJKCollision 시작: Object4 vs Object15
  볼록 껍질 개수: Object4=128, Object15=128
      충돌 감지됨! 충돌 정보 설정 중...
  checkGJKCollision 완료: 충돌 감지
      충돌 결과: 충돌함
      충돌 정보 객체에 추가
    쌍 41: 'Object4' 와 'Object17'
      narrowPhase 실행...
>> checkGJKCollision 시작: Object4 vs Object17
  볼록 껍질 개수: Object4=128, Object17=128
      충돌 감지됨! 충돌 정보 설정 중...
  checkGJKCollision 완료: 충돌 감지
      충돌 결과: 충돌함
      충돌 정보 객체에 추가
    쌍 42: 'Object4' 와 'Object20'
      narrowPhase 실행...
>> checkGJKCollision 시작: Object4 vs Object20
  볼록 껍질 개수: Object4=128, Object20=128
      충돌 감지됨! 충돌 정보 설정 중...
  checkGJKCollision 완료: 충돌 감지
      충돌 결과: 충돌함
      충돌 정보 객체에 추가
    쌍 43: 'Object5' 와 'Object6'
      narrowPhase 실행...
>> checkGJKCollision 시작: Object5 vs Object6
  볼록 껍질 개수: Object5=128, Object6=128
      충돌 감지됨! 충돌 정보 설정 중...
  checkGJKCollision 완료: 충돌 감지
      충돌 결과: 충돌함
      충돌 정보 객체에 추가
    쌍 44: 'Object5' 와 'Object7'
      narrowPhase 실행...
>> checkGJKCollision 시작: Object5 vs Object7
  볼록 껍질 개수: Object5=128, Object7=128
      충돌 감지됨! 충돌 정보 설정 중...
  checkGJKCollision 완료: 충돌 감지
      충돌 결과: 충돌함
      충돌 정보 객체에 추가
    쌍 45: 'Object5' 와 'Object8'
      narrowPhase 실행...
>> checkGJKCollision 시작: Object5 vs Object8
  볼록 껍질 개수: Object5=128, Object8=128
      충돌 감지됨! 충돌 정보 설정 중...
  checkGJKCollision 완료: 충돌 감지
      충돌 결과: 충돌함
      충돌 정보 객체에 추가
    쌍 46: 'Object5' 와 'Object9'
      narrowPhase 실행...
>> checkGJKCollision 시작: Object5 vs Object9
  볼록 껍질 개수: Object5=128, Object9=128
      충돌 감지됨! 충돌 정보 설정 중...
  checkGJKCollision 완료: 충돌 감지
      충돌 결과: 충돌함
      충돌 정보 객체에 추가
    쌍 47: 'Object5' 와 'Object10'
      narrowPhase 실행...
>> checkGJKCollision 시작: Object5 vs Object10
  볼록 껍질 개수: Object5=128, Object10=128
      충돌 감지됨! 충돌 정보 설정 중...
  checkGJKCollision 완료: 충돌 감지
      충돌 결과: 충돌함
      충돌 정보 객체에 추가
    쌍 48: 'Object5' 와 'Object11'
      narrowPhase 실행...
>> checkGJKCollision 시작: Object5 vs Object11
  볼록 껍질 개수: Object5=128, Object11=128
      충돌 감지됨! 충돌 정보 설정 중...
  checkGJKCollision 완료: 충돌 감지
      충돌 결과: 충돌함
      충돌 정보 객체에 추가
    쌍 49: 'Object5' 와 'Object12'
      narrowPhase 실행...
>> checkGJKCollision 시작: Object5 vs Object12
  볼록 껍질 개수: Object5=128, Object12=128
      충돌 감지됨! 충돌 정보 설정 중...
  checkGJKCollision 완료: 충돌 감지
      충돌 결과: 충돌함
      충돌 정보 객체에 추가
    쌍 50: 'Object5' 와 'Object13'
      narrowPhase 실행...
>> checkGJKCollision 시작: Object5 vs Object13
  볼록 껍질 개수: Object5=128, Object13=128
  모든 볼록 껍질 쌍 검사 완료, 충돌 없음
      충돌 결과: 충돌 없음
    쌍 51: 'Object5' 와 'Object14'
      narrowPhase 실행...
>> checkGJKCollision 시작: Object5 vs Object14
  볼록 껍질 개수: Object5=128, Object14=128
      충돌 감지됨! 충돌 정보 설정 중...
  checkGJKCollision 완료: 충돌 감지
      충돌 결과: 충돌함
      충돌 정보 객체에 추가
    쌍 52: 'Object5' 와 'Object15'
      narrowPhase 실행...
>> checkGJKCollision 시작: Object5 vs Object15
  볼록 껍질 개수: Object5=128, Object15=128
      충돌 감지됨! 충돌 정보 설정 중...
  checkGJKCollision 완료: 충돌 감지
      충돌 결과: 충돌함
      충돌 정보 객체에 추가
    쌍 53: 'Object5' 와 'Object17'
      narrowPhase 실행...
>> checkGJKCollision 시작: Object5 vs Object17
  볼록 껍질 개수: Object5=128, Object17=128
      충돌 감지됨! 충돌 정보 설정 중...
  checkGJKCollision 완료: 충돌 감지
      충돌 결과: 충돌함
      충돌 정보 객체에 추가
    쌍 54: 'Object5' 와 'Object20'
      narrowPhase 실행...
>> checkGJKCollision 시작: Object5 vs Object20
  볼록 껍질 개수: Object5=128, Object20=128
      충돌 감지됨! 충돌 정보 설정 중...
  checkGJKCollision 완료: 충돌 감지
      충돌 결과: 충돌함
      충돌 정보 객체에 추가
    쌍 55: 'Object6' 와 'Object7'
      narrowPhase 실행...
>> checkGJKCollision 시작: Object6 vs Object7
  볼록 껍질 개수: Object6=128, Object7=128
      충돌 감지됨! 충돌 정보 설정 중...
  checkGJKCollision 완료: 충돌 감지
      충돌 결과: 충돌함
      충돌 정보 객체에 추가
    쌍 56: 'Object6' 와 'Object8'
      narrowPhase 실행...
>> checkGJKCollision 시작: Object6 vs Object8
  볼록 껍질 개수: Object6=128, Object8=128
      충돌 감지됨! 충돌 정보 설정 중...
  checkGJKCollision 완료: 충돌 감지
      충돌 결과: 충돌함
      충돌 정보 객체에 추가
    쌍 57: 'Object6' 와 'Object9'
      narrowPhase 실행...
>> checkGJKCollision 시작: Object6 vs Object9
  볼록 껍질 개수: Object6=128, Object9=128
      충돌 감지됨! 충돌 정보 설정 중...
  checkGJKCollision 완료: 충돌 감지
      충돌 결과: 충돌함
      충돌 정보 객체에 추가
    쌍 58: 'Object6' 와 'Object10'
      narrowPhase 실행...
>> checkGJKCollision 시작: Object6 vs Object10
  볼록 껍질 개수: Object6=128, Object10=128
      충돌 감지됨! 충돌 정보 설정 중...
  checkGJKCollision 완료: 충돌 감지
      충돌 결과: 충돌함
      충돌 정보 객체에 추가
    쌍 59: 'Object6' 와 'Object11'
      narrowPhase 실행...
>> checkGJKCollision 시작: Object6 vs Object11
  볼록 껍질 개수: Object6=128, Object11=128
      충돌 감지됨! 충돌 정보 설정 중...
  checkGJKCollision 완료: 충돌 감지
      충돌 결과: 충돌함
      충돌 정보 객체에 추가
    쌍 60: 'Object6' 와 'Object12'
      narrowPhase 실행...
>> checkGJKCollision 시작: Object6 vs Object12
  볼록 껍질 개수: Object6=128, Object12=128
      충돌 감지됨! 충돌 정보 설정 중...
  checkGJKCollision 완료: 충돌 감지
      충돌 결과: 충돌함
      충돌 정보 객체에 추가
    쌍 61: 'Object6' 와 'Object13'
      narrowPhase 실행...
>> checkGJKCollision 시작: Object6 vs Object13
  볼록 껍질 개수: Object6=128, Object13=128
  모든 볼록 껍질 쌍 검사 완료, 충돌 없음
      충돌 결과: 충돌 없음
    쌍 62: 'Object6' 와 'Object14'
      narrowPhase 실행...
>> checkGJKCollision 시작: Object6 vs Object14
  볼록 껍질 개수: Object6=128, Object14=128
      충돌 감지됨! 충돌 정보 설정 중...
  checkGJKCollision 완료: 충돌 감지
      충돌 결과: 충돌함
      충돌 정보 객체에 추가
    쌍 63: 'Object6' 와 'Object15'
      narrowPhase 실행...
>> checkGJKCollision 시작: Object6 vs Object15
  볼록 껍질 개수: Object6=128, Object15=128
      충돌 감지됨! 충돌 정보 설정 중...
  checkGJKCollision 완료: 충돌 감지
      충돌 결과: 충돌함
      충돌 정보 객체에 추가
    쌍 64: 'Object6' 와 'Object17'
      narrowPhase 실행...
>> checkGJKCollision 시작: Object6 vs Object17
  볼록 껍질 개수: Object6=128, Object17=128
      충돌 감지됨! 충돌 정보 설정 중...
  checkGJKCollision 완료: 충돌 감지
      충돌 결과: 충돌함
      충돌 정보 객체에 추가
    쌍 65: 'Object6' 와 'Object20'
      narrowPhase 실행...
>> checkGJKCollision 시작: Object6 vs Object20
  볼록 껍질 개수: Object6=128, Object20=128
      충돌 감지됨! 충돌 정보 설정 중...
  checkGJKCollision 완료: 충돌 감지
      충돌 결과: 충돌함
      충돌 정보 객체에 추가
    쌍 66: 'Object7' 와 'Object8'
      narrowPhase 실행...
>> checkGJKCollision 시작: Object7 vs Object8
  볼록 껍질 개수: Object7=128, Object8=128
      충돌 감지됨! 충돌 정보 설정 중...
  checkGJKCollision 완료: 충돌 감지
      충돌 결과: 충돌함
      충돌 정보 객체에 추가
    쌍 67: 'Object7' 와 'Object9'
      narrowPhase 실행...
>> checkGJKCollision 시작: Object7 vs Object9
  볼록 껍질 개수: Object7=128, Object9=128
      충돌 감지됨! 충돌 정보 설정 중...
  checkGJKCollision 완료: 충돌 감지
      충돌 결과: 충돌함
      충돌 정보 객체에 추가
    쌍 68: 'Object7' 와 'Object10'
      narrowPhase 실행...
>> checkGJKCollision 시작: Object7 vs Object10
  볼록 껍질 개수: Object7=128, Object10=128
      충돌 감지됨! 충돌 정보 설정 중...
  checkGJKCollision 완료: 충돌 감지
      충돌 결과: 충돌함
      충돌 정보 객체에 추가
    쌍 69: 'Object7' 와 'Object11'
      narrowPhase 실행...
>> checkGJKCollision 시작: Object7 vs Object11
  볼록 껍질 개수: Object7=128, Object11=128
      충돌 감지됨! 충돌 정보 설정 중...
  checkGJKCollision 완료: 충돌 감지
      충돌 결과: 충돌함
      충돌 정보 객체에 추가
    쌍 70: 'Object7' 와 'Object12'
      narrowPhase 실행...
>> checkGJKCollision 시작: Object7 vs Object12
  볼록 껍질 개수: Object7=128, Object12=128
      충돌 감지됨! 충돌 정보 설정 중...
  checkGJKCollision 완료: 충돌 감지
      충돌 결과: 충돌함
      충돌 정보 객체에 추가
    쌍 71: 'Object7' 와 'Object13'
      narrowPhase 실행...
>> checkGJKCollision 시작: Object7 vs Object13
  볼록 껍질 개수: Object7=128, Object13=128
  모든 볼록 껍질 쌍 검사 완료, 충돌 없음
      충돌 결과: 충돌 없음
    쌍 72: 'Object7' 와 'Object14'
      narrowPhase 실행...
>> checkGJKCollision 시작: Object7 vs Object14
  볼록 껍질 개수: Object7=128, Object14=128
      충돌 감지됨! 충돌 정보 설정 중...
  checkGJKCollision 완료: 충돌 감지
      충돌 결과: 충돌함
      충돌 정보 객체에 추가
    쌍 73: 'Object7' 와 'Object15'
      narrowPhase 실행...
>> checkGJKCollision 시작: Object7 vs Object15
  볼록 껍질 개수: Object7=128, Object15=128
      충돌 감지됨! 충돌 정보 설정 중...
  checkGJKCollision 완료: 충돌 감지
      충돌 결과: 충돌함
      충돌 정보 객체에 추가
    쌍 74: 'Object7' 와 'Object17'
      narrowPhase 실행...
>> checkGJKCollision 시작: Object7 vs Object17
  볼록 껍질 개수: Object7=128, Object17=128
      충돌 감지됨! 충돌 정보 설정 중...
  checkGJKCollision 완료: 충돌 감지
      충돌 결과: 충돌함
      충돌 정보 객체에 추가
    쌍 75: 'Object7' 와 'Object20'
      narrowPhase 실행...
>> checkGJKCollision 시작: Object7 vs Object20
  볼록 껍질 개수: Object7=128, Object20=128
      충돌 감지됨! 충돌 정보 설정 중...
  checkGJKCollision 완료: 충돌 감지
      충돌 결과: 충돌함
      충돌 정보 객체에 추가
    쌍 76: 'Object8' 와 'Object9'
      narrowPhase 실행...
>> checkGJKCollision 시작: Object8 vs Object9
  볼록 껍질 개수: Object8=128, Object9=128
      충돌 감지됨! 충돌 정보 설정 중...
  checkGJKCollision 완료: 충돌 감지
      충돌 결과: 충돌함
      충돌 정보 객체에 추가
    쌍 77: 'Object8' 와 'Object10'
      narrowPhase 실행...
>> checkGJKCollision 시작: Object8 vs Object10
  볼록 껍질 개수: Object8=128, Object10=128
      충돌 감지됨! 충돌 정보 설정 중...
  checkGJKCollision 완료: 충돌 감지
      충돌 결과: 충돌함
      충돌 정보 객체에 추가
    쌍 78: 'Object8' 와 'Object11'
      narrowPhase 실행...
>> checkGJKCollision 시작: Object8 vs Object11
  볼록 껍질 개수: Object8=128, Object11=128
      충돌 감지됨! 충돌 정보 설정 중...
  checkGJKCollision 완료: 충돌 감지
      충돌 결과: 충돌함
      충돌 정보 객체에 추가
    쌍 79: 'Object8' 와 'Object12'
      narrowPhase 실행...
>> checkGJKCollision 시작: Object8 vs Object12
  볼록 껍질 개수: Object8=128, Object12=128
      충돌 감지됨! 충돌 정보 설정 중...
  checkGJKCollision 완료: 충돌 감지
      충돌 결과: 충돌함
      충돌 정보 객체에 추가
    쌍 80: 'Object8' 와 'Object13'
      narrowPhase 실행...
>> checkGJKCollision 시작: Object8 vs Object13
  볼록 껍질 개수: Object8=128, Object13=128
  모든 볼록 껍질 쌍 검사 완료, 충돌 없음
      충돌 결과: 충돌 없음
    쌍 81: 'Object8' 와 'Object14'
      narrowPhase 실행...
>> checkGJKCollision 시작: Object8 vs Object14
  볼록 껍질 개수: Object8=128, Object14=128
      충돌 감지됨! 충돌 정보 설정 중...
  checkGJKCollision 완료: 충돌 감지
      충돌 결과: 충돌함
      충돌 정보 객체에 추가
    쌍 82: 'Object8' 와 'Object15'
      narrowPhase 실행...
>> checkGJKCollision 시작: Object8 vs Object15
  볼록 껍질 개수: Object8=128, Object15=128
      충돌 감지됨! 충돌 정보 설정 중...
  checkGJKCollision 완료: 충돌 감지
      충돌 결과: 충돌함
      충돌 정보 객체에 추가
    쌍 83: 'Object8' 와 'Object17'
      narrowPhase 실행...
>> checkGJKCollision 시작: Object8 vs Object17
  볼록 껍질 개수: Object8=128, Object17=128
      충돌 감지됨! 충돌 정보 설정 중...
  checkGJKCollision 완료: 충돌 감지
      충돌 결과: 충돌함
      충돌 정보 객체에 추가
    쌍 84: 'Object8' 와 'Object20'
      narrowPhase 실행...
>> checkGJKCollision 시작: Object8 vs Object20
  볼록 껍질 개수: Object8=128, Object20=128
      충돌 감지됨! 충돌 정보 설정 중...
  checkGJKCollision 완료: 충돌 감지
      충돌 결과: 충돌함
      충돌 정보 객체에 추가
    쌍 85: 'Object9' 와 'Object10'
      narrowPhase 실행...
>> checkGJKCollision 시작: Object9 vs Object10
  볼록 껍질 개수: Object9=128, Object10=128
      충돌 감지됨! 충돌 정보 설정 중...
  checkGJKCollision 완료: 충돌 감지
      충돌 결과: 충돌함
      충돌 정보 객체에 추가
    쌍 86: 'Object9' 와 'Object11'
      narrowPhase 실행...
>> checkGJKCollision 시작: Object9 vs Object11
  볼록 껍질 개수: Object9=128, Object11=128
      충돌 감지됨! 충돌 정보 설정 중...
  checkGJKCollision 완료: 충돌 감지
      충돌 결과: 충돌함
      충돌 정보 객체에 추가
    쌍 87: 'Object9' 와 'Object12'
      narrowPhase 실행...
>> checkGJKCollision 시작: Object9 vs Object12
  볼록 껍질 개수: Object9=128, Object12=128
      충돌 감지됨! 충돌 정보 설정 중...
  checkGJKCollision 완료: 충돌 감지
      충돌 결과: 충돌함
      충돌 정보 객체에 추가
    쌍 88: 'Object9' 와 'Object13'
      narrowPhase 실행...
>> checkGJKCollision 시작: Object9 vs Object13
  볼록 껍질 개수: Object9=128, Object13=128
  모든 볼록 껍질 쌍 검사 완료, 충돌 없음
      충돌 결과: 충돌 없음
    쌍 89: 'Object9' 와 'Object14'
      narrowPhase 실행...
>> checkGJKCollision 시작: Object9 vs Object14
  볼록 껍질 개수: Object9=128, Object14=128
      충돌 감지됨! 충돌 정보 설정 중...
  checkGJKCollision 완료: 충돌 감지
      충돌 결과: 충돌함
      충돌 정보 객체에 추가
    쌍 90: 'Object9' 와 'Object15'
      narrowPhase 실행...
>> checkGJKCollision 시작: Object9 vs Object15
  볼록 껍질 개수: Object9=128, Object15=128
      충돌 감지됨! 충돌 정보 설정 중...
  checkGJKCollision 완료: 충돌 감지
      충돌 결과: 충돌함
      충돌 정보 객체에 추가
    쌍 91: 'Object9' 와 'Object17'
      narrowPhase 실행...
>> checkGJKCollision 시작: Object9 vs Object17
  볼록 껍질 개수: Object9=128, Object17=128
      충돌 감지됨! 충돌 정보 설정 중...
  checkGJKCollision 완료: 충돌 감지
      충돌 결과: 충돌함
      충돌 정보 객체에 추가
    쌍 92: 'Object9' 와 'Object20'
      narrowPhase 실행...
>> checkGJKCollision 시작: Object9 vs Object20
  볼록 껍질 개수: Object9=128, Object20=128
      충돌 감지됨! 충돌 정보 설정 중...
  checkGJKCollision 완료: 충돌 감지
      충돌 결과: 충돌함
      충돌 정보 객체에 추가
    쌍 93: 'Object10' 와 'Object11'
      narrowPhase 실행...
>> checkGJKCollision 시작: Object10 vs Object11
  볼록 껍질 개수: Object10=128, Object11=128
      충돌 감지됨! 충돌 정보 설정 중...
  checkGJKCollision 완료: 충돌 감지
      충돌 결과: 충돌함
      충돌 정보 객체에 추가
    쌍 94: 'Object10' 와 'Object12'
      narrowPhase 실행...
>> checkGJKCollision 시작: Object10 vs Object12
  볼록 껍질 개수: Object10=128, Object12=128
      충돌 감지됨! 충돌 정보 설정 중...
  checkGJKCollision 완료: 충돌 감지
      충돌 결과: 충돌함
      충돌 정보 객체에 추가
    쌍 95: 'Object10' 와 'Object13'
      narrowPhase 실행...
>> checkGJKCollision 시작: Object10 vs Object13
  볼록 껍질 개수: Object10=128, Object13=128
  모든 볼록 껍질 쌍 검사 완료, 충돌 없음
      충돌 결과: 충돌 없음
    쌍 96: 'Object10' 와 'Object14'
      narrowPhase 실행...
>> checkGJKCollision 시작: Object10 vs Object14
  볼록 껍질 개수: Object10=128, Object14=128
      충돌 감지됨! 충돌 정보 설정 중...
  checkGJKCollision 완료: 충돌 감지
      충돌 결과: 충돌함
      충돌 정보 객체에 추가
    쌍 97: 'Object10' 와 'Object15'
      narrowPhase 실행...
>> checkGJKCollision 시작: Object10 vs Object15
  볼록 껍질 개수: Object10=128, Object15=128
      충돌 감지됨! 충돌 정보 설정 중...
  checkGJKCollision 완료: 충돌 감지
      충돌 결과: 충돌함
      충돌 정보 객체에 추가
    쌍 98: 'Object10' 와 'Object17'
      narrowPhase 실행...
>> checkGJKCollision 시작: Object10 vs Object17
  볼록 껍질 개수: Object10=128, Object17=128
      충돌 감지됨! 충돌 정보 설정 중...
  checkGJKCollision 완료: 충돌 감지
      충돌 결과: 충돌함
      충돌 정보 객체에 추가
    쌍 99: 'Object10' 와 'Object20'
      narrowPhase 실행...
>> checkGJKCollision 시작: Object10 vs Object20
  볼록 껍질 개수: Object10=128, Object20=128
      충돌 감지됨! 충돌 정보 설정 중...
  checkGJKCollision 완료: 충돌 감지
      충돌 결과: 충돌함
      충돌 정보 객체에 추가
    쌍 100: 'Object11' 와 'Object12'
      narrowPhase 실행...
>> checkGJKCollision 시작: Object11 vs Object12
  볼록 껍질 개수: Object11=128, Object12=128
      충돌 감지됨! 충돌 정보 설정 중...
  checkGJKCollision 완료: 충돌 감지
      충돌 결과: 충돌함
      충돌 정보 객체에 추가
    쌍 101: 'Object11' 와 'Object13'
      narrowPhase 실행...
>> checkGJKCollision 시작: Object11 vs Object13
  볼록 껍질 개수: Object11=128, Object13=128
  모든 볼록 껍질 쌍 검사 완료, 충돌 없음
      충돌 결과: 충돌 없음
    쌍 102: 'Object11' 와 'Object14'
      narrowPhase 실행...
>> checkGJKCollision 시작: Object11 vs Object14
  볼록 껍질 개수: Object11=128, Object14=128
      충돌 감지됨! 충돌 정보 설정 중...
  checkGJKCollision 완료: 충돌 감지
      충돌 결과: 충돌함
      충돌 정보 객체에 추가
    쌍 103: 'Object11' 와 'Object15'
      narrowPhase 실행...
>> checkGJKCollision 시작: Object11 vs Object15
  볼록 껍질 개수: Object11=128, Object15=128
      충돌 감지됨! 충돌 정보 설정 중...
  checkGJKCollision 완료: 충돌 감지
      충돌 결과: 충돌함
      충돌 정보 객체에 추가
    쌍 104: 'Object11' 와 'Object17'
      narrowPhase 실행...
>> checkGJKCollision 시작: Object11 vs Object17
  볼록 껍질 개수: Object11=128, Object17=128
      충돌 감지됨! 충돌 정보 설정 중...
  checkGJKCollision 완료: 충돌 감지
      충돌 결과: 충돌함
      충돌 정보 객체에 추가
    쌍 105: 'Object11' 와 'Object20'
      narrowPhase 실행...
>> checkGJKCollision 시작: Object11 vs Object20
  볼록 껍질 개수: Object11=128, Object20=128
      충돌 감지됨! 충돌 정보 설정 중...
  checkGJKCollision 완료: 충돌 감지
      충돌 결과: 충돌함
      충돌 정보 객체에 추가
    쌍 106: 'Object12' 와 'Object13'
      narrowPhase 실행...
>> checkGJKCollision 시작: Object12 vs Object13
  볼록 껍질 개수: Object12=128, Object13=128
  모든 볼록 껍질 쌍 검사 완료, 충돌 없음
      충돌 결과: 충돌 없음
    쌍 107: 'Object12' 와 'Object14'
      narrowPhase 실행...
>> checkGJKCollision 시작: Object12 vs Object14
  볼록 껍질 개수: Object12=128, Object14=128
      충돌 감지됨! 충돌 정보 설정 중...
  checkGJKCollision 완료: 충돌 감지
      충돌 결과: 충돌함
      충돌 정보 객체에 추가
    쌍 108: 'Object12' 와 'Object15'
      narrowPhase 실행...
>> checkGJKCollision 시작: Object12 vs Object15
  볼록 껍질 개수: Object12=128, Object15=128
      충돌 감지됨! 충돌 정보 설정 중...
  checkGJKCollision 완료: 충돌 감지
      충돌 결과: 충돌함
      충돌 정보 객체에 추가
    쌍 109: 'Object12' 와 'Object17'
      narrowPhase 실행...
>> checkGJKCollision 시작: Object12 vs Object17
  볼록 껍질 개수: Object12=128, Object17=128
      충돌 감지됨! 충돌 정보 설정 중...
  checkGJKCollision 완료: 충돌 감지
      충돌 결과: 충돌함
      충돌 정보 객체에 추가
    쌍 110: 'Object12' 와 'Object20'
      narrowPhase 실행...
>> checkGJKCollision 시작: Object12 vs Object20
  볼록 껍질 개수: Object12=128, Object20=128
      충돌 감지됨! 충돌 정보 설정 중...
  checkGJKCollision 완료: 충돌 감지
      충돌 결과: 충돌함
      충돌 정보 객체에 추가
    쌍 111: 'Object13' 와 'Object14'
      narrowPhase 실행...
>> checkGJKCollision 시작: Object13 vs Object14
  볼록 껍질 개수: Object13=128, Object14=128
  모든 볼록 껍질 쌍 검사 완료, 충돌 없음
      충돌 결과: 충돌 없음
    쌍 112: 'Object13' 와 'Object15'
      narrowPhase 실행...
>> checkGJKCollision 시작: Object13 vs Object15
  볼록 껍질 개수: Object13=128, Object15=128
  모든 볼록 껍질 쌍 검사 완료, 충돌 없음
      충돌 결과: 충돌 없음
    쌍 113: 'Object13' 와 'Object17'
      narrowPhase 실행...
>> checkGJKCollision 시작: Object13 vs Object17
  볼록 껍질 개수: Object13=128, Object17=128
  모든 볼록 껍질 쌍 검사 완료, 충돌 없음
      충돌 결과: 충돌 없음
    쌍 114: 'Object13' 와 'Object20'
      narrowPhase 실행...
>> checkGJKCollision 시작: Object13 vs Object20
  볼록 껍질 개수: Object13=128, Object20=128
  모든 볼록 껍질 쌍 검사 완료, 충돌 없음
      충돌 결과: 충돌 없음
    쌍 115: 'Object14' 와 'Object15'
      narrowPhase 실행...
>> checkGJKCollision 시작: Object14 vs Object15
  볼록 껍질 개수: Object14=128, Object15=128
      충돌 감지됨! 충돌 정보 설정 중...
  checkGJKCollision 완료: 충돌 감지
      충돌 결과: 충돌함
      충돌 정보 객체에 추가
    쌍 116: 'Object14' 와 'Object17'
      narrowPhase 실행...
>> checkGJKCollision 시작: Object14 vs Object17
  볼록 껍질 개수: Object14=128, Object17=128
      충돌 감지됨! 충돌 정보 설정 중...
  checkGJKCollision 완료: 충돌 감지
      충돌 결과: 충돌함
      충돌 정보 객체에 추가
    쌍 117: 'Object14' 와 'Object20'
      narrowPhase 실행...
>> checkGJKCollision 시작: Object14 vs Object20
  볼록 껍질 개수: Object14=128, Object20=128
      충돌 감지됨! 충돌 정보 설정 중...
  checkGJKCollision 완료: 충돌 감지
      충돌 결과: 충돌함
      충돌 정보 객체에 추가
    쌍 118: 'Object15' 와 'Object17'
      narrowPhase 실행...
>> checkGJKCollision 시작: Object15 vs Object17
  볼록 껍질 개수: Object15=128, Object17=128
      충돌 감지됨! 충돌 정보 설정 중...
  checkGJKCollision 완료: 충돌 감지
      충돌 결과: 충돌함
      충돌 정보 객체에 추가
    쌍 119: 'Object15' 와 'Object20'
      narrowPhase 실행...
>> checkGJKCollision 시작: Object15 vs Object20
  볼록 껍질 개수: Object15=128, Object20=128
      충돌 감지됨! 충돌 정보 설정 중...
  checkGJKCollision 완료: 충돌 감지
      충돌 결과: 충돌함
      충돌 정보 객체에 추가
    쌍 120: 'Object17' 와 'Object20'
      narrowPhase 실행...
>> checkGJKCollision 시작: Object17 vs Object20
  볼록 껍질 개수: Object17=128, Object20=128
      충돌 감지됨! 충돌 정보 설정 중...
  checkGJKCollision 완료: 충돌 감지
      충돌 결과: 충돌함
      충돌 정보 객체에 추가
  이전 충돌 상태 정리 중...
  충돌 상태 맵 업데이트
CollisionManager::update() - 완료

--- Frame 97 ---
Object0 position: (-5.195964, 5.542346, -6.927923)
Updating objects...
Object1 position: (-0.004688, 0.020316, 0.001563)
Updating objects...
Object2 position: (-0.061109, 0.052379, 0.013095)
Updating objects...
Object3 position: (-0.025858, 0.060335, -0.120669)
Updating objects...
Object4 position: (-0.013095, -0.061109, -0.052379)
Updating objects...
Object5 position: (-0.061493, 0.184480, 0.030747)
Updating objects...
Object6 position: (0.053555, 0.022052, -0.018902)
Updating objects...
Object7 position: (0.149378, 0.000000, -0.014938)
Updating objects...
Object8 position: (0.000000, -0.119989, 0.031997)
Updating objects...
Object9 position: (0.016530, -0.024795, -0.033060)
Updating objects...
Object10 position: (-0.028439, 0.113754, 0.056877)
Updating objects...
Object11 position: (-0.013698, 0.000000, 0.116431)
Updating objects...
Object12 position: (1.241537, 0.511222, 0.730316)
Updating objects...
Object13 position: (-0.010051, -0.150761, -0.040203)
Updating objects...
Object14 position: (0.089854, 0.025673, 0.051345)
Updating objects...
Object15 position: (5.980022, -4.651129, 5.980022)
Updating objects...
Object16 position: (-0.028946, -0.159202, -0.101310)
Updating objects...
Object17 position: (-1.656321, 0.194861, 1.266597)
Updating objects...
Object18 position: (1.540122, -5.852457, 6.160486)
Updating objects...
Object19 position: (-0.000005, -0.000002, 0.000005)
Updating objects...
Running collision detection...
CollisionManager::update() - 시작 (프레임 97)
  객체 목록 크기: 20
  각 객체의 AABB 업데이트 중...
    객체 'Object1' 업데이트
    객체 'Object2' 업데이트
    객체 'Object3' 업데이트
    객체 'Object4' 업데이트
    객체 'Object5' 업데이트
    객체 'Object6' 업데이트
    객체 'Object7' 업데이트
    객체 'Object8' 업데이트
    객체 'Object9' 업데이트
    객체 'Object10' 업데이트
    객체 'Object11' 업데이트
    객체 'Object12' 업데이트
    객체 'Object13' 업데이트
    객체 'Object14' 업데이트
    객체 'Object15' 업데이트
    객체 'Object16' 업데이트
    객체 'Object17' 업데이트
    객체 'Object18' 업데이트
    객체 'Object19' 업데이트
    객체 'Object20' 업데이트
  대략적 충돌 감지(Broad Phase) 중...
    잠재적 충돌 쌍: 130개
  정밀 충돌 감지(Narrow Phase) 시작...
    쌍 1: 'Object2' 와 'Object3'
      narrowPhase 실행...
>> checkGJKCollision 시작: Object2 vs Object3
  볼록 껍질 개수: Object2=128, Object3=128
      충돌 감지됨! 충돌 정보 설정 중...
  checkGJKCollision 완료: 충돌 감지
      충돌 결과: 충돌함
      충돌 정보 객체에 추가
    쌍 2: 'Object2' 와 'Object4'
      narrowPhase 실행...
>> checkGJKCollision 시작: Object2 vs Object4
  볼록 껍질 개수: Object2=128, Object4=128
      충돌 감지됨! 충돌 정보 설정 중...
  checkGJKCollision 완료: 충돌 감지
      충돌 결과: 충돌함
      충돌 정보 객체에 추가
    쌍 3: 'Object2' 와 'Object5'
      narrowPhase 실행...
>> checkGJKCollision 시작: Object2 vs Object5
  볼록 껍질 개수: Object2=128, Object5=128
      충돌 감지됨! 충돌 정보 설정 중...
  checkGJKCollision 완료: 충돌 감지
      충돌 결과: 충돌함
      충돌 정보 객체에 추가
    쌍 4: 'Object2' 와 'Object6'
      narrowPhase 실행...
>> checkGJKCollision 시작: Object2 vs Object6
  볼록 껍질 개수: Object2=128, Object6=128
      충돌 감지됨! 충돌 정보 설정 중...
  checkGJKCollision 완료: 충돌 감지
      충돌 결과: 충돌함
      충돌 정보 객체에 추가
    쌍 5: 'Object2' 와 'Object7'
      narrowPhase 실행...
>> checkGJKCollision 시작: Object2 vs Object7
  볼록 껍질 개수: Object2=128, Object7=128
      충돌 감지됨! 충돌 정보 설정 중...
  checkGJKCollision 완료: 충돌 감지
      충돌 결과: 충돌함
      충돌 정보 객체에 추가
    쌍 6: 'Object2' 와 'Object8'
      narrowPhase 실행...
>> checkGJKCollision 시작: Object2 vs Object8
  볼록 껍질 개수: Object2=128, Object8=128
      충돌 감지됨! 충돌 정보 설정 중...
  checkGJKCollision 완료: 충돌 감지
      충돌 결과: 충돌함
      충돌 정보 객체에 추가
    쌍 7: 'Object2' 와 'Object9'
      narrowPhase 실행...
>> checkGJKCollision 시작: Object2 vs Object9
  볼록 껍질 개수: Object2=128, Object9=128
      충돌 감지됨! 충돌 정보 설정 중...
  checkGJKCollision 완료: 충돌 감지
      충돌 결과: 충돌함
      충돌 정보 객체에 추가
    쌍 8: 'Object2' 와 'Object10'
      narrowPhase 실행...
>> checkGJKCollision 시작: Object2 vs Object10
  볼록 껍질 개수: Object2=128, Object10=128
      충돌 감지됨! 충돌 정보 설정 중...
  checkGJKCollision 완료: 충돌 감지
      충돌 결과: 충돌함
      충돌 정보 객체에 추가
    쌍 9: 'Object2' 와 'Object11'
      narrowPhase 실행...
>> checkGJKCollision 시작: Object2 vs Object11
  볼록 껍질 개수: Object2=128, Object11=128
      충돌 감지됨! 충돌 정보 설정 중...
  checkGJKCollision 완료: 충돌 감지
      충돌 결과: 충돌함
      충돌 정보 객체에 추가
    쌍 10: 'Object2' 와 'Object12'
      narrowPhase 실행...
>> checkGJKCollision 시작: Object2 vs Object12
  볼록 껍질 개수: Object2=128, Object12=128
      충돌 감지됨! 충돌 정보 설정 중...
  checkGJKCollision 완료: 충돌 감지
      충돌 결과: 충돌함
      충돌 정보 객체에 추가
    쌍 11: 'Object2' 와 'Object13'
      narrowPhase 실행...
>> checkGJKCollision 시작: Object2 vs Object13
  볼록 껍질 개수: Object2=128, Object13=128
  모든 볼록 껍질 쌍 검사 완료, 충돌 없음
      충돌 결과: 충돌 없음
    쌍 12: 'Object2' 와 'Object14'
      narrowPhase 실행...
>> checkGJKCollision 시작: Object2 vs Object14
  볼록 껍질 개수: Object2=128, Object14=128
      충돌 감지됨! 충돌 정보 설정 중...
  checkGJKCollision 완료: 충돌 감지
      충돌 결과: 충돌함
      충돌 정보 객체에 추가
    쌍 13: 'Object2' 와 'Object15'
      narrowPhase 실행...
>> checkGJKCollision 시작: Object2 vs Object15
  볼록 껍질 개수: Object2=128, Object15=128
      충돌 감지됨! 충돌 정보 설정 중...
  checkGJKCollision 완료: 충돌 감지
      충돌 결과: 충돌함
      충돌 정보 객체에 추가
    쌍 14: 'Object2' 와 'Object17'
      narrowPhase 실행...
>> checkGJKCollision 시작: Object2 vs Object17
  볼록 껍질 개수: Object2=128, Object17=128
      충돌 감지됨! 충돌 정보 설정 중...
  checkGJKCollision 완료: 충돌 감지
      충돌 결과: 충돌함
      충돌 정보 객체에 추가
    쌍 15: 'Object2' 와 'Object18'
      narrowPhase 실행...
>> checkGJKCollision 시작: Object2 vs Object18
  볼록 껍질 개수: Object2=128, Object18=128
  모든 볼록 껍질 쌍 검사 완료, 충돌 없음
      충돌 결과: 충돌 없음
    쌍 16: 'Object2' 와 'Object20'
      narrowPhase 실행...
>> checkGJKCollision 시작: Object2 vs Object20
  볼록 껍질 개수: Object2=128, Object20=128
      충돌 감지됨! 충돌 정보 설정 중...
  checkGJKCollision 완료: 충돌 감지
      충돌 결과: 충돌함
      충돌 정보 객체에 추가
    쌍 17: 'Object3' 와 'Object4'
      narrowPhase 실행...
>> checkGJKCollision 시작: Object3 vs Object4
  볼록 껍질 개수: Object3=128, Object4=128
      충돌 감지됨! 충돌 정보 설정 중...
  checkGJKCollision 완료: 충돌 감지
      충돌 결과: 충돌함
      충돌 정보 객체에 추가
    쌍 18: 'Object3' 와 'Object5'
      narrowPhase 실행...
>> checkGJKCollision 시작: Object3 vs Object5
  볼록 껍질 개수: Object3=128, Object5=128
      충돌 감지됨! 충돌 정보 설정 중...
  checkGJKCollision 완료: 충돌 감지
      충돌 결과: 충돌함
      충돌 정보 객체에 추가
    쌍 19: 'Object3' 와 'Object6'
      narrowPhase 실행...
>> checkGJKCollision 시작: Object3 vs Object6
  볼록 껍질 개수: Object3=128, Object6=128
      충돌 감지됨! 충돌 정보 설정 중...
  checkGJKCollision 완료: 충돌 감지
      충돌 결과: 충돌함
      충돌 정보 객체에 추가
    쌍 20: 'Object3' 와 'Object7'
      narrowPhase 실행...
>> checkGJKCollision 시작: Object3 vs Object7
  볼록 껍질 개수: Object3=128, Object7=128
      충돌 감지됨! 충돌 정보 설정 중...
  checkGJKCollision 완료: 충돌 감지
      충돌 결과: 충돌함
      충돌 정보 객체에 추가
    쌍 21: 'Object3' 와 'Object8'
      narrowPhase 실행...
>> checkGJKCollision 시작: Object3 vs Object8
  볼록 껍질 개수: Object3=128, Object8=128
      충돌 감지됨! 충돌 정보 설정 중...
  checkGJKCollision 완료: 충돌 감지
      충돌 결과: 충돌함
      충돌 정보 객체에 추가
    쌍 22: 'Object3' 와 'Object9'
      narrowPhase 실행...
>> checkGJKCollision 시작: Object3 vs Object9
  볼록 껍질 개수: Object3=128, Object9=128
      충돌 감지됨! 충돌 정보 설정 중...
  checkGJKCollision 완료: 충돌 감지
      충돌 결과: 충돌함
      충돌 정보 객체에 추가
    쌍 23: 'Object3' 와 'Object10'
      narrowPhase 실행...
>> checkGJKCollision 시작: Object3 vs Object10
  볼록 껍질 개수: Object3=128, Object10=128
      충돌 감지됨! 충돌 정보 설정 중...
  checkGJKCollision 완료: 충돌 감지
      충돌 결과: 충돌함
      충돌 정보 객체에 추가
    쌍 24: 'Object3' 와 'Object11'
      narrowPhase 실행...
>> checkGJKCollision 시작: Object3 vs Object11
  볼록 껍질 개수: Object3=128, Object11=128
      충돌 감지됨! 충돌 정보 설정 중...
  checkGJKCollision 완료: 충돌 감지
      충돌 결과: 충돌함
      충돌 정보 객체에 추가
    쌍 25: 'Object3' 와 'Object12'
      narrowPhase 실행...
>> checkGJKCollision 시작: Object3 vs Object12
  볼록 껍질 개수: Object3=128, Object12=128
      충돌 감지됨! 충돌 정보 설정 중...
  checkGJKCollision 완료: 충돌 감지
      충돌 결과: 충돌함
      충돌 정보 객체에 추가
    쌍 26: 'Object3' 와 'Object13'
      narrowPhase 실행...
>> checkGJKCollision 시작: Object3 vs Object13
  볼록 껍질 개수: Object3=128, Object13=128
  모든 볼록 껍질 쌍 검사 완료, 충돌 없음
      충돌 결과: 충돌 없음
    쌍 27: 'Object3' 와 'Object14'
      narrowPhase 실행...
>> checkGJKCollision 시작: Object3 vs Object14
  볼록 껍질 개수: Object3=128, Object14=128
      충돌 감지됨! 충돌 정보 설정 중...
  checkGJKCollision 완료: 충돌 감지
      충돌 결과: 충돌함
      충돌 정보 객체에 추가
    쌍 28: 'Object3' 와 'Object15'
      narrowPhase 실행...
>> checkGJKCollision 시작: Object3 vs Object15
  볼록 껍질 개수: Object3=128, Object15=128
      충돌 감지됨! 충돌 정보 설정 중...
  checkGJKCollision 완료: 충돌 감지
      충돌 결과: 충돌함
      충돌 정보 객체에 추가
    쌍 29: 'Object3' 와 'Object17'
      narrowPhase 실행...
>> checkGJKCollision 시작: Object3 vs Object17
  볼록 껍질 개수: Object3=128, Object17=128
      충돌 감지됨! 충돌 정보 설정 중...
  checkGJKCollision 완료: 충돌 감지
      충돌 결과: 충돌함
      충돌 정보 객체에 추가
    쌍 30: 'Object3' 와 'Object18'
      narrowPhase 실행...
>> checkGJKCollision 시작: Object3 vs Object18
  볼록 껍질 개수: Object3=128, Object18=128
  모든 볼록 껍질 쌍 검사 완료, 충돌 없음
      충돌 결과: 충돌 없음
    쌍 31: 'Object3' 와 'Object20'
      narrowPhase 실행...
>> checkGJKCollision 시작: Object3 vs Object20
  볼록 껍질 개수: Object3=128, Object20=128
      충돌 감지됨! 충돌 정보 설정 중...
  checkGJKCollision 완료: 충돌 감지
      충돌 결과: 충돌함
      충돌 정보 객체에 추가
    쌍 32: 'Object4' 와 'Object5'
      narrowPhase 실행...
>> checkGJKCollision 시작: Object4 vs Object5
  볼록 껍질 개수: Object4=128, Object5=128
      충돌 감지됨! 충돌 정보 설정 중...
  checkGJKCollision 완료: 충돌 감지
      충돌 결과: 충돌함
      충돌 정보 객체에 추가
    쌍 33: 'Object4' 와 'Object6'
      narrowPhase 실행...
>> checkGJKCollision 시작: Object4 vs Object6
  볼록 껍질 개수: Object4=128, Object6=128
      충돌 감지됨! 충돌 정보 설정 중...
  checkGJKCollision 완료: 충돌 감지
      충돌 결과: 충돌함
      충돌 정보 객체에 추가
    쌍 34: 'Object4' 와 'Object7'
      narrowPhase 실행...
>> checkGJKCollision 시작: Object4 vs Object7
  볼록 껍질 개수: Object4=128, Object7=128
      충돌 감지됨! 충돌 정보 설정 중...
  checkGJKCollision 완료: 충돌 감지
      충돌 결과: 충돌함
      충돌 정보 객체에 추가
    쌍 35: 'Object4' 와 'Object8'
      narrowPhase 실행...
>> checkGJKCollision 시작: Object4 vs Object8
  볼록 껍질 개수: Object4=128, Object8=128
      충돌 감지됨! 충돌 정보 설정 중...
  checkGJKCollision 완료: 충돌 감지
      충돌 결과: 충돌함
      충돌 정보 객체에 추가
    쌍 36: 'Object4' 와 'Object9'
      narrowPhase 실행...
>> checkGJKCollision 시작: Object4 vs Object9
  볼록 껍질 개수: Object4=128, Object9=128
      충돌 감지됨! 충돌 정보 설정 중...
  checkGJKCollision 완료: 충돌 감지
      충돌 결과: 충돌함
      충돌 정보 객체에 추가
    쌍 37: 'Object4' 와 'Object10'
      narrowPhase 실행...
>> checkGJKCollision 시작: Object4 vs Object10
  볼록 껍질 개수: Object4=128, Object10=128
      충돌 감지됨! 충돌 정보 설정 중...
  checkGJKCollision 완료: 충돌 감지
      충돌 결과: 충돌함
      충돌 정보 객체에 추가
    쌍 38: 'Object4' 와 'Object11'
      narrowPhase 실행...
>> checkGJKCollision 시작: Object4 vs Object11
  볼록 껍질 개수: Object4=128, Object11=128
      충돌 감지됨! 충돌 정보 설정 중...
  checkGJKCollision 완료: 충돌 감지
      충돌 결과: 충돌함
      충돌 정보 객체에 추가
    쌍 39: 'Object4' 와 'Object12'
      narrowPhase 실행...
>> checkGJKCollision 시작: Object4 vs Object12
  볼록 껍질 개수: Object4=128, Object12=128
      충돌 감지됨! 충돌 정보 설정 중...
  checkGJKCollision 완료: 충돌 감지
      충돌 결과: 충돌함
      충돌 정보 객체에 추가
    쌍 40: 'Object4' 와 'Object13'
      narrowPhase 실행...
>> checkGJKCollision 시작: Object4 vs Object13
  볼록 껍질 개수: Object4=128, Object13=128
  모든 볼록 껍질 쌍 검사 완료, 충돌 없음
      충돌 결과: 충돌 없음
    쌍 41: 'Object4' 와 'Object14'
      narrowPhase 실행...
>> checkGJKCollision 시작: Object4 vs Object14
  볼록 껍질 개수: Object4=128, Object14=128
      충돌 감지됨! 충돌 정보 설정 중...
  checkGJKCollision 완료: 충돌 감지
      충돌 결과: 충돌함
      충돌 정보 객체에 추가
    쌍 42: 'Object4' 와 'Object15'
      narrowPhase 실행...
>> checkGJKCollision 시작: Object4 vs Object15
  볼록 껍질 개수: Object4=128, Object15=128
      충돌 감지됨! 충돌 정보 설정 중...
  checkGJKCollision 완료: 충돌 감지
      충돌 결과: 충돌함
      충돌 정보 객체에 추가
    쌍 43: 'Object4' 와 'Object17'
      narrowPhase 실행...
>> checkGJKCollision 시작: Object4 vs Object17
  볼록 껍질 개수: Object4=128, Object17=128
      충돌 감지됨! 충돌 정보 설정 중...
  checkGJKCollision 완료: 충돌 감지
      충돌 결과: 충돌함
      충돌 정보 객체에 추가
    쌍 44: 'Object4' 와 'Object20'
      narrowPhase 실행...
>> checkGJKCollision 시작: Object4 vs Object20
  볼록 껍질 개수: Object4=128, Object20=128
      충돌 감지됨! 충돌 정보 설정 중...
  checkGJKCollision 완료: 충돌 감지
      충돌 결과: 충돌함
      충돌 정보 객체에 추가
    쌍 45: 'Object5' 와 'Object6'
      narrowPhase 실행...
>> checkGJKCollision 시작: Object5 vs Object6
  볼록 껍질 개수: Object5=128, Object6=128
      충돌 감지됨! 충돌 정보 설정 중...
  checkGJKCollision 완료: 충돌 감지
      충돌 결과: 충돌함
      충돌 정보 객체에 추가
    쌍 46: 'Object5' 와 'Object7'
      narrowPhase 실행...
>> checkGJKCollision 시작: Object5 vs Object7
  볼록 껍질 개수: Object5=128, Object7=128
      충돌 감지됨! 충돌 정보 설정 중...
  checkGJKCollision 완료: 충돌 감지
      충돌 결과: 충돌함
      충돌 정보 객체에 추가
    쌍 47: 'Object5' 와 'Object8'
      narrowPhase 실행...
>> checkGJKCollision 시작: Object5 vs Object8
  볼록 껍질 개수: Object5=128, Object8=128
      충돌 감지됨! 충돌 정보 설정 중...
  checkGJKCollision 완료: 충돌 감지
      충돌 결과: 충돌함
      충돌 정보 객체에 추가
    쌍 48: 'Object5' 와 'Object9'
      narrowPhase 실행...
>> checkGJKCollision 시작: Object5 vs Object9
  볼록 껍질 개수: Object5=128, Object9=128
      충돌 감지됨! 충돌 정보 설정 중...
  checkGJKCollision 완료: 충돌 감지
      충돌 결과: 충돌함
      충돌 정보 객체에 추가
    쌍 49: 'Object5' 와 'Object10'
      narrowPhase 실행...
>> checkGJKCollision 시작: Object5 vs Object10
  볼록 껍질 개수: Object5=128, Object10=128
      충돌 감지됨! 충돌 정보 설정 중...
  checkGJKCollision 완료: 충돌 감지
      충돌 결과: 충돌함
      충돌 정보 객체에 추가
    쌍 50: 'Object5' 와 'Object11'
      narrowPhase 실행...
>> checkGJKCollision 시작: Object5 vs Object11
  볼록 껍질 개수: Object5=128, Object11=128
      충돌 감지됨! 충돌 정보 설정 중...
  checkGJKCollision 완료: 충돌 감지
      충돌 결과: 충돌함
      충돌 정보 객체에 추가
    쌍 51: 'Object5' 와 'Object12'
      narrowPhase 실행...
>> checkGJKCollision 시작: Object5 vs Object12
  볼록 껍질 개수: Object5=128, Object12=128
      충돌 감지됨! 충돌 정보 설정 중...
  checkGJKCollision 완료: 충돌 감지
      충돌 결과: 충돌함
      충돌 정보 객체에 추가
    쌍 52: 'Object5' 와 'Object13'
      narrowPhase 실행...
>> checkGJKCollision 시작: Object5 vs Object13
  볼록 껍질 개수: Object5=128, Object13=128
  모든 볼록 껍질 쌍 검사 완료, 충돌 없음
      충돌 결과: 충돌 없음
    쌍 53: 'Object5' 와 'Object14'
      narrowPhase 실행...
>> checkGJKCollision 시작: Object5 vs Object14
  볼록 껍질 개수: Object5=128, Object14=128
      충돌 감지됨! 충돌 정보 설정 중...
  checkGJKCollision 완료: 충돌 감지
      충돌 결과: 충돌함
      충돌 정보 객체에 추가
    쌍 54: 'Object5' 와 'Object15'
      narrowPhase 실행...
>> checkGJKCollision 시작: Object5 vs Object15
  볼록 껍질 개수: Object5=128, Object15=128
      충돌 감지됨! 충돌 정보 설정 중...
  checkGJKCollision 완료: 충돌 감지
      충돌 결과: 충돌함
      충돌 정보 객체에 추가
    쌍 55: 'Object5' 와 'Object17'
      narrowPhase 실행...
>> checkGJKCollision 시작: Object5 vs Object17
  볼록 껍질 개수: Object5=128, Object17=128
      충돌 감지됨! 충돌 정보 설정 중...
  checkGJKCollision 완료: 충돌 감지
      충돌 결과: 충돌함
      충돌 정보 객체에 추가
    쌍 56: 'Object5' 와 'Object18'
      narrowPhase 실행...
>> checkGJKCollision 시작: Object5 vs Object18
  볼록 껍질 개수: Object5=128, Object18=128
  모든 볼록 껍질 쌍 검사 완료, 충돌 없음
      충돌 결과: 충돌 없음
    쌍 57: 'Object5' 와 'Object20'
      narrowPhase 실행...
>> checkGJKCollision 시작: Object5 vs Object20
  볼록 껍질 개수: Object5=128, Object20=128
      충돌 감지됨! 충돌 정보 설정 중...
  checkGJKCollision 완료: 충돌 감지
      충돌 결과: 충돌함
      충돌 정보 객체에 추가
    쌍 58: 'Object6' 와 'Object7'
      narrowPhase 실행...
>> checkGJKCollision 시작: Object6 vs Object7
  볼록 껍질 개수: Object6=128, Object7=128
      충돌 감지됨! 충돌 정보 설정 중...
  checkGJKCollision 완료: 충돌 감지
      충돌 결과: 충돌함
      충돌 정보 객체에 추가
    쌍 59: 'Object6' 와 'Object8'
      narrowPhase 실행...
>> checkGJKCollision 시작: Object6 vs Object8
  볼록 껍질 개수: Object6=128, Object8=128
      충돌 감지됨! 충돌 정보 설정 중...
  checkGJKCollision 완료: 충돌 감지
      충돌 결과: 충돌함
      충돌 정보 객체에 추가
    쌍 60: 'Object6' 와 'Object9'
      narrowPhase 실행...
>> checkGJKCollision 시작: Object6 vs Object9
  볼록 껍질 개수: Object6=128, Object9=128
      충돌 감지됨! 충돌 정보 설정 중...
  checkGJKCollision 완료: 충돌 감지
      충돌 결과: 충돌함
      충돌 정보 객체에 추가
    쌍 61: 'Object6' 와 'Object10'
      narrowPhase 실행...
>> checkGJKCollision 시작: Object6 vs Object10
  볼록 껍질 개수: Object6=128, Object10=128
      충돌 감지됨! 충돌 정보 설정 중...
  checkGJKCollision 완료: 충돌 감지
      충돌 결과: 충돌함
      충돌 정보 객체에 추가
    쌍 62: 'Object6' 와 'Object11'
      narrowPhase 실행...
>> checkGJKCollision 시작: Object6 vs Object11
  볼록 껍질 개수: Object6=128, Object11=128
      충돌 감지됨! 충돌 정보 설정 중...
  checkGJKCollision 완료: 충돌 감지
      충돌 결과: 충돌함
      충돌 정보 객체에 추가
    쌍 63: 'Object6' 와 'Object12'
      narrowPhase 실행...
>> checkGJKCollision 시작: Object6 vs Object12
  볼록 껍질 개수: Object6=128, Object12=128
      충돌 감지됨! 충돌 정보 설정 중...
  checkGJKCollision 완료: 충돌 감지
      충돌 결과: 충돌함
      충돌 정보 객체에 추가
    쌍 64: 'Object6' 와 'Object13'
      narrowPhase 실행...
>> checkGJKCollision 시작: Object6 vs Object13
  볼록 껍질 개수: Object6=128, Object13=128
  모든 볼록 껍질 쌍 검사 완료, 충돌 없음
      충돌 결과: 충돌 없음
    쌍 65: 'Object6' 와 'Object14'
      narrowPhase 실행...
>> checkGJKCollision 시작: Object6 vs Object14
  볼록 껍질 개수: Object6=128, Object14=128
      충돌 감지됨! 충돌 정보 설정 중...
  checkGJKCollision 완료: 충돌 감지
      충돌 결과: 충돌함
      충돌 정보 객체에 추가
    쌍 66: 'Object6' 와 'Object15'
      narrowPhase 실행...
>> checkGJKCollision 시작: Object6 vs Object15
  볼록 껍질 개수: Object6=128, Object15=128
      충돌 감지됨! 충돌 정보 설정 중...
  checkGJKCollision 완료: 충돌 감지
      충돌 결과: 충돌함
      충돌 정보 객체에 추가
    쌍 67: 'Object6' 와 'Object17'
      narrowPhase 실행...
>> checkGJKCollision 시작: Object6 vs Object17
  볼록 껍질 개수: Object6=128, Object17=128
      충돌 감지됨! 충돌 정보 설정 중...
  checkGJKCollision 완료: 충돌 감지
      충돌 결과: 충돌함
      충돌 정보 객체에 추가
    쌍 68: 'Object6' 와 'Object18'
      narrowPhase 실행...
>> checkGJKCollision 시작: Object6 vs Object18
  볼록 껍질 개수: Object6=128, Object18=128
  모든 볼록 껍질 쌍 검사 완료, 충돌 없음
      충돌 결과: 충돌 없음
    쌍 69: 'Object6' 와 'Object20'
      narrowPhase 실행...
>> checkGJKCollision 시작: Object6 vs Object20
  볼록 껍질 개수: Object6=128, Object20=128
      충돌 감지됨! 충돌 정보 설정 중...
  checkGJKCollision 완료: 충돌 감지
      충돌 결과: 충돌함
      충돌 정보 객체에 추가
    쌍 70: 'Object7' 와 'Object8'
      narrowPhase 실행...
>> checkGJKCollision 시작: Object7 vs Object8
  볼록 껍질 개수: Object7=128, Object8=128
      충돌 감지됨! 충돌 정보 설정 중...
  checkGJKCollision 완료: 충돌 감지
      충돌 결과: 충돌함
      충돌 정보 객체에 추가
    쌍 71: 'Object7' 와 'Object9'
      narrowPhase 실행...
>> checkGJKCollision 시작: Object7 vs Object9
  볼록 껍질 개수: Object7=128, Object9=128
      충돌 감지됨! 충돌 정보 설정 중...
  checkGJKCollision 완료: 충돌 감지
      충돌 결과: 충돌함
      충돌 정보 객체에 추가
    쌍 72: 'Object7' 와 'Object10'
      narrowPhase 실행...
>> checkGJKCollision 시작: Object7 vs Object10
  볼록 껍질 개수: Object7=128, Object10=128
      충돌 감지됨! 충돌 정보 설정 중...
  checkGJKCollision 완료: 충돌 감지
      충돌 결과: 충돌함
      충돌 정보 객체에 추가
    쌍 73: 'Object7' 와 'Object11'
      narrowPhase 실행...
>> checkGJKCollision 시작: Object7 vs Object11
  볼록 껍질 개수: Object7=128, Object11=128
      충돌 감지됨! 충돌 정보 설정 중...
  checkGJKCollision 완료: 충돌 감지
      충돌 결과: 충돌함
      충돌 정보 객체에 추가
    쌍 74: 'Object7' 와 'Object12'
      narrowPhase 실행...
>> checkGJKCollision 시작: Object7 vs Object12
  볼록 껍질 개수: Object7=128, Object12=128
      충돌 감지됨! 충돌 정보 설정 중...
  checkGJKCollision 완료: 충돌 감지
      충돌 결과: 충돌함
      충돌 정보 객체에 추가
    쌍 75: 'Object7' 와 'Object13'
      narrowPhase 실행...
>> checkGJKCollision 시작: Object7 vs Object13
  볼록 껍질 개수: Object7=128, Object13=128
  모든 볼록 껍질 쌍 검사 완료, 충돌 없음
      충돌 결과: 충돌 없음
    쌍 76: 'Object7' 와 'Object14'
      narrowPhase 실행...
>> checkGJKCollision 시작: Object7 vs Object14
  볼록 껍질 개수: Object7=128, Object14=128
      충돌 감지됨! 충돌 정보 설정 중...
  checkGJKCollision 완료: 충돌 감지
      충돌 결과: 충돌함
      충돌 정보 객체에 추가
    쌍 77: 'Object7' 와 'Object15'
      narrowPhase 실행...
>> checkGJKCollision 시작: Object7 vs Object15
  볼록 껍질 개수: Object7=128, Object15=128
      충돌 감지됨! 충돌 정보 설정 중...
  checkGJKCollision 완료: 충돌 감지
      충돌 결과: 충돌함
      충돌 정보 객체에 추가
    쌍 78: 'Object7' 와 'Object17'
      narrowPhase 실행...
>> checkGJKCollision 시작: Object7 vs Object17
  볼록 껍질 개수: Object7=128, Object17=128
      충돌 감지됨! 충돌 정보 설정 중...
  checkGJKCollision 완료: 충돌 감지
      충돌 결과: 충돌함
      충돌 정보 객체에 추가
    쌍 79: 'Object7' 와 'Object20'
      narrowPhase 실행...
>> checkGJKCollision 시작: Object7 vs Object20
  볼록 껍질 개수: Object7=128, Object20=128
      충돌 감지됨! 충돌 정보 설정 중...
  checkGJKCollision 완료: 충돌 감지
      충돌 결과: 충돌함
      충돌 정보 객체에 추가
    쌍 80: 'Object8' 와 'Object9'
      narrowPhase 실행...
>> checkGJKCollision 시작: Object8 vs Object9
  볼록 껍질 개수: Object8=128, Object9=128
      충돌 감지됨! 충돌 정보 설정 중...
  checkGJKCollision 완료: 충돌 감지
      충돌 결과: 충돌함
      충돌 정보 객체에 추가
    쌍 81: 'Object8' 와 'Object10'
      narrowPhase 실행...
>> checkGJKCollision 시작: Object8 vs Object10
  볼록 껍질 개수: Object8=128, Object10=128
      충돌 감지됨! 충돌 정보 설정 중...
  checkGJKCollision 완료: 충돌 감지
      충돌 결과: 충돌함
      충돌 정보 객체에 추가
    쌍 82: 'Object8' 와 'Object11'
      narrowPhase 실행...
>> checkGJKCollision 시작: Object8 vs Object11
  볼록 껍질 개수: Object8=128, Object11=128
      충돌 감지됨! 충돌 정보 설정 중...
  checkGJKCollision 완료: 충돌 감지
      충돌 결과: 충돌함
      충돌 정보 객체에 추가
    쌍 83: 'Object8' 와 'Object12'
      narrowPhase 실행...
>> checkGJKCollision 시작: Object8 vs Object12
  볼록 껍질 개수: Object8=128, Object12=128
      충돌 감지됨! 충돌 정보 설정 중...
  checkGJKCollision 완료: 충돌 감지
      충돌 결과: 충돌함
      충돌 정보 객체에 추가
    쌍 84: 'Object8' 와 'Object13'
      narrowPhase 실행...
>> checkGJKCollision 시작: Object8 vs Object13
  볼록 껍질 개수: Object8=128, Object13=128
  모든 볼록 껍질 쌍 검사 완료, 충돌 없음
      충돌 결과: 충돌 없음
    쌍 85: 'Object8' 와 'Object14'
      narrowPhase 실행...
>> checkGJKCollision 시작: Object8 vs Object14
  볼록 껍질 개수: Object8=128, Object14=128
      충돌 감지됨! 충돌 정보 설정 중...
  checkGJKCollision 완료: 충돌 감지
      충돌 결과: 충돌함
      충돌 정보 객체에 추가
    쌍 86: 'Object8' 와 'Object15'
      narrowPhase 실행...
>> checkGJKCollision 시작: Object8 vs Object15
  볼록 껍질 개수: Object8=128, Object15=128
      충돌 감지됨! 충돌 정보 설정 중...
  checkGJKCollision 완료: 충돌 감지
      충돌 결과: 충돌함
      충돌 정보 객체에 추가
    쌍 87: 'Object8' 와 'Object17'
      narrowPhase 실행...
>> checkGJKCollision 시작: Object8 vs Object17
  볼록 껍질 개수: Object8=128, Object17=128
      충돌 감지됨! 충돌 정보 설정 중...
  checkGJKCollision 완료: 충돌 감지
      충돌 결과: 충돌함
      충돌 정보 객체에 추가
    쌍 88: 'Object8' 와 'Object20'
      narrowPhase 실행...
>> checkGJKCollision 시작: Object8 vs Object20
  볼록 껍질 개수: Object8=128, Object20=128
      충돌 감지됨! 충돌 정보 설정 중...
  checkGJKCollision 완료: 충돌 감지
      충돌 결과: 충돌함
      충돌 정보 객체에 추가
    쌍 89: 'Object9' 와 'Object10'
      narrowPhase 실행...
>> checkGJKCollision 시작: Object9 vs Object10
  볼록 껍질 개수: Object9=128, Object10=128
      충돌 감지됨! 충돌 정보 설정 중...
  checkGJKCollision 완료: 충돌 감지
      충돌 결과: 충돌함
      충돌 정보 객체에 추가
    쌍 90: 'Object9' 와 'Object11'
      narrowPhase 실행...
>> checkGJKCollision 시작: Object9 vs Object11
  볼록 껍질 개수: Object9=128, Object11=128
      충돌 감지됨! 충돌 정보 설정 중...
  checkGJKCollision 완료: 충돌 감지
      충돌 결과: 충돌함
      충돌 정보 객체에 추가
    쌍 91: 'Object9' 와 'Object12'
      narrowPhase 실행...
>> checkGJKCollision 시작: Object9 vs Object12
  볼록 껍질 개수: Object9=128, Object12=128
      충돌 감지됨! 충돌 정보 설정 중...
  checkGJKCollision 완료: 충돌 감지
      충돌 결과: 충돌함
      충돌 정보 객체에 추가
    쌍 92: 'Object9' 와 'Object13'
      narrowPhase 실행...
>> checkGJKCollision 시작: Object9 vs Object13
  볼록 껍질 개수: Object9=128, Object13=128
  모든 볼록 껍질 쌍 검사 완료, 충돌 없음
      충돌 결과: 충돌 없음
    쌍 93: 'Object9' 와 'Object14'
      narrowPhase 실행...
>> checkGJKCollision 시작: Object9 vs Object14
  볼록 껍질 개수: Object9=128, Object14=128
      충돌 감지됨! 충돌 정보 설정 중...
  checkGJKCollision 완료: 충돌 감지
      충돌 결과: 충돌함
      충돌 정보 객체에 추가
    쌍 94: 'Object9' 와 'Object15'
      narrowPhase 실행...
>> checkGJKCollision 시작: Object9 vs Object15
  볼록 껍질 개수: Object9=128, Object15=128
      충돌 감지됨! 충돌 정보 설정 중...
  checkGJKCollision 완료: 충돌 감지
      충돌 결과: 충돌함
      충돌 정보 객체에 추가
    쌍 95: 'Object9' 와 'Object17'
      narrowPhase 실행...
>> checkGJKCollision 시작: Object9 vs Object17
  볼록 껍질 개수: Object9=128, Object17=128
      충돌 감지됨! 충돌 정보 설정 중...
  checkGJKCollision 완료: 충돌 감지
      충돌 결과: 충돌함
      충돌 정보 객체에 추가
    쌍 96: 'Object9' 와 'Object18'
      narrowPhase 실행...
>> checkGJKCollision 시작: Object9 vs Object18
  볼록 껍질 개수: Object9=128, Object18=128
  모든 볼록 껍질 쌍 검사 완료, 충돌 없음
      충돌 결과: 충돌 없음
    쌍 97: 'Object9' 와 'Object20'
      narrowPhase 실행...
>> checkGJKCollision 시작: Object9 vs Object20
  볼록 껍질 개수: Object9=128, Object20=128
      충돌 감지됨! 충돌 정보 설정 중...
  checkGJKCollision 완료: 충돌 감지
      충돌 결과: 충돌함
      충돌 정보 객체에 추가
    쌍 98: 'Object10' 와 'Object11'
      narrowPhase 실행...
>> checkGJKCollision 시작: Object10 vs Object11
  볼록 껍질 개수: Object10=128, Object11=128
      충돌 감지됨! 충돌 정보 설정 중...
  checkGJKCollision 완료: 충돌 감지
      충돌 결과: 충돌함
      충돌 정보 객체에 추가
    쌍 99: 'Object10' 와 'Object12'
      narrowPhase 실행...
>> checkGJKCollision 시작: Object10 vs Object12
  볼록 껍질 개수: Object10=128, Object12=128
      충돌 감지됨! 충돌 정보 설정 중...
  checkGJKCollision 완료: 충돌 감지
      충돌 결과: 충돌함
      충돌 정보 객체에 추가
    쌍 100: 'Object10' 와 'Object13'
      narrowPhase 실행...
>> checkGJKCollision 시작: Object10 vs Object13
  볼록 껍질 개수: Object10=128, Object13=128
  모든 볼록 껍질 쌍 검사 완료, 충돌 없음
      충돌 결과: 충돌 없음
    쌍 101: 'Object10' 와 'Object14'
      narrowPhase 실행...
>> checkGJKCollision 시작: Object10 vs Object14
  볼록 껍질 개수: Object10=128, Object14=128
      충돌 감지됨! 충돌 정보 설정 중...
  checkGJKCollision 완료: 충돌 감지
      충돌 결과: 충돌함
      충돌 정보 객체에 추가
    쌍 102: 'Object10' 와 'Object15'
      narrowPhase 실행...
>> checkGJKCollision 시작: Object10 vs Object15
  볼록 껍질 개수: Object10=128, Object15=128
      충돌 감지됨! 충돌 정보 설정 중...
  checkGJKCollision 완료: 충돌 감지
      충돌 결과: 충돌함
      충돌 정보 객체에 추가
    쌍 103: 'Object10' 와 'Object17'
      narrowPhase 실행...
>> checkGJKCollision 시작: Object10 vs Object17
  볼록 껍질 개수: Object10=128, Object17=128
      충돌 감지됨! 충돌 정보 설정 중...
  checkGJKCollision 완료: 충돌 감지
      충돌 결과: 충돌함
      충돌 정보 객체에 추가
    쌍 104: 'Object10' 와 'Object18'
      narrowPhase 실행...
>> checkGJKCollision 시작: Object10 vs Object18
  볼록 껍질 개수: Object10=128, Object18=128
  모든 볼록 껍질 쌍 검사 완료, 충돌 없음
      충돌 결과: 충돌 없음
    쌍 105: 'Object10' 와 'Object20'
      narrowPhase 실행...
>> checkGJKCollision 시작: Object10 vs Object20
  볼록 껍질 개수: Object10=128, Object20=128
      충돌 감지됨! 충돌 정보 설정 중...
  checkGJKCollision 완료: 충돌 감지
      충돌 결과: 충돌함
      충돌 정보 객체에 추가
    쌍 106: 'Object11' 와 'Object12'
      narrowPhase 실행...
>> checkGJKCollision 시작: Object11 vs Object12
  볼록 껍질 개수: Object11=128, Object12=128
      충돌 감지됨! 충돌 정보 설정 중...
  checkGJKCollision 완료: 충돌 감지
      충돌 결과: 충돌함
      충돌 정보 객체에 추가
    쌍 107: 'Object11' 와 'Object13'
      narrowPhase 실행...
>> checkGJKCollision 시작: Object11 vs Object13
  볼록 껍질 개수: Object11=128, Object13=128
  모든 볼록 껍질 쌍 검사 완료, 충돌 없음
      충돌 결과: 충돌 없음
    쌍 108: 'Object11' 와 'Object14'
      narrowPhase 실행...
>> checkGJKCollision 시작: Object11 vs Object14
  볼록 껍질 개수: Object11=128, Object14=128
      충돌 감지됨! 충돌 정보 설정 중...
  checkGJKCollision 완료: 충돌 감지
      충돌 결과: 충돌함
      충돌 정보 객체에 추가
    쌍 109: 'Object11' 와 'Object15'
      narrowPhase 실행...
>> checkGJKCollision 시작: Object11 vs Object15
  볼록 껍질 개수: Object11=128, Object15=128
      충돌 감지됨! 충돌 정보 설정 중...
  checkGJKCollision 완료: 충돌 감지
      충돌 결과: 충돌함
      충돌 정보 객체에 추가
    쌍 110: 'Object11' 와 'Object17'
      narrowPhase 실행...
>> checkGJKCollision 시작: Object11 vs Object17
  볼록 껍질 개수: Object11=128, Object17=128
      충돌 감지됨! 충돌 정보 설정 중...
  checkGJKCollision 완료: 충돌 감지
      충돌 결과: 충돌함
      충돌 정보 객체에 추가
    쌍 111: 'Object11' 와 'Object18'
      narrowPhase 실행...
>> checkGJKCollision 시작: Object11 vs Object18
  볼록 껍질 개수: Object11=128, Object18=128
  모든 볼록 껍질 쌍 검사 완료, 충돌 없음
      충돌 결과: 충돌 없음
    쌍 112: 'Object11' 와 'Object20'
      narrowPhase 실행...
>> checkGJKCollision 시작: Object11 vs Object20
  볼록 껍질 개수: Object11=128, Object20=128
      충돌 감지됨! 충돌 정보 설정 중...
  checkGJKCollision 완료: 충돌 감지
      충돌 결과: 충돌함
      충돌 정보 객체에 추가
    쌍 113: 'Object12' 와 'Object13'
      narrowPhase 실행...
>> checkGJKCollision 시작: Object12 vs Object13
  볼록 껍질 개수: Object12=128, Object13=128
  모든 볼록 껍질 쌍 검사 완료, 충돌 없음
      충돌 결과: 충돌 없음
    쌍 114: 'Object12' 와 'Object14'
      narrowPhase 실행...
>> checkGJKCollision 시작: Object12 vs Object14
  볼록 껍질 개수: Object12=128, Object14=128
      충돌 감지됨! 충돌 정보 설정 중...
  checkGJKCollision 완료: 충돌 감지
      충돌 결과: 충돌함
      충돌 정보 객체에 추가
    쌍 115: 'Object12' 와 'Object15'
      narrowPhase 실행...
>> checkGJKCollision 시작: Object12 vs Object15
  볼록 껍질 개수: Object12=128, Object15=128
      충돌 감지됨! 충돌 정보 설정 중...
  checkGJKCollision 완료: 충돌 감지
      충돌 결과: 충돌함
      충돌 정보 객체에 추가
    쌍 116: 'Object12' 와 'Object17'
      narrowPhase 실행...
>> checkGJKCollision 시작: Object12 vs Object17
  볼록 껍질 개수: Object12=128, Object17=128
      충돌 감지됨! 충돌 정보 설정 중...
  checkGJKCollision 완료: 충돌 감지
      충돌 결과: 충돌함
      충돌 정보 객체에 추가
    쌍 117: 'Object12' 와 'Object18'
      narrowPhase 실행...
>> checkGJKCollision 시작: Object12 vs Object18
  볼록 껍질 개수: Object12=128, Object18=128
  모든 볼록 껍질 쌍 검사 완료, 충돌 없음
      충돌 결과: 충돌 없음
    쌍 118: 'Object12' 와 'Object20'
      narrowPhase 실행...
>> checkGJKCollision 시작: Object12 vs Object20
  볼록 껍질 개수: Object12=128, Object20=128
      충돌 감지됨! 충돌 정보 설정 중...
  checkGJKCollision 완료: 충돌 감지
      충돌 결과: 충돌함
      충돌 정보 객체에 추가
    쌍 119: 'Object13' 와 'Object14'
      narrowPhase 실행...
>> checkGJKCollision 시작: Object13 vs Object14
  볼록 껍질 개수: Object13=128, Object14=128
  모든 볼록 껍질 쌍 검사 완료, 충돌 없음
      충돌 결과: 충돌 없음
    쌍 120: 'Object13' 와 'Object15'
      narrowPhase 실행...
>> checkGJKCollision 시작: Object13 vs Object15
  볼록 껍질 개수: Object13=128, Object15=128
  모든 볼록 껍질 쌍 검사 완료, 충돌 없음
      충돌 결과: 충돌 없음
    쌍 121: 'Object13' 와 'Object17'
      narrowPhase 실행...
>> checkGJKCollision 시작: Object13 vs Object17
  볼록 껍질 개수: Object13=128, Object17=128
  모든 볼록 껍질 쌍 검사 완료, 충돌 없음
      충돌 결과: 충돌 없음
    쌍 122: 'Object13' 와 'Object20'
      narrowPhase 실행...
>> checkGJKCollision 시작: Object13 vs Object20
  볼록 껍질 개수: Object13=128, Object20=128
  모든 볼록 껍질 쌍 검사 완료, 충돌 없음
      충돌 결과: 충돌 없음
    쌍 123: 'Object14' 와 'Object15'
      narrowPhase 실행...
>> checkGJKCollision 시작: Object14 vs Object15
  볼록 껍질 개수: Object14=128, Object15=128
      충돌 감지됨! 충돌 정보 설정 중...
  checkGJKCollision 완료: 충돌 감지
      충돌 결과: 충돌함
      충돌 정보 객체에 추가
    쌍 124: 'Object14' 와 'Object17'
      narrowPhase 실행...
>> checkGJKCollision 시작: Object14 vs Object17
  볼록 껍질 개수: Object14=128, Object17=128
      충돌 감지됨! 충돌 정보 설정 중...
  checkGJKCollision 완료: 충돌 감지
      충돌 결과: 충돌함
      충돌 정보 객체에 추가
    쌍 125: 'Object14' 와 'Object18'
      narrowPhase 실행...
>> checkGJKCollision 시작: Object14 vs Object18
  볼록 껍질 개수: Object14=128, Object18=128
  모든 볼록 껍질 쌍 검사 완료, 충돌 없음
      충돌 결과: 충돌 없음
    쌍 126: 'Object14' 와 'Object20'
      narrowPhase 실행...
>> checkGJKCollision 시작: Object14 vs Object20
  볼록 껍질 개수: Object14=128, Object20=128
      충돌 감지됨! 충돌 정보 설정 중...
  checkGJKCollision 완료: 충돌 감지
      충돌 결과: 충돌함
      충돌 정보 객체에 추가
    쌍 127: 'Object15' 와 'Object17'
      narrowPhase 실행...
>> checkGJKCollision 시작: Object15 vs Object17
  볼록 껍질 개수: Object15=128, Object17=128
      충돌 감지됨! 충돌 정보 설정 중...
  checkGJKCollision 완료: 충돌 감지
      충돌 결과: 충돌함
      충돌 정보 객체에 추가
    쌍 128: 'Object15' 와 'Object20'
      narrowPhase 실행...
>> checkGJKCollision 시작: Object15 vs Object20
  볼록 껍질 개수: Object15=128, Object20=128
      충돌 감지됨! 충돌 정보 설정 중...
  checkGJKCollision 완료: 충돌 감지
      충돌 결과: 충돌함
      충돌 정보 객체에 추가
    쌍 129: 'Object17' 와 'Object20'
      narrowPhase 실행...
>> checkGJKCollision 시작: Object17 vs Object20
  볼록 껍질 개수: Object17=128, Object20=128
      충돌 감지됨! 충돌 정보 설정 중...
  checkGJKCollision 완료: 충돌 감지
      충돌 결과: 충돌함
      충돌 정보 객체에 추가
    쌍 130: 'Object18' 와 'Object20'
      narrowPhase 실행...
>> checkGJKCollision 시작: Object18 vs Object20
  볼록 껍질 개수: Object18=128, Object20=128
  모든 볼록 껍질 쌍 검사 완료, 충돌 없음
      충돌 결과: 충돌 없음
  이전 충돌 상태 정리 중...
  충돌 상태 맵 업데이트
CollisionManager::update() - 완료

--- Frame 98 ---
Object0 position: (-5.094891, 5.434536, -6.793160)
Updating objects...
Object1 position: (0.040158, -0.174017, -0.013386)
Updating objects...
Object2 position: (0.088771, -0.076090, -0.019022)
Updating objects...
Object3 position: (0.011790, -0.027509, 0.055019)
Updating objects...
Object4 position: (0.019022, 0.088771, 0.076090)
Updating objects...
Object5 position: (0.000976, -0.002929, -0.000488)
Updating objects...
Object6 position: (-0.122254, -0.050340, 0.043149)
Updating objects...
Object7 position: (-0.049630, 0.000000, 0.004963)
Updating objects...
Object8 position: (0.000000, 0.073258, -0.019535)
Updating objects...
Object9 position: (-0.057748, 0.086622, 0.115496)
Updating objects...
Object10 position: (0.015205, -0.060820, -0.030410)
Updating objects...
Object11 position: (0.009670, 0.000000, -0.082199)
Updating objects...
Object12 position: (1.079078, 0.444327, 0.634752)
Updating objects...
Object13 position: (0.002806, 0.042086, 0.011223)
Updating objects...
Object14 position: (-0.078686, -0.022482, -0.044963)
Updating objects...
Object15 position: (5.856105, -4.554749, 5.856105)
Updating objects...
Object16 position: (0.001378, 0.007580, 0.004824)
Updating objects...
Object17 position: (-1.498138, 0.176252, 1.145634)
Updating objects...
Object18 position: (1.504453, -5.716916, 6.017811)
Updating objects...
Object19 position: (0.133328, 0.066664, -0.133328)
Updating objects...
Running collision detection...
CollisionManager::update() - 시작 (프레임 98)
  객체 목록 크기: 20
  각 객체의 AABB 업데이트 중...
    객체 'Object1' 업데이트
    객체 'Object2' 업데이트
    객체 'Object3' 업데이트
    객체 'Object4' 업데이트
    객체 'Object5' 업데이트
    객체 'Object6' 업데이트
    객체 'Object7' 업데이트
    객체 'Object8' 업데이트
    객체 'Object9' 업데이트
    객체 'Object10' 업데이트
    객체 'Object11' 업데이트
    객체 'Object12' 업데이트
    객체 'Object13' 업데이트
    객체 'Object14' 업데이트
    객체 'Object15' 업데이트
    객체 'Object16' 업데이트
    객체 'Object17' 업데이트
    객체 'Object18' 업데이트
    객체 'Object19' 업데이트
    객체 'Object20' 업데이트
  대략적 충돌 감지(Broad Phase) 중...
    잠재적 충돌 쌍: 135개
  정밀 충돌 감지(Narrow Phase) 시작...
    쌍 1: 'Object2' 와 'Object3'
      narrowPhase 실행...
>> checkGJKCollision 시작: Object2 vs Object3
  볼록 껍질 개수: Object2=128, Object3=128
      충돌 감지됨! 충돌 정보 설정 중...
  checkGJKCollision 완료: 충돌 감지
      충돌 결과: 충돌함
      충돌 정보 객체에 추가
    쌍 2: 'Object2' 와 'Object4'
      narrowPhase 실행...
>> checkGJKCollision 시작: Object2 vs Object4
  볼록 껍질 개수: Object2=128, Object4=128
      충돌 감지됨! 충돌 정보 설정 중...
  checkGJKCollision 완료: 충돌 감지
      충돌 결과: 충돌함
      충돌 정보 객체에 추가
    쌍 3: 'Object2' 와 'Object5'
      narrowPhase 실행...
>> checkGJKCollision 시작: Object2 vs Object5
  볼록 껍질 개수: Object2=128, Object5=128
      충돌 감지됨! 충돌 정보 설정 중...
  checkGJKCollision 완료: 충돌 감지
      충돌 결과: 충돌함
      충돌 정보 객체에 추가
    쌍 4: 'Object2' 와 'Object6'
      narrowPhase 실행...
>> checkGJKCollision 시작: Object2 vs Object6
  볼록 껍질 개수: Object2=128, Object6=128
      충돌 감지됨! 충돌 정보 설정 중...
  checkGJKCollision 완료: 충돌 감지
      충돌 결과: 충돌함
      충돌 정보 객체에 추가
    쌍 5: 'Object2' 와 'Object7'
      narrowPhase 실행...
>> checkGJKCollision 시작: Object2 vs Object7
  볼록 껍질 개수: Object2=128, Object7=128
      충돌 감지됨! 충돌 정보 설정 중...
  checkGJKCollision 완료: 충돌 감지
      충돌 결과: 충돌함
      충돌 정보 객체에 추가
    쌍 6: 'Object2' 와 'Object8'
      narrowPhase 실행...
>> checkGJKCollision 시작: Object2 vs Object8
  볼록 껍질 개수: Object2=128, Object8=128
      충돌 감지됨! 충돌 정보 설정 중...
  checkGJKCollision 완료: 충돌 감지
      충돌 결과: 충돌함
      충돌 정보 객체에 추가
    쌍 7: 'Object2' 와 'Object9'
      narrowPhase 실행...
>> checkGJKCollision 시작: Object2 vs Object9
  볼록 껍질 개수: Object2=128, Object9=128
      충돌 감지됨! 충돌 정보 설정 중...
  checkGJKCollision 완료: 충돌 감지
      충돌 결과: 충돌함
      충돌 정보 객체에 추가
    쌍 8: 'Object2' 와 'Object10'
      narrowPhase 실행...
>> checkGJKCollision 시작: Object2 vs Object10
  볼록 껍질 개수: Object2=128, Object10=128
      충돌 감지됨! 충돌 정보 설정 중...
  checkGJKCollision 완료: 충돌 감지
      충돌 결과: 충돌함
      충돌 정보 객체에 추가
    쌍 9: 'Object2' 와 'Object11'
      narrowPhase 실행...
>> checkGJKCollision 시작: Object2 vs Object11
  볼록 껍질 개수: Object2=128, Object11=128
      충돌 감지됨! 충돌 정보 설정 중...
  checkGJKCollision 완료: 충돌 감지
      충돌 결과: 충돌함
      충돌 정보 객체에 추가
    쌍 10: 'Object2' 와 'Object12'
      narrowPhase 실행...
>> checkGJKCollision 시작: Object2 vs Object12
  볼록 껍질 개수: Object2=128, Object12=128
      충돌 감지됨! 충돌 정보 설정 중...
  checkGJKCollision 완료: 충돌 감지
      충돌 결과: 충돌함
      충돌 정보 객체에 추가
    쌍 11: 'Object2' 와 'Object13'
      narrowPhase 실행...
>> checkGJKCollision 시작: Object2 vs Object13
  볼록 껍질 개수: Object2=128, Object13=128
  모든 볼록 껍질 쌍 검사 완료, 충돌 없음
      충돌 결과: 충돌 없음
    쌍 12: 'Object2' 와 'Object14'
      narrowPhase 실행...
>> checkGJKCollision 시작: Object2 vs Object14
  볼록 껍질 개수: Object2=128, Object14=128
      충돌 감지됨! 충돌 정보 설정 중...
  checkGJKCollision 완료: 충돌 감지
      충돌 결과: 충돌함
      충돌 정보 객체에 추가
    쌍 13: 'Object2' 와 'Object15'
      narrowPhase 실행...
>> checkGJKCollision 시작: Object2 vs Object15
  볼록 껍질 개수: Object2=128, Object15=128
      충돌 감지됨! 충돌 정보 설정 중...
  checkGJKCollision 완료: 충돌 감지
      충돌 결과: 충돌함
      충돌 정보 객체에 추가
    쌍 14: 'Object2' 와 'Object17'
      narrowPhase 실행...
>> checkGJKCollision 시작: Object2 vs Object17
  볼록 껍질 개수: Object2=128, Object17=128
      충돌 감지됨! 충돌 정보 설정 중...
  checkGJKCollision 완료: 충돌 감지
      충돌 결과: 충돌함
      충돌 정보 객체에 추가
    쌍 15: 'Object2' 와 'Object18'
      narrowPhase 실행...
>> checkGJKCollision 시작: Object2 vs Object18
  볼록 껍질 개수: Object2=128, Object18=128
  모든 볼록 껍질 쌍 검사 완료, 충돌 없음
      충돌 결과: 충돌 없음
    쌍 16: 'Object2' 와 'Object20'
      narrowPhase 실행...
>> checkGJKCollision 시작: Object2 vs Object20
  볼록 껍질 개수: Object2=128, Object20=128
      충돌 감지됨! 충돌 정보 설정 중...
  checkGJKCollision 완료: 충돌 감지
      충돌 결과: 충돌함
      충돌 정보 객체에 추가
    쌍 17: 'Object3' 와 'Object4'
      narrowPhase 실행...
>> checkGJKCollision 시작: Object3 vs Object4
  볼록 껍질 개수: Object3=128, Object4=128
      충돌 감지됨! 충돌 정보 설정 중...
  checkGJKCollision 완료: 충돌 감지
      충돌 결과: 충돌함
      충돌 정보 객체에 추가
    쌍 18: 'Object3' 와 'Object5'
      narrowPhase 실행...
>> checkGJKCollision 시작: Object3 vs Object5
  볼록 껍질 개수: Object3=128, Object5=128
      충돌 감지됨! 충돌 정보 설정 중...
  checkGJKCollision 완료: 충돌 감지
      충돌 결과: 충돌함
      충돌 정보 객체에 추가
    쌍 19: 'Object3' 와 'Object6'
      narrowPhase 실행...
>> checkGJKCollision 시작: Object3 vs Object6
  볼록 껍질 개수: Object3=128, Object6=128
      충돌 감지됨! 충돌 정보 설정 중...
  checkGJKCollision 완료: 충돌 감지
      충돌 결과: 충돌함
      충돌 정보 객체에 추가
    쌍 20: 'Object3' 와 'Object7'
      narrowPhase 실행...
>> checkGJKCollision 시작: Object3 vs Object7
  볼록 껍질 개수: Object3=128, Object7=128
      충돌 감지됨! 충돌 정보 설정 중...
  checkGJKCollision 완료: 충돌 감지
      충돌 결과: 충돌함
      충돌 정보 객체에 추가
    쌍 21: 'Object3' 와 'Object8'
      narrowPhase 실행...
>> checkGJKCollision 시작: Object3 vs Object8
  볼록 껍질 개수: Object3=128, Object8=128
      충돌 감지됨! 충돌 정보 설정 중...
  checkGJKCollision 완료: 충돌 감지
      충돌 결과: 충돌함
      충돌 정보 객체에 추가
    쌍 22: 'Object3' 와 'Object9'
      narrowPhase 실행...
>> checkGJKCollision 시작: Object3 vs Object9
  볼록 껍질 개수: Object3=128, Object9=128
      충돌 감지됨! 충돌 정보 설정 중...
  checkGJKCollision 완료: 충돌 감지
      충돌 결과: 충돌함
      충돌 정보 객체에 추가
    쌍 23: 'Object3' 와 'Object10'
      narrowPhase 실행...
>> checkGJKCollision 시작: Object3 vs Object10
  볼록 껍질 개수: Object3=128, Object10=128
      충돌 감지됨! 충돌 정보 설정 중...
  checkGJKCollision 완료: 충돌 감지
      충돌 결과: 충돌함
      충돌 정보 객체에 추가
    쌍 24: 'Object3' 와 'Object11'
      narrowPhase 실행...
>> checkGJKCollision 시작: Object3 vs Object11
  볼록 껍질 개수: Object3=128, Object11=128
      충돌 감지됨! 충돌 정보 설정 중...
  checkGJKCollision 완료: 충돌 감지
      충돌 결과: 충돌함
      충돌 정보 객체에 추가
    쌍 25: 'Object3' 와 'Object12'
      narrowPhase 실행...
>> checkGJKCollision 시작: Object3 vs Object12
  볼록 껍질 개수: Object3=128, Object12=128
      충돌 감지됨! 충돌 정보 설정 중...
  checkGJKCollision 완료: 충돌 감지
      충돌 결과: 충돌함
      충돌 정보 객체에 추가
    쌍 26: 'Object3' 와 'Object13'
      narrowPhase 실행...
>> checkGJKCollision 시작: Object3 vs Object13
  볼록 껍질 개수: Object3=128, Object13=128
  모든 볼록 껍질 쌍 검사 완료, 충돌 없음
      충돌 결과: 충돌 없음
    쌍 27: 'Object3' 와 'Object14'
      narrowPhase 실행...
>> checkGJKCollision 시작: Object3 vs Object14
  볼록 껍질 개수: Object3=128, Object14=128
      충돌 감지됨! 충돌 정보 설정 중...
  checkGJKCollision 완료: 충돌 감지
      충돌 결과: 충돌함
      충돌 정보 객체에 추가
    쌍 28: 'Object3' 와 'Object15'
      narrowPhase 실행...
>> checkGJKCollision 시작: Object3 vs Object15
  볼록 껍질 개수: Object3=128, Object15=128
      충돌 감지됨! 충돌 정보 설정 중...
  checkGJKCollision 완료: 충돌 감지
      충돌 결과: 충돌함
      충돌 정보 객체에 추가
    쌍 29: 'Object3' 와 'Object17'
      narrowPhase 실행...
>> checkGJKCollision 시작: Object3 vs Object17
  볼록 껍질 개수: Object3=128, Object17=128
      충돌 감지됨! 충돌 정보 설정 중...
  checkGJKCollision 완료: 충돌 감지
      충돌 결과: 충돌함
      충돌 정보 객체에 추가
    쌍 30: 'Object3' 와 'Object18'
      narrowPhase 실행...
>> checkGJKCollision 시작: Object3 vs Object18
  볼록 껍질 개수: Object3=128, Object18=128
  모든 볼록 껍질 쌍 검사 완료, 충돌 없음
      충돌 결과: 충돌 없음
    쌍 31: 'Object3' 와 'Object20'
      narrowPhase 실행...
>> checkGJKCollision 시작: Object3 vs Object20
  볼록 껍질 개수: Object3=128, Object20=128
      충돌 감지됨! 충돌 정보 설정 중...
  checkGJKCollision 완료: 충돌 감지
      충돌 결과: 충돌함
      충돌 정보 객체에 추가
    쌍 32: 'Object4' 와 'Object5'
      narrowPhase 실행...
>> checkGJKCollision 시작: Object4 vs Object5
  볼록 껍질 개수: Object4=128, Object5=128
      충돌 감지됨! 충돌 정보 설정 중...
  checkGJKCollision 완료: 충돌 감지
      충돌 결과: 충돌함
      충돌 정보 객체에 추가
    쌍 33: 'Object4' 와 'Object6'
      narrowPhase 실행...
>> checkGJKCollision 시작: Object4 vs Object6
  볼록 껍질 개수: Object4=128, Object6=128
      충돌 감지됨! 충돌 정보 설정 중...
  checkGJKCollision 완료: 충돌 감지
      충돌 결과: 충돌함
      충돌 정보 객체에 추가
    쌍 34: 'Object4' 와 'Object7'
      narrowPhase 실행...
>> checkGJKCollision 시작: Object4 vs Object7
  볼록 껍질 개수: Object4=128, Object7=128
      충돌 감지됨! 충돌 정보 설정 중...
  checkGJKCollision 완료: 충돌 감지
      충돌 결과: 충돌함
      충돌 정보 객체에 추가
    쌍 35: 'Object4' 와 'Object8'
      narrowPhase 실행...
>> checkGJKCollision 시작: Object4 vs Object8
  볼록 껍질 개수: Object4=128, Object8=128
      충돌 감지됨! 충돌 정보 설정 중...
  checkGJKCollision 완료: 충돌 감지
      충돌 결과: 충돌함
      충돌 정보 객체에 추가
    쌍 36: 'Object4' 와 'Object9'
      narrowPhase 실행...
>> checkGJKCollision 시작: Object4 vs Object9
  볼록 껍질 개수: Object4=128, Object9=128
      충돌 감지됨! 충돌 정보 설정 중...
  checkGJKCollision 완료: 충돌 감지
      충돌 결과: 충돌함
      충돌 정보 객체에 추가
    쌍 37: 'Object4' 와 'Object10'
      narrowPhase 실행...
>> checkGJKCollision 시작: Object4 vs Object10
  볼록 껍질 개수: Object4=128, Object10=128
      충돌 감지됨! 충돌 정보 설정 중...
  checkGJKCollision 완료: 충돌 감지
      충돌 결과: 충돌함
      충돌 정보 객체에 추가
    쌍 38: 'Object4' 와 'Object11'
      narrowPhase 실행...
>> checkGJKCollision 시작: Object4 vs Object11
  볼록 껍질 개수: Object4=128, Object11=128
      충돌 감지됨! 충돌 정보 설정 중...
  checkGJKCollision 완료: 충돌 감지
      충돌 결과: 충돌함
      충돌 정보 객체에 추가
    쌍 39: 'Object4' 와 'Object12'
      narrowPhase 실행...
>> checkGJKCollision 시작: Object4 vs Object12
  볼록 껍질 개수: Object4=128, Object12=128
      충돌 감지됨! 충돌 정보 설정 중...
  checkGJKCollision 완료: 충돌 감지
      충돌 결과: 충돌함
      충돌 정보 객체에 추가
    쌍 40: 'Object4' 와 'Object13'
      narrowPhase 실행...
>> checkGJKCollision 시작: Object4 vs Object13
  볼록 껍질 개수: Object4=128, Object13=128
      충돌 감지됨! 충돌 정보 설정 중...
  checkGJKCollision 완료: 충돌 감지
      충돌 결과: 충돌함
      충돌 정보 객체에 추가
Object13 collision enter with Object4
Contact point: (0.545434, 0.208409, 0.344885)
Contact normal: (-0.819097, -0.362113, -0.444920)
Penetration depth: 0.1
    쌍 41: 'Object4' 와 'Object14'
      narrowPhase 실행...
>> checkGJKCollision 시작: Object4 vs Object14
  볼록 껍질 개수: Object4=128, Object14=128
      충돌 감지됨! 충돌 정보 설정 중...
  checkGJKCollision 완료: 충돌 감지
      충돌 결과: 충돌함
      충돌 정보 객체에 추가
    쌍 42: 'Object4' 와 'Object15'
      narrowPhase 실행...
>> checkGJKCollision 시작: Object4 vs Object15
  볼록 껍질 개수: Object4=128, Object15=128
      충돌 감지됨! 충돌 정보 설정 중...
  checkGJKCollision 완료: 충돌 감지
      충돌 결과: 충돌함
      충돌 정보 객체에 추가
    쌍 43: 'Object4' 와 'Object17'
      narrowPhase 실행...
>> checkGJKCollision 시작: Object4 vs Object17
  볼록 껍질 개수: Object4=128, Object17=128
      충돌 감지됨! 충돌 정보 설정 중...
  checkGJKCollision 완료: 충돌 감지
      충돌 결과: 충돌함
      충돌 정보 객체에 추가
    쌍 44: 'Object4' 와 'Object18'
      narrowPhase 실행...
>> checkGJKCollision 시작: Object4 vs Object18
  볼록 껍질 개수: Object4=128, Object18=128
  모든 볼록 껍질 쌍 검사 완료, 충돌 없음
      충돌 결과: 충돌 없음
    쌍 45: 'Object4' 와 'Object20'
      narrowPhase 실행...
>> checkGJKCollision 시작: Object4 vs Object20
  볼록 껍질 개수: Object4=128, Object20=128
      충돌 감지됨! 충돌 정보 설정 중...
  checkGJKCollision 완료: 충돌 감지
      충돌 결과: 충돌함
      충돌 정보 객체에 추가
    쌍 46: 'Object5' 와 'Object6'
      narrowPhase 실행...
>> checkGJKCollision 시작: Object5 vs Object6
  볼록 껍질 개수: Object5=128, Object6=128
      충돌 감지됨! 충돌 정보 설정 중...
  checkGJKCollision 완료: 충돌 감지
      충돌 결과: 충돌함
      충돌 정보 객체에 추가
    쌍 47: 'Object5' 와 'Object7'
      narrowPhase 실행...
>> checkGJKCollision 시작: Object5 vs Object7
  볼록 껍질 개수: Object5=128, Object7=128
      충돌 감지됨! 충돌 정보 설정 중...
  checkGJKCollision 완료: 충돌 감지
      충돌 결과: 충돌함
      충돌 정보 객체에 추가
    쌍 48: 'Object5' 와 'Object8'
      narrowPhase 실행...
>> checkGJKCollision 시작: Object5 vs Object8
  볼록 껍질 개수: Object5=128, Object8=128
      충돌 감지됨! 충돌 정보 설정 중...
  checkGJKCollision 완료: 충돌 감지
      충돌 결과: 충돌함
      충돌 정보 객체에 추가
    쌍 49: 'Object5' 와 'Object9'
      narrowPhase 실행...
>> checkGJKCollision 시작: Object5 vs Object9
  볼록 껍질 개수: Object5=128, Object9=128
      충돌 감지됨! 충돌 정보 설정 중...
  checkGJKCollision 완료: 충돌 감지
      충돌 결과: 충돌함
      충돌 정보 객체에 추가
    쌍 50: 'Object5' 와 'Object10'
      narrowPhase 실행...
>> checkGJKCollision 시작: Object5 vs Object10
  볼록 껍질 개수: Object5=128, Object10=128
      충돌 감지됨! 충돌 정보 설정 중...
  checkGJKCollision 완료: 충돌 감지
      충돌 결과: 충돌함
      충돌 정보 객체에 추가
    쌍 51: 'Object5' 와 'Object11'
      narrowPhase 실행...
>> checkGJKCollision 시작: Object5 vs Object11
  볼록 껍질 개수: Object5=128, Object11=128
      충돌 감지됨! 충돌 정보 설정 중...
  checkGJKCollision 완료: 충돌 감지
      충돌 결과: 충돌함
      충돌 정보 객체에 추가
    쌍 52: 'Object5' 와 'Object12'
      narrowPhase 실행...
>> checkGJKCollision 시작: Object5 vs Object12
  볼록 껍질 개수: Object5=128, Object12=128
      충돌 감지됨! 충돌 정보 설정 중...
  checkGJKCollision 완료: 충돌 감지
      충돌 결과: 충돌함
      충돌 정보 객체에 추가
    쌍 53: 'Object5' 와 'Object13'
      narrowPhase 실행...
>> checkGJKCollision 시작: Object5 vs Object13
  볼록 껍질 개수: Object5=128, Object13=128
      충돌 감지됨! 충돌 정보 설정 중...
  checkGJKCollision 완료: 충돌 감지
      충돌 결과: 충돌함
      충돌 정보 객체에 추가
    쌍 54: 'Object5' 와 'Object14'
      narrowPhase 실행...
>> checkGJKCollision 시작: Object5 vs Object14
  볼록 껍질 개수: Object5=128, Object14=128
      충돌 감지됨! 충돌 정보 설정 중...
  checkGJKCollision 완료: 충돌 감지
      충돌 결과: 충돌함
      충돌 정보 객체에 추가
    쌍 55: 'Object5' 와 'Object15'
      narrowPhase 실행...
>> checkGJKCollision 시작: Object5 vs Object15
  볼록 껍질 개수: Object5=128, Object15=128
      충돌 감지됨! 충돌 정보 설정 중...
  checkGJKCollision 완료: 충돌 감지
      충돌 결과: 충돌함
      충돌 정보 객체에 추가
    쌍 56: 'Object5' 와 'Object17'
      narrowPhase 실행...
>> checkGJKCollision 시작: Object5 vs Object17
  볼록 껍질 개수: Object5=128, Object17=128
      충돌 감지됨! 충돌 정보 설정 중...
  checkGJKCollision 완료: 충돌 감지
      충돌 결과: 충돌함
      충돌 정보 객체에 추가
    쌍 57: 'Object5' 와 'Object18'
      narrowPhase 실행...
>> checkGJKCollision 시작: Object5 vs Object18
  볼록 껍질 개수: Object5=128, Object18=128
  모든 볼록 껍질 쌍 검사 완료, 충돌 없음
      충돌 결과: 충돌 없음
    쌍 58: 'Object5' 와 'Object20'
      narrowPhase 실행...
>> checkGJKCollision 시작: Object5 vs Object20
  볼록 껍질 개수: Object5=128, Object20=128
      충돌 감지됨! 충돌 정보 설정 중...
  checkGJKCollision 완료: 충돌 감지
      충돌 결과: 충돌함
      충돌 정보 객체에 추가
    쌍 59: 'Object6' 와 'Object7'
      narrowPhase 실행...
>> checkGJKCollision 시작: Object6 vs Object7
  볼록 껍질 개수: Object6=128, Object7=128
      충돌 감지됨! 충돌 정보 설정 중...
  checkGJKCollision 완료: 충돌 감지
      충돌 결과: 충돌함
      충돌 정보 객체에 추가
    쌍 60: 'Object6' 와 'Object8'
      narrowPhase 실행...
>> checkGJKCollision 시작: Object6 vs Object8
  볼록 껍질 개수: Object6=128, Object8=128
      충돌 감지됨! 충돌 정보 설정 중...
  checkGJKCollision 완료: 충돌 감지
      충돌 결과: 충돌함
      충돌 정보 객체에 추가
    쌍 61: 'Object6' 와 'Object9'
      narrowPhase 실행...
>> checkGJKCollision 시작: Object6 vs Object9
  볼록 껍질 개수: Object6=128, Object9=128
      충돌 감지됨! 충돌 정보 설정 중...
  checkGJKCollision 완료: 충돌 감지
      충돌 결과: 충돌함
      충돌 정보 객체에 추가
    쌍 62: 'Object6' 와 'Object10'
      narrowPhase 실행...
>> checkGJKCollision 시작: Object6 vs Object10
  볼록 껍질 개수: Object6=128, Object10=128
      충돌 감지됨! 충돌 정보 설정 중...
  checkGJKCollision 완료: 충돌 감지
      충돌 결과: 충돌함
      충돌 정보 객체에 추가
    쌍 63: 'Object6' 와 'Object11'
      narrowPhase 실행...
>> checkGJKCollision 시작: Object6 vs Object11
  볼록 껍질 개수: Object6=128, Object11=128
      충돌 감지됨! 충돌 정보 설정 중...
  checkGJKCollision 완료: 충돌 감지
      충돌 결과: 충돌함
      충돌 정보 객체에 추가
    쌍 64: 'Object6' 와 'Object12'
      narrowPhase 실행...
>> checkGJKCollision 시작: Object6 vs Object12
  볼록 껍질 개수: Object6=128, Object12=128
      충돌 감지됨! 충돌 정보 설정 중...
  checkGJKCollision 완료: 충돌 감지
      충돌 결과: 충돌함
      충돌 정보 객체에 추가
    쌍 65: 'Object6' 와 'Object13'
      narrowPhase 실행...
>> checkGJKCollision 시작: Object6 vs Object13
  볼록 껍질 개수: Object6=128, Object13=128
  모든 볼록 껍질 쌍 검사 완료, 충돌 없음
      충돌 결과: 충돌 없음
    쌍 66: 'Object6' 와 'Object14'
      narrowPhase 실행...
>> checkGJKCollision 시작: Object6 vs Object14
  볼록 껍질 개수: Object6=128, Object14=128
      충돌 감지됨! 충돌 정보 설정 중...
  checkGJKCollision 완료: 충돌 감지
      충돌 결과: 충돌함
      충돌 정보 객체에 추가
    쌍 67: 'Object6' 와 'Object15'
      narrowPhase 실행...
>> checkGJKCollision 시작: Object6 vs Object15
  볼록 껍질 개수: Object6=128, Object15=128
      충돌 감지됨! 충돌 정보 설정 중...
  checkGJKCollision 완료: 충돌 감지
      충돌 결과: 충돌함
      충돌 정보 객체에 추가
    쌍 68: 'Object6' 와 'Object17'
      narrowPhase 실행...
>> checkGJKCollision 시작: Object6 vs Object17
  볼록 껍질 개수: Object6=128, Object17=128
      충돌 감지됨! 충돌 정보 설정 중...
  checkGJKCollision 완료: 충돌 감지
      충돌 결과: 충돌함
      충돌 정보 객체에 추가
    쌍 69: 'Object6' 와 'Object18'
      narrowPhase 실행...
>> checkGJKCollision 시작: Object6 vs Object18
  볼록 껍질 개수: Object6=128, Object18=128
  모든 볼록 껍질 쌍 검사 완료, 충돌 없음
      충돌 결과: 충돌 없음
    쌍 70: 'Object6' 와 'Object20'
      narrowPhase 실행...
>> checkGJKCollision 시작: Object6 vs Object20
  볼록 껍질 개수: Object6=128, Object20=128
      충돌 감지됨! 충돌 정보 설정 중...
  checkGJKCollision 완료: 충돌 감지
      충돌 결과: 충돌함
      충돌 정보 객체에 추가
    쌍 71: 'Object7' 와 'Object8'
      narrowPhase 실행...
>> checkGJKCollision 시작: Object7 vs Object8
  볼록 껍질 개수: Object7=128, Object8=128
      충돌 감지됨! 충돌 정보 설정 중...
  checkGJKCollision 완료: 충돌 감지
      충돌 결과: 충돌함
      충돌 정보 객체에 추가
    쌍 72: 'Object7' 와 'Object9'
      narrowPhase 실행...
>> checkGJKCollision 시작: Object7 vs Object9
  볼록 껍질 개수: Object7=128, Object9=128
      충돌 감지됨! 충돌 정보 설정 중...
  checkGJKCollision 완료: 충돌 감지
      충돌 결과: 충돌함
      충돌 정보 객체에 추가
    쌍 73: 'Object7' 와 'Object10'
      narrowPhase 실행...
>> checkGJKCollision 시작: Object7 vs Object10
  볼록 껍질 개수: Object7=128, Object10=128
      충돌 감지됨! 충돌 정보 설정 중...
  checkGJKCollision 완료: 충돌 감지
      충돌 결과: 충돌함
      충돌 정보 객체에 추가
    쌍 74: 'Object7' 와 'Object11'
      narrowPhase 실행...
>> checkGJKCollision 시작: Object7 vs Object11
  볼록 껍질 개수: Object7=128, Object11=128
      충돌 감지됨! 충돌 정보 설정 중...
  checkGJKCollision 완료: 충돌 감지
      충돌 결과: 충돌함
      충돌 정보 객체에 추가
    쌍 75: 'Object7' 와 'Object12'
      narrowPhase 실행...
>> checkGJKCollision 시작: Object7 vs Object12
  볼록 껍질 개수: Object7=128, Object12=128
      충돌 감지됨! 충돌 정보 설정 중...
  checkGJKCollision 완료: 충돌 감지
      충돌 결과: 충돌함
      충돌 정보 객체에 추가
    쌍 76: 'Object7' 와 'Object13'
      narrowPhase 실행...
>> checkGJKCollision 시작: Object7 vs Object13
  볼록 껍질 개수: Object7=128, Object13=128
  모든 볼록 껍질 쌍 검사 완료, 충돌 없음
      충돌 결과: 충돌 없음
    쌍 77: 'Object7' 와 'Object14'
      narrowPhase 실행...
>> checkGJKCollision 시작: Object7 vs Object14
  볼록 껍질 개수: Object7=128, Object14=128
      충돌 감지됨! 충돌 정보 설정 중...
  checkGJKCollision 완료: 충돌 감지
      충돌 결과: 충돌함
      충돌 정보 객체에 추가
    쌍 78: 'Object7' 와 'Object15'
      narrowPhase 실행...
>> checkGJKCollision 시작: Object7 vs Object15
  볼록 껍질 개수: Object7=128, Object15=128
      충돌 감지됨! 충돌 정보 설정 중...
  checkGJKCollision 완료: 충돌 감지
      충돌 결과: 충돌함
      충돌 정보 객체에 추가
    쌍 79: 'Object7' 와 'Object17'
      narrowPhase 실행...
>> checkGJKCollision 시작: Object7 vs Object17
  볼록 껍질 개수: Object7=128, Object17=128
      충돌 감지됨! 충돌 정보 설정 중...
  checkGJKCollision 완료: 충돌 감지
      충돌 결과: 충돌함
      충돌 정보 객체에 추가
    쌍 80: 'Object7' 와 'Object18'
      narrowPhase 실행...
>> checkGJKCollision 시작: Object7 vs Object18
  볼록 껍질 개수: Object7=128, Object18=128
  모든 볼록 껍질 쌍 검사 완료, 충돌 없음
      충돌 결과: 충돌 없음
    쌍 81: 'Object7' 와 'Object20'
      narrowPhase 실행...
>> checkGJKCollision 시작: Object7 vs Object20
  볼록 껍질 개수: Object7=128, Object20=128
      충돌 감지됨! 충돌 정보 설정 중...
  checkGJKCollision 완료: 충돌 감지
      충돌 결과: 충돌함
      충돌 정보 객체에 추가
    쌍 82: 'Object8' 와 'Object9'
      narrowPhase 실행...
>> checkGJKCollision 시작: Object8 vs Object9
  볼록 껍질 개수: Object8=128, Object9=128
      충돌 감지됨! 충돌 정보 설정 중...
  checkGJKCollision 완료: 충돌 감지
      충돌 결과: 충돌함
      충돌 정보 객체에 추가
    쌍 83: 'Object8' 와 'Object10'
      narrowPhase 실행...
>> checkGJKCollision 시작: Object8 vs Object10
  볼록 껍질 개수: Object8=128, Object10=128
      충돌 감지됨! 충돌 정보 설정 중...
  checkGJKCollision 완료: 충돌 감지
      충돌 결과: 충돌함
      충돌 정보 객체에 추가
    쌍 84: 'Object8' 와 'Object11'
      narrowPhase 실행...
>> checkGJKCollision 시작: Object8 vs Object11
  볼록 껍질 개수: Object8=128, Object11=128
      충돌 감지됨! 충돌 정보 설정 중...
  checkGJKCollision 완료: 충돌 감지
      충돌 결과: 충돌함
      충돌 정보 객체에 추가
    쌍 85: 'Object8' 와 'Object12'
      narrowPhase 실행...
>> checkGJKCollision 시작: Object8 vs Object12
  볼록 껍질 개수: Object8=128, Object12=128
      충돌 감지됨! 충돌 정보 설정 중...
  checkGJKCollision 완료: 충돌 감지
      충돌 결과: 충돌함
      충돌 정보 객체에 추가
    쌍 86: 'Object8' 와 'Object13'
      narrowPhase 실행...
>> checkGJKCollision 시작: Object8 vs Object13
  볼록 껍질 개수: Object8=128, Object13=128
  모든 볼록 껍질 쌍 검사 완료, 충돌 없음
      충돌 결과: 충돌 없음
    쌍 87: 'Object8' 와 'Object14'
      narrowPhase 실행...
>> checkGJKCollision 시작: Object8 vs Object14
  볼록 껍질 개수: Object8=128, Object14=128
      충돌 감지됨! 충돌 정보 설정 중...
  checkGJKCollision 완료: 충돌 감지
      충돌 결과: 충돌함
      충돌 정보 객체에 추가
    쌍 88: 'Object8' 와 'Object15'
      narrowPhase 실행...
>> checkGJKCollision 시작: Object8 vs Object15
  볼록 껍질 개수: Object8=128, Object15=128
      충돌 감지됨! 충돌 정보 설정 중...
  checkGJKCollision 완료: 충돌 감지
      충돌 결과: 충돌함
      충돌 정보 객체에 추가
    쌍 89: 'Object8' 와 'Object17'
      narrowPhase 실행...
>> checkGJKCollision 시작: Object8 vs Object17
  볼록 껍질 개수: Object8=128, Object17=128
      충돌 감지됨! 충돌 정보 설정 중...
  checkGJKCollision 완료: 충돌 감지
      충돌 결과: 충돌함
      충돌 정보 객체에 추가
    쌍 90: 'Object8' 와 'Object18'
      narrowPhase 실행...
>> checkGJKCollision 시작: Object8 vs Object18
  볼록 껍질 개수: Object8=128, Object18=128
  모든 볼록 껍질 쌍 검사 완료, 충돌 없음
      충돌 결과: 충돌 없음
    쌍 91: 'Object8' 와 'Object20'
      narrowPhase 실행...
>> checkGJKCollision 시작: Object8 vs Object20
  볼록 껍질 개수: Object8=128, Object20=128
      충돌 감지됨! 충돌 정보 설정 중...
  checkGJKCollision 완료: 충돌 감지
      충돌 결과: 충돌함
      충돌 정보 객체에 추가
    쌍 92: 'Object9' 와 'Object10'
      narrowPhase 실행...
>> checkGJKCollision 시작: Object9 vs Object10
  볼록 껍질 개수: Object9=128, Object10=128
      충돌 감지됨! 충돌 정보 설정 중...
  checkGJKCollision 완료: 충돌 감지
      충돌 결과: 충돌함
      충돌 정보 객체에 추가
    쌍 93: 'Object9' 와 'Object11'
      narrowPhase 실행...
>> checkGJKCollision 시작: Object9 vs Object11
  볼록 껍질 개수: Object9=128, Object11=128
      충돌 감지됨! 충돌 정보 설정 중...
  checkGJKCollision 완료: 충돌 감지
      충돌 결과: 충돌함
      충돌 정보 객체에 추가
    쌍 94: 'Object9' 와 'Object12'
      narrowPhase 실행...
>> checkGJKCollision 시작: Object9 vs Object12
  볼록 껍질 개수: Object9=128, Object12=128
      충돌 감지됨! 충돌 정보 설정 중...
  checkGJKCollision 완료: 충돌 감지
      충돌 결과: 충돌함
      충돌 정보 객체에 추가
    쌍 95: 'Object9' 와 'Object13'
      narrowPhase 실행...
>> checkGJKCollision 시작: Object9 vs Object13
  볼록 껍질 개수: Object9=128, Object13=128
  모든 볼록 껍질 쌍 검사 완료, 충돌 없음
      충돌 결과: 충돌 없음
    쌍 96: 'Object9' 와 'Object14'
      narrowPhase 실행...
>> checkGJKCollision 시작: Object9 vs Object14
  볼록 껍질 개수: Object9=128, Object14=128
      충돌 감지됨! 충돌 정보 설정 중...
  checkGJKCollision 완료: 충돌 감지
      충돌 결과: 충돌함
      충돌 정보 객체에 추가
    쌍 97: 'Object9' 와 'Object15'
      narrowPhase 실행...
>> checkGJKCollision 시작: Object9 vs Object15
  볼록 껍질 개수: Object9=128, Object15=128
      충돌 감지됨! 충돌 정보 설정 중...
  checkGJKCollision 완료: 충돌 감지
      충돌 결과: 충돌함
      충돌 정보 객체에 추가
    쌍 98: 'Object9' 와 'Object17'
      narrowPhase 실행...
>> checkGJKCollision 시작: Object9 vs Object17
  볼록 껍질 개수: Object9=128, Object17=128
      충돌 감지됨! 충돌 정보 설정 중...
  checkGJKCollision 완료: 충돌 감지
      충돌 결과: 충돌함
      충돌 정보 객체에 추가
    쌍 99: 'Object9' 와 'Object18'
      narrowPhase 실행...
>> checkGJKCollision 시작: Object9 vs Object18
  볼록 껍질 개수: Object9=128, Object18=128
  모든 볼록 껍질 쌍 검사 완료, 충돌 없음
      충돌 결과: 충돌 없음
    쌍 100: 'Object9' 와 'Object20'
      narrowPhase 실행...
>> checkGJKCollision 시작: Object9 vs Object20
  볼록 껍질 개수: Object9=128, Object20=128
      충돌 감지됨! 충돌 정보 설정 중...
  checkGJKCollision 완료: 충돌 감지
      충돌 결과: 충돌함
      충돌 정보 객체에 추가
    쌍 101: 'Object10' 와 'Object11'
      narrowPhase 실행...
>> checkGJKCollision 시작: Object10 vs Object11
  볼록 껍질 개수: Object10=128, Object11=128
      충돌 감지됨! 충돌 정보 설정 중...
  checkGJKCollision 완료: 충돌 감지
      충돌 결과: 충돌함
      충돌 정보 객체에 추가
    쌍 102: 'Object10' 와 'Object12'
      narrowPhase 실행...
>> checkGJKCollision 시작: Object10 vs Object12
  볼록 껍질 개수: Object10=128, Object12=128
      충돌 감지됨! 충돌 정보 설정 중...
  checkGJKCollision 완료: 충돌 감지
      충돌 결과: 충돌함
      충돌 정보 객체에 추가
    쌍 103: 'Object10' 와 'Object13'
      narrowPhase 실행...
>> checkGJKCollision 시작: Object10 vs Object13
  볼록 껍질 개수: Object10=128, Object13=128
      충돌 감지됨! 충돌 정보 설정 중...
  checkGJKCollision 완료: 충돌 감지
      충돌 결과: 충돌함
      충돌 정보 객체에 추가
    쌍 104: 'Object10' 와 'Object14'
      narrowPhase 실행...
>> checkGJKCollision 시작: Object10 vs Object14
  볼록 껍질 개수: Object10=128, Object14=128
      충돌 감지됨! 충돌 정보 설정 중...
  checkGJKCollision 완료: 충돌 감지
      충돌 결과: 충돌함
      충돌 정보 객체에 추가
    쌍 105: 'Object10' 와 'Object15'
      narrowPhase 실행...
>> checkGJKCollision 시작: Object10 vs Object15
  볼록 껍질 개수: Object10=128, Object15=128
      충돌 감지됨! 충돌 정보 설정 중...
  checkGJKCollision 완료: 충돌 감지
      충돌 결과: 충돌함
      충돌 정보 객체에 추가
    쌍 106: 'Object10' 와 'Object17'
      narrowPhase 실행...
>> checkGJKCollision 시작: Object10 vs Object17
  볼록 껍질 개수: Object10=128, Object17=128
      충돌 감지됨! 충돌 정보 설정 중...
  checkGJKCollision 완료: 충돌 감지
      충돌 결과: 충돌함
      충돌 정보 객체에 추가
    쌍 107: 'Object10' 와 'Object18'
      narrowPhase 실행...
>> checkGJKCollision 시작: Object10 vs Object18
  볼록 껍질 개수: Object10=128, Object18=128
  모든 볼록 껍질 쌍 검사 완료, 충돌 없음
      충돌 결과: 충돌 없음
    쌍 108: 'Object10' 와 'Object20'
      narrowPhase 실행...
>> checkGJKCollision 시작: Object10 vs Object20
  볼록 껍질 개수: Object10=128, Object20=128
      충돌 감지됨! 충돌 정보 설정 중...
  checkGJKCollision 완료: 충돌 감지
      충돌 결과: 충돌함
      충돌 정보 객체에 추가
    쌍 109: 'Object11' 와 'Object12'
      narrowPhase 실행...
>> checkGJKCollision 시작: Object11 vs Object12
  볼록 껍질 개수: Object11=128, Object12=128
      충돌 감지됨! 충돌 정보 설정 중...
  checkGJKCollision 완료: 충돌 감지
      충돌 결과: 충돌함
      충돌 정보 객체에 추가
    쌍 110: 'Object11' 와 'Object13'
      narrowPhase 실행...
>> checkGJKCollision 시작: Object11 vs Object13
  볼록 껍질 개수: Object11=128, Object13=128
  모든 볼록 껍질 쌍 검사 완료, 충돌 없음
      충돌 결과: 충돌 없음
    쌍 111: 'Object11' 와 'Object14'
      narrowPhase 실행...
>> checkGJKCollision 시작: Object11 vs Object14
  볼록 껍질 개수: Object11=128, Object14=128
      충돌 감지됨! 충돌 정보 설정 중...
  checkGJKCollision 완료: 충돌 감지
      충돌 결과: 충돌함
      충돌 정보 객체에 추가
    쌍 112: 'Object11' 와 'Object15'
      narrowPhase 실행...
>> checkGJKCollision 시작: Object11 vs Object15
  볼록 껍질 개수: Object11=128, Object15=128
      충돌 감지됨! 충돌 정보 설정 중...
  checkGJKCollision 완료: 충돌 감지
      충돌 결과: 충돌함
      충돌 정보 객체에 추가
    쌍 113: 'Object11' 와 'Object17'
      narrowPhase 실행...
>> checkGJKCollision 시작: Object11 vs Object17
  볼록 껍질 개수: Object11=128, Object17=128
      충돌 감지됨! 충돌 정보 설정 중...
  checkGJKCollision 완료: 충돌 감지
      충돌 결과: 충돌함
      충돌 정보 객체에 추가
    쌍 114: 'Object11' 와 'Object18'
      narrowPhase 실행...
>> checkGJKCollision 시작: Object11 vs Object18
  볼록 껍질 개수: Object11=128, Object18=128
  모든 볼록 껍질 쌍 검사 완료, 충돌 없음
      충돌 결과: 충돌 없음
    쌍 115: 'Object11' 와 'Object20'
      narrowPhase 실행...
>> checkGJKCollision 시작: Object11 vs Object20
  볼록 껍질 개수: Object11=128, Object20=128
      충돌 감지됨! 충돌 정보 설정 중...
  checkGJKCollision 완료: 충돌 감지
      충돌 결과: 충돌함
      충돌 정보 객체에 추가
    쌍 116: 'Object12' 와 'Object13'
      narrowPhase 실행...
>> checkGJKCollision 시작: Object12 vs Object13
  볼록 껍질 개수: Object12=128, Object13=128
  모든 볼록 껍질 쌍 검사 완료, 충돌 없음
      충돌 결과: 충돌 없음
    쌍 117: 'Object12' 와 'Object14'
      narrowPhase 실행...
>> checkGJKCollision 시작: Object12 vs Object14
  볼록 껍질 개수: Object12=128, Object14=128
      충돌 감지됨! 충돌 정보 설정 중...
  checkGJKCollision 완료: 충돌 감지
      충돌 결과: 충돌함
      충돌 정보 객체에 추가
    쌍 118: 'Object12' 와 'Object15'
      narrowPhase 실행...
>> checkGJKCollision 시작: Object12 vs Object15
  볼록 껍질 개수: Object12=128, Object15=128
      충돌 감지됨! 충돌 정보 설정 중...
  checkGJKCollision 완료: 충돌 감지
      충돌 결과: 충돌함
      충돌 정보 객체에 추가
    쌍 119: 'Object12' 와 'Object17'
      narrowPhase 실행...
>> checkGJKCollision 시작: Object12 vs Object17
  볼록 껍질 개수: Object12=128, Object17=128
      충돌 감지됨! 충돌 정보 설정 중...
  checkGJKCollision 완료: 충돌 감지
      충돌 결과: 충돌함
      충돌 정보 객체에 추가
    쌍 120: 'Object12' 와 'Object18'
      narrowPhase 실행...
>> checkGJKCollision 시작: Object12 vs Object18
  볼록 껍질 개수: Object12=128, Object18=128
  모든 볼록 껍질 쌍 검사 완료, 충돌 없음
      충돌 결과: 충돌 없음
    쌍 121: 'Object12' 와 'Object20'
      narrowPhase 실행...
>> checkGJKCollision 시작: Object12 vs Object20
  볼록 껍질 개수: Object12=128, Object20=128
      충돌 감지됨! 충돌 정보 설정 중...
  checkGJKCollision 완료: 충돌 감지
      충돌 결과: 충돌함
      충돌 정보 객체에 추가
    쌍 122: 'Object13' 와 'Object14'
      narrowPhase 실행...
>> checkGJKCollision 시작: Object13 vs Object14
  볼록 껍질 개수: Object13=128, Object14=128
  모든 볼록 껍질 쌍 검사 완료, 충돌 없음
      충돌 결과: 충돌 없음
    쌍 123: 'Object13' 와 'Object15'
      narrowPhase 실행...
>> checkGJKCollision 시작: Object13 vs Object15
  볼록 껍질 개수: Object13=128, Object15=128
  모든 볼록 껍질 쌍 검사 완료, 충돌 없음
      충돌 결과: 충돌 없음
    쌍 124: 'Object13' 와 'Object17'
      narrowPhase 실행...
>> checkGJKCollision 시작: Object13 vs Object17
  볼록 껍질 개수: Object13=128, Object17=128
  모든 볼록 껍질 쌍 검사 완료, 충돌 없음
      충돌 결과: 충돌 없음
    쌍 125: 'Object13' 와 'Object20'
      narrowPhase 실행...
>> checkGJKCollision 시작: Object13 vs Object20
  볼록 껍질 개수: Object13=128, Object20=128
  모든 볼록 껍질 쌍 검사 완료, 충돌 없음
      충돌 결과: 충돌 없음
    쌍 126: 'Object14' 와 'Object15'
      narrowPhase 실행...
>> checkGJKCollision 시작: Object14 vs Object15
  볼록 껍질 개수: Object14=128, Object15=128
      충돌 감지됨! 충돌 정보 설정 중...
  checkGJKCollision 완료: 충돌 감지
      충돌 결과: 충돌함
      충돌 정보 객체에 추가
    쌍 127: 'Object14' 와 'Object17'
      narrowPhase 실행...
>> checkGJKCollision 시작: Object14 vs Object17
  볼록 껍질 개수: Object14=128, Object17=128
      충돌 감지됨! 충돌 정보 설정 중...
  checkGJKCollision 완료: 충돌 감지
      충돌 결과: 충돌함
      충돌 정보 객체에 추가
    쌍 128: 'Object14' 와 'Object18'
      narrowPhase 실행...
>> checkGJKCollision 시작: Object14 vs Object18
  볼록 껍질 개수: Object14=128, Object18=128
  모든 볼록 껍질 쌍 검사 완료, 충돌 없음
      충돌 결과: 충돌 없음
    쌍 129: 'Object14' 와 'Object20'
      narrowPhase 실행...
>> checkGJKCollision 시작: Object14 vs Object20
  볼록 껍질 개수: Object14=128, Object20=128
      충돌 감지됨! 충돌 정보 설정 중...
  checkGJKCollision 완료: 충돌 감지
      충돌 결과: 충돌함
      충돌 정보 객체에 추가
    쌍 130: 'Object15' 와 'Object17'
      narrowPhase 실행...
>> checkGJKCollision 시작: Object15 vs Object17
  볼록 껍질 개수: Object15=128, Object17=128
      충돌 감지됨! 충돌 정보 설정 중...
  checkGJKCollision 완료: 충돌 감지
      충돌 결과: 충돌함
      충돌 정보 객체에 추가
    쌍 131: 'Object15' 와 'Object18'
      narrowPhase 실행...
>> checkGJKCollision 시작: Object15 vs Object18
  볼록 껍질 개수: Object15=128, Object18=128
  모든 볼록 껍질 쌍 검사 완료, 충돌 없음
      충돌 결과: 충돌 없음
    쌍 132: 'Object15' 와 'Object20'
      narrowPhase 실행...
>> checkGJKCollision 시작: Object15 vs Object20
  볼록 껍질 개수: Object15=128, Object20=128
      충돌 감지됨! 충돌 정보 설정 중...
  checkGJKCollision 완료: 충돌 감지
      충돌 결과: 충돌함
      충돌 정보 객체에 추가
    쌍 133: 'Object17' 와 'Object18'
      narrowPhase 실행...
>> checkGJKCollision 시작: Object17 vs Object18
  볼록 껍질 개수: Object17=128, Object18=128
  모든 볼록 껍질 쌍 검사 완료, 충돌 없음
      충돌 결과: 충돌 없음
    쌍 134: 'Object17' 와 'Object20'
      narrowPhase 실행...
>> checkGJKCollision 시작: Object17 vs Object20
  볼록 껍질 개수: Object17=128, Object20=128
      충돌 감지됨! 충돌 정보 설정 중...
  checkGJKCollision 완료: 충돌 감지
      충돌 결과: 충돌함
      충돌 정보 객체에 추가
    쌍 135: 'Object18' 와 'Object20'
      narrowPhase 실행...
>> checkGJKCollision 시작: Object18 vs Object20
  볼록 껍질 개수: Object18=128, Object20=128
  모든 볼록 껍질 쌍 검사 완료, 충돌 없음
      충돌 결과: 충돌 없음
  이전 충돌 상태 정리 중...
  충돌 상태 맵 업데이트
CollisionManager::update() - 완료

--- Frame 99 ---
Object0 position: (-4.993818, 5.326725, -6.658397)
Updating objects...
Object1 position: (-0.004688, 0.020316, 0.001563)
Updating objects...
Object2 position: (-0.061109, 0.052379, 0.013095)
Updating objects...
Object3 position: (-0.025858, 0.060335, -0.120669)
Updating objects...
Object4 position: (-0.013095, -0.061109, -0.052379)
Updating objects...
Object5 position: (-0.061493, 0.184480, 0.030747)
Updating objects...
Object6 position: (0.053555, 0.022052, -0.018902)
Updating objects...
Object7 position: (0.149378, 0.000000, -0.014938)
Updating objects...
Object8 position: (0.000000, -0.119989, 0.031997)
Updating objects...
Object9 position: (0.016530, -0.024795, -0.033060)
Updating objects...
Object10 position: (-0.028439, 0.113754, 0.056877)
Updating objects...
Object11 position: (-0.013698, 0.000000, 0.116431)
Updating objects...
Object12 position: (0.916620, 0.377432, 0.539188)
Updating objects...
Object13 position: (-0.010051, -0.150761, -0.040203)
Updating objects...
Object14 position: (0.089854, 0.025673, 0.051345)
Updating objects...
Object15 position: (5.732188, -4.458369, 5.732188)
Updating objects...
Object16 position: (-0.028946, -0.159202, -0.101310)
Updating objects...
Object17 position: (-1.339956, 0.157642, 1.024671)
Updating objects...
Object18 position: (1.468784, -5.581374, 5.875135)
Updating objects...
Object19 position: (-0.000005, -0.000002, 0.000005)
Updating objects...
Running collision detection...
CollisionManager::update() - 시작 (프레임 99)
  객체 목록 크기: 20
  각 객체의 AABB 업데이트 중...
    객체 'Object1' 업데이트
    객체 'Object2' 업데이트
    객체 'Object3' 업데이트
    객체 'Object4' 업데이트
    객체 'Object5' 업데이트
    객체 'Object6' 업데이트
    객체 'Object7' 업데이트
    객체 'Object8' 업데이트
    객체 'Object9' 업데이트
    객체 'Object10' 업데이트
    객체 'Object11' 업데이트
    객체 'Object12' 업데이트
    객체 'Object13' 업데이트
    객체 'Object14' 업데이트
    객체 'Object15' 업데이트
    객체 'Object16' 업데이트
    객체 'Object17' 업데이트
    객체 'Object18' 업데이트
    객체 'Object19' 업데이트
    객체 'Object20' 업데이트
  대략적 충돌 감지(Broad Phase) 중...
    잠재적 충돌 쌍: 135개
  정밀 충돌 감지(Narrow Phase) 시작...
    쌍 1: 'Object2' 와 'Object3'
      narrowPhase 실행...
>> checkGJKCollision 시작: Object2 vs Object3
  볼록 껍질 개수: Object2=128, Object3=128
      충돌 감지됨! 충돌 정보 설정 중...
  checkGJKCollision 완료: 충돌 감지
      충돌 결과: 충돌함
      충돌 정보 객체에 추가
    쌍 2: 'Object2' 와 'Object4'
      narrowPhase 실행...
>> checkGJKCollision 시작: Object2 vs Object4
  볼록 껍질 개수: Object2=128, Object4=128
      충돌 감지됨! 충돌 정보 설정 중...
  checkGJKCollision 완료: 충돌 감지
      충돌 결과: 충돌함
      충돌 정보 객체에 추가
    쌍 3: 'Object2' 와 'Object5'
      narrowPhase 실행...
>> checkGJKCollision 시작: Object2 vs Object5
  볼록 껍질 개수: Object2=128, Object5=128
      충돌 감지됨! 충돌 정보 설정 중...
  checkGJKCollision 완료: 충돌 감지
      충돌 결과: 충돌함
      충돌 정보 객체에 추가
    쌍 4: 'Object2' 와 'Object6'
      narrowPhase 실행...
>> checkGJKCollision 시작: Object2 vs Object6
  볼록 껍질 개수: Object2=128, Object6=128
      충돌 감지됨! 충돌 정보 설정 중...
  checkGJKCollision 완료: 충돌 감지
      충돌 결과: 충돌함
      충돌 정보 객체에 추가
    쌍 5: 'Object2' 와 'Object7'
      narrowPhase 실행...
>> checkGJKCollision 시작: Object2 vs Object7
  볼록 껍질 개수: Object2=128, Object7=128
      충돌 감지됨! 충돌 정보 설정 중...
  checkGJKCollision 완료: 충돌 감지
      충돌 결과: 충돌함
      충돌 정보 객체에 추가
    쌍 6: 'Object2' 와 'Object8'
      narrowPhase 실행...
>> checkGJKCollision 시작: Object2 vs Object8
  볼록 껍질 개수: Object2=128, Object8=128
      충돌 감지됨! 충돌 정보 설정 중...
  checkGJKCollision 완료: 충돌 감지
      충돌 결과: 충돌함
      충돌 정보 객체에 추가
    쌍 7: 'Object2' 와 'Object9'
      narrowPhase 실행...
>> checkGJKCollision 시작: Object2 vs Object9
  볼록 껍질 개수: Object2=128, Object9=128
      충돌 감지됨! 충돌 정보 설정 중...
  checkGJKCollision 완료: 충돌 감지
      충돌 결과: 충돌함
      충돌 정보 객체에 추가
    쌍 8: 'Object2' 와 'Object10'
      narrowPhase 실행...
>> checkGJKCollision 시작: Object2 vs Object10
  볼록 껍질 개수: Object2=128, Object10=128
      충돌 감지됨! 충돌 정보 설정 중...
  checkGJKCollision 완료: 충돌 감지
      충돌 결과: 충돌함
      충돌 정보 객체에 추가
    쌍 9: 'Object2' 와 'Object11'
      narrowPhase 실행...
>> checkGJKCollision 시작: Object2 vs Object11
  볼록 껍질 개수: Object2=128, Object11=128
      충돌 감지됨! 충돌 정보 설정 중...
  checkGJKCollision 완료: 충돌 감지
      충돌 결과: 충돌함
      충돌 정보 객체에 추가
    쌍 10: 'Object2' 와 'Object12'
      narrowPhase 실행...
>> checkGJKCollision 시작: Object2 vs Object12
  볼록 껍질 개수: Object2=128, Object12=128
      충돌 감지됨! 충돌 정보 설정 중...
  checkGJKCollision 완료: 충돌 감지
      충돌 결과: 충돌함
      충돌 정보 객체에 추가
    쌍 11: 'Object2' 와 'Object13'
      narrowPhase 실행...
>> checkGJKCollision 시작: Object2 vs Object13
  볼록 껍질 개수: Object2=128, Object13=128
      충돌 감지됨! 충돌 정보 설정 중...
  checkGJKCollision 완료: 충돌 감지
      충돌 결과: 충돌함
      충돌 정보 객체에 추가
    쌍 12: 'Object2' 와 'Object14'
      narrowPhase 실행...
>> checkGJKCollision 시작: Object2 vs Object14
  볼록 껍질 개수: Object2=128, Object14=128
      충돌 감지됨! 충돌 정보 설정 중...
  checkGJKCollision 완료: 충돌 감지
      충돌 결과: 충돌함
      충돌 정보 객체에 추가
    쌍 13: 'Object2' 와 'Object15'
      narrowPhase 실행...
>> checkGJKCollision 시작: Object2 vs Object15
  볼록 껍질 개수: Object2=128, Object15=128
      충돌 감지됨! 충돌 정보 설정 중...
  checkGJKCollision 완료: 충돌 감지
      충돌 결과: 충돌함
      충돌 정보 객체에 추가
    쌍 14: 'Object2' 와 'Object17'
      narrowPhase 실행...
>> checkGJKCollision 시작: Object2 vs Object17
  볼록 껍질 개수: Object2=128, Object17=128
      충돌 감지됨! 충돌 정보 설정 중...
  checkGJKCollision 완료: 충돌 감지
      충돌 결과: 충돌함
      충돌 정보 객체에 추가
    쌍 15: 'Object2' 와 'Object18'
      narrowPhase 실행...
>> checkGJKCollision 시작: Object2 vs Object18
  볼록 껍질 개수: Object2=128, Object18=128
  모든 볼록 껍질 쌍 검사 완료, 충돌 없음
      충돌 결과: 충돌 없음
    쌍 16: 'Object2' 와 'Object20'
      narrowPhase 실행...
>> checkGJKCollision 시작: Object2 vs Object20
  볼록 껍질 개수: Object2=128, Object20=128
      충돌 감지됨! 충돌 정보 설정 중...
  checkGJKCollision 완료: 충돌 감지
      충돌 결과: 충돌함
      충돌 정보 객체에 추가
    쌍 17: 'Object3' 와 'Object4'
      narrowPhase 실행...
>> checkGJKCollision 시작: Object3 vs Object4
  볼록 껍질 개수: Object3=128, Object4=128
      충돌 감지됨! 충돌 정보 설정 중...
  checkGJKCollision 완료: 충돌 감지
      충돌 결과: 충돌함
      충돌 정보 객체에 추가
    쌍 18: 'Object3' 와 'Object5'
      narrowPhase 실행...
>> checkGJKCollision 시작: Object3 vs Object5
  볼록 껍질 개수: Object3=128, Object5=128
      충돌 감지됨! 충돌 정보 설정 중...
  checkGJKCollision 완료: 충돌 감지
      충돌 결과: 충돌함
      충돌 정보 객체에 추가
    쌍 19: 'Object3' 와 'Object6'
      narrowPhase 실행...
>> checkGJKCollision 시작: Object3 vs Object6
  볼록 껍질 개수: Object3=128, Object6=128
      충돌 감지됨! 충돌 정보 설정 중...
  checkGJKCollision 완료: 충돌 감지
      충돌 결과: 충돌함
      충돌 정보 객체에 추가
    쌍 20: 'Object3' 와 'Object7'
      narrowPhase 실행...
>> checkGJKCollision 시작: Object3 vs Object7
  볼록 껍질 개수: Object3=128, Object7=128
      충돌 감지됨! 충돌 정보 설정 중...
  checkGJKCollision 완료: 충돌 감지
      충돌 결과: 충돌함
      충돌 정보 객체에 추가
    쌍 21: 'Object3' 와 'Object8'
      narrowPhase 실행...
>> checkGJKCollision 시작: Object3 vs Object8
  볼록 껍질 개수: Object3=128, Object8=128
      충돌 감지됨! 충돌 정보 설정 중...
  checkGJKCollision 완료: 충돌 감지
      충돌 결과: 충돌함
      충돌 정보 객체에 추가
    쌍 22: 'Object3' 와 'Object9'
      narrowPhase 실행...
>> checkGJKCollision 시작: Object3 vs Object9
  볼록 껍질 개수: Object3=128, Object9=128
      충돌 감지됨! 충돌 정보 설정 중...
  checkGJKCollision 완료: 충돌 감지
      충돌 결과: 충돌함
      충돌 정보 객체에 추가
    쌍 23: 'Object3' 와 'Object10'
      narrowPhase 실행...
>> checkGJKCollision 시작: Object3 vs Object10
  볼록 껍질 개수: Object3=128, Object10=128
      충돌 감지됨! 충돌 정보 설정 중...
  checkGJKCollision 완료: 충돌 감지
      충돌 결과: 충돌함
      충돌 정보 객체에 추가
    쌍 24: 'Object3' 와 'Object11'
      narrowPhase 실행...
>> checkGJKCollision 시작: Object3 vs Object11
  볼록 껍질 개수: Object3=128, Object11=128
      충돌 감지됨! 충돌 정보 설정 중...
  checkGJKCollision 완료: 충돌 감지
      충돌 결과: 충돌함
      충돌 정보 객체에 추가
    쌍 25: 'Object3' 와 'Object12'
      narrowPhase 실행...
>> checkGJKCollision 시작: Object3 vs Object12
  볼록 껍질 개수: Object3=128, Object12=128
      충돌 감지됨! 충돌 정보 설정 중...
  checkGJKCollision 완료: 충돌 감지
      충돌 결과: 충돌함
      충돌 정보 객체에 추가
    쌍 26: 'Object3' 와 'Object13'
      narrowPhase 실행...
>> checkGJKCollision 시작: Object3 vs Object13
  볼록 껍질 개수: Object3=128, Object13=128
      충돌 감지됨! 충돌 정보 설정 중...
  checkGJKCollision 완료: 충돌 감지
      충돌 결과: 충돌함
      충돌 정보 객체에 추가
    쌍 27: 'Object3' 와 'Object14'
      narrowPhase 실행...
>> checkGJKCollision 시작: Object3 vs Object14
  볼록 껍질 개수: Object3=128, Object14=128
      충돌 감지됨! 충돌 정보 설정 중...
  checkGJKCollision 완료: 충돌 감지
      충돌 결과: 충돌함
      충돌 정보 객체에 추가
    쌍 28: 'Object3' 와 'Object15'
      narrowPhase 실행...
>> checkGJKCollision 시작: Object3 vs Object15
  볼록 껍질 개수: Object3=128, Object15=128
      충돌 감지됨! 충돌 정보 설정 중...
  checkGJKCollision 완료: 충돌 감지
      충돌 결과: 충돌함
      충돌 정보 객체에 추가
    쌍 29: 'Object3' 와 'Object17'
      narrowPhase 실행...
>> checkGJKCollision 시작: Object3 vs Object17
  볼록 껍질 개수: Object3=128, Object17=128
      충돌 감지됨! 충돌 정보 설정 중...
  checkGJKCollision 완료: 충돌 감지
      충돌 결과: 충돌함
      충돌 정보 객체에 추가
    쌍 30: 'Object3' 와 'Object18'
      narrowPhase 실행...
>> checkGJKCollision 시작: Object3 vs Object18
  볼록 껍질 개수: Object3=128, Object18=128
  모든 볼록 껍질 쌍 검사 완료, 충돌 없음
      충돌 결과: 충돌 없음
    쌍 31: 'Object3' 와 'Object20'
      narrowPhase 실행...
>> checkGJKCollision 시작: Object3 vs Object20
  볼록 껍질 개수: Object3=128, Object20=128
      충돌 감지됨! 충돌 정보 설정 중...
  checkGJKCollision 완료: 충돌 감지
      충돌 결과: 충돌함
      충돌 정보 객체에 추가
    쌍 32: 'Object4' 와 'Object5'
      narrowPhase 실행...
>> checkGJKCollision 시작: Object4 vs Object5
  볼록 껍질 개수: Object4=128, Object5=128
      충돌 감지됨! 충돌 정보 설정 중...
  checkGJKCollision 완료: 충돌 감지
      충돌 결과: 충돌함
      충돌 정보 객체에 추가
    쌍 33: 'Object4' 와 'Object6'
      narrowPhase 실행...
>> checkGJKCollision 시작: Object4 vs Object6
  볼록 껍질 개수: Object4=128, Object6=128
      충돌 감지됨! 충돌 정보 설정 중...
  checkGJKCollision 완료: 충돌 감지
      충돌 결과: 충돌함
      충돌 정보 객체에 추가
    쌍 34: 'Object4' 와 'Object7'
      narrowPhase 실행...
>> checkGJKCollision 시작: Object4 vs Object7
  볼록 껍질 개수: Object4=128, Object7=128
      충돌 감지됨! 충돌 정보 설정 중...
  checkGJKCollision 완료: 충돌 감지
      충돌 결과: 충돌함
      충돌 정보 객체에 추가
    쌍 35: 'Object4' 와 'Object8'
      narrowPhase 실행...
>> checkGJKCollision 시작: Object4 vs Object8
  볼록 껍질 개수: Object4=128, Object8=128
      충돌 감지됨! 충돌 정보 설정 중...
  checkGJKCollision 완료: 충돌 감지
      충돌 결과: 충돌함
      충돌 정보 객체에 추가
    쌍 36: 'Object4' 와 'Object9'
      narrowPhase 실행...
>> checkGJKCollision 시작: Object4 vs Object9
  볼록 껍질 개수: Object4=128, Object9=128
      충돌 감지됨! 충돌 정보 설정 중...
  checkGJKCollision 완료: 충돌 감지
      충돌 결과: 충돌함
      충돌 정보 객체에 추가
    쌍 37: 'Object4' 와 'Object10'
      narrowPhase 실행...
>> checkGJKCollision 시작: Object4 vs Object10
  볼록 껍질 개수: Object4=128, Object10=128
      충돌 감지됨! 충돌 정보 설정 중...
  checkGJKCollision 완료: 충돌 감지
      충돌 결과: 충돌함
      충돌 정보 객체에 추가
    쌍 38: 'Object4' 와 'Object11'
      narrowPhase 실행...
>> checkGJKCollision 시작: Object4 vs Object11
  볼록 껍질 개수: Object4=128, Object11=128
      충돌 감지됨! 충돌 정보 설정 중...
  checkGJKCollision 완료: 충돌 감지
      충돌 결과: 충돌함
      충돌 정보 객체에 추가
    쌍 39: 'Object4' 와 'Object12'
      narrowPhase 실행...
>> checkGJKCollision 시작: Object4 vs Object12
  볼록 껍질 개수: Object4=128, Object12=128
      충돌 감지됨! 충돌 정보 설정 중...
  checkGJKCollision 완료: 충돌 감지
      충돌 결과: 충돌함
      충돌 정보 객체에 추가
    쌍 40: 'Object4' 와 'Object13'
      narrowPhase 실행...
>> checkGJKCollision 시작: Object4 vs Object13
  볼록 껍질 개수: Object4=128, Object13=128
      충돌 감지됨! 충돌 정보 설정 중...
  checkGJKCollision 완료: 충돌 감지
      충돌 결과: 충돌함
      충돌 정보 객체에 추가
    쌍 41: 'Object4' 와 'Object14'
      narrowPhase 실행...
>> checkGJKCollision 시작: Object4 vs Object14
  볼록 껍질 개수: Object4=128, Object14=128
      충돌 감지됨! 충돌 정보 설정 중...
  checkGJKCollision 완료: 충돌 감지
      충돌 결과: 충돌함
      충돌 정보 객체에 추가
    쌍 42: 'Object4' 와 'Object15'
      narrowPhase 실행...
>> checkGJKCollision 시작: Object4 vs Object15
  볼록 껍질 개수: Object4=128, Object15=128
      충돌 감지됨! 충돌 정보 설정 중...
  checkGJKCollision 완료: 충돌 감지
      충돌 결과: 충돌함
      충돌 정보 객체에 추가
    쌍 43: 'Object4' 와 'Object17'
      narrowPhase 실행...
>> checkGJKCollision 시작: Object4 vs Object17
  볼록 껍질 개수: Object4=128, Object17=128
      충돌 감지됨! 충돌 정보 설정 중...
  checkGJKCollision 완료: 충돌 감지
      충돌 결과: 충돌함
      충돌 정보 객체에 추가
    쌍 44: 'Object4' 와 'Object18'
      narrowPhase 실행...
>> checkGJKCollision 시작: Object4 vs Object18
  볼록 껍질 개수: Object4=128, Object18=128
  모든 볼록 껍질 쌍 검사 완료, 충돌 없음
      충돌 결과: 충돌 없음
    쌍 45: 'Object4' 와 'Object20'
      narrowPhase 실행...
>> checkGJKCollision 시작: Object4 vs Object20
  볼록 껍질 개수: Object4=128, Object20=128
      충돌 감지됨! 충돌 정보 설정 중...
  checkGJKCollision 완료: 충돌 감지
      충돌 결과: 충돌함
      충돌 정보 객체에 추가
    쌍 46: 'Object5' 와 'Object6'
      narrowPhase 실행...
>> checkGJKCollision 시작: Object5 vs Object6
  볼록 껍질 개수: Object5=128, Object6=128
      충돌 감지됨! 충돌 정보 설정 중...
  checkGJKCollision 완료: 충돌 감지
      충돌 결과: 충돌함
      충돌 정보 객체에 추가
    쌍 47: 'Object5' 와 'Object7'
      narrowPhase 실행...
>> checkGJKCollision 시작: Object5 vs Object7
  볼록 껍질 개수: Object5=128, Object7=128
      충돌 감지됨! 충돌 정보 설정 중...
  checkGJKCollision 완료: 충돌 감지
      충돌 결과: 충돌함
      충돌 정보 객체에 추가
    쌍 48: 'Object5' 와 'Object8'
      narrowPhase 실행...
>> checkGJKCollision 시작: Object5 vs Object8
  볼록 껍질 개수: Object5=128, Object8=128
      충돌 감지됨! 충돌 정보 설정 중...
  checkGJKCollision 완료: 충돌 감지
      충돌 결과: 충돌함
      충돌 정보 객체에 추가
    쌍 49: 'Object5' 와 'Object9'
      narrowPhase 실행...
>> checkGJKCollision 시작: Object5 vs Object9
  볼록 껍질 개수: Object5=128, Object9=128
      충돌 감지됨! 충돌 정보 설정 중...
  checkGJKCollision 완료: 충돌 감지
      충돌 결과: 충돌함
      충돌 정보 객체에 추가
    쌍 50: 'Object5' 와 'Object10'
      narrowPhase 실행...
>> checkGJKCollision 시작: Object5 vs Object10
  볼록 껍질 개수: Object5=128, Object10=128
      충돌 감지됨! 충돌 정보 설정 중...
  checkGJKCollision 완료: 충돌 감지
      충돌 결과: 충돌함
      충돌 정보 객체에 추가
    쌍 51: 'Object5' 와 'Object11'
      narrowPhase 실행...
>> checkGJKCollision 시작: Object5 vs Object11
  볼록 껍질 개수: Object5=128, Object11=128
      충돌 감지됨! 충돌 정보 설정 중...
  checkGJKCollision 완료: 충돌 감지
      충돌 결과: 충돌함
      충돌 정보 객체에 추가
    쌍 52: 'Object5' 와 'Object12'
      narrowPhase 실행...
>> checkGJKCollision 시작: Object5 vs Object12
  볼록 껍질 개수: Object5=128, Object12=128
      충돌 감지됨! 충돌 정보 설정 중...
  checkGJKCollision 완료: 충돌 감지
      충돌 결과: 충돌함
      충돌 정보 객체에 추가
    쌍 53: 'Object5' 와 'Object13'
      narrowPhase 실행...
>> checkGJKCollision 시작: Object5 vs Object13
  볼록 껍질 개수: Object5=128, Object13=128
      충돌 감지됨! 충돌 정보 설정 중...
  checkGJKCollision 완료: 충돌 감지
      충돌 결과: 충돌함
      충돌 정보 객체에 추가
    쌍 54: 'Object5' 와 'Object14'
      narrowPhase 실행...
>> checkGJKCollision 시작: Object5 vs Object14
  볼록 껍질 개수: Object5=128, Object14=128
      충돌 감지됨! 충돌 정보 설정 중...
  checkGJKCollision 완료: 충돌 감지
      충돌 결과: 충돌함
      충돌 정보 객체에 추가
    쌍 55: 'Object5' 와 'Object15'
      narrowPhase 실행...
>> checkGJKCollision 시작: Object5 vs Object15
  볼록 껍질 개수: Object5=128, Object15=128
      충돌 감지됨! 충돌 정보 설정 중...
  checkGJKCollision 완료: 충돌 감지
      충돌 결과: 충돌함
      충돌 정보 객체에 추가
    쌍 56: 'Object5' 와 'Object17'
      narrowPhase 실행...
>> checkGJKCollision 시작: Object5 vs Object17
  볼록 껍질 개수: Object5=128, Object17=128
      충돌 감지됨! 충돌 정보 설정 중...
  checkGJKCollision 완료: 충돌 감지
      충돌 결과: 충돌함
      충돌 정보 객체에 추가
    쌍 57: 'Object5' 와 'Object18'
      narrowPhase 실행...
>> checkGJKCollision 시작: Object5 vs Object18
  볼록 껍질 개수: Object5=128, Object18=128
  모든 볼록 껍질 쌍 검사 완료, 충돌 없음
      충돌 결과: 충돌 없음
    쌍 58: 'Object5' 와 'Object20'
      narrowPhase 실행...
>> checkGJKCollision 시작: Object5 vs Object20
  볼록 껍질 개수: Object5=128, Object20=128
      충돌 감지됨! 충돌 정보 설정 중...
  checkGJKCollision 완료: 충돌 감지
      충돌 결과: 충돌함
      충돌 정보 객체에 추가
    쌍 59: 'Object6' 와 'Object7'
      narrowPhase 실행...
>> checkGJKCollision 시작: Object6 vs Object7
  볼록 껍질 개수: Object6=128, Object7=128
      충돌 감지됨! 충돌 정보 설정 중...
  checkGJKCollision 완료: 충돌 감지
      충돌 결과: 충돌함
      충돌 정보 객체에 추가
    쌍 60: 'Object6' 와 'Object8'
      narrowPhase 실행...
>> checkGJKCollision 시작: Object6 vs Object8
  볼록 껍질 개수: Object6=128, Object8=128
      충돌 감지됨! 충돌 정보 설정 중...
  checkGJKCollision 완료: 충돌 감지
      충돌 결과: 충돌함
      충돌 정보 객체에 추가
    쌍 61: 'Object6' 와 'Object9'
      narrowPhase 실행...
>> checkGJKCollision 시작: Object6 vs Object9
  볼록 껍질 개수: Object6=128, Object9=128
      충돌 감지됨! 충돌 정보 설정 중...
  checkGJKCollision 완료: 충돌 감지
      충돌 결과: 충돌함
      충돌 정보 객체에 추가
    쌍 62: 'Object6' 와 'Object10'
      narrowPhase 실행...
>> checkGJKCollision 시작: Object6 vs Object10
  볼록 껍질 개수: Object6=128, Object10=128
      충돌 감지됨! 충돌 정보 설정 중...
  checkGJKCollision 완료: 충돌 감지
      충돌 결과: 충돌함
      충돌 정보 객체에 추가
    쌍 63: 'Object6' 와 'Object11'
      narrowPhase 실행...
>> checkGJKCollision 시작: Object6 vs Object11
  볼록 껍질 개수: Object6=128, Object11=128
      충돌 감지됨! 충돌 정보 설정 중...
  checkGJKCollision 완료: 충돌 감지
      충돌 결과: 충돌함
      충돌 정보 객체에 추가
    쌍 64: 'Object6' 와 'Object12'
      narrowPhase 실행...
>> checkGJKCollision 시작: Object6 vs Object12
  볼록 껍질 개수: Object6=128, Object12=128
      충돌 감지됨! 충돌 정보 설정 중...
  checkGJKCollision 완료: 충돌 감지
      충돌 결과: 충돌함
      충돌 정보 객체에 추가
    쌍 65: 'Object6' 와 'Object13'
      narrowPhase 실행...
>> checkGJKCollision 시작: Object6 vs Object13
  볼록 껍질 개수: Object6=128, Object13=128
      충돌 감지됨! 충돌 정보 설정 중...
  checkGJKCollision 완료: 충돌 감지
      충돌 결과: 충돌함
      충돌 정보 객체에 추가
    쌍 66: 'Object6' 와 'Object14'
      narrowPhase 실행...
>> checkGJKCollision 시작: Object6 vs Object14
  볼록 껍질 개수: Object6=128, Object14=128
      충돌 감지됨! 충돌 정보 설정 중...
  checkGJKCollision 완료: 충돌 감지
      충돌 결과: 충돌함
      충돌 정보 객체에 추가
    쌍 67: 'Object6' 와 'Object15'
      narrowPhase 실행...
>> checkGJKCollision 시작: Object6 vs Object15
  볼록 껍질 개수: Object6=128, Object15=128
      충돌 감지됨! 충돌 정보 설정 중...
  checkGJKCollision 완료: 충돌 감지
      충돌 결과: 충돌함
      충돌 정보 객체에 추가
    쌍 68: 'Object6' 와 'Object17'
      narrowPhase 실행...
>> checkGJKCollision 시작: Object6 vs Object17
  볼록 껍질 개수: Object6=128, Object17=128
      충돌 감지됨! 충돌 정보 설정 중...
  checkGJKCollision 완료: 충돌 감지
      충돌 결과: 충돌함
      충돌 정보 객체에 추가
    쌍 69: 'Object6' 와 'Object18'
      narrowPhase 실행...
>> checkGJKCollision 시작: Object6 vs Object18
  볼록 껍질 개수: Object6=128, Object18=128
  모든 볼록 껍질 쌍 검사 완료, 충돌 없음
      충돌 결과: 충돌 없음
    쌍 70: 'Object6' 와 'Object20'
      narrowPhase 실행...
>> checkGJKCollision 시작: Object6 vs Object20
  볼록 껍질 개수: Object6=128, Object20=128
      충돌 감지됨! 충돌 정보 설정 중...
  checkGJKCollision 완료: 충돌 감지
      충돌 결과: 충돌함
      충돌 정보 객체에 추가
    쌍 71: 'Object7' 와 'Object8'
      narrowPhase 실행...
>> checkGJKCollision 시작: Object7 vs Object8
  볼록 껍질 개수: Object7=128, Object8=128
      충돌 감지됨! 충돌 정보 설정 중...
  checkGJKCollision 완료: 충돌 감지
      충돌 결과: 충돌함
      충돌 정보 객체에 추가
    쌍 72: 'Object7' 와 'Object9'
      narrowPhase 실행...
>> checkGJKCollision 시작: Object7 vs Object9
  볼록 껍질 개수: Object7=128, Object9=128
      충돌 감지됨! 충돌 정보 설정 중...
  checkGJKCollision 완료: 충돌 감지
      충돌 결과: 충돌함
      충돌 정보 객체에 추가
    쌍 73: 'Object7' 와 'Object10'
      narrowPhase 실행...
>> checkGJKCollision 시작: Object7 vs Object10
  볼록 껍질 개수: Object7=128, Object10=128
      충돌 감지됨! 충돌 정보 설정 중...
  checkGJKCollision 완료: 충돌 감지
      충돌 결과: 충돌함
      충돌 정보 객체에 추가
    쌍 74: 'Object7' 와 'Object11'
      narrowPhase 실행...
>> checkGJKCollision 시작: Object7 vs Object11
  볼록 껍질 개수: Object7=128, Object11=128
      충돌 감지됨! 충돌 정보 설정 중...
  checkGJKCollision 완료: 충돌 감지
      충돌 결과: 충돌함
      충돌 정보 객체에 추가
    쌍 75: 'Object7' 와 'Object12'
      narrowPhase 실행...
>> checkGJKCollision 시작: Object7 vs Object12
  볼록 껍질 개수: Object7=128, Object12=128
      충돌 감지됨! 충돌 정보 설정 중...
  checkGJKCollision 완료: 충돌 감지
      충돌 결과: 충돌함
      충돌 정보 객체에 추가
    쌍 76: 'Object7' 와 'Object13'
      narrowPhase 실행...
>> checkGJKCollision 시작: Object7 vs Object13
  볼록 껍질 개수: Object7=128, Object13=128
      충돌 감지됨! 충돌 정보 설정 중...
  checkGJKCollision 완료: 충돌 감지
      충돌 결과: 충돌함
      충돌 정보 객체에 추가
    쌍 77: 'Object7' 와 'Object14'
      narrowPhase 실행...
>> checkGJKCollision 시작: Object7 vs Object14
  볼록 껍질 개수: Object7=128, Object14=128
      충돌 감지됨! 충돌 정보 설정 중...
  checkGJKCollision 완료: 충돌 감지
      충돌 결과: 충돌함
      충돌 정보 객체에 추가
    쌍 78: 'Object7' 와 'Object15'
      narrowPhase 실행...
>> checkGJKCollision 시작: Object7 vs Object15
  볼록 껍질 개수: Object7=128, Object15=128
      충돌 감지됨! 충돌 정보 설정 중...
  checkGJKCollision 완료: 충돌 감지
      충돌 결과: 충돌함
      충돌 정보 객체에 추가
    쌍 79: 'Object7' 와 'Object17'
      narrowPhase 실행...
>> checkGJKCollision 시작: Object7 vs Object17
  볼록 껍질 개수: Object7=128, Object17=128
      충돌 감지됨! 충돌 정보 설정 중...
  checkGJKCollision 완료: 충돌 감지
      충돌 결과: 충돌함
      충돌 정보 객체에 추가
    쌍 80: 'Object7' 와 'Object18'
      narrowPhase 실행...
>> checkGJKCollision 시작: Object7 vs Object18
  볼록 껍질 개수: Object7=128, Object18=128
  모든 볼록 껍질 쌍 검사 완료, 충돌 없음
      충돌 결과: 충돌 없음
    쌍 81: 'Object7' 와 'Object20'
      narrowPhase 실행...
>> checkGJKCollision 시작: Object7 vs Object20
  볼록 껍질 개수: Object7=128, Object20=128
      충돌 감지됨! 충돌 정보 설정 중...
  checkGJKCollision 완료: 충돌 감지
      충돌 결과: 충돌함
      충돌 정보 객체에 추가
    쌍 82: 'Object8' 와 'Object9'
      narrowPhase 실행...
>> checkGJKCollision 시작: Object8 vs Object9
  볼록 껍질 개수: Object8=128, Object9=128
      충돌 감지됨! 충돌 정보 설정 중...
  checkGJKCollision 완료: 충돌 감지
      충돌 결과: 충돌함
      충돌 정보 객체에 추가
    쌍 83: 'Object8' 와 'Object10'
      narrowPhase 실행...
>> checkGJKCollision 시작: Object8 vs Object10
  볼록 껍질 개수: Object8=128, Object10=128
      충돌 감지됨! 충돌 정보 설정 중...
  checkGJKCollision 완료: 충돌 감지
      충돌 결과: 충돌함
      충돌 정보 객체에 추가
    쌍 84: 'Object8' 와 'Object11'
      narrowPhase 실행...
>> checkGJKCollision 시작: Object8 vs Object11
  볼록 껍질 개수: Object8=128, Object11=128
      충돌 감지됨! 충돌 정보 설정 중...
  checkGJKCollision 완료: 충돌 감지
      충돌 결과: 충돌함
      충돌 정보 객체에 추가
    쌍 85: 'Object8' 와 'Object12'
      narrowPhase 실행...
>> checkGJKCollision 시작: Object8 vs Object12
  볼록 껍질 개수: Object8=128, Object12=128
      충돌 감지됨! 충돌 정보 설정 중...
  checkGJKCollision 완료: 충돌 감지
      충돌 결과: 충돌함
      충돌 정보 객체에 추가
    쌍 86: 'Object8' 와 'Object13'
      narrowPhase 실행...
>> checkGJKCollision 시작: Object8 vs Object13
  볼록 껍질 개수: Object8=128, Object13=128
      충돌 감지됨! 충돌 정보 설정 중...
  checkGJKCollision 완료: 충돌 감지
      충돌 결과: 충돌함
      충돌 정보 객체에 추가
    쌍 87: 'Object8' 와 'Object14'
      narrowPhase 실행...
>> checkGJKCollision 시작: Object8 vs Object14
  볼록 껍질 개수: Object8=128, Object14=128
      충돌 감지됨! 충돌 정보 설정 중...
  checkGJKCollision 완료: 충돌 감지
      충돌 결과: 충돌함
      충돌 정보 객체에 추가
    쌍 88: 'Object8' 와 'Object15'
      narrowPhase 실행...
>> checkGJKCollision 시작: Object8 vs Object15
  볼록 껍질 개수: Object8=128, Object15=128
      충돌 감지됨! 충돌 정보 설정 중...
  checkGJKCollision 완료: 충돌 감지
      충돌 결과: 충돌함
      충돌 정보 객체에 추가
    쌍 89: 'Object8' 와 'Object17'
      narrowPhase 실행...
>> checkGJKCollision 시작: Object8 vs Object17
  볼록 껍질 개수: Object8=128, Object17=128
      충돌 감지됨! 충돌 정보 설정 중...
  checkGJKCollision 완료: 충돌 감지
      충돌 결과: 충돌함
      충돌 정보 객체에 추가
    쌍 90: 'Object8' 와 'Object18'
      narrowPhase 실행...
>> checkGJKCollision 시작: Object8 vs Object18
  볼록 껍질 개수: Object8=128, Object18=128
  모든 볼록 껍질 쌍 검사 완료, 충돌 없음
      충돌 결과: 충돌 없음
    쌍 91: 'Object8' 와 'Object20'
      narrowPhase 실행...
>> checkGJKCollision 시작: Object8 vs Object20
  볼록 껍질 개수: Object8=128, Object20=128
      충돌 감지됨! 충돌 정보 설정 중...
  checkGJKCollision 완료: 충돌 감지
      충돌 결과: 충돌함
      충돌 정보 객체에 추가
    쌍 92: 'Object9' 와 'Object10'
      narrowPhase 실행...
>> checkGJKCollision 시작: Object9 vs Object10
  볼록 껍질 개수: Object9=128, Object10=128
      충돌 감지됨! 충돌 정보 설정 중...
  checkGJKCollision 완료: 충돌 감지
      충돌 결과: 충돌함
      충돌 정보 객체에 추가
    쌍 93: 'Object9' 와 'Object11'
      narrowPhase 실행...
>> checkGJKCollision 시작: Object9 vs Object11
  볼록 껍질 개수: Object9=128, Object11=128
      충돌 감지됨! 충돌 정보 설정 중...
  checkGJKCollision 완료: 충돌 감지
      충돌 결과: 충돌함
      충돌 정보 객체에 추가
    쌍 94: 'Object9' 와 'Object12'
      narrowPhase 실행...
>> checkGJKCollision 시작: Object9 vs Object12
  볼록 껍질 개수: Object9=128, Object12=128
      충돌 감지됨! 충돌 정보 설정 중...
  checkGJKCollision 완료: 충돌 감지
      충돌 결과: 충돌함
      충돌 정보 객체에 추가
    쌍 95: 'Object9' 와 'Object13'
      narrowPhase 실행...
>> checkGJKCollision 시작: Object9 vs Object13
  볼록 껍질 개수: Object9=128, Object13=128
      충돌 감지됨! 충돌 정보 설정 중...
  checkGJKCollision 완료: 충돌 감지
      충돌 결과: 충돌함
      충돌 정보 객체에 추가
    쌍 96: 'Object9' 와 'Object14'
      narrowPhase 실행...
>> checkGJKCollision 시작: Object9 vs Object14
  볼록 껍질 개수: Object9=128, Object14=128
      충돌 감지됨! 충돌 정보 설정 중...
  checkGJKCollision 완료: 충돌 감지
      충돌 결과: 충돌함
      충돌 정보 객체에 추가
    쌍 97: 'Object9' 와 'Object15'
      narrowPhase 실행...
>> checkGJKCollision 시작: Object9 vs Object15
  볼록 껍질 개수: Object9=128, Object15=128
      충돌 감지됨! 충돌 정보 설정 중...
  checkGJKCollision 완료: 충돌 감지
      충돌 결과: 충돌함
      충돌 정보 객체에 추가
    쌍 98: 'Object9' 와 'Object17'
      narrowPhase 실행...
>> checkGJKCollision 시작: Object9 vs Object17
  볼록 껍질 개수: Object9=128, Object17=128
      충돌 감지됨! 충돌 정보 설정 중...
  checkGJKCollision 완료: 충돌 감지
      충돌 결과: 충돌함
      충돌 정보 객체에 추가
    쌍 99: 'Object9' 와 'Object18'
      narrowPhase 실행...
>> checkGJKCollision 시작: Object9 vs Object18
  볼록 껍질 개수: Object9=128, Object18=128
  모든 볼록 껍질 쌍 검사 완료, 충돌 없음
      충돌 결과: 충돌 없음
    쌍 100: 'Object9' 와 'Object20'
      narrowPhase 실행...
>> checkGJKCollision 시작: Object9 vs Object20
  볼록 껍질 개수: Object9=128, Object20=128
      충돌 감지됨! 충돌 정보 설정 중...
  checkGJKCollision 완료: 충돌 감지
      충돌 결과: 충돌함
      충돌 정보 객체에 추가
    쌍 101: 'Object10' 와 'Object11'
      narrowPhase 실행...
>> checkGJKCollision 시작: Object10 vs Object11
  볼록 껍질 개수: Object10=128, Object11=128
      충돌 감지됨! 충돌 정보 설정 중...
  checkGJKCollision 완료: 충돌 감지
      충돌 결과: 충돌함
      충돌 정보 객체에 추가
    쌍 102: 'Object10' 와 'Object12'
      narrowPhase 실행...
>> checkGJKCollision 시작: Object10 vs Object12
  볼록 껍질 개수: Object10=128, Object12=128
      충돌 감지됨! 충돌 정보 설정 중...
  checkGJKCollision 완료: 충돌 감지
      충돌 결과: 충돌함
      충돌 정보 객체에 추가
    쌍 103: 'Object10' 와 'Object13'
      narrowPhase 실행...
>> checkGJKCollision 시작: Object10 vs Object13
  볼록 껍질 개수: Object10=128, Object13=128
      충돌 감지됨! 충돌 정보 설정 중...
  checkGJKCollision 완료: 충돌 감지
      충돌 결과: 충돌함
      충돌 정보 객체에 추가
    쌍 104: 'Object10' 와 'Object14'
      narrowPhase 실행...
>> checkGJKCollision 시작: Object10 vs Object14
  볼록 껍질 개수: Object10=128, Object14=128
      충돌 감지됨! 충돌 정보 설정 중...
  checkGJKCollision 완료: 충돌 감지
      충돌 결과: 충돌함
      충돌 정보 객체에 추가
    쌍 105: 'Object10' 와 'Object15'
      narrowPhase 실행...
>> checkGJKCollision 시작: Object10 vs Object15
  볼록 껍질 개수: Object10=128, Object15=128
      충돌 감지됨! 충돌 정보 설정 중...
  checkGJKCollision 완료: 충돌 감지
      충돌 결과: 충돌함
      충돌 정보 객체에 추가
    쌍 106: 'Object10' 와 'Object17'
      narrowPhase 실행...
>> checkGJKCollision 시작: Object10 vs Object17
  볼록 껍질 개수: Object10=128, Object17=128
      충돌 감지됨! 충돌 정보 설정 중...
  checkGJKCollision 완료: 충돌 감지
      충돌 결과: 충돌함
      충돌 정보 객체에 추가
    쌍 107: 'Object10' 와 'Object18'
      narrowPhase 실행...
>> checkGJKCollision 시작: Object10 vs Object18
  볼록 껍질 개수: Object10=128, Object18=128
  모든 볼록 껍질 쌍 검사 완료, 충돌 없음
      충돌 결과: 충돌 없음
    쌍 108: 'Object10' 와 'Object20'
      narrowPhase 실행...
>> checkGJKCollision 시작: Object10 vs Object20
  볼록 껍질 개수: Object10=128, Object20=128
      충돌 감지됨! 충돌 정보 설정 중...
  checkGJKCollision 완료: 충돌 감지
      충돌 결과: 충돌함
      충돌 정보 객체에 추가
    쌍 109: 'Object11' 와 'Object12'
      narrowPhase 실행...
>> checkGJKCollision 시작: Object11 vs Object12
  볼록 껍질 개수: Object11=128, Object12=128
      충돌 감지됨! 충돌 정보 설정 중...
  checkGJKCollision 완료: 충돌 감지
      충돌 결과: 충돌함
      충돌 정보 객체에 추가
    쌍 110: 'Object11' 와 'Object13'
      narrowPhase 실행...
>> checkGJKCollision 시작: Object11 vs Object13
  볼록 껍질 개수: Object11=128, Object13=128
      충돌 감지됨! 충돌 정보 설정 중...
  checkGJKCollision 완료: 충돌 감지
      충돌 결과: 충돌함
      충돌 정보 객체에 추가
    쌍 111: 'Object11' 와 'Object14'
      narrowPhase 실행...
>> checkGJKCollision 시작: Object11 vs Object14
  볼록 껍질 개수: Object11=128, Object14=128
      충돌 감지됨! 충돌 정보 설정 중...
  checkGJKCollision 완료: 충돌 감지
      충돌 결과: 충돌함
      충돌 정보 객체에 추가
    쌍 112: 'Object11' 와 'Object15'
      narrowPhase 실행...
>> checkGJKCollision 시작: Object11 vs Object15
  볼록 껍질 개수: Object11=128, Object15=128
      충돌 감지됨! 충돌 정보 설정 중...
  checkGJKCollision 완료: 충돌 감지
      충돌 결과: 충돌함
      충돌 정보 객체에 추가
    쌍 113: 'Object11' 와 'Object17'
      narrowPhase 실행...
>> checkGJKCollision 시작: Object11 vs Object17
  볼록 껍질 개수: Object11=128, Object17=128
      충돌 감지됨! 충돌 정보 설정 중...
  checkGJKCollision 완료: 충돌 감지
      충돌 결과: 충돌함
      충돌 정보 객체에 추가
    쌍 114: 'Object11' 와 'Object18'
      narrowPhase 실행...
>> checkGJKCollision 시작: Object11 vs Object18
  볼록 껍질 개수: Object11=128, Object18=128
  모든 볼록 껍질 쌍 검사 완료, 충돌 없음
      충돌 결과: 충돌 없음
    쌍 115: 'Object11' 와 'Object20'
      narrowPhase 실행...
>> checkGJKCollision 시작: Object11 vs Object20
  볼록 껍질 개수: Object11=128, Object20=128
      충돌 감지됨! 충돌 정보 설정 중...
  checkGJKCollision 완료: 충돌 감지
      충돌 결과: 충돌함
      충돌 정보 객체에 추가
    쌍 116: 'Object12' 와 'Object13'
      narrowPhase 실행...
>> checkGJKCollision 시작: Object12 vs Object13
  볼록 껍질 개수: Object12=128, Object13=128
      충돌 감지됨! 충돌 정보 설정 중...
  checkGJKCollision 완료: 충돌 감지
      충돌 결과: 충돌함
      충돌 정보 객체에 추가
    쌍 117: 'Object12' 와 'Object14'
      narrowPhase 실행...
>> checkGJKCollision 시작: Object12 vs Object14
  볼록 껍질 개수: Object12=128, Object14=128
      충돌 감지됨! 충돌 정보 설정 중...
  checkGJKCollision 완료: 충돌 감지
      충돌 결과: 충돌함
      충돌 정보 객체에 추가
    쌍 118: 'Object12' 와 'Object15'
      narrowPhase 실행...
>> checkGJKCollision 시작: Object12 vs Object15
  볼록 껍질 개수: Object12=128, Object15=128
      충돌 감지됨! 충돌 정보 설정 중...
  checkGJKCollision 완료: 충돌 감지
      충돌 결과: 충돌함
      충돌 정보 객체에 추가
    쌍 119: 'Object12' 와 'Object17'
      narrowPhase 실행...
>> checkGJKCollision 시작: Object12 vs Object17
  볼록 껍질 개수: Object12=128, Object17=128
      충돌 감지됨! 충돌 정보 설정 중...
  checkGJKCollision 완료: 충돌 감지
      충돌 결과: 충돌함
      충돌 정보 객체에 추가
    쌍 120: 'Object12' 와 'Object18'
      narrowPhase 실행...
>> checkGJKCollision 시작: Object12 vs Object18
  볼록 껍질 개수: Object12=128, Object18=128
  모든 볼록 껍질 쌍 검사 완료, 충돌 없음
      충돌 결과: 충돌 없음
    쌍 121: 'Object12' 와 'Object20'
      narrowPhase 실행...
>> checkGJKCollision 시작: Object12 vs Object20
  볼록 껍질 개수: Object12=128, Object20=128
      충돌 감지됨! 충돌 정보 설정 중...
  checkGJKCollision 완료: 충돌 감지
      충돌 결과: 충돌함
      충돌 정보 객체에 추가
    쌍 122: 'Object13' 와 'Object14'
      narrowPhase 실행...
>> checkGJKCollision 시작: Object13 vs Object14
  볼록 껍질 개수: Object13=128, Object14=128
      충돌 감지됨! 충돌 정보 설정 중...
  checkGJKCollision 완료: 충돌 감지
      충돌 결과: 충돌함
      충돌 정보 객체에 추가
    쌍 123: 'Object13' 와 'Object15'
      narrowPhase 실행...
>> checkGJKCollision 시작: Object13 vs Object15
  볼록 껍질 개수: Object13=128, Object15=128
      충돌 감지됨! 충돌 정보 설정 중...
  checkGJKCollision 완료: 충돌 감지
      충돌 결과: 충돌함
      충돌 정보 객체에 추가
    쌍 124: 'Object13' 와 'Object17'
      narrowPhase 실행...
>> checkGJKCollision 시작: Object13 vs Object17
  볼록 껍질 개수: Object13=128, Object17=128
      충돌 감지됨! 충돌 정보 설정 중...
  checkGJKCollision 완료: 충돌 감지
      충돌 결과: 충돌함
      충돌 정보 객체에 추가
    쌍 125: 'Object13' 와 'Object20'
      narrowPhase 실행...
>> checkGJKCollision 시작: Object13 vs Object20
  볼록 껍질 개수: Object13=128, Object20=128
      충돌 감지됨! 충돌 정보 설정 중...
  checkGJKCollision 완료: 충돌 감지
      충돌 결과: 충돌함
      충돌 정보 객체에 추가
    쌍 126: 'Object14' 와 'Object15'
      narrowPhase 실행...
>> checkGJKCollision 시작: Object14 vs Object15
  볼록 껍질 개수: Object14=128, Object15=128
      충돌 감지됨! 충돌 정보 설정 중...
  checkGJKCollision 완료: 충돌 감지
      충돌 결과: 충돌함
      충돌 정보 객체에 추가
    쌍 127: 'Object14' 와 'Object17'
      narrowPhase 실행...
>> checkGJKCollision 시작: Object14 vs Object17
  볼록 껍질 개수: Object14=128, Object17=128
      충돌 감지됨! 충돌 정보 설정 중...
  checkGJKCollision 완료: 충돌 감지
      충돌 결과: 충돌함
      충돌 정보 객체에 추가
    쌍 128: 'Object14' 와 'Object18'
      narrowPhase 실행...
>> checkGJKCollision 시작: Object14 vs Object18
  볼록 껍질 개수: Object14=128, Object18=128
  모든 볼록 껍질 쌍 검사 완료, 충돌 없음
      충돌 결과: 충돌 없음
    쌍 129: 'Object14' 와 'Object20'
      narrowPhase 실행...
>> checkGJKCollision 시작: Object14 vs Object20
  볼록 껍질 개수: Object14=128, Object20=128
      충돌 감지됨! 충돌 정보 설정 중...
  checkGJKCollision 완료: 충돌 감지
      충돌 결과: 충돌함
      충돌 정보 객체에 추가
    쌍 130: 'Object15' 와 'Object17'
      narrowPhase 실행...
>> checkGJKCollision 시작: Object15 vs Object17
  볼록 껍질 개수: Object15=128, Object17=128
      충돌 감지됨! 충돌 정보 설정 중...
  checkGJKCollision 완료: 충돌 감지
      충돌 결과: 충돌함
      충돌 정보 객체에 추가
    쌍 131: 'Object15' 와 'Object18'
      narrowPhase 실행...
>> checkGJKCollision 시작: Object15 vs Object18
  볼록 껍질 개수: Object15=128, Object18=128
  모든 볼록 껍질 쌍 검사 완료, 충돌 없음
      충돌 결과: 충돌 없음
    쌍 132: 'Object15' 와 'Object20'
      narrowPhase 실행...
>> checkGJKCollision 시작: Object15 vs Object20
  볼록 껍질 개수: Object15=128, Object20=128
      충돌 감지됨! 충돌 정보 설정 중...
  checkGJKCollision 완료: 충돌 감지
      충돌 결과: 충돌함
      충돌 정보 객체에 추가
    쌍 133: 'Object17' 와 'Object18'
      narrowPhase 실행...
>> checkGJKCollision 시작: Object17 vs Object18
  볼록 껍질 개수: Object17=128, Object18=128
  모든 볼록 껍질 쌍 검사 완료, 충돌 없음
      충돌 결과: 충돌 없음
    쌍 134: 'Object17' 와 'Object20'
      narrowPhase 실행...
>> checkGJKCollision 시작: Object17 vs Object20
  볼록 껍질 개수: Object17=128, Object20=128
      충돌 감지됨! 충돌 정보 설정 중...
  checkGJKCollision 완료: 충돌 감지
      충돌 결과: 충돌함
      충돌 정보 객체에 추가
    쌍 135: 'Object18' 와 'Object20'
      narrowPhase 실행...
>> checkGJKCollision 시작: Object18 vs Object20
  볼록 껍질 개수: Object18=128, Object20=128
  모든 볼록 껍질 쌍 검사 완료, 충돌 없음
      충돌 결과: 충돌 없음
  이전 충돌 상태 정리 중...
  충돌 상태 맵 업데이트
CollisionManager::update() - 완료

*	 DS_timer Report 	*
* The number of timer = 2, counter = 2
**** Timer report ****
[전체 시뮬레이션 시간] : 10955.80200 ms (10955.80200 ms)
[충돌 감지 시간] : 10940.43400 ms (10940.43400 ms)
**** Counter report ****
*	 End of the report 	*
